Starting >>> autoware_lint_common
Starting >>> autoware_auto_geometry_msgs
Starting >>> autoware_auto_mapping_msgs
Starting >>> tier4_debug_msgs
Starting >>> autoware_planning_msgs
Starting >>> autoware_common_msgs
Starting >>> autoware_adapi_v1_msgs
Starting >>> autoware_auto_control_msgs
Starting >>> tier4_planning_msgs
Starting >>> tier4_map_msgs
Starting >>> autoware_auto_system_msgs
Starting >>> autoware_perception_msgs
Starting >>> tier4_v2x_msgs
Starting >>> tier4_rtc_msgs
Starting >>> tier4_external_api_msgs
Starting >>> autoware_map_msgs
Starting >>> tier4_localization_msgs
Starting >>> boost_io_context
Starting >>> rtklib_msgs
Starting >>> tensorrt_common
Finished <<< autoware_lint_common [0.18s]
Starting >>> autoware_cmake
Finished <<< tensorrt_common [0.24s]
Starting >>> nebula_common
Finished <<< autoware_cmake [0.17s]
Finished <<< boost_io_context [0.35s]
Starting >>> autoware_utils
Starting >>> autoware_auto_common
Finished <<< nebula_common [0.16s]
Starting >>> osqp_interface
Finished <<< autoware_utils [0.16s]
Starting >>> signal_processing
Finished <<< autoware_auto_common [0.20s]
Starting >>> autoware_point_types
Finished <<< osqp_interface [0.21s]
Starting >>> tier4_pcl_extensions
Finished <<< tier4_map_msgs [0.68s]
Starting >>> pandar_msgs
Finished <<< autoware_auto_mapping_msgs [0.74s]
Starting >>> robosense_msgs
Finished <<< autoware_auto_system_msgs [0.81s]
Finished <<< autoware_auto_control_msgs [0.83s]
Starting >>> autoware_ad_api_specs
Finished <<< autoware_common_msgs [0.85s]
Finished <<< signal_processing [0.32s]
Starting >>> tier4_system_msgs
Starting >>> tier4_control_msgs
Starting >>> boost_tcp_driver
Finished <<< tier4_localization_msgs [0.90s]
Finished <<< autoware_auto_geometry_msgs [0.95s]
Finished <<< autoware_planning_msgs [0.97s]
Finished <<< tier4_debug_msgs [0.98s]
Starting >>> boost_udp_driver
Finished <<< rtklib_msgs [0.98s]
Starting >>> autoware_auto_planning_msgs
Starting >>> autoware_auto_perception_msgs
Starting >>> eagleye_msgs
Starting >>> autoware_testing
Finished <<< tier4_rtc_msgs [1.04s]
Finished <<< autoware_point_types [0.45s]
Finished <<< autoware_perception_msgs [1.07s]
Starting >>> rtc_interface
Starting >>> cuda_utils
Finished <<< tier4_planning_msgs [1.10s]
Starting >>> fake_test_node
Starting >>> kalman_filter
Finished <<< autoware_map_msgs [1.11s]
Finished <<< tier4_v2x_msgs [1.16s]
Finished <<< tier4_pcl_extensions [0.52s]
Starting >>> eagleye_coordinate
Starting >>> mussp
Starting >>> map_height_fitter
Finished <<< autoware_ad_api_specs [0.50s]
Finished <<< boost_tcp_driver [0.46s]
Starting >>> tier4_simulation_msgs
Finished <<< pandar_msgs [0.67s]
Starting >>> image_transport_decompressor
Finished <<< autoware_adapi_v1_msgs [1.41s]
Starting >>> velodyne_monitor
Starting >>> autoware_adapi_version_msgs
Finished <<< tier4_external_api_msgs [1.43s]
Finished <<< autoware_testing [0.43s]
Starting >>> tier4_api_utils
Starting >>> autoware_sensing_msgs
Finished <<< cuda_utils [0.40s]
Finished <<< rtc_interface [0.41s]
Finished <<< boost_udp_driver [0.52s]
Starting >>> ndt_omp
Starting >>> pointcloud_to_laserscan
Starting >>> autoware_external_api_msgs
Finished <<< eagleye_coordinate [0.35s]
Finished <<< kalman_filter [0.44s]
Finished <<< fake_test_node [0.46s]
Finished <<< mussp [0.39s]
Starting >>> perception_utils
Starting >>> topic_state_monitor
Starting >>> tree_structured_parzen_estimator
Finished <<< map_height_fitter [0.41s]
Starting >>> tvm_utility
Starting >>> tensorrt_classifier
Finished <<< robosense_msgs [0.92s]
Starting >>> nebula_decoders
Finished <<< tier4_control_msgs [0.82s]
Starting >>> tier4_vehicle_msgs
Finished <<< tier4_system_msgs [0.91s]
Finished <<< image_transport_decompressor [0.45s]
Starting >>> component_interface_utils
Finished <<< velodyne_monitor [0.43s]
Starting >>> tier4_api_msgs
Starting >>> nebula_hw_interfaces
Finished <<< eagleye_msgs [0.87s]
Finished <<< tier4_api_utils [0.43s]
Finished <<< autoware_auto_planning_msgs [0.91s]
Starting >>> autoware_auto_vehicle_msgs
Starting >>> lanelet2_extension
Starting >>> eagleye_navigation
Finished <<< ndt_omp [0.45s]
Finished <<< pointcloud_to_laserscan [0.47s]
Starting >>> tamagawa_imu_driver
Starting >>> velodyne_description
Finished <<< perception_utils [0.43s]
Finished <<< topic_state_monitor [0.44s]
Finished <<< tree_structured_parzen_estimator [0.45s]
Finished <<< tvm_utility [0.44s]
Finished <<< tensorrt_classifier [0.45s]
Starting >>> eagleye_geo_pose_fusion
Starting >>> external_velocity_limit_selector
Starting >>> glog_component
Starting >>> yabloc_monitor
Starting >>> component_state_monitor
Finished <<< tier4_simulation_msgs [0.76s]
Finished <<< autoware_adapi_version_msgs [0.74s]
Finished <<< autoware_auto_perception_msgs [1.17s]
Starting >>> autoware_control_msgs
Finished <<< autoware_sensing_msgs [0.74s]
Starting >>> tier4_perception_msgs
Starting >>> autoware_auto_tf2
Starting >>> object_range_splitter
Finished <<< nebula_decoders [0.54s]
Finished <<< autoware_external_api_msgs [0.74s]
Starting >>> llh_converter
Starting >>> morai_msgs
Finished <<< component_interface_utils [0.46s]
Starting >>> ad_api_adaptors
Finished <<< nebula_hw_interfaces [0.47s]
Finished <<< lanelet2_extension [0.43s]
Finished <<< eagleye_navigation [0.44s]
Starting >>> nebula_ros
Starting >>> geography_utils
Starting >>> yabloc_common
Finished <<< tamagawa_imu_driver [0.43s]
Finished <<< velodyne_description [0.43s]
Starting >>> automatic_pose_initializer
Starting >>> eagleye_gnss_converter
Finished <<< tier4_vehicle_msgs [0.71s]
Finished <<< glog_component [0.39s]
Starting >>> eagleye_rt
Finished <<< external_velocity_limit_selector [0.41s]
Finished <<< eagleye_geo_pose_fusion [0.42s]
Finished <<< yabloc_monitor [0.41s]
Finished <<< component_state_monitor [0.42s]
Starting >>> costmap_generator
Starting >>> map_tf_generator
Starting >>> traffic_light_arbiter
Starting >>> pose2twist
Starting >>> tier4_vehicle_launch
Finished <<< autoware_auto_tf2 [0.37s]
Finished <<< object_range_splitter [0.38s]
Starting >>> autoware_localization_msgs
Starting >>> autoware_system_msgs
Finished <<< llh_converter [0.38s]
Starting >>> camera_description
Finished <<< tier4_api_msgs [0.83s]
Starting >>> eagleye_can_velocity_converter
Finished <<< ad_api_adaptors [0.41s]
Starting >>> eagleye_tf
Finished <<< autoware_control_msgs [0.58s]
Starting >>> imu_description
Finished <<< geography_utils [0.39s]
Starting >>> livox_description
Finished <<< autoware_auto_vehicle_msgs [0.90s]
Finished <<< yabloc_common [0.43s]
Finished <<< tier4_perception_msgs [0.64s]
Finished <<< automatic_pose_initializer [0.43s]
Finished <<< eagleye_gnss_converter [0.44s]
Starting >>> tier4_autoware_utils
Starting >>> component_interface_specs
Starting >>> traffic_light_utils
Starting >>> tier4_auto_msgs_converter
Starting >>> autoware_auto_geometry
Finished <<< eagleye_rt [0.43s]
Finished <<< traffic_light_arbiter [0.38s]
Finished <<< map_tf_generator [0.40s]
Starting >>> detected_object_feature_remover
Starting >>> emergency_handler
Finished <<< costmap_generator [0.42s]
Finished <<< pose2twist [0.41s]
Finished <<< tier4_vehicle_launch [0.42s]
Starting >>> shift_decider
Starting >>> tensorrt_yolo
Starting >>> traffic_light_classifier
Starting >>> traffic_light_multi_camera_fusion
Finished <<< nebula_ros [0.62s]
Starting >>> nebula_examples
Finished <<< camera_description [0.40s]
Starting >>> nebula_tests
Finished <<< eagleye_can_velocity_converter [0.38s]
Starting >>> traffic_light_visualization
Finished <<< eagleye_tf [0.40s]
Starting >>> yabloc_pose_initializer
Finished <<< autoware_localization_msgs [0.55s]
Finished <<< autoware_system_msgs [0.55s]
Finished <<< imu_description [0.41s]
Starting >>> autoware_auto_msgs
Starting >>> pandar_description
Starting >>> sample_vehicle_description
Finished <<< morai_msgs [0.95s]
Finished <<< livox_description [0.40s]
Starting >>> sample_vehicle_launch
Starting >>> vls_description
Finished <<< component_interface_specs [0.36s]
Finished <<< tier4_auto_msgs_converter [0.36s]
Finished <<< autoware_auto_geometry [0.38s]
Finished <<< traffic_light_utils [0.40s]
Starting >>> external_cmd_selector
Starting >>> map_loader
Finished <<< tier4_autoware_utils [0.42s]
Starting >>> autoware_iv_external_api_adaptor
Starting >>> autoware_iv_internal_api_adaptor
Finished <<< detected_object_feature_remover [0.38s]
Finished <<< emergency_handler [0.38s]
Starting >>> interpolation
Starting >>> vehicle_info_util
Starting >>> route_handler
Finished <<< shift_decider [0.37s]
Finished <<< traffic_light_multi_camera_fusion [0.37s]
Finished <<< traffic_light_classifier [0.39s]
Finished <<< tensorrt_yolo [0.40s]
Starting >>> objects_of_interest_marker_interface
Starting >>> pointcloud_preprocessor
Starting >>> grid_map_utils
Starting >>> localization_util
Finished <<< nebula_examples [0.40s]
Starting >>> dummy_perception_publisher
Finished <<< nebula_tests [0.38s]
Finished <<< traffic_light_visualization [0.36s]
Starting >>> shape_estimation
Starting >>> nebula_sensor_driver
Finished <<< yabloc_pose_initializer [0.38s]
Starting >>> awapi_awiv_adapter
Finished <<< autoware_auto_msgs [0.37s]
Finished <<< pandar_description [0.38s]
Finished <<< sample_vehicle_description [0.38s]
Starting >>> crosswalk_traffic_light_estimator
Starting >>> ekf_localizer
Starting >>> fault_injection
Finished <<< sample_vehicle_launch [0.38s]
Finished <<< vls_description [0.39s]
Starting >>> gyro_odometer
Starting >>> lidar_apollo_instance_segmentation
Finished <<< external_cmd_selector [0.37s]
Finished <<< autoware_iv_internal_api_adaptor [0.36s]
Starting >>> map_projection_loader
Finished <<< autoware_iv_external_api_adaptor [0.38s]
Finished <<< vehicle_info_util [0.37s]
Finished <<< route_handler [0.37s]
Starting >>> object_velocity_splitter
Finished <<< interpolation [0.40s]
Starting >>> freespace_planning_algorithms
Starting >>> global_parameter_loader
Starting >>> pose_instability_detector
Finished <<< objects_of_interest_marker_interface [0.36s]
Starting >>> motion_utils
Starting >>> object_recognition_utils
Finished <<< grid_map_utils [0.39s]
Finished <<< localization_util [0.40s]
Finished <<< map_loader [0.52s]
Starting >>> raw_vehicle_cmd_converter
Starting >>> landmark_manager
Starting >>> sampler_common
Finished <<< pointcloud_preprocessor [0.47s]
Starting >>> compare_map_segmentation
Finished <<< nebula_sensor_driver [0.40s]
Finished <<< shape_estimation [0.42s]
Starting >>> probabilistic_occupancy_grid_map
Starting >>> radar_crossing_objects_noise_filter
Finished <<< awapi_awiv_adapter [0.40s]
Starting >>> radar_fusion_to_detected_object
Finished <<< crosswalk_traffic_light_estimator [0.39s]
Finished <<< ekf_localizer [0.40s]
Finished <<< fault_injection [0.40s]
Starting >>> system_error_monitor
Starting >>> system_monitor
Starting >>> traffic_light_map_based_detector
Finished <<< lidar_apollo_instance_segmentation [0.41s]
Finished <<< gyro_odometer [0.43s]
Starting >>> geo_pose_projector
Starting >>> gnss_poser
Finished <<< object_velocity_splitter [0.37s]
Finished <<< map_projection_loader [0.42s]
Finished <<< dummy_perception_publisher [0.69s]
Finished <<< global_parameter_loader [0.40s]
Finished <<< pose_instability_detector [0.41s]
Starting >>> ground_segmentation
Starting >>> ndt_scan_matcher
Finished <<< freespace_planning_algorithms [0.43s]
Starting >>> occupancy_grid_map_outlier_filter
Starting >>> traffic_light_occlusion_predictor
Starting >>> yabloc_image_processing
Finished <<< object_recognition_utils [0.42s]
Finished <<< motion_utils [0.43s]
Starting >>> planning_test_utils
Starting >>> lane_departure_checker
Starting >>> behavior_path_planner_common
Finished <<< sampler_common [0.40s]
Finished <<< landmark_manager [0.42s]
Starting >>> trajectory_follower_base
Finished <<< raw_vehicle_cmd_converter [0.44s]
Starting >>> lidar_centerpoint
Starting >>> mission_planner
Finished <<< compare_map_segmentation [0.43s]
Starting >>> euclidean_cluster
Finished <<< radar_crossing_objects_noise_filter [0.40s]
Finished <<< probabilistic_occupancy_grid_map [0.42s]
Starting >>> tensorrt_yolox
Starting >>> yabloc_particle_filter
Finished <<< radar_fusion_to_detected_object [0.41s]
Starting >>> ar_tag_based_localizer
Finished <<< system_error_monitor [0.39s]
Finished <<< traffic_light_map_based_detector [0.40s]
Starting >>> cluster_merger
Starting >>> common_sensor_launch
Finished <<< gnss_poser [0.41s]
Finished <<< geo_pose_projector [0.42s]
Starting >>> default_ad_api
Starting >>> detected_object_validation
Finished <<< ndt_scan_matcher [0.37s]
Finished <<< occupancy_grid_map_outlier_filter [0.37s]
Finished <<< traffic_light_occlusion_predictor [0.37s]
Finished <<< yabloc_image_processing [0.38s]
Finished <<< ground_segmentation [0.42s]
Starting >>> external_cmd_converter
Starting >>> map_based_prediction
Starting >>> multi_object_tracker
Starting >>> object_merger
Finished <<< lane_departure_checker [0.40s]
Finished <<< planning_test_utils [0.41s]
Starting >>> path_distance_calculator
Starting >>> planning_evaluator
Finished <<< trajectory_follower_base [0.39s]
Finished <<< system_monitor [0.62s]
Starting >>> motion_velocity_smoother
Starting >>> mpc_lateral_controller
Starting >>> obstacle_avoidance_planner
Finished <<< behavior_path_planner_common [0.49s]
Finished <<< lidar_centerpoint [0.46s]
Starting >>> behavior_path_planner
Finished <<< euclidean_cluster [0.43s]
Finished <<< mission_planner [0.50s]
Starting >>> pid_longitudinal_controller
Starting >>> pure_pursuit
Starting >>> planning_topic_converter
Finished <<< tensorrt_yolox [0.43s]
Finished <<< ar_tag_based_localizer [0.41s]
Starting >>> pose_initializer
Starting >>> radar_object_clustering
Finished <<< cluster_merger [0.41s]
Finished <<< common_sensor_launch [0.43s]
Starting >>> radar_object_tracker
Starting >>> simple_planning_simulator
Finished <<< default_ad_api [0.42s]
Finished <<< external_cmd_converter [0.37s]
Finished <<< object_merger [0.37s]
Finished <<< detected_object_validation [0.46s]
Finished <<< map_based_prediction [0.40s]
Starting >>> surround_obstacle_checker
Starting >>> tracking_object_merger
Starting >>> vehicle_cmd_gate
Finished <<< path_distance_calculator [0.39s]
Finished <<< planning_evaluator [0.39s]
Finished <<< multi_object_tracker [0.44s]
Starting >>> detection_by_tracker
Starting >>> freespace_planner
Starting >>> image_projection_based_fusion
Starting >>> obstacle_cruise_planner
Starting >>> obstacle_stop_planner
Finished <<< yabloc_particle_filter [0.68s]
Starting >>> planning_validator
Finished <<< mpc_lateral_controller [0.46s]
Finished <<< planning_topic_converter [0.35s]
Finished <<< obstacle_avoidance_planner [0.48s]
Finished <<< motion_velocity_smoother [0.51s]
Finished <<< pure_pursuit [0.39s]
Finished <<< pid_longitudinal_controller [0.40s]
Starting >>> behavior_velocity_planner_common
Starting >>> scenario_selector
Starting >>> traffic_light_fine_detector
Starting >>> trajectory_follower_node
Starting >>> lidar_apollo_segmentation_tvm
Starting >>> tier4_sensing_launch
Finished <<< behavior_path_planner [0.49s]
Finished <<< radar_object_clustering [0.42s]
Finished <<< pose_initializer [0.43s]
Starting >>> behavior_path_lane_change_module
Starting >>> tier4_system_launch
Starting >>> bezier_sampler
Finished <<< simple_planning_simulator [0.46s]
Finished <<< radar_object_tracker [0.48s]
Finished <<< surround_obstacle_checker [0.39s]
Finished <<< tracking_object_merger [0.40s]
Starting >>> frenet_planner
Starting >>> tier4_map_launch
Starting >>> path_smoother
Starting >>> tier4_autoware_api_launch
Finished <<< detection_by_tracker [0.39s]
Starting >>> tier4_localization_launch
Finished <<< freespace_planner [0.42s]
Starting >>> tier4_simulator_launch
Finished <<< image_projection_based_fusion [0.47s]
Starting >>> behavior_path_avoidance_module
Finished <<< traffic_light_fine_detector [0.34s]
Finished <<< tier4_sensing_launch [0.33s]
Finished <<< trajectory_follower_node [0.36s]
Finished <<< obstacle_cruise_planner [0.53s]
Finished <<< obstacle_stop_planner [0.53s]
Finished <<< lidar_apollo_segmentation_tvm [0.38s]
Finished <<< scenario_selector [0.40s]
Starting >>> tier4_perception_launch
Starting >>> ad_api_visualizers
Starting >>> autoware_vehicle_msgs
Starting >>> awsim_sensor_kit_description
Starting >>> boost_serial_driver
Starting >>> individual_params
Finished <<< behavior_velocity_planner_common [0.43s]
Starting >>> rtklib_bridge
Starting >>> behavior_velocity_crosswalk_module
Finished <<< bezier_sampler [0.37s]
Starting >>> behavior_velocity_blind_spot_module
Finished <<< tier4_system_launch [0.41s]
Starting >>> behavior_velocity_detection_area_module
Finished <<< vehicle_cmd_gate [0.71s]
<string>:3: DeprecationWarning: pkg_resources is deprecated as an API. See https://setuptools.pypa.io/en/latest/pkg_resources.html
/home/cityu-fsm-lab-carla/.local/lib/python3.10/site-packages/setuptools/_distutils/dist.py:261: UserWarning: Unknown distribution option: 'tests_require'
  warnings.warn(msg)
Starting >>> behavior_velocity_intersection_module
Finished <<< frenet_planner [0.55s]
Finished <<< behavior_path_lane_change_module [0.69s]
Starting >>> behavior_velocity_no_drivable_lane_module
Starting >>> behavior_velocity_no_stopping_area_module
Finished <<< tier4_map_launch [0.58s]
Finished <<< path_smoother [0.59s]
Finished <<< planning_validator [0.93s]
Starting >>> behavior_velocity_occlusion_spot_module
Starting >>> behavior_velocity_out_of_lane_module
Starting >>> behavior_velocity_speed_bump_module
Finished <<< tier4_autoware_api_launch [0.65s]
Finished <<< tier4_simulator_launch [0.59s]
Starting >>> behavior_velocity_stop_line_module
Finished <<< tier4_localization_launch [0.65s]
Starting >>> behavior_velocity_traffic_light_module
Starting >>> behavior_velocity_virtual_traffic_light_module
Finished <<< behavior_path_avoidance_module [0.59s]
Finished <<< awsim_sensor_kit_description [0.51s]
Finished <<< boost_serial_driver [0.52s]
Finished <<< individual_params [0.53s]
Starting >>> tier4_control_launch
Starting >>> sample_sensor_kit_description
Starting >>> tier4_hmi_msgs
Starting >>> autoware_auto_msgs_adapter
Finished <<< rtklib_bridge [0.55s]
Starting >>> autoware_auto_perception_rviz_plugin
Finished <<< tier4_perception_launch [0.62s]
Finished <<< behavior_velocity_blind_spot_module [0.59s]
Finished <<< behavior_velocity_crosswalk_module [0.64s]
Starting >>> bag_time_manager_rviz_plugin
Finished <<< behavior_velocity_detection_area_module [0.62s]
Starting >>> behavior_velocity_run_out_module
Starting >>> behavior_velocity_walkway_module
Starting >>> bluetooth_monitor
Finished <<< behavior_velocity_intersection_module [0.43s]
Starting >>> component_interface_tools
Finished <<< behavior_velocity_no_drivable_lane_module [0.43s]
Starting >>> diagnostic_converter
Finished <<< behavior_velocity_no_stopping_area_module [0.45s]
Finished <<< autoware_vehicle_msgs [0.83s]
Starting >>> diagnostic_graph_aggregator
Finished <<< behavior_velocity_speed_bump_module [0.44s]
Finished <<< behavior_velocity_out_of_lane_module [0.45s]
Finished <<< behavior_velocity_stop_line_module [0.41s]
Starting >>> dummy_infrastructure
Starting >>> duplicated_node_checker
Starting >>> eagleye_fix2kml
Finished <<< behavior_velocity_occlusion_spot_module [0.49s]
Finished <<< behavior_velocity_traffic_light_module [0.41s]
Finished <<< behavior_velocity_virtual_traffic_light_module [0.41s]
Starting >>> livox_tag_filter
Starting >>> mrm_comfortable_stop_operator
Finished <<< sample_sensor_kit_description [0.38s]
Finished <<< autoware_auto_msgs_adapter [0.38s]
Starting >>> mrm_emergency_stop_operator
Starting >>> polar_grid
Starting >>> qp_interface
Starting >>> radar_scan_to_pointcloud2
Finished <<< autoware_auto_perception_rviz_plugin [0.39s]
Starting >>> radar_threshold_filter
Finished <<< tier4_control_launch [0.44s]
Starting >>> radar_tracks_noise_filter
Finished <<< bag_time_manager_rviz_plugin [0.36s]
Starting >>> rtc_manager_rviz_plugin
Finished <<< bluetooth_monitor [0.34s]
Starting >>> rtc_replayer
Finished <<< tier4_hmi_msgs [0.54s]
Finished <<< component_interface_tools [0.34s]
Starting >>> stop_filter
Starting >>> tier4_automatic_goal_rviz_plugin
Finished <<< behavior_velocity_walkway_module [0.42s]
Starting >>> tier4_datetime_rviz_plugin
Finished <<< diagnostic_converter [0.36s]
Finished <<< behavior_velocity_run_out_module [0.47s]
Starting >>> tier4_debug_rviz_plugin
Finished <<< diagnostic_graph_aggregator [0.35s]
Finished <<< dummy_infrastructure [0.33s]
Finished <<< duplicated_node_checker [0.34s]
Finished <<< eagleye_fix2kml [0.34s]
Starting >>> behavior_velocity_planner
Starting >>> tier4_logging_level_configure_rviz_plugin
Finished <<< livox_tag_filter [0.33s]
Finished <<< mrm_comfortable_stop_operator [0.34s]
Starting >>> tier4_screen_capture_rviz_plugin
Starting >>> tier4_simulated_clock_rviz_plugin
Starting >>> tier4_target_object_type_rviz_plugin
Finished <<< mrm_emergency_stop_operator [0.33s]
Starting >>> time_utils
Starting >>> bytetrack
Finished <<< radar_scan_to_pointcloud2 [0.34s]
Finished <<< qp_interface [0.36s]
Starting >>> common_awsim_sensor_launch
Starting >>> eagleye_geo_pose_converter
Finished <<< polar_grid [0.38s]
Starting >>> joy_controller
Starting >>> tier4_adapi_rviz_plugin
Finished <<< radar_threshold_filter [0.36s]
Starting >>> tier4_calibration_rviz_plugin
Finished <<< radar_tracks_noise_filter [0.36s]
Starting >>> tier4_camera_view_rviz_plugin
Finished <<< rtc_manager_rviz_plugin [0.36s]
Starting >>> tier4_state_rviz_plugin
Finished <<< rtc_replayer [0.36s]
Starting >>> traffic_light_ssd_fine_detector
Finished <<< stop_filter [0.35s]
Starting >>> twist2accel
--- stderr: ad_api_visualizers
/home/cityu-fsm-lab-carla/Workspace/autoware/build/ad_api_visualizers/setup.py:3: DeprecationWarning: pkg_resources is deprecated as an API. See https://setuptools.pypa.io/en/latest/pkg_resources.html
  from pkg_resources import PkgResourcesDeprecationWarning
/home/cityu-fsm-lab-carla/.local/lib/python3.10/site-packages/setuptools/_distutils/dist.py:261: UserWarning: Unknown distribution option: 'tests_require'
  warnings.warn(msg)
---
Finished <<< ad_api_visualizers [1.50s]
Finished <<< tier4_automatic_goal_rviz_plugin [0.40s]
Finished <<< tier4_datetime_rviz_plugin [0.39s]
Starting >>> vehicle_velocity_converter
Starting >>> dummy_diag_publisher
Starting >>> front_vehicle_velocity_estimator
Finished <<< tier4_debug_rviz_plugin [0.38s]
Finished <<< tier4_logging_level_configure_rviz_plugin [0.36s]
Finished <<< time_utils [0.32s]
Starting >>> goal_distance_calculator
Starting >>> image_diagnostics
Finished <<< bytetrack [0.34s]
Finished <<< tier4_screen_capture_rviz_plugin [0.37s]
Finished <<< tier4_simulated_clock_rviz_plugin [0.38s]
Finished <<< tier4_target_object_type_rviz_plugin [0.39s]
Finished <<< common_awsim_sensor_launch [0.35s]
Finished <<< eagleye_geo_pose_converter [0.35s]
Starting >>> imu_corrector
Starting >>> kinematic_evaluator
Starting >>> lanelet2_extension_python
Starting >>> lanelet2_map_preprocessor
Starting >>> lidar_centerpoint_tvm
Finished <<< joy_controller [0.36s]
Starting >>> localization_error_monitor
Starting >>> localization_evaluator
Starting >>> radar_static_pointcloud_filter
Finished <<< tier4_adapi_rviz_plugin [0.39s]
Finished <<< tier4_calibration_rviz_plugin [0.38s]
Starting >>> radar_tracks_msgs_converter
Starting >>> simple_object_merger
Finished <<< tier4_camera_view_rviz_plugin [0.37s]
Starting >>> simulator_compatibility_test
Finished <<< tier4_state_rviz_plugin [0.37s]
Finished <<< traffic_light_ssd_fine_detector [0.41s]
Starting >>> tier4_control_rviz_plugin
Starting >>> tier4_system_rviz_plugin
Finished <<< twist2accel [0.41s]
Starting >>> tier4_traffic_light_rviz_plugin
<string>:3: DeprecationWarning: pkg_resources is deprecated as an API. See https://setuptools.pypa.io/en/latest/pkg_resources.html
/home/cityu-fsm-lab-carla/.local/lib/python3.10/site-packages/setuptools/_distutils/dist.py:261: UserWarning: Unknown distribution option: 'tests_require'
  warnings.warn(msg)
Finished <<< vehicle_velocity_converter [0.57s]
Finished <<< dummy_diag_publisher [0.58s]
Finished <<< front_vehicle_velocity_estimator [0.59s]
Starting >>> tier4_vehicle_rviz_plugin
Starting >>> traffic_light_recognition_marker_publisher
Finished <<< behavior_velocity_planner [0.93s]
Finished <<< goal_distance_calculator [0.57s]
Finished <<< image_diagnostics [0.57s]
Starting >>> elevation_map_loader
Starting >>> tier4_planning_launch
Starting >>> lidar_apollo_segmentation_tvm_nodes
Starting >>> obstacle_collision_checker
Finished <<< lanelet2_map_preprocessor [0.55s]
Finished <<< imu_corrector [0.56s]
Finished <<< kinematic_evaluator [0.57s]
Starting >>> pacmod_interface
Starting >>> tier4_localization_rviz_plugin
Starting >>> tier4_perception_rviz_plugin
Finished <<< lidar_centerpoint_tvm [0.58s]
Finished <<< radar_static_pointcloud_filter [0.57s]
Finished <<< localization_error_monitor [0.58s]
Finished <<< localization_evaluator [0.59s]
Starting >>> accel_brake_map_calibrator
Starting >>> autonomous_emergency_braking
Starting >>> control_performance_analysis
Starting >>> control_validator
Finished <<< radar_tracks_msgs_converter [0.59s]
Finished <<< lanelet2_extension_python [0.67s]
Finished <<< simple_object_merger [0.60s]
Starting >>> heatmap_visualizer
Starting >>> operation_mode_transition_manager
Starting >>> planning_debug_tools
Finished <<< tier4_control_rviz_plugin [0.54s]
Starting >>> predicted_path_checker
Finished <<< tier4_system_rviz_plugin [0.57s]
Starting >>> steer_offset_estimator
Finished <<< tier4_traffic_light_rviz_plugin [0.58s]
Starting >>> tier4_debug_tools
Finished <<< traffic_light_recognition_marker_publisher [0.37s]
Finished <<< elevation_map_loader [0.35s]
Starting >>> tier4_planning_rviz_plugin
Starting >>> awsim_sensor_kit_launch
Finished <<< tier4_vehicle_rviz_plugin [0.43s]
Finished <<< lidar_apollo_segmentation_tvm_nodes [0.39s]
Starting >>> obstacle_velocity_limiter
Starting >>> path_sampler
Finished <<< pacmod_interface [0.38s]
Finished <<< obstacle_collision_checker [0.43s]
Starting >>> sample_sensor_kit_launch
Starting >>> behavior_path_dynamic_avoidance_module
Finished <<< accel_brake_map_calibrator [0.38s]
Finished <<< autonomous_emergency_braking [0.39s]
Finished <<< tier4_perception_rviz_plugin [0.45s]
Finished <<< tier4_localization_rviz_plugin [0.46s]
Starting >>> behavior_path_goal_planner_module
Starting >>> behavior_path_side_shift_module
Starting >>> behavior_path_start_planner_module
Starting >>> behavior_path_avoidance_by_lane_change_module
Finished <<< heatmap_visualizer [0.40s]
Starting >>> behavior_path_external_request_lane_change_module
Finished <<< tier4_planning_launch [0.58s]
Starting >>> behavior_velocity_dynamic_obstacle_stop_module
Finished <<< predicted_path_checker [0.41s]
Finished <<< steer_offset_estimator [0.38s]
Starting >>> behavior_velocity_template_module
Starting >>> static_centerline_optimizer
Finished <<< tier4_debug_tools [0.38s]
Starting >>> autoware_launch
Finished <<< control_performance_analysis [0.62s]
Finished <<< awsim_sensor_kit_launch [0.40s]
Finished <<< planning_debug_tools [0.62s]
Finished <<< path_sampler [0.41s]
Finished <<< tier4_planning_rviz_plugin [0.47s]
Finished <<< sample_sensor_kit_launch [0.38s]
Finished <<< operation_mode_transition_manager [0.69s]
Finished <<< control_validator [0.76s]
Finished <<< obstacle_velocity_limiter [0.48s]
Finished <<< behavior_path_dynamic_avoidance_module [0.43s]
Finished <<< behavior_path_goal_planner_module [0.39s]
Finished <<< behavior_path_side_shift_module [0.40s]
Finished <<< behavior_path_start_planner_module [0.41s]
Finished <<< behavior_path_avoidance_by_lane_change_module [0.41s]
Finished <<< behavior_velocity_dynamic_obstacle_stop_module [0.36s]
Finished <<< behavior_path_external_request_lane_change_module [0.40s]
Finished <<< behavior_velocity_template_module [0.32s]
--- stderr: simulator_compatibility_test
/home/cityu-fsm-lab-carla/Workspace/autoware/build/simulator_compatibility_test/setup.py:3: DeprecationWarning: pkg_resources is deprecated as an API. See https://setuptools.pypa.io/en/latest/pkg_resources.html
  from pkg_resources import PkgResourcesDeprecationWarning
/home/cityu-fsm-lab-carla/.local/lib/python3.10/site-packages/setuptools/_distutils/dist.py:261: UserWarning: Unknown distribution option: 'tests_require'
  warnings.warn(msg)
---
Finished <<< simulator_compatibility_test [1.45s]
Finished <<< static_centerline_optimizer [0.56s]
Finished <<< autoware_launch [0.74s]

Summary: 337 packages finished [9.90s]
  2 packages had stderr output: ad_api_visualizers simulator_compatibility_test
