<html>
<body>
<pre>
<h1>µVision Build Log</h1>
<h2>Tool Versions:</h2>
IDE-Version: ¦ÌVision V5.23.0.0
Copyright (C) 2017 ARM Ltd and ARM Germany GmbH. All rights reserved.
License Information: LI MINGXIN, CITYU, LIC=3UUUH-WZTJ1-TLGCD-8ZGQC-2QW68-JD0FH
 
Tool Versions:
Toolchain:       MDK-ARM Professional  Version: 5.23
Toolchain Path:  C:\Keil_v5\ARM\ARMCC\Bin
C Compiler:      Armcc.exe V5.06 update 4 (build 422)
Assembler:       Armasm.exe V5.06 update 4 (build 422)
Linker/Locator:  ArmLink.exe V5.06 update 4 (build 422)
Library Manager: ArmAr.exe V5.06 update 4 (build 422)
Hex Converter:   FromElf.exe V5.06 update 4 (build 422)
CPU DLL:         SARMCM3.DLL V5.23
Dialog DLL:      DARMSTM.DLL V1.68.0.0
Target DLL:      STLink\ST-LINKIII-KEIL_SWO.dll V2.0.18.0
Dialog DLL:      TARMSTM.DLL V1.66.0.0
 
<h2>Project:</h2>
C:\Users\13366\Desktop\fsm_2208\Docs\packages\NF24L01\stm32_source_code\ZYNQ_24L01_test\USER\NRF24L01.uvprojx
Project File Date:  09/09/2024

<h2>Output:</h2>
*** Using Compiler 'V5.06 update 4 (build 422)', folder: 'C:\Keil_v5\ARM\ARMCC\Bin'
Build target 'NRF24L01'
compiling stm32f10x_it.c...
compiling led.c...
compiling misc.c...
compiling system_stm32f10x.c...
compiling main.c...
compiling lcd.c...
assembling startup_stm32f10x_hd.s...
compiling core_cm3.c...
compiling stm32f10x_spi.c...
compiling stm32f10x_gpio.c...
compiling delay.c...
compiling stm32f10x_usart.c...
compiling spi.c...
compiling sys.c...
compiling key.c...
compiling stm32f10x_rcc.c...
compiling stm32f10x_fsmc.c...
compiling usart.c...
compiling 24l01.c...
linking...
Program Size: Code=23544 RO-data=6468 RW-data=60 ZI-data=1852  
FromELF: creating hex file...
"..\OBJ\NRF24L01.axf" - 0 Error(s), 0 Warning(s).

<h2>Collection of Component include folders:</h2>
  .\RTE\_NRF24L01
  C:\Keil_v5\ARM\PACK\Keil\STM32F1xx_DFP\2.2.0\Device\Include

<h2>Collection of Component Files used:</h2>
Build Time Elapsed:  00:00:00
</pre>
</body>
</html>
