<html>
<body>
<pre>
<h1>µVision Build Log</h1>
<h2>Tool Versions:</h2>
IDE-Version: ¶ÃVision V5.23.0.0
Copyright (C) 2017 ARM Ltd and ARM Germany GmbH. All rights reserved.
License Information: LI MINGXIN, CITYU, LIC=3UUUH-WZTJ1-TLGCD-8ZGQC-2QW68-JD0FH
 
Tool Versions:
Toolchain:       MDK-ARM Professional  Version: 5.23
Toolchain Path:  C:\Keil_v5\ARM\ARMCC\Bin
C Compiler:      Armcc.exe V5.06 update 4 (build 422)
Assembler:       Armasm.exe V5.06 update 4 (build 422)
Linker/Locator:  ArmLink.exe V5.06 update 4 (build 422)
Library Manager: ArmAr.exe V5.06 update 4 (build 422)
Hex Converter:   FromElf.exe V5.06 update 4 (build 422)
CPU DLL:         SARMCM3.DLL V5.23
Dialog DLL:      DCM.DLL V1.15.0.0
Target DLL:      CMSIS_AGDI.dll V1.27.5.0
Dialog DLL:      TCM.DLL V1.27.0.0
 
<h2>Project:</h2>
C:\Users\13366\Desktop\old\FSM_NRF_B20_0913\Project\xproject.uvprojx
Project File Date:  09/13/2024

<h2>Output:</h2>
*** Using Compiler 'V5.06 update 4 (build 422)', folder: 'C:\Keil_v5\ARM\ARMCC\Bin'
Rebuild target 'XTARK_ROBOT'
compiling ax_led.c...
compiling system_stm32f10x.c...
compiling ax_sys.c...
compiling stm32f10x_it.c...
..\Robot\stm32f10x_it.c(142): warning:  #223-D: function "xPortSysTickHandler" declared implicitly
         xPortSysTickHandler();
..\Robot\stm32f10x_it.c: 1 warning, 0 errors
compiling main.c...
..\Robot\main.c(194): warning:  #550-D: variable "temp"  was set but never used
  	uint8_t temp = 0x55;
..\Robot\main.c(365): warning:  #1-D: last line of file ends without a newline
  /******************* (C) ∞Ê»® 2023 XTARK **************************************/
..\Robot\main.c: 2 warnings, 0 errors
compiling ax_delay.c...
compiling ax_kinematics.c...
compiling ax_uart1.c...
compiling ax_oled.c...
compiling ax_mpu6050.c...
compiling ax_servo.c...
compiling ax_uart2.c...
compiling ax_encoder.c...
compiling ax_motor.c...
compiling ax_beep.c...
compiling ax_ps2.c...
compiling ax_vin.c...
compiling ax_key.c...
compiling ax_rgb.c...
compiling ax_uart5.c...
compiling spi.c...
..\Driver\spi.c(15): warning:  #177-D: variable "SPI_InitStructure"  was declared but never referenced
    	SPI_InitTypeDef  SPI_InitStructure;
..\Driver\spi.c: 1 warning, 0 errors
compiling croutine.c...
compiling 24l01.c...
compiling ax_control.c...
..\Robot\ax_control.c(333): warning:  #186-D: pointless comparison of unsigned integer with zero
  		else if(nrt_ctl_info.acceleration<0){
..\Robot\ax_control.c(352): warning:  #1-D: last line of file ends without a newline
  }
..\Robot\ax_control.c: 2 warnings, 0 errors
compiling event_groups.c...
compiling ax_akm.c...
compiling list.c...
compiling ax_uart4.c...
compiling ax_sbus.c...
compiling ax_speed.c...
compiling ax_light.c...
compiling ax_robot.c...
compiling queue.c...
compiling heap_4.c...
compiling timers.c...
compiling tasks.c...
compiling misc.c...
compiling stm32f10x_bkp.c...
compiling stm32f10x_adc.c...
compiling stm32f10x_can.c...
compiling port.c...
compiling stm32f10x_crc.c...
compiling stm32f10x_cec.c...
compiling stm32f10x_dac.c...
compiling stm32f10x_exti.c...
compiling stm32f10x_dbgmcu.c...
compiling stm32f10x_dma.c...
compiling stm32f10x_flash.c...
compiling stm32f10x_gpio.c...
compiling stm32f10x_fsmc.c...
compiling stm32f10x_pwr.c...
assembling startup_stm32f10x_hd.s...
compiling stm32f10x_iwdg.c...
compiling stm32f10x_i2c.c...
compiling stm32f10x_rtc.c...
compiling stm32f10x_rcc.c...
compiling core_cm3.c...
compiling stm32f10x_sdio.c...
compiling stm32f10x_wwdg.c...
compiling stm32f10x_spi.c...
compiling stm32f10x_usart.c...
compiling stm32f10x_tim.c...
linking...
Program Size: Code=33156 RO-data=3900 RW-data=320 ZI-data=22856  
FromELF: creating hex file...
".\Objects\xproject.axf" - 0 Error(s), 6 Warning(s).

<h2>Collection of Component include folders:</h2>
  .\RTE\_XTARK_ROBOT
  C:\Keil_v5\ARM\PACK\Keil\STM32F1xx_DFP\2.2.0\Device\Include

<h2>Collection of Component Files used:</h2>
Build Time Elapsed:  00:00:02
</pre>
</body>
</html>
