Component: ARM Compiler 5.06 update 4 (build 422) Tool: armlink [4d35d2]

==============================================================================

Section Cross References

    main.o(i.Start_Task) refers to ax_servo.o(i.AX_SERVO_S1_SetAngle) for AX_SERVO_S1_SetAngle
    main.o(i.Start_Task) refers to ax_servo.o(i.AX_SERVO_S2_SetAngle) for AX_SERVO_S2_SetAngle
    main.o(i.Start_Task) refers to ax_servo.o(i.AX_SERVO_S3_SetAngle) for AX_SERVO_S3_SetAngle
    main.o(i.Start_Task) refers to stm32f10x_gpio.o(i.GPIO_ResetBits) for GPIO_ResetBits
    main.o(i.Start_Task) refers to ax_delay.o(i.AX_Delayms) for AX_Delayms
    main.o(i.Start_Task) refers to stm32f10x_gpio.o(i.GPIO_SetBits) for GPIO_SetBits
    main.o(i.Start_Task) refers to ax_mpu6050.o(i.AX_MPU6050_GetGyroData) for AX_MPU6050_GetGyroData
    main.o(i.Start_Task) refers to ax_oled.o(i.AX_OLED_ClearScreen) for AX_OLED_ClearScreen
    main.o(i.Start_Task) refers to ax_oled.o(i.AX_OLED_DispStr) for AX_OLED_DispStr
    main.o(i.Start_Task) refers to port.o(i.vPortEnterCritical) for vPortEnterCritical
    main.o(i.Start_Task) refers to tasks.o(i.xTaskCreate) for xTaskCreate
    main.o(i.Start_Task) refers to tasks.o(i.vTaskDelete) for vTaskDelete
    main.o(i.Start_Task) refers to port.o(i.vPortExitCritical) for vPortExitCritical
    main.o(i.Start_Task) refers to ax_robot.o(.data) for ax_imu_gyro_offset
    main.o(i.Start_Task) refers to main.o(.data) for Robot_Task_Handle
    main.o(i.Start_Task) refers to ax_robot.o(i.Robot_Task) for Robot_Task
    main.o(i.Start_Task) refers to ax_robot.o(i.Key_Task) for Key_Task
    main.o(i.Start_Task) refers to ax_robot.o(i.Disp_Task) for Disp_Task
    main.o(i.Start_Task) refers to ax_robot.o(i.Trivia_Task) for Trivia_Task
    main.o(i.Start_Task) refers to ax_robot.o(i.Ps2_Task) for Ps2_Task
    main.o(i.Start_Task) refers to ax_robot.o(i.A69_Task) for A69_Task
    main.o(i.main) refers to misc.o(i.NVIC_PriorityGroupConfig) for NVIC_PriorityGroupConfig
    main.o(i.main) refers to ax_servo.o(i.AX_SERVO_S1234_Init) for AX_SERVO_S1234_Init
    main.o(i.main) refers to ax_motor.o(i.AX_MOTOR_Init) for AX_MOTOR_Init
    main.o(i.main) refers to ax_delay.o(i.AX_DELAY_Init) for AX_DELAY_Init
    main.o(i.main) refers to ax_sys.o(i.AX_JTAG_Set) for AX_JTAG_Set
    main.o(i.main) refers to ax_led.o(i.AX_LED_Init) for AX_LED_Init
    main.o(i.main) refers to ax_key.o(i.AX_KEY_Init) for AX_KEY_Init
    main.o(i.main) refers to ax_vin.o(i.AX_VIN_Init) for AX_VIN_Init
    main.o(i.main) refers to ax_beep.o(i.AX_BEEP_Init) for AX_BEEP_Init
    main.o(i.main) refers to ax_uart1.o(i.AX_UART1_Init) for AX_UART1_Init
    main.o(i.main) refers to ax_uart2.o(i.AX_UART2_Init) for AX_UART2_Init
    main.o(i.main) refers to ax_ps2.o(i.AX_PS2_Init) for AX_PS2_Init
    main.o(i.main) refers to ax_encoder.o(i.AX_ENCODER_A_Init) for AX_ENCODER_A_Init
    main.o(i.main) refers to ax_encoder.o(i.AX_ENCODER_B_Init) for AX_ENCODER_B_Init
    main.o(i.main) refers to usart3.o(i.uart3_init) for uart3_init
    main.o(i.main) refers to usart4.o(i.uart4_init) for uart4_init
    main.o(i.main) refers to a69.o(i.A69_Init) for A69_Init
    main.o(i.main) refers to ax_oled.o(i.AX_OLED_Init) for AX_OLED_Init
    main.o(i.main) refers to ax_oled.o(i.AX_OLED_DispPicture) for AX_OLED_DispPicture
    main.o(i.main) refers to ax_mpu6050.o(i.AX_MPU6050_Init) for AX_MPU6050_Init
    main.o(i.main) refers to ax_mpu6050.o(i.AX_MPU6050_SetAccRange) for AX_MPU6050_SetAccRange
    main.o(i.main) refers to ax_mpu6050.o(i.AX_MPU6050_SetGyroRange) for AX_MPU6050_SetGyroRange
    main.o(i.main) refers to ax_mpu6050.o(i.AX_MPU6050_SetGyroSmplRate) for AX_MPU6050_SetGyroSmplRate
    main.o(i.main) refers to ax_mpu6050.o(i.AX_MPU6050_SetDLPF) for AX_MPU6050_SetDLPF
    main.o(i.main) refers to stm32f10x_gpio.o(i.GPIO_SetBits) for GPIO_SetBits
    main.o(i.main) refers to ax_delay.o(i.AX_Delayms) for AX_Delayms
    main.o(i.main) refers to stm32f10x_gpio.o(i.GPIO_ResetBits) for GPIO_ResetBits
    main.o(i.main) refers to tasks.o(i.xTaskCreate) for xTaskCreate
    main.o(i.main) refers to tasks.o(i.vTaskStartScheduler) for vTaskStartScheduler
    main.o(i.main) refers to main.o(.constdata) for PIC64X128_XTARK
    main.o(i.main) refers to main.o(.data) for StartTask_Handler
    main.o(i.main) refers to main.o(i.Start_Task) for Start_Task
    stm32f10x_it.o(i.SysTick_Handler) refers to tasks.o(i.xTaskGetSchedulerState) for xTaskGetSchedulerState
    stm32f10x_it.o(i.SysTick_Handler) refers to port.o(i.xPortSysTickHandler) for xPortSysTickHandler
    system_stm32f10x.o(i.SetSysClock) refers to system_stm32f10x.o(i.SetSysClockTo72) for SetSysClockTo72
    system_stm32f10x.o(i.SystemCoreClockUpdate) refers to system_stm32f10x.o(.data) for SystemCoreClock
    system_stm32f10x.o(i.SystemInit) refers to system_stm32f10x.o(i.SetSysClock) for SetSysClock
    ax_kinematics.o(i.AX_ROBOT_Kinematics) refers to ax_kinematics.o(i.ROBOT_AKM_Kinematics) for ROBOT_AKM_Kinematics
[...]
    PACK_FLAG                                0x200000d7   Data           1  usart3.o(.data)
    data_len                                 0x200000d8   Data           1  usart3.o(.data)
    timestamp                                0x200000dc   Data           4  usart3.o(.data)
    state_flag                               0x200000e0   Data           1  usart3.o(.data)
    state_num                                0x200000e1   Data           1  usart3.o(.data)
    cnt                                      0x200000e2   Data           1  usart3.o(.data)
    count                                    0x200000e4   Data           2  usart3.o(.data)
    sum                                      0x200000e8   Data           4  usart3.o(.data)
    .data                                    0x200000ec   Section       16  usart4.o(.data)
    state4                                   0x200000ec   Data           1  usart4.o(.data)
    crc4                                     0x200000ed   Data           1  usart4.o(.data)
    cnt4                                     0x200000ee   Data           1  usart4.o(.data)
    PACK_FLAG4                               0x200000ef   Data           1  usart4.o(.data)
    data_len4                                0x200000f0   Data           1  usart4.o(.data)
    timestamp4                               0x200000f4   Data           4  usart4.o(.data)
    state_flag4                              0x200000f8   Data           1  usart4.o(.data)
    state_num                                0x200000f9   Data           1  usart4.o(.data)
    count                                    0x200000fa   Data           2  usart4.o(.data)
    .data                                    0x200000fc   Section       60  tasks.o(.data)
    pxDelayedTaskList                        0x20000100   Data           4  tasks.o(.data)
    pxOverflowDelayedTaskList                0x20000104   Data           4  tasks.o(.data)
    uxDeletedTasksWaitingCleanUp             0x20000108   Data           4  tasks.o(.data)
    uxCurrentNumberOfTasks                   0x2000010c   Data           4  tasks.o(.data)
    xTickCount                               0x20000110   Data           4  tasks.o(.data)
    uxTopReadyPriority                       0x20000114   Data           4  tasks.o(.data)
    xSchedulerRunning                        0x20000118   Data           4  tasks.o(.data)
    uxPendedTicks                            0x2000011c   Data           4  tasks.o(.data)
    xYieldPending                            0x20000120   Data           4  tasks.o(.data)
    xNumOfOverflows                          0x20000124   Data           4  tasks.o(.data)
    uxTaskNumber                             0x20000128   Data           4  tasks.o(.data)
    xNextTaskUnblockTime                     0x2000012c   Data           4  tasks.o(.data)
    xIdleTaskHandle                          0x20000130   Data           4  tasks.o(.data)
    uxSchedulerSuspended                     0x20000134   Data           4  tasks.o(.data)
    .data                                    0x20000138   Section       20  timers.o(.data)
    pxCurrentTimerList                       0x20000138   Data           4  timers.o(.data)
    pxOverflowTimerList                      0x2000013c   Data           4  timers.o(.data)
    xTimerQueue                              0x20000140   Data           4  timers.o(.data)
    xTimerTaskHandle                         0x20000144   Data           4  timers.o(.data)
    xLastTime                                0x20000148   Data           4  timers.o(.data)
    .data                                    0x2000014c   Section       24  heap_4.o(.data)
    xStart                                   0x2000014c   Data           8  heap_4.o(.data)
    pxEnd                                    0x20000154   Data           4  heap_4.o(.data)
    xFreeBytesRemaining                      0x20000158   Data           4  heap_4.o(.data)
    xMinimumEverFreeBytesRemaining           0x2000015c   Data           4  heap_4.o(.data)
    xBlockAllocatedBit                       0x20000160   Data           4  heap_4.o(.data)
    .data                                    0x20000164   Section       12  port.o(.data)
    uxCriticalNesting                        0x20000164   Data           4  port.o(.data)
    ucMaxSysCallPriority                     0x20000168   Data           1  port.o(.data)
    ulMaxPRIGROUPValue                       0x2000016c   Data           4  port.o(.data)
    .data                                    0x20000170   Section       20  stm32f10x_rcc.o(.data)
    APBAHBPrescTable                         0x20000170   Data          16  stm32f10x_rcc.o(.data)
    ADCPrescTable                            0x20000180   Data           4  stm32f10x_rcc.o(.data)
    .data                                    0x20000184   Section        4  stdout.o(.data)
    .data                                    0x20000188   Section        4  errno.o(.data)
    _errno                                   0x20000188   Data           4  errno.o(.data)
    .bss                                     0x20000190   Section      104  ax_robot.o(.bss)
    comdata                                  0x200001e4   Data          20  ax_robot.o(.bss)
    .bss                                     0x200001f8   Section       32  ax_control.o(.bss)
    comdata                                  0x200001f8   Data          16  ax_control.o(.bss)
    sbusdata                                 0x20000208   Data          16  ax_control.o(.bss)
    .bss                                     0x20000218   Section       80  ax_uart1.o(.bss)
    uart1_rx_buf                             0x20000218   Data          40  ax_uart1.o(.bss)
    uart1_tx_buf                             0x20000240   Data          40  ax_uart1.o(.bss)
    .bss                                     0x20000268   Section       80  ax_uart2.o(.bss)
    uart2_rx_buf                             0x20000268   Data          40  ax_uart2.o(.bss)
    uart2_tx_buf                             0x20000290   Data          40  ax_uart2.o(.bss)
    .bss                                     0x200002b8   Section       80  ax_uart4.o(.bss)
    uart4_rx_buf                             0x200002b8   Data          40  ax_uart4.o(.bss)
    uart4_tx_buf                             0x200002e0   Data          40  ax_uart4.o(.bss)
    .bss                                     0x20000308   Section       40  ax_sbus.o(.bss)
    uart_sbus_rx_buf                         0x20000308   Data          40  ax_sbus.o(.bss)
    .bss                                     0x20000330   Section        9  ax_ps2.o(.bss)
    PS2_data                                 0x20000330   Data           9  ax_ps2.o(.bss)
    .bss                                     0x20000339   Section      128  a69.o(.bss)
    rxBuffer                                 0x20000339   Data         128  a69.o(.bss)
    .bss                                     0x200003bc   Section      260  usart3.o(.bss)
    .bss                                     0x200004c0   Section      260  usart4.o(.bss)
    .bss                                     0x200005c4   Section       64  queue.o(.bss)
    .bss                                     0x20000604   Section      740  tasks.o(.bss)
    pxReadyTasksLists                        0x20000604   Data         640  tasks.o(.bss)
    xDelayedTaskList1                        0x20000884   Data          20  tasks.o(.bss)
    xDelayedTaskList2                        0x20000898   Data          20  tasks.o(.bss)
    xPendingReadyList                        0x200008ac   Data          20  tasks.o(.bss)
    xTasksWaitingTermination                 0x200008c0   Data          20  tasks.o(.bss)
    xSuspendedTaskList                       0x200008d4   Data          20  tasks.o(.bss)
    .bss                                     0x200008e8   Section       40  timers.o(.bss)
    xActiveTimerList1                        0x200008e8   Data          20  timers.o(.bss)
    xActiveTimerList2                        0x200008fc   Data          20  timers.o(.bss)
    .bss                                     0x20000910   Section    20480  heap_4.o(.bss)
    ucHeap                                   0x20000910   Data       20480  heap_4.o(.bss)
    STACK                                    0x20005910   Section     1024  startup_stm32f10x_hd.o(STACK)

    Global Symbols

    Symbol Name                              Value     Ov Type        Size  Object(Section)

    BuildAttributes$$THM_ISAv4$P$D$K$B$S$PE$A:L22UL41UL21$X:L11$S22US41US21$IEEE1$IW$USESV6$~STKCKD$USESV7$~SHL$OTIME$ROPI$IEEEX$EBA8$MICROLIB$REQ8$PRES8$EABIv2 0x00000000   Number         0  anon$$obj.o ABSOLUTE
    __ARM_use_no_argv                        0x00000000   Number         0  main.o ABSOLUTE
    _printf_a                                0x00000000   Number         0  stubs.o ABSOLUTE
    _printf_c                                0x00000000   Number         0  stubs.o ABSOLUTE
    _printf_charcount                        0x00000000   Number         0  stubs.o ABSOLUTE
    _printf_d                                0x00000000   Number         0  stubs.o ABSOLUTE
    _printf_e                                0x00000000   Number         0  stubs.o ABSOLUTE
    _printf_f                                0x00000000   Number         0  stubs.o ABSOLUTE
    _printf_flags                            0x00000000   Number         0  stubs.o ABSOLUTE
    _printf_fp_dec                           0x00000000   Number         0  stubs.o ABSOLUTE
    _printf_fp_hex                           0x00000000   Number         0  stubs.o ABSOLUTE
    _printf_g                                0x00000000   Number         0  stubs.o ABSOLUTE
    _printf_i                                0x00000000   Number         0  stubs.o ABSOLUTE
    _printf_int_dec                          0x00000000   Number         0  stubs.o ABSOLUTE
    _printf_l                                0x00000000   Number         0  stubs.o ABSOLUTE
    _printf_lc                               0x00000000   Number         0  stubs.o ABSOLUTE
    _printf_ll                               0x00000000   Number         0  stubs.o ABSOLUTE
    _printf_lld                              0x00000000   Number         0  stubs.o ABSOLUTE
    _printf_lli                              0x00000000   Number         0  stubs.o ABSOLUTE
    _printf_llo                              0x00000000   Number         0  stubs.o ABSOLUTE
    _printf_llu                              0x00000000   Number         0  stubs.o ABSOLUTE
    _printf_llx                              0x00000000   Number         0  stubs.o ABSOLUTE
    _printf_longlong_dec                     0x00000000   Number         0  stubs.o ABSOLUTE
    _printf_longlong_hex                     0x00000000   Number         0  stubs.o ABSOLUTE
    _printf_longlong_oct                     0x00000000   Number         0  stubs.o ABSOLUTE
    _printf_ls                               0x00000000   Number         0  stubs.o ABSOLUTE
    _printf_mbtowc                           0x00000000   Number         0  stubs.o ABSOLUTE
    _printf_n                                0x00000000   Number         0  stubs.o ABSOLUTE
    _printf_o                                0x00000000   Number         0  stubs.o ABSOLUTE
    _printf_p                                0x00000000   Number         0  stubs.o ABSOLUTE
    _printf_percent                          0x00000000   Number         0  stubs.o ABSOLUTE
    _printf_pre_padding                      0x00000000   Number         0  stubs.o ABSOLUTE
    _printf_return_value                     0x00000000   Number         0  stubs.o ABSOLUTE
    _printf_s                                0x00000000   Number         0  stubs.o ABSOLUTE
    _printf_sizespec                         0x00000000   Number         0  stubs.o ABSOLUTE
    _printf_str                              0x00000000   Number         0  stubs.o ABSOLUTE
    _printf_truncate_signed                  0x00000000   Number         0  stubs.o ABSOLUTE
    _printf_truncate_unsigned                0x00000000   Number         0  stubs.o ABSOLUTE
    _printf_u                                0x00000000   Number         0  stubs.o ABSOLUTE
    _printf_wc                               0x00000000   Number         0  stubs.o ABSOLUTE
    _printf_wctomb                           0x00000000   Number         0  stubs.o ABSOLUTE
    _printf_widthprec                        0x00000000   Number         0  stubs.o ABSOLUTE
    _printf_x                                0x00000000   Number         0  stubs.o ABSOLUTE
    __cpp_initialize__aeabi_                  - Undefined Weak Reference
    __cxa_finalize                            - Undefined Weak Reference
    _clock_init                               - Undefined Weak Reference
    _microlib_exit                            - Undefined Weak Reference
    __Vectors_Size                           0x00000130   Number         0  startup_stm32f10x_hd.o ABSOLUTE
    __Vectors                                0x08000000   Data           4  startup_stm32f10x_hd.o(RESET)
    __Vectors_End                            0x08000130   Data           0  startup_stm32f10x_hd.o(RESET)
    __main                                   0x08000131   Thumb Code     0  entry.o(.ARM.Collect$$$$00000000)
    _main_stk                                0x08000131   Thumb Code     0  entry2.o(.ARM.Collect$$$$00000001)
    _main_scatterload                        0x08000135   Thumb Code     0  entry5.o(.ARM.Collect$$$$00000004)
    __main_after_scatterload                 0x08000139   Thumb Code     0  entry5.o(.ARM.Collect$$$$00000004)
    _main_clock                              0x08000139   Thumb Code     0  entry7b.o(.ARM.Collect$$$$00000008)
    _main_cpp_init                           0x08000139   Thumb Code     0  entry8b.o(.ARM.Collect$$$$0000000A)
    _main_init                               0x08000139   Thumb Code     0  entry9a.o(.ARM.Collect$$$$0000000B)
    __rt_final_cpp                           0x08000141   Thumb Code     0  entry10a.o(.ARM.Collect$$$$0000000D)
    __rt_final_exit                          0x08000141   Thumb Code     0  entry11a.o(.ARM.Collect$$$$0000000F)
    SVC_Handler                              0x08000145   Thumb Code    32  port.o(.emb_text)
    __asm___6_port_c_39a90d8d__prvStartFirstTask 0x08000169   Thumb Code    28  port.o(.emb_text)
    PendSV_Handler                           0x08000189   Thumb Code    72  port.o(.emb_text)
    vPortGetIPSR                             0x080001d5   Thumb Code     6  port.o(.emb_text)
    Reset_Handler                            0x080001dd   Thumb Code     8  startup_stm32f10x_hd.o(.text)
    ADC1_2_IRQHandler                        0x080001f7   Thumb Code     0  startup_stm32f10x_hd.o(.text)
    ADC3_IRQHandler                          0x080001f7   Thumb Code     0  startup_stm32f10x_hd.o(.text)
    CAN1_RX1_IRQHandler                      0x080001f7   Thumb Code     0  startup_stm32f10x_hd.o(.text)
    CAN1_SCE_IRQHandler                      0x080001f7   Thumb Code     0  startup_stm32f10x_hd.o(.text)
    DMA1_Channel1_IRQHandler                 0x080001f7   Thumb Code     0  startup_stm32f10x_hd.o(.text)
    DMA1_Channel2_IRQHandler                 0x080001f7   Thumb Code     0  startup_stm32f10x_hd.o(.text)
    DMA1_Channel3_IRQHandler                 0x080001f7   Thumb Code     0  startup_stm32f10x_hd.o(.text)
    DMA1_Channel4_IRQHandler                 0x080001f7   Thumb Code     0  startup_stm32f10x_hd.o(.text)
    DMA1_Channel5_IRQHandler                 0x080001f7   Thumb Code     0  startup_stm32f10x_hd.o(.text)
    DMA1_Channel6_IRQHandler                 0x080001f7   Thumb Code     0  startup_stm32f10x_hd.o(.text)
    DMA1_Channel7_IRQHandler                 0x080001f7   Thumb Code     0  startup_stm32f10x_hd.o(.text)
    DMA2_Channel1_IRQHandler                 0x080001f7   Thumb Code     0  startup_stm32f10x_hd.o(.text)
    DMA2_Channel2_IRQHandler                 0x080001f7   Thumb Code     0  startup_stm32f10x_hd.o(.text)
    DMA2_Channel3_IRQHandler                 0x080001f7   Thumb Code     0  startup_stm32f10x_hd.o(.text)
    DMA2_Channel4_5_IRQHandler               0x080001f7   Thumb Code     0  startup_stm32f10x_hd.o(.text)
    EXTI0_IRQHandler                         0x080001f7   Thumb Code     0  startup_stm32f10x_hd.o(.text)
    EXTI15_10_IRQHandler                     0x080001f7   Thumb Code     0  startup_stm32f10x_hd.o(.text)
    EXTI1_IRQHandler                         0x080001f7   Thumb Code     0  startup_stm32f10x_hd.o(.text)
    EXTI2_IRQHandler                         0x080001f7   Thumb Code     0  startup_stm32f10x_hd.o(.text)
    EXTI3_IRQHandler                         0x080001f7   Thumb Code     0  startup_stm32f10x_hd.o(.text)
    EXTI4_IRQHandler                         0x080001f7   Thumb Code     0  startup_stm32f10x_hd.o(.text)
    EXTI9_5_IRQHandler                       0x080001f7   Thumb Code     0  startup_stm32f10x_hd.o(.text)
    FLASH_IRQHandler                         0x080001f7   Thumb Code     0  startup_stm32f10x_hd.o(.text)
    FSMC_IRQHandler                          0x080001f7   Thumb Code     0  startup_stm32f10x_hd.o(.text)
    I2C1_ER_IRQHandler                       0x080001f7   Thumb Code     0  startup_stm32f10x_hd.o(.text)
    I2C1_EV_IRQHandler                       0x080001f7   Thumb Code     0  startup_stm32f10x_hd.o(.text)
    I2C2_ER_IRQHandler                       0x080001f7   Thumb Code     0  startup_stm32f10x_hd.o(.text)
    I2C2_EV_IRQHandler                       0x080001f7   Thumb Code     0  startup_stm32f10x_hd.o(.text)
    PVD_IRQHandler                           0x080001f7   Thumb Code     0  startup_stm32f10x_hd.o(.text)
    RCC_IRQHandler                           0x080001f7   Thumb Code     0  startup_stm32f10x_hd.o(.text)
    RTCAlarm_IRQHandler                      0x080001f7   Thumb Code     0  startup_stm32f10x_hd.o(.text)
    RTC_IRQHandler                           0x080001f7   Thumb Code     0  startup_stm32f10x_hd.o(.text)
    SDIO_IRQHandler                          0x080001f7   Thumb Code     0  startup_stm32f10x_hd.o(.text)
    SPI1_IRQHandler                          0x080001f7   Thumb Code     0  startup_stm32f10x_hd.o(.text)
    SPI2_IRQHandler                          0x080001f7   Thumb Code     0  startup_stm32f10x_hd.o(.text)
    SPI3_IRQHandler                          0x080001f7   Thumb Code     0  startup_stm32f10x_hd.o(.text)
    TAMPER_IRQHandler                        0x080001f7   Thumb Code     0  startup_stm32f10x_hd.o(.text)
    TIM1_BRK_IRQHandler                      0x080001f7   Thumb Code     0  startup_stm32f10x_hd.o(.text)
    TIM1_CC_IRQHandler                       0x080001f7   Thumb Code     0  startup_stm32f10x_hd.o(.text)
    TIM1_TRG_COM_IRQHandler                  0x080001f7   Thumb Code     0  startup_stm32f10x_hd.o(.text)
    TIM1_UP_IRQHandler                       0x080001f7   Thumb Code     0  startup_stm32f10x_hd.o(.text)
    TIM2_IRQHandler                          0x080001f7   Thumb Code     0  startup_stm32f10x_hd.o(.text)
    TIM3_IRQHandler                          0x080001f7   Thumb Code     0  startup_stm32f10x_hd.o(.text)
    TIM4_IRQHandler                          0x080001f7   Thumb Code     0  startup_stm32f10x_hd.o(.text)
    TIM5_IRQHandler                          0x080001f7   Thumb Code     0  startup_stm32f10x_hd.o(.text)
    TIM6_IRQHandler                          0x080001f7   Thumb Code     0  startup_stm32f10x_hd.o(.text)
    TIM7_IRQHandler                          0x080001f7   Thumb Code     0  startup_stm32f10x_hd.o(.text)
    TIM8_BRK_IRQHandler                      0x080001f7   Thumb Code     0  startup_stm32f10x_hd.o(.text)
    TIM8_CC_IRQHandler                       0x080001f7   Thumb Code     0  startup_stm32f10x_hd.o(.text)
    TIM8_TRG_COM_IRQHandler                  0x080001f7   Thumb Code     0  startup_stm32f10x_hd.o(.text)
    TIM8_UP_IRQHandler                       0x080001f7   Thumb Code     0  startup_stm32f10x_hd.o(.text)
    USBWakeUp_IRQHandler                     0x080001f7   Thumb Code     0  startup_stm32f10x_hd.o(.text)
    USB_HP_CAN1_TX_IRQHandler                0x080001f7   Thumb Code     0  startup_stm32f10x_hd.o(.text)
    USB_LP_CAN1_RX0_IRQHandler               0x080001f7   Thumb Code     0  startup_stm32f10x_hd.o(.text)
    WWDG_IRQHandler                          0x080001f7   Thumb Code     0  startup_stm32f10x_hd.o(.text)
    __aeabi_memcpy                           0x08000201   Thumb Code    36  memcpya.o(.text)
    __aeabi_memcpy4                          0x08000201   Thumb Code     0  memcpya.o(.text)
    __aeabi_memcpy8                          0x08000201   Thumb Code     0  memcpya.o(.text)
    __aeabi_fadd                             0x08000225   Thumb Code   164  fadd.o(.text)
    __aeabi_fsub                             0x080002c9   Thumb Code     6  fadd.o(.text)
    __aeabi_frsub                            0x080002cf   Thumb Code     6  fadd.o(.text)
    __aeabi_fmul                             0x080002d5   Thumb Code   100  fmul.o(.text)
    __aeabi_fdiv                             0x08000339   Thumb Code   124  fdiv.o(.text)
    __aeabi_dadd                             0x080003b5   Thumb Code   322  dadd.o(.text)
    __aeabi_dsub                             0x080004f7   Thumb Code     6  dadd.o(.text)
    __aeabi_drsub                            0x080004fd   Thumb Code     6  dadd.o(.text)
    __aeabi_dmul                             0x08000503   Thumb Code   228  dmul.o(.text)
    __aeabi_ddiv                             0x080005e7   Thumb Code   222  ddiv.o(.text)
    __aeabi_i2f                              0x080006c5   Thumb Code    18  fflti.o(.text)
    __aeabi_i2d                              0x080006d7   Thumb Code    34  dflti.o(.text)
    __aeabi_ui2d                             0x080006f9   Thumb Code    26  dfltui.o(.text)
    __aeabi_f2iz                             0x08000713   Thumb Code    50  ffixi.o(.text)
    __aeabi_f2uiz                            0x08000745   Thumb Code    40  ffixui.o(.text)
    __aeabi_d2iz                             0x0800076d   Thumb Code    62  dfixi.o(.text)
    __aeabi_d2uiz                            0x080007ab   Thumb Code    50  dfixui.o(.text)
    __aeabi_f2d                              0x080007dd   Thumb Code    38  f2d.o(.text)
    __aeabi_d2f                              0x08000803   Thumb Code    56  d2f.o(.text)
    __aeabi_cfcmpeq                          0x0800083d   Thumb Code     0  cfcmple.o(.text)
    __aeabi_cfcmple                          0x0800083d   Thumb Code    20  cfcmple.o(.text)
    __aeabi_cfrcmple                         0x08000851   Thumb Code    20  cfrcmple.o(.text)
    __aeabi_uldivmod                         0x08000865   Thumb Code    98  uldiv.o(.text)
    __aeabi_llsl                             0x080008c7   Thumb Code    30  llshl.o(.text)
    _ll_shift_l                              0x080008c7   Thumb Code     0  llshl.o(.text)
    __aeabi_llsr                             0x080008e5   Thumb Code    32  llushr.o(.text)
    _ll_ushift_r                             0x080008e5   Thumb Code     0  llushr.o(.text)
    __aeabi_lasr                             0x08000905   Thumb Code    36  llsshr.o(.text)
    _ll_sshift_r                             0x08000905   Thumb Code     0  llsshr.o(.text)
    __I$use$fp                               0x08000929   Thumb Code     0  iusefp.o(.text)
    _float_round                             0x08000929   Thumb Code    18  fepilogue.o(.text)
    _float_epilogue                          0x0800093b   Thumb Code    92  fepilogue.o(.text)
    _double_round                            0x08000997   Thumb Code    30  depilogue.o(.text)
    _double_epilogue                         0x080009b5   Thumb Code   156  depilogue.o(.text)
    __ARM_scalbn                             0x08000a51   Thumb Code    46  dscalb.o(.text)
    scalbn                                   0x08000a51   Thumb Code     0  dscalb.o(.text)
    __scatterload                            0x08000a81   Thumb Code    28  init.o(.text)
    __scatterload_rt2                        0x08000a81   Thumb Code     0  init.o(.text)
    __decompress                             0x08000aa5   Thumb Code     0  __dczerorl.o(.text)
    __decompress0                            0x08000aa5   Thumb Code    58  __dczerorl.o(.text)
    A69_DataAvailable                        0x08000ae1   Thumb Code    20  a69.o(i.A69_DataAvailable)
    A69_Init                                 0x08000b75   Thumb Code    12  a69.o(i.A69_Init)
    A69_ReceiveData                          0x08000b81   Thumb Code   146  a69.o(i.A69_ReceiveData)
    A69_SendData                             0x08000c21   Thumb Code    42  a69.o(i.A69_SendData)
    A69_Task                                 0x08000c51   Thumb Code    80  ax_robot.o(i.A69_Task)
    ADC_Cmd                                  0x08000d19   Thumb Code    22  stm32f10x_adc.o(i.ADC_Cmd)
    ADC_GetCalibrationStatus                 0x08000d2f   Thumb Code    20  stm32f10x_adc.o(i.ADC_GetCalibrationStatus)
    ADC_GetConversionValue                   0x08000d43   Thumb Code     8  stm32f10x_adc.o(i.ADC_GetConversionValue)
    ADC_GetFlagStatus                        0x08000d4b   Thumb Code    18  stm32f10x_adc.o(i.ADC_GetFlagStatus)
    ADC_GetResetCalibrationStatus            0x08000d5d   Thumb Code    20  stm32f10x_adc.o(i.ADC_GetResetCalibrationStatus)
    ADC_Init                                 0x08000d71   Thumb Code    70  stm32f10x_adc.o(i.ADC_Init)
    ADC_RegularChannelConfig                 0x08000dc1   Thumb Code   184  stm32f10x_adc.o(i.ADC_RegularChannelConfig)
    ADC_ResetCalibration                     0x08000e79   Thumb Code    10  stm32f10x_adc.o(i.ADC_ResetCalibration)
    ADC_SoftwareStartConvCmd                 0x08000e83   Thumb Code    22  stm32f10x_adc.o(i.ADC_SoftwareStartConvCmd)
    ADC_StartCalibration                     0x08000e99   Thumb Code    10  stm32f10x_adc.o(i.ADC_StartCalibration)
    AX_AKM_WToAngle                          0x08000ea5   Thumb Code   144  ax_akm.o(i.AX_AKM_WToAngle)
    AX_BEEP_Init                             0x08000f45   Thumb Code    50  ax_beep.o(i.AX_BEEP_Init)
    AX_CTL_App                               0x08000f7d   Thumb Code   334  ax_control.o(i.AX_CTL_App)
    AX_CTL_Ps2                               0x080010e5   Thumb Code   480  ax_control.o(i.AX_CTL_Ps2)
    AX_CTL_RemoteSbus                        0x080012f9   Thumb Code   188  ax_control.o(i.AX_CTL_RemoteSbus)
    AX_DELAY_Init                            0x080013cd   Thumb Code    68  ax_delay.o(i.AX_DELAY_Init)
    AX_Delayms                               0x0800141d   Thumb Code    18  ax_delay.o(i.AX_Delayms)
    AX_Delayus                               0x08001431   Thumb Code    68  ax_delay.o(i.AX_Delayus)
    AX_ENCODER_A_GetCounter                  0x08001479   Thumb Code     8  ax_encoder.o(i.AX_ENCODER_A_GetCounter)
    AX_ENCODER_A_Init                        0x08001481   Thumb Code   174  ax_encoder.o(i.AX_ENCODER_A_Init)
    AX_ENCODER_A_SetCounter                  0x0800153d   Thumb Code     8  ax_encoder.o(i.AX_ENCODER_A_SetCounter)
    AX_ENCODER_B_GetCounter                  0x08001545   Thumb Code     6  ax_encoder.o(i.AX_ENCODER_B_GetCounter)
    AX_ENCODER_B_Init                        0x08001551   Thumb Code   150  ax_encoder.o(i.AX_ENCODER_B_Init)
    AX_ENCODER_B_SetCounter                  0x080015f5   Thumb Code     6  ax_encoder.o(i.AX_ENCODER_B_SetCounter)
    AX_JTAG_Set                              0x08001601   Thumb Code    38  ax_sys.o(i.AX_JTAG_Set)
    AX_KEY_Init                              0x08001631   Thumb Code    32  ax_key.o(i.AX_KEY_Init)
    AX_KEY_Scan                              0x08001655   Thumb Code    14  ax_key.o(i.AX_KEY_Scan)
    AX_LED_Init                              0x08001669   Thumb Code    70  ax_led.o(i.AX_LED_Init)
    AX_MOTOR_A_SetSpeed                      0x080016b9   Thumb Code    76  ax_motor.o(i.AX_MOTOR_A_SetSpeed)
    AX_MOTOR_B_SetSpeed                      0x0800170d   Thumb Code    76  ax_motor.o(i.AX_MOTOR_B_SetSpeed)
    AX_MOTOR_Init                            0x08001761   Thumb Code   192  ax_motor.o(i.AX_MOTOR_Init)
    AX_MPU6050_GetAccData                    0x08001829   Thumb Code    64  ax_mpu6050.o(i.AX_MPU6050_GetAccData)
    AX_MPU6050_GetGyroData                   0x08001869   Thumb Code    64  ax_mpu6050.o(i.AX_MPU6050_GetGyroData)
    AX_MPU6050_Init                          0x080018a9   Thumb Code   122  ax_mpu6050.o(i.AX_MPU6050_Init)
    AX_MPU6050_SetAccRange                   0x08001935   Thumb Code    16  ax_mpu6050.o(i.AX_MPU6050_SetAccRange)
    AX_MPU6050_SetDLPF                       0x08001945   Thumb Code    14  ax_mpu6050.o(i.AX_MPU6050_SetDLPF)
    AX_MPU6050_SetGyroRange                  0x08001953   Thumb Code    16  ax_mpu6050.o(i.AX_MPU6050_SetGyroRange)
    AX_MPU6050_SetGyroSmplRate               0x08001963   Thumb Code    42  ax_mpu6050.o(i.AX_MPU6050_SetGyroSmplRate)
    AX_OLED_ClearScreen                      0x0800198d   Thumb Code    56  ax_oled.o(i.AX_OLED_ClearScreen)
    AX_OLED_DispChar                         0x080019c5   Thumb Code   122  ax_oled.o(i.AX_OLED_DispChar)
    AX_OLED_DispNum                          0x08001a45   Thumb Code    36  ax_oled.o(i.AX_OLED_DispNum)
    AX_OLED_DispPicture                      0x08001a69   Thumb Code   148  ax_oled.o(i.AX_OLED_DispPicture)
    AX_OLED_DispStr                          0x08001afd   Thumb Code    64  ax_oled.o(i.AX_OLED_DispStr)
    AX_OLED_DispValue                        0x08001b3d   Thumb Code   484  ax_oled.o(i.AX_OLED_DispValue)
    AX_OLED_Init                             0x08001d35   Thumb Code   372  ax_oled.o(i.AX_OLED_Init)
    AX_PS2_Init                              0x08001eb1   Thumb Code   122  ax_ps2.o(i.AX_PS2_Init)
    AX_PS2_ScanKey                           0x08001f35   Thumb Code    88  ax_ps2.o(i.AX_PS2_ScanKey)
    AX_ROBOT_Kinematics                      0x08001f99   Thumb Code    24  ax_kinematics.o(i.AX_ROBOT_Kinematics)
    AX_SBUS_GetRxData                        0x08001fb9   Thumb Code   194  ax_sbus.o(i.AX_SBUS_GetRxData)
    AX_SERVO_S1234_Init                      0x08002085   Thumb Code   200  ax_servo.o(i.AX_SERVO_S1234_Init)
    AX_SERVO_S1_SetAngle                     0x08002155   Thumb Code    66  ax_servo.o(i.AX_SERVO_S1_SetAngle)
    AX_SERVO_S2_SetAngle                     0x080021a9   Thumb Code    66  ax_servo.o(i.AX_SERVO_S2_SetAngle)
    AX_SERVO_S3_SetAngle                     0x080021fd   Thumb Code    66  ax_servo.o(i.AX_SERVO_S3_SetAngle)
    AX_SPEED_PidCtlA                         0x08002251   Thumb Code   174  ax_speed.o(i.AX_SPEED_PidCtlA)
    AX_SPEED_PidCtlB                         0x08002319   Thumb Code   174  ax_speed.o(i.AX_SPEED_PidCtlB)
    AX_UART1_Init                            0x080023e1   Thumb Code   158  ax_uart1.o(i.AX_UART1_Init)
    AX_UART1_SendPacket                      0x08002489   Thumb Code   134  ax_uart1.o(i.AX_UART1_SendPacket)
    AX_UART2_GetData                         0x08002519   Thumb Code    52  ax_uart2.o(i.AX_UART2_GetData)
    AX_UART2_Init                            0x08002555   Thumb Code   154  ax_uart2.o(i.AX_UART2_Init)
    AX_UART4_SendPacket                      0x080025f9   Thumb Code   134  ax_uart4.o(i.AX_UART4_SendPacket)
    AX_VIN_GetVol_X100                       0x08002689   Thumb Code    76  ax_vin.o(i.AX_VIN_GetVol_X100)
    AX_VIN_Init                              0x080026e5   Thumb Code   144  ax_vin.o(i.AX_VIN_Init)
    BusFault_Handler                         0x0800277d   Thumb Code     4  stm32f10x_it.o(i.BusFault_Handler)
    DebugMon_Handler                         0x08002781   Thumb Code     2  stm32f10x_it.o(i.DebugMon_Handler)
    Disp_Task                                0x08002785   Thumb Code   378  ax_robot.o(i.Disp_Task)
    FSM_A69_ProcessReceivedData              0x08002949   Thumb Code    74  a69.o(i.FSM_A69_ProcessReceivedData)
    FSM_A69_SendDis                          0x08002995   Thumb Code   104  a69.o(i.FSM_A69_SendDis)
    FSM_CTL_NRF                              0x08002a05   Thumb Code   104  ax_control.o(i.FSM_CTL_NRF)
    GPIO_Init                                0x08002a85   Thumb Code   278  stm32f10x_gpio.o(i.GPIO_Init)
    GPIO_PinRemapConfig                      0x08002b9d   Thumb Code   138  stm32f10x_gpio.o(i.GPIO_PinRemapConfig)
    GPIO_ReadInputDataBit                    0x08002c2d   Thumb Code    18  stm32f10x_gpio.o(i.GPIO_ReadInputDataBit)
    GPIO_ResetBits                           0x08002c3f   Thumb Code     4  stm32f10x_gpio.o(i.GPIO_ResetBits)
    GPIO_SetBits                             0x08002c43   Thumb Code     4  stm32f10x_gpio.o(i.GPIO_SetBits)
    GPIO_WriteBit                            0x08002c47   Thumb Code    10  stm32f10x_gpio.o(i.GPIO_WriteBit)
    HardFault_Handler                        0x08002c51   Thumb Code     4  stm32f10x_it.o(i.HardFault_Handler)
    JOINT_Control                            0x08002ed9   Thumb Code   106  ax_robot.o(i.JOINT_Control)
    Key_Task                                 0x08002f49   Thumb Code   120  ax_robot.o(i.Key_Task)
    MPU6050_I2C_Read                         0x08002fc9   Thumb Code   118  ax_mpu6050.o(i.MPU6050_I2C_Read)
    MPU6050_I2C_Write                        0x0800303f   Thumb Code    96  ax_mpu6050.o(i.MPU6050_I2C_Write)
    MemManage_Handler                        0x080030c7   Thumb Code     4  stm32f10x_it.o(i.MemManage_Handler)
    NMI_Handler                              0x080030cb   Thumb Code     2  stm32f10x_it.o(i.NMI_Handler)
    NVIC_Init                                0x080030cd   Thumb Code   100  misc.o(i.NVIC_Init)
    NVIC_PriorityGroupConfig                 0x0800313d   Thumb Code    10  misc.o(i.NVIC_PriorityGroupConfig)
    Ps2_Task                                 0x08003219   Thumb Code    60  ax_robot.o(i.Ps2_Task)
    RCC_ADCCLKConfig                         0x08003265   Thumb Code    18  stm32f10x_rcc.o(i.RCC_ADCCLKConfig)
    RCC_APB1PeriphClockCmd                   0x0800327d   Thumb Code    26  stm32f10x_rcc.o(i.RCC_APB1PeriphClockCmd)
    RCC_APB1PeriphResetCmd                   0x0800329d   Thumb Code    26  stm32f10x_rcc.o(i.RCC_APB1PeriphResetCmd)
    RCC_APB2PeriphClockCmd                   0x080032bd   Thumb Code    26  stm32f10x_rcc.o(i.RCC_APB2PeriphClockCmd)
    RCC_APB2PeriphResetCmd                   0x080032dd   Thumb Code    26  stm32f10x_rcc.o(i.RCC_APB2PeriphResetCmd)
    RCC_GetClocksFreq                        0x080032fd   Thumb Code   192  stm32f10x_rcc.o(i.RCC_GetClocksFreq)
    ROBOT_AKM_Kinematics                     0x080033d1   Thumb Code   864  ax_kinematics.o(i.ROBOT_AKM_Kinematics)
    ROBOT_IMUHandle                          0x08003791   Thumb Code   112  ax_robot.o(i.ROBOT_IMUHandle)
    ROBOT_SendDataToRos                      0x08003811   Thumb Code   166  ax_robot.o(i.ROBOT_SendDataToRos)
    Robot_Task                               0x080038c9   Thumb Code    98  ax_robot.o(i.Robot_Task)
    SPI_Cmd                                  0x0800396d   Thumb Code    24  stm32f10x_spi.o(i.SPI_Cmd)
    SPI_I2S_GetFlagStatus                    0x08003985   Thumb Code    18  stm32f10x_spi.o(i.SPI_I2S_GetFlagStatus)
    SPI_I2S_ReceiveData                      0x08003997   Thumb Code     6  stm32f10x_spi.o(i.SPI_I2S_ReceiveData)
    SPI_I2S_SendData                         0x0800399d   Thumb Code     4  stm32f10x_spi.o(i.SPI_I2S_SendData)
    SPI_Init                                 0x080039a1   Thumb Code    60  stm32f10x_spi.o(i.SPI_Init)
    Start_Task                               0x08003ac5   Thumb Code   540  main.o(i.Start_Task)
    SysTick_CLKSourceConfig                  0x08003e15   Thumb Code    40  misc.o(i.SysTick_CLKSourceConfig)
    SysTick_Handler                          0x08003e3d   Thumb Code    16  stm32f10x_it.o(i.SysTick_Handler)
    SystemInit                               0x08003e4d   Thumb Code    78  system_stm32f10x.o(i.SystemInit)
    TIM_ARRPreloadConfig                     0x080040ed   Thumb Code    24  stm32f10x_tim.o(i.TIM_ARRPreloadConfig)
    TIM_Cmd                                  0x08004105   Thumb Code    24  stm32f10x_tim.o(i.TIM_Cmd)
    TIM_CtrlPWMOutputs                       0x0800411d   Thumb Code    30  stm32f10x_tim.o(i.TIM_CtrlPWMOutputs)
    TIM_DeInit                               0x0800413d   Thumb Code   424  stm32f10x_tim.o(i.TIM_DeInit)
    TIM_EncoderInterfaceConfig               0x08004325   Thumb Code    66  stm32f10x_tim.o(i.TIM_EncoderInterfaceConfig)
    TIM_ICInit                               0x08004369   Thumb Code   150  stm32f10x_tim.o(i.TIM_ICInit)
    TIM_ICStructInit                         0x08004415   Thumb Code    18  stm32f10x_tim.o(i.TIM_ICStructInit)
    TIM_OC1Init                              0x08004429   Thumb Code   132  stm32f10x_tim.o(i.TIM_OC1Init)
    TIM_OC1PreloadConfig                     0x080044c1   Thumb Code    18  stm32f10x_tim.o(i.TIM_OC1PreloadConfig)
    TIM_OC2Init                              0x080044d5   Thumb Code   154  stm32f10x_tim.o(i.TIM_OC2Init)
    TIM_OC2PreloadConfig                     0x08004579   Thumb Code    26  stm32f10x_tim.o(i.TIM_OC2PreloadConfig)
    TIM_OC3Init                              0x08004595   Thumb Code   150  stm32f10x_tim.o(i.TIM_OC3Init)
    TIM_OC3PreloadConfig                     0x08004635   Thumb Code    18  stm32f10x_tim.o(i.TIM_OC3PreloadConfig)
    TIM_OC4Init                              0x08004649   Thumb Code   114  stm32f10x_tim.o(i.TIM_OC4Init)
    TIM_OC4PreloadConfig                     0x080046c5   Thumb Code    26  stm32f10x_tim.o(i.TIM_OC4PreloadConfig)
    TIM_SetCompare1                          0x080046df   Thumb Code     4  stm32f10x_tim.o(i.TIM_SetCompare1)
    TIM_SetCompare2                          0x080046e3   Thumb Code     4  stm32f10x_tim.o(i.TIM_SetCompare2)
    TIM_SetCompare3                          0x080046e7   Thumb Code     4  stm32f10x_tim.o(i.TIM_SetCompare3)
    TIM_SetCompare4                          0x080046eb   Thumb Code     6  stm32f10x_tim.o(i.TIM_SetCompare4)
    TIM_SetIC1Prescaler                      0x080046f1   Thumb Code    18  stm32f10x_tim.o(i.TIM_SetIC1Prescaler)
    TIM_SetIC2Prescaler                      0x08004703   Thumb Code    26  stm32f10x_tim.o(i.TIM_SetIC2Prescaler)
    TIM_SetIC3Prescaler                      0x0800471d   Thumb Code    18  stm32f10x_tim.o(i.TIM_SetIC3Prescaler)
    TIM_SetIC4Prescaler                      0x0800472f   Thumb Code    26  stm32f10x_tim.o(i.TIM_SetIC4Prescaler)
    TIM_TimeBaseInit                         0x08004749   Thumb Code   122  stm32f10x_tim.o(i.TIM_TimeBaseInit)
    TIM_TimeBaseStructInit                   0x080047ed   Thumb Code    18  stm32f10x_tim.o(i.TIM_TimeBaseStructInit)
    Trivia_Task                              0x08004801   Thumb Code   348  ax_robot.o(i.Trivia_Task)
    UART4_IRQHandler                         0x080049a9   Thumb Code  1586  usart4.o(i.UART4_IRQHandler)
    UART5_IRQHandler                         0x08004ffd   Thumb Code   116  a69.o(i.UART5_IRQHandler)
    USART1_IRQHandler                        0x08005095   Thumb Code   310  ax_uart1.o(i.USART1_IRQHandler)
    USART2_IRQHandler                        0x080051ed   Thumb Code   210  ax_uart2.o(i.USART2_IRQHandler)
    USART3_IRQHandler                        0x080052dd   Thumb Code  1586  usart3.o(i.USART3_IRQHandler)
    USART_ClearITPendingBit                  0x08005931   Thumb Code    30  stm32f10x_usart.o(i.USART_ClearITPendingBit)
    USART_Cmd                                0x0800594f   Thumb Code    24  stm32f10x_usart.o(i.USART_Cmd)
    USART_GetFlagStatus                      0x08005967   Thumb Code    26  stm32f10x_usart.o(i.USART_GetFlagStatus)
    USART_GetITStatus                        0x08005981   Thumb Code    84  stm32f10x_usart.o(i.USART_GetITStatus)
    USART_ITConfig                           0x080059d5   Thumb Code    74  stm32f10x_usart.o(i.USART_ITConfig)
    USART_Init                               0x08005a21   Thumb Code   210  stm32f10x_usart.o(i.USART_Init)
    USART_ReceiveData                        0x08005af9   Thumb Code    10  stm32f10x_usart.o(i.USART_ReceiveData)
    USART_SendData                           0x08005b03   Thumb Code     8  stm32f10x_usart.o(i.USART_SendData)
    UsageFault_Handler                       0x08005b0b   Thumb Code     4  stm32f10x_it.o(i.UsageFault_Handler)
    __0printf$8                              0x08005b11   Thumb Code    22  printf8.o(i.__0printf$8)
    __1printf$8                              0x08005b11   Thumb Code     0  printf8.o(i.__0printf$8)
    __2printf                                0x08005b11   Thumb Code     0  printf8.o(i.__0printf$8)
    __ARM_fpclassify                         0x08005b31   Thumb Code    40  fpclassify.o(i.__ARM_fpclassify)
    __ieee754_rem_pio2                       0x08005b59   Thumb Code   828  rred.o(i.__ieee754_rem_pio2)
    __kernel_poly                            0x08005ee1   Thumb Code   170  poly.o(i.__kernel_poly)
    __kernel_tan                             0x08005f8d   Thumb Code   586  tan_i.o(i.__kernel_tan)
    __mathlib_dbl_infnan                     0x08006209   Thumb Code     6  dunder.o(i.__mathlib_dbl_infnan)
    __mathlib_dbl_invalid                    0x0800620f   Thumb Code    12  dunder.o(i.__mathlib_dbl_invalid)
    __mathlib_dbl_underflow                  0x0800621d   Thumb Code    10  dunder.o(i.__mathlib_dbl_underflow)
    __scatterload_copy                       0x0800622d   Thumb Code    14  handlers.o(i.__scatterload_copy)
    __scatterload_null                       0x0800623b   Thumb Code     2  handlers.o(i.__scatterload_null)
    __scatterload_zeroinit                   0x0800623d   Thumb Code    14  handlers.o(i.__scatterload_zeroinit)
    __set_errno                              0x0800624d   Thumb Code     6  errno.o(i.__set_errno)
    atan                                     0x080066bd   Thumb Code   474  atan.o(i.atan)
    data_process3                            0x080068dd   Thumb Code   212  usart3.o(i.data_process3)
    data_process4                            0x080069bd   Thumb Code   206  usart4.o(i.data_process4)
    fputc                                    0x08006a9d   Thumb Code    32  ax_uart1.o(i.fputc)
    main                                     0x08006ac1   Thumb Code   208  main.o(i.main)
    pvPortMalloc                             0x0800769d   Thumb Code   262  heap_4.o(i.pvPortMalloc)
    pvTaskIncrementMutexHeldCount            0x080077ed   Thumb Code    26  tasks.o(i.pvTaskIncrementMutexHeldCount)
    pxPortInitialiseStack                    0x0800780d   Thumb Code    30  port.o(i.pxPortInitialiseStack)
    tan                                      0x08007831   Thumb Code    90  tan.o(i.tan)
    uart3_init                               0x08007895   Thumb Code   158  usart3.o(i.uart3_init)
    uart4_init                               0x0800793d   Thumb Code   158  usart4.o(i.uart4_init)
    uxListRemove                             0x080079e5   Thumb Code    40  list.o(i.uxListRemove)
    vListInitialise                          0x08007a0d   Thumb Code    26  list.o(i.vListInitialise)
    vListInitialiseItem                      0x08007a27   Thumb Code     6  list.o(i.vListInitialiseItem)
    vListInsert                              0x08007a2d   Thumb Code    52  list.o(i.vListInsert)
    vListInsertEnd                           0x08007a61   Thumb Code    24  list.o(i.vListInsertEnd)
    vPortEnterCritical                       0x08007a79   Thumb Code    68  port.o(i.vPortEnterCritical)
    vPortExitCritical                        0x08007afd   Thumb Code    48  port.o(i.vPortExitCritical)
    vPortFree                                0x08007b69   Thumb Code   120  heap_4.o(i.vPortFree)
    vPortSetupTimerInterrupt                 0x08007c1d   Thumb Code    26  port.o(i.vPortSetupTimerInterrupt)
    vPortValidateInterruptPriority           0x08007c3d   Thumb Code    86  port.o(i.vPortValidateInterruptPriority)
    vQueueAddToRegistry                      0x08007cd9   Thumb Code    38  queue.o(i.vQueueAddToRegistry)
    vQueueWaitForMessageRestricted           0x08007d05   Thumb Code    74  queue.o(i.vQueueWaitForMessageRestricted)
    vTaskDelay                               0x08007d51   Thumb Code    72  tasks.o(i.vTaskDelay)
    vTaskDelayUntil                          0x08007dc9   Thumb Code   170  tasks.o(i.vTaskDelayUntil)
    vTaskDelete                              0x08007ea9   Thumb Code   192  tasks.o(i.vTaskDelete)
    vTaskMissedYield                         0x08007fb9   Thumb Code     8  tasks.o(i.vTaskMissedYield)
    vTaskPlaceOnEventList                    0x08007fc5   Thumb Code    42  tasks.o(i.vTaskPlaceOnEventList)
    vTaskPlaceOnEventListRestricted          0x0800801d   Thumb Code    50  tasks.o(i.vTaskPlaceOnEventListRestricted)
    vTaskPriorityInherit                     0x0800807d   Thumb Code   164  tasks.o(i.vTaskPriorityInherit)
    vTaskSetTimeOutState                     0x0800812d   Thumb Code    32  tasks.o(i.vTaskSetTimeOutState)
    vTaskStartScheduler                      0x0800817d   Thumb Code   108  tasks.o(i.vTaskStartScheduler)
    vTaskSuspend                             0x0800822d   Thumb Code   186  tasks.o(i.vTaskSuspend)
    vTaskSuspendAll                          0x08008331   Thumb Code    12  tasks.o(i.vTaskSuspendAll)
    vTaskSwitchContext                       0x08008341   Thumb Code   110  tasks.o(i.vTaskSwitchContext)
    xPortStartScheduler                      0x080083ed   Thumb Code   140  port.o(i.xPortStartScheduler)
    xPortSysTickHandler                      0x0800848d   Thumb Code    46  port.o(i.xPortSysTickHandler)
    xQueueGenericCreate                      0x080084c1   Thumb Code    78  queue.o(i.xQueueGenericCreate)
    xQueueGenericReceive                     0x08008539   Thumb Code   416  queue.o(i.xQueueGenericReceive)
    xQueueGenericReset                       0x08008705   Thumb Code   136  queue.o(i.xQueueGenericReset)
    xQueueGenericSend                        0x080087b9   Thumb Code   412  queue.o(i.xQueueGenericSend)
    xQueueGenericSendFromISR                 0x08008981   Thumb Code   234  queue.o(i.xQueueGenericSendFromISR)
    xTaskCheckForTimeOut                     0x08008a95   Thumb Code   116  tasks.o(i.xTaskCheckForTimeOut)
    xTaskCreate                              0x08008b39   Thumb Code    96  tasks.o(i.xTaskCreate)
    xTaskGetSchedulerState                   0x08008b99   Thumb Code    24  tasks.o(i.xTaskGetSchedulerState)
    xTaskGetTickCount                        0x08008bb9   Thumb Code     6  tasks.o(i.xTaskGetTickCount)
    xTaskIncrementTick                       0x08008bc5   Thumb Code   272  tasks.o(i.xTaskIncrementTick)
    xTaskPriorityDisinherit                  0x08008d29   Thumb Code   168  tasks.o(i.xTaskPriorityDisinherit)
    xTaskRemoveFromEventList                 0x08008e05   Thumb Code   118  tasks.o(i.xTaskRemoveFromEventList)
    xTaskResumeAll                           0x08008ebd   Thumb Code   214  tasks.o(i.xTaskResumeAll)
    xTimerCreateTimerTask                    0x08008fe1   Thumb Code    56  timers.o(i.xTimerCreateTimerTask)
    xTimerGenericCommand                     0x08009059   Thumb Code   118  timers.o(i.xTimerGenericCommand)
    PIC64X128_XTARK                          0x08009100   Data        1024  main.o(.constdata)
    ASCII8X16                                0x08009500   Data        1520  ax_oled.o(.constdata)
    ASCII6X8                                 0x08009af0   Data         552  ax_oled.o(.constdata)
    PS2_cmnd                                 0x08009d18   Data           9  ax_ps2.o(.constdata)
    Region$$Table$$Base                      0x08009ee8   Number         0  anon$$obj.o(Region$$Table)
    Region$$Table$$Limit                     0x08009f08   Number         0  anon$$obj.o(Region$$Table)
    StartTask_Handler                        0x20000000   Data           4  main.o(.data)
    Robot_Task_Handle                        0x20000004   Data           4  main.o(.data)
    Key_Task_Handle                          0x20000008   Data           4  main.o(.data)
    Disp_Task_Handle                         0x2000000c   Data           4  main.o(.data)
    Trivia_Task_Handle                       0x20000010   Data           4  main.o(.data)
    Ps2_Task_Handle                          0x20000014   Data           4  main.o(.data)
    Nrf_Task_Handle                          0x20000018   Data           4  main.o(.data)
    A69_Task_Handle                          0x2000001c   Data           4  main.o(.data)
    distance_2                               0x20000020   Data           2  main.o(.data)
    distance_3                               0x20000022   Data           2  main.o(.data)
    receive_cnt3                             0x20000024   Data           2  main.o(.data)
    receive_cnt4                             0x20000026   Data           2  main.o(.data)
    confidence                               0x20000028   Data           1  main.o(.data)
    count                                    0x20000029   Data           1  main.o(.data)
    distance                                 0x2000002a   Data           2  main.o(.data)
    noise                                    0x2000002c   Data           2  main.o(.data)
    reftof                                   0x2000002e   Data           2  main.o(.data)
    peak                                     0x20000030   Data           4  main.o(.data)
    intg                                     0x20000034   Data           4  main.o(.data)
    dis                                      0x20000038   Data           1  main.o(.data)
    Send_Flag                                0x20000039   Data           1  main.o(.data)
    a69_flag                                 0x2000003a   Data           1  main.o(.data)
    SystemCoreClock                          0x2000003c   Data           4  system_stm32f10x.o(.data)
    AHBPrescTable                            0x20000040   Data          16  system_stm32f10x.o(.data)
    R_Light                                  0x20000050   Data           6  ax_robot.o(.data)
    R_Bat_Vol                                0x20000056   Data           2  ax_robot.o(.data)
    ax_imu_acc_data                          0x20000058   Data           6  ax_robot.o(.data)
    ax_imu_gyro_data                         0x2000005e   Data           6  ax_robot.o(.data)
    ax_imu_gyro_offset                       0x20000064   Data           6  ax_robot.o(.data)
    ax_motor_kp                              0x2000006a   Data           2  ax_robot.o(.data)
    ax_motor_kd                              0x2000006c   Data           2  ax_robot.o(.data)
    ax_robot_move_enable                     0x2000006e   Data           1  ax_robot.o(.data)
    ax_light_enable                          0x2000006f   Data           1  ax_robot.o(.data)
    ax_beep_ring                             0x20000070   Data           1  ax_robot.o(.data)
    my_joystick                              0x20000071   Data           7  ax_robot.o(.data)
    nrt_ctl_info                             0x20000078   Data           5  ax_robot.o(.data)
    ax_control_mode                          0x2000007d   Data           1  ax_robot.o(.data)
    ax_akm_angle                             0x2000007e   Data           2  ax_robot.o(.data)
    ax_joint_angle                           0x20000080   Data           4  ax_robot.o(.data)
    pxCurrentTCB                             0x200000fc   Data           4  tasks.o(.data)
    __stdout                                 0x20000184   Data           4  stdout.o(.data)
    R_Vel                                    0x20000190   Data          36  ax_robot.o(.bss)
    R_Wheel_A                                0x200001b8   Data          16  ax_robot.o(.bss)
    R_Wheel_B                                0x200001c8   Data          16  ax_robot.o(.bss)
    R_Imu                                    0x200001d8   Data          12  ax_robot.o(.bss)
    Pack_Data                                0x200003bc   Data         240  usart3.o(.bss)
    Pack_sum                                 0x200004ac   Data          20  usart3.o(.bss)
    Pack_Data4                               0x200004c0   Data         240  usart4.o(.bss)
    Pack_sum4                                0x200005b0   Data          20  usart4.o(.bss)
    xQueueRegistry                           0x200005c4   Data          64  queue.o(.bss)
    __initial_sp                             0x20005d10   Data           0  startup_stm32f10x_hd.o(STACK)



==============================================================================

Memory Map of the image

  Image Entry point : 0x08000131

  Load Region LR_IROM1 (Base: 0x08000000, Size: 0x0000a094, Max: 0x00040000, ABSOLUTE, COMPRESSED[0x00009f44])

    Execution Region ER_IROM1 (Base: 0x08000000, Size: 0x00009f08, Max: 0x00040000, ABSOLUTE)

    Base Addr    Size         Type   Attr      Idx    E Section Name        Object

    0x08000000   0x00000130   Data   RO         5350    RESET               startup_stm32f10x_hd.o
    0x08000130   0x00000000   Code   RO         5373  * .ARM.Collect$$$$00000000  mc_w.l(entry.o)
    0x08000130   0x00000004   Code   RO         5704    .ARM.Collect$$$$00000001  mc_w.l(entry2.o)
    0x08000134   0x00000004   Code   RO         5707    .ARM.Collect$$$$00000004  mc_w.l(entry5.o)
    0x08000138   0x00000000   Code   RO         5709    .ARM.Collect$$$$00000008  mc_w.l(entry7b.o)
    0x08000138   0x00000000   Code   RO         5711    .ARM.Collect$$$$0000000A  mc_w.l(entry8b.o)
    0x08000138   0x00000008   Code   RO         5712    .ARM.Collect$$$$0000000B  mc_w.l(entry9a.o)
    0x08000140   0x00000000   Code   RO         5714    .ARM.Collect$$$$0000000D  mc_w.l(entry10a.o)
    0x08000140   0x00000000   Code   RO         5716    .ARM.Collect$$$$0000000F  mc_w.l(entry11a.o)
    0x08000140   0x00000004   Code   RO         5705    .ARM.Collect$$$$00002712  mc_w.l(entry2.o)
    0x08000144   0x00000096   Code   RO         2293    .emb_text           port.o
    0x080001da   0x00000002   PAD
    0x080001dc   0x00000024   Code   RO         5351    .text               startup_stm32f10x_hd.o
    0x08000200   0x00000024   Code   RO         5376    .text               mc_w.l(memcpya.o)
    0x08000224   0x000000b0   Code   RO         5641    .text               mf_w.l(fadd.o)
    0x080002d4   0x00000064   Code   RO         5643    .text               mf_w.l(fmul.o)
    0x08000338   0x0000007c   Code   RO         5645    .text               mf_w.l(fdiv.o)
    0x080003b4   0x0000014e   Code   RO         5647    .text               mf_w.l(dadd.o)
    0x08000502   0x000000e4   Code   RO         5649    .text               mf_w.l(dmul.o)
    0x080005e6   0x000000de   Code   RO         5651    .text               mf_w.l(ddiv.o)
    0x080006c4   0x00000012   Code   RO         5653    .text               mf_w.l(fflti.o)
    0x080006d6   0x00000022   Code   RO         5655    .text               mf_w.l(dflti.o)
    0x080006f8   0x0000001a   Code   RO         5657    .text               mf_w.l(dfltui.o)
    0x08000712   0x00000032   Code   RO         5659    .text               mf_w.l(ffixi.o)
    0x08000744   0x00000028   Code   RO         5661    .text               mf_w.l(ffixui.o)
    0x0800076c   0x0000003e   Code   RO         5663    .text               mf_w.l(dfixi.o)
    0x080007aa   0x00000032   Code   RO         5665    .text               mf_w.l(dfixui.o)
    0x080007dc   0x00000026   Code   RO         5667    .text               mf_w.l(f2d.o)
    0x08000802   0x00000038   Code   RO         5669    .text               mf_w.l(d2f.o)
    0x0800083a   0x00000002   PAD
    0x0800083c   0x00000014   Code   RO         5671    .text               mf_w.l(cfcmple.o)
    0x08000850   0x00000014   Code   RO         5673    .text               mf_w.l(cfrcmple.o)
    0x08000864   0x00000062   Code   RO         5721    .text               mc_w.l(uldiv.o)
    0x080008c6   0x0000001e   Code   RO         5723    .text               mc_w.l(llshl.o)
    0x080008e4   0x00000020   Code   RO         5725    .text               mc_w.l(llushr.o)
    0x08000904   0x00000024   Code   RO         5727    .text               mc_w.l(llsshr.o)
    0x08000928   0x00000000   Code   RO         5736    .text               mc_w.l(iusefp.o)
    0x08000928   0x0000006e   Code   RO         5737    .text               mf_w.l(fepilogue.o)
    0x08000996   0x000000ba   Code   RO         5739    .text               mf_w.l(depilogue.o)
    0x08000a50   0x0000002e   Code   RO         5741    .text               mf_w.l(dscalb.o)
    0x08000a7e   0x00000002   PAD
    0x08000a80   0x00000024   Code   RO         5747    .text               mc_w.l(init.o)
    0x08000aa4   0x0000003a   Code   RO         5757    .text               mc_w.l(__dczerorl.o)
    0x08000ade   0x00000002   PAD
    0x08000ae0   0x0000001c   Code   RO         1303    i.A69_DataAvailable  a69.o
    0x08000afc   0x00000078   Code   RO         1304    i.A69_GPIO_Config   a69.o
    0x08000b74   0x0000000c   Code   RO         1305    i.A69_Init          a69.o
    0x08000b80   0x000000a0   Code   RO         1306    i.A69_ReceiveData   a69.o
    0x08000c20   0x00000030   Code   RO         1307    i.A69_SendData      a69.o
    0x08000c50   0x0000005c   Code   RO          419    i.A69_Task          ax_robot.o
    0x08000cac   0x0000006c   Code   RO         1309    i.A69_UART_Config   a69.o
    0x08000d18   0x00000016   Code   RO         2413    i.ADC_Cmd           stm32f10x_adc.o
    0x08000d2e   0x00000014   Code   RO         2421    i.ADC_GetCalibrationStatus  stm32f10x_adc.o
    0x08000d42   0x00000008   Code   RO         2422    i.ADC_GetConversionValue  stm32f10x_adc.o
    0x08000d4a   0x00000012   Code   RO         2424    i.ADC_GetFlagStatus  stm32f10x_adc.o
    0x08000d5c   0x00000014   Code   RO         2427    i.ADC_GetResetCalibrationStatus  stm32f10x_adc.o
    0x08000d70   0x00000050   Code   RO         2431    i.ADC_Init          stm32f10x_adc.o
    0x08000dc0   0x000000b8   Code   RO         2435    i.ADC_RegularChannelConfig  stm32f10x_adc.o
    0x08000e78   0x0000000a   Code   RO         2436    i.ADC_ResetCalibration  stm32f10x_adc.o
    0x08000e82   0x00000016   Code   RO         2438    i.ADC_SoftwareStartConvCmd  stm32f10x_adc.o
    0x08000e98   0x0000000a   Code   RO         2440    i.ADC_StartCalibration  stm32f10x_adc.o
    0x08000ea2   0x00000002   PAD
    0x08000ea4   0x000000a0   Code   RO          557    i.AX_AKM_WToAngle   ax_akm.o
    0x08000f44   0x00000038   Code   RO          607    i.AX_BEEP_Init      ax_beep.o
    0x08000f7c   0x00000168   Code   RO          525    i.AX_CTL_App        ax_control.o
    0x080010e4   0x00000214   Code   RO          526    i.AX_CTL_Ps2        ax_control.o
    0x080012f8   0x000000d4   Code   RO          527    i.AX_CTL_RemoteSbus  ax_control.o
    0x080013cc   0x00000050   Code   RO          569    i.AX_DELAY_Init     ax_delay.o
    0x0800141c   0x00000012   Code   RO          570    i.AX_Delayms        ax_delay.o
    0x0800142e   0x00000002   PAD
    0x08001430   0x00000048   Code   RO          571    i.AX_Delayus        ax_delay.o
    0x08001478   0x00000008   Code   RO          691    i.AX_ENCODER_A_GetCounter  ax_encoder.o
    0x08001480   0x000000bc   Code   RO          692    i.AX_ENCODER_A_Init  ax_encoder.o
    0x0800153c   0x00000008   Code   RO          693    i.AX_ENCODER_A_SetCounter  ax_encoder.o
    0x08001544   0x0000000c   Code   RO          694    i.AX_ENCODER_B_GetCounter  ax_encoder.o
    0x08001550   0x000000a4   Code   RO          695    i.AX_ENCODER_B_Init  ax_encoder.o
    0x080015f4   0x0000000c   Code   RO          696    i.AX_ENCODER_B_SetCounter  ax_encoder.o
    0x08001600   0x00000030   Code   RO          637    i.AX_JTAG_Set       ax_sys.o
    0x08001630   0x00000024   Code   RO          619    i.AX_KEY_Init       ax_key.o
    0x08001654   0x00000014   Code   RO          620    i.AX_KEY_Scan       ax_key.o
    0x08001668   0x00000050   Code   RO          595    i.AX_LED_Init       ax_led.o
    0x080016b8   0x00000054   Code   RO          667    i.AX_MOTOR_A_SetSpeed  ax_motor.o
    0x0800170c   0x00000054   Code   RO          668    i.AX_MOTOR_B_SetSpeed  ax_motor.o
    0x08001760   0x000000c8   Code   RO          669    i.AX_MOTOR_Init     ax_motor.o
    0x08001828   0x00000040   Code   RO          787    i.AX_MPU6050_GetAccData  ax_mpu6050.o
    0x08001868   0x00000040   Code   RO          788    i.AX_MPU6050_GetGyroData  ax_mpu6050.o
    0x080018a8   0x0000008c   Code   RO          790    i.AX_MPU6050_Init   ax_mpu6050.o
    0x08001934   0x00000010   Code   RO          791    i.AX_MPU6050_SetAccRange  ax_mpu6050.o
    0x08001944   0x0000000e   Code   RO          792    i.AX_MPU6050_SetDLPF  ax_mpu6050.o
    0x08001952   0x00000010   Code   RO          793    i.AX_MPU6050_SetGyroRange  ax_mpu6050.o
    0x08001962   0x0000002a   Code   RO          794    i.AX_MPU6050_SetGyroSmplRate  ax_mpu6050.o
    0x0800198c   0x00000038   Code   RO          898    i.AX_OLED_ClearScreen  ax_oled.o
    0x080019c4   0x00000080   Code   RO          903    i.AX_OLED_DispChar  ax_oled.o
    0x08001a44   0x00000024   Code   RO          905    i.AX_OLED_DispNum   ax_oled.o
    0x08001a68   0x00000094   Code   RO          906    i.AX_OLED_DispPicture  ax_oled.o
    0x08001afc   0x00000040   Code   RO          907    i.AX_OLED_DispStr   ax_oled.o
    0x08001b3c   0x000001f8   Code   RO          908    i.AX_OLED_DispValue  ax_oled.o
    0x08001d34   0x0000017c   Code   RO          909    i.AX_OLED_Init      ax_oled.o
    0x08001eb0   0x00000084   Code   RO         1161    i.AX_PS2_Init       ax_ps2.o
    0x08001f34   0x00000064   Code   RO         1162    i.AX_PS2_ScanKey    ax_ps2.o
    0x08001f98   0x00000020   Code   RO          335    i.AX_ROBOT_Kinematics  ax_kinematics.o
    0x08001fb8   0x000000cc   Code   RO         1140    i.AX_SBUS_GetRxData  ax_sbus.o
    0x08002084   0x000000d0   Code   RO          733    i.AX_SERVO_S1234_Init  ax_servo.o
    0x08002154   0x00000054   Code   RO          734    i.AX_SERVO_S1_SetAngle  ax_servo.o
    0x080021a8   0x00000054   Code   RO          735    i.AX_SERVO_S2_SetAngle  ax_servo.o
    0x080021fc   0x00000054   Code   RO          736    i.AX_SERVO_S3_SetAngle  ax_servo.o
    0x08002250   0x000000c8   Code   RO          506    i.AX_SPEED_PidCtlA  ax_speed.o
    0x08002318   0x000000c8   Code   RO          507    i.AX_SPEED_PidCtlB  ax_speed.o
    0x080023e0   0x000000a8   Code   RO         1002    i.AX_UART1_Init     ax_uart1.o
    0x08002488   0x00000090   Code   RO         1003    i.AX_UART1_SendPacket  ax_uart1.o
    0x08002518   0x0000003c   Code   RO         1041    i.AX_UART2_GetData  ax_uart2.o
    0x08002554   0x000000a4   Code   RO         1042    i.AX_UART2_Init     ax_uart2.o
    0x080025f8   0x00000090   Code   RO         1076    i.AX_UART4_SendPacket  ax_uart4.o
    0x08002688   0x0000005c   Code   RO          649    i.AX_VIN_GetVol_X100  ax_vin.o
    0x080026e4   0x00000098   Code   RO          650    i.AX_VIN_Init       ax_vin.o
    0x0800277c   0x00000004   Code   RO          240    i.BusFault_Handler  stm32f10x_it.o
    0x08002780   0x00000002   Code   RO          241    i.DebugMon_Handler  stm32f10x_it.o
    0x08002782   0x00000002   PAD
    0x08002784   0x000001c4   Code   RO          420    i.Disp_Task         ax_robot.o
    0x08002948   0x0000004a   Code   RO         1310    i.FSM_A69_ProcessReceivedData  a69.o
    0x08002992   0x00000002   PAD
    0x08002994   0x00000070   Code   RO         1311    i.FSM_A69_SendDis   a69.o
    0x08002a04   0x00000080   Code   RO          528    i.FSM_CTL_NRF       ax_control.o
    0x08002a84   0x00000116   Code   RO         3522    i.GPIO_Init         stm32f10x_gpio.o
    0x08002b9a   0x00000002   PAD
    0x08002b9c   0x00000090   Code   RO         3524    i.GPIO_PinRemapConfig  stm32f10x_gpio.o
    0x08002c2c   0x00000012   Code   RO         3526    i.GPIO_ReadInputDataBit  stm32f10x_gpio.o
    0x08002c3e   0x00000004   Code   RO         3529    i.GPIO_ResetBits    stm32f10x_gpio.o
    0x08002c42   0x00000004   Code   RO         3530    i.GPIO_SetBits      stm32f10x_gpio.o
    0x08002c46   0x0000000a   Code   RO         3533    i.GPIO_WriteBit     stm32f10x_gpio.o
    0x08002c50   0x00000004   Code   RO          242    i.HardFault_Handler  stm32f10x_it.o
    0x08002c54   0x0000004c   Code   RO          795    i.IIC_Ack           ax_mpu6050.o
    0x08002ca0   0x0000004c   Code   RO          796    i.IIC_NAck          ax_mpu6050.o
    0x08002cec   0x00000070   Code   RO          797    i.IIC_Read_Byte     ax_mpu6050.o
    0x08002d5c   0x00000064   Code   RO          798    i.IIC_Send_Byte     ax_mpu6050.o
    0x08002dc0   0x00000068   Code   RO          799    i.IIC_Start         ax_mpu6050.o
    0x08002e28   0x00000048   Code   RO          800    i.IIC_Stop          ax_mpu6050.o
    0x08002e70   0x00000068   Code   RO          801    i.IIC_Wait_Ack      ax_mpu6050.o
    0x08002ed8   0x00000070   Code   RO          421    i.JOINT_Control     ax_robot.o
    0x08002f48   0x00000080   Code   RO          422    i.Key_Task          ax_robot.o
    0x08002fc8   0x00000076   Code   RO          802    i.MPU6050_I2C_Read  ax_mpu6050.o
    0x0800303e   0x00000060   Code   RO          803    i.MPU6050_I2C_Write  ax_mpu6050.o
    0x0800309e   0x00000016   Code   RO          804    i.MPU6050_ReadRegister  ax_mpu6050.o
    0x080030b4   0x00000012   Code   RO          805    i.MPU6050_WriteRegister  ax_mpu6050.o
    0x080030c6   0x00000004   Code   RO          243    i.MemManage_Handler  stm32f10x_it.o
    0x080030ca   0x00000002   Code   RO          244    i.NMI_Handler       stm32f10x_it.o
    0x080030cc   0x00000070   Code   RO         2371    i.NVIC_Init         misc.o
    0x0800313c   0x00000014   Code   RO         2372    i.NVIC_PriorityGroupConfig  misc.o
    0x08003150   0x00000028   Code   RO          910    i.OLED_Set_Pos      ax_oled.o
    0x08003178   0x00000020   Code   RO          911    i.OLED_WriteCmd     ax_oled.o
    0x08003198   0x0000000c   Code   RO          912    i.OLED_WriteData    ax_oled.o
    0x080031a4   0x00000074   Code   RO         1163    i.PS2_ReadWriteData  ax_ps2.o
    0x08003218   0x0000004c   Code   RO          425    i.Ps2_Task          ax_robot.o
    0x08003264   0x00000018   Code   RO         3936    i.RCC_ADCCLKConfig  stm32f10x_rcc.o
    0x0800327c   0x00000020   Code   RO         3938    i.RCC_APB1PeriphClockCmd  stm32f10x_rcc.o
    0x0800329c   0x00000020   Code   RO         3939    i.RCC_APB1PeriphResetCmd  stm32f10x_rcc.o
    0x080032bc   0x00000020   Code   RO         3940    i.RCC_APB2PeriphClockCmd  stm32f10x_rcc.o
    0x080032dc   0x00000020   Code   RO         3941    i.RCC_APB2PeriphResetCmd  stm32f10x_rcc.o
    0x080032fc   0x000000d4   Code   RO         3948    i.RCC_GetClocksFreq  stm32f10x_rcc.o
    0x080033d0   0x000003c0   Code   RO          336    i.ROBOT_AKM_Kinematics  ax_kinematics.o
    0x08003790   0x00000080   Code   RO          426    i.ROBOT_IMUHandle   ax_robot.o
    0x08003810   0x000000b8   Code   RO          427    i.ROBOT_SendDataToRos  ax_robot.o
    0x080038c8   0x0000006c   Code   RO          428    i.Robot_Task        ax_robot.o
    0x08003934   0x00000038   Code   RO          913    i.SPI1_Send_Byte    ax_oled.o
    0x0800396c   0x00000018   Code   RO         4417    i.SPI_Cmd           stm32f10x_spi.o
    0x08003984   0x00000012   Code   RO         4425    i.SPI_I2S_GetFlagStatus  stm32f10x_spi.o
    0x08003996   0x00000006   Code   RO         4428    i.SPI_I2S_ReceiveData  stm32f10x_spi.o
    0x0800399c   0x00000004   Code   RO         4429    i.SPI_I2S_SendData  stm32f10x_spi.o
    0x080039a0   0x0000003c   Code   RO         4430    i.SPI_Init          stm32f10x_spi.o
    0x080039dc   0x00000008   Code   RO          301    i.SetSysClock       system_stm32f10x.o
    0x080039e4   0x000000e0   Code   RO          302    i.SetSysClockTo72   system_stm32f10x.o
    0x08003ac4   0x00000350   Code   RO            1    i.Start_Task        main.o
    0x08003e14   0x00000028   Code   RO         2375    i.SysTick_CLKSourceConfig  misc.o
    0x08003e3c   0x00000010   Code   RO          245    i.SysTick_Handler   stm32f10x_it.o
    0x08003e4c   0x00000060   Code   RO          304    i.SystemInit        system_stm32f10x.o
    0x08003eac   0x00000080   Code   RO         4556    i.TI1_Config        stm32f10x_tim.o
    0x08003f2c   0x00000098   Code   RO         4557    i.TI2_Config        stm32f10x_tim.o
    0x08003fc4   0x00000090   Code   RO         4558    i.TI3_Config        stm32f10x_tim.o
    0x08004054   0x00000098   Code   RO         4559    i.TI4_Config        stm32f10x_tim.o
    0x080040ec   0x00000018   Code   RO         4560    i.TIM_ARRPreloadConfig  stm32f10x_tim.o
    0x08004104   0x00000018   Code   RO         4572    i.TIM_Cmd           stm32f10x_tim.o
    0x0800411c   0x0000001e   Code   RO         4574    i.TIM_CtrlPWMOutputs  stm32f10x_tim.o
    0x0800413a   0x00000002   PAD
    0x0800413c   0x000001e8   Code   RO         4577    i.TIM_DeInit        stm32f10x_tim.o
    0x08004324   0x00000042   Code   RO         4581    i.TIM_EncoderInterfaceConfig  stm32f10x_tim.o
    0x08004366   0x00000002   PAD
    0x08004368   0x000000ac   Code   RO         4595    i.TIM_ICInit        stm32f10x_tim.o
    0x08004414   0x00000012   Code   RO         4596    i.TIM_ICStructInit  stm32f10x_tim.o
    0x08004426   0x00000002   PAD
    0x08004428   0x00000098   Code   RO         4601    i.TIM_OC1Init       stm32f10x_tim.o
    0x080044c0   0x00000012   Code   RO         4604    i.TIM_OC1PreloadConfig  stm32f10x_tim.o
    0x080044d2   0x00000002   PAD
    0x080044d4   0x000000a4   Code   RO         4606    i.TIM_OC2Init       stm32f10x_tim.o
    0x08004578   0x0000001a   Code   RO         4609    i.TIM_OC2PreloadConfig  stm32f10x_tim.o
    0x08004592   0x00000002   PAD
    0x08004594   0x000000a0   Code   RO         4611    i.TIM_OC3Init       stm32f10x_tim.o
    0x08004634   0x00000012   Code   RO         4614    i.TIM_OC3PreloadConfig  stm32f10x_tim.o
    0x08004646   0x00000002   PAD
    0x08004648   0x0000007c   Code   RO         4616    i.TIM_OC4Init       stm32f10x_tim.o
    0x080046c4   0x0000001a   Code   RO         4618    i.TIM_OC4PreloadConfig  stm32f10x_tim.o
    0x080046de   0x00000004   Code   RO         4633    i.TIM_SetCompare1   stm32f10x_tim.o
    0x080046e2   0x00000004   Code   RO         4634    i.TIM_SetCompare2   stm32f10x_tim.o
    0x080046e6   0x00000004   Code   RO         4635    i.TIM_SetCompare3   stm32f10x_tim.o
    0x080046ea   0x00000006   Code   RO         4636    i.TIM_SetCompare4   stm32f10x_tim.o
    0x080046f0   0x00000012   Code   RO         4638    i.TIM_SetIC1Prescaler  stm32f10x_tim.o
    0x08004702   0x0000001a   Code   RO         4639    i.TIM_SetIC2Prescaler  stm32f10x_tim.o
    0x0800471c   0x00000012   Code   RO         4640    i.TIM_SetIC3Prescaler  stm32f10x_tim.o
    0x0800472e   0x0000001a   Code   RO         4641    i.TIM_SetIC4Prescaler  stm32f10x_tim.o
    0x08004748   0x000000a4   Code   RO         4643    i.TIM_TimeBaseInit  stm32f10x_tim.o
    0x080047ec   0x00000012   Code   RO         4644    i.TIM_TimeBaseStructInit  stm32f10x_tim.o
    0x080047fe   0x00000002   PAD
    0x08004800   0x000001a8   Code   RO          429    i.Trivia_Task       ax_robot.o
    0x080049a8   0x00000654   Code   RO         1409    i.UART4_IRQHandler  usart4.o
    0x08004ffc   0x00000098   Code   RO         1312    i.UART5_IRQHandler  a69.o
    0x08005094   0x00000158   Code   RO         1004    i.USART1_IRQHandler  ax_uart1.o
    0x080051ec   0x000000f0   Code   RO         1044    i.USART2_IRQHandler  ax_uart2.o
    0x080052dc   0x00000654   Code   RO         1371    i.USART3_IRQHandler  usart3.o
    0x08005930   0x0000001e   Code   RO         5105    i.USART_ClearITPendingBit  stm32f10x_usart.o
    0x0800594e   0x00000018   Code   RO         5108    i.USART_Cmd         stm32f10x_usart.o
    0x08005966   0x0000001a   Code   RO         5111    i.USART_GetFlagStatus  stm32f10x_usart.o
    0x08005980   0x00000054   Code   RO         5112    i.USART_GetITStatus  stm32f10x_usart.o
    0x080059d4   0x0000004a   Code   RO         5114    i.USART_ITConfig    stm32f10x_usart.o
    0x08005a1e   0x00000002   PAD
    0x08005a20   0x000000d8   Code   RO         5115    i.USART_Init        stm32f10x_usart.o
    0x08005af8   0x0000000a   Code   RO         5122    i.USART_ReceiveData  stm32f10x_usart.o
    0x08005b02   0x00000008   Code   RO         5125    i.USART_SendData    stm32f10x_usart.o
    0x08005b0a   0x00000004   Code   RO          246    i.UsageFault_Handler  stm32f10x_it.o
    0x08005b0e   0x00000002   PAD
    0x08005b10   0x00000020   Code   RO         5587    i.__0printf$8       mc_w.l(printf8.o)
    0x08005b30   0x00000028   Code   RO         5689    i.__ARM_fpclassify  m_ws.l(fpclassify.o)
    0x08005b58   0x00000388   Code   RO         5693    i.__ieee754_rem_pio2  m_ws.l(rred.o)
    0x08005ee0   0x000000aa   Code   RO         5691    i.__kernel_poly     m_ws.l(poly.o)
    0x08005f8a   0x00000002   PAD
    0x08005f8c   0x0000027c   Code   RO         5698    i.__kernel_tan      m_ws.l(tan_i.o)
    0x08006208   0x00000006   Code   RO         5676    i.__mathlib_dbl_infnan  m_ws.l(dunder.o)
    0x0800620e   0x0000000c   Code   RO         5678    i.__mathlib_dbl_invalid  m_ws.l(dunder.o)
    0x0800621a   0x00000002   PAD
    0x0800621c   0x00000010   Code   RO         5681    i.__mathlib_dbl_underflow  m_ws.l(dunder.o)
    0x0800622c   0x0000000e   Code   RO         5751    i.__scatterload_copy  mc_w.l(handlers.o)
    0x0800623a   0x00000002   Code   RO         5752    i.__scatterload_null  mc_w.l(handlers.o)
    0x0800623c   0x0000000e   Code   RO         5753    i.__scatterload_zeroinit  mc_w.l(handlers.o)
    0x0800624a   0x00000002   PAD
    0x0800624c   0x0000000c   Code   RO         5731    i.__set_errno       mc_w.l(errno.o)
    0x08006258   0x00000410   Code   RO         5594    i._printf_core      mc_w.l(printf8.o)
    0x08006668   0x00000024   Code   RO         5595    i._printf_post_padding  mc_w.l(printf8.o)
    0x0800668c   0x0000002e   Code   RO         5596    i._printf_pre_padding  mc_w.l(printf8.o)
    0x080066ba   0x00000002   PAD
    0x080066bc   0x00000220   Code   RO         5356    i.atan              m_ws.l(atan.o)
    0x080068dc   0x000000e0   Code   RO         1372    i.data_process3     usart3.o
    0x080069bc   0x000000e0   Code   RO         1410    i.data_process4     usart4.o
    0x08006a9c   0x00000024   Code   RO         1006    i.fputc             ax_uart1.o
    0x08006ac0   0x000000ec   Code   RO            2    i.main              main.o
    0x08006bac   0x00000098   Code   RO         1799    i.prvAddCurrentTaskToDelayedList  tasks.o
    0x08006c44   0x000000b4   Code   RO         1800    i.prvAddNewTaskToReadyList  tasks.o
    0x08006cf8   0x00000064   Code   RO         2114    i.prvCheckForValidListAndQueue  timers.o
    0x08006d5c   0x00000064   Code   RO         1801    i.prvCheckTasksWaitingTermination  tasks.o
    0x08006dc0   0x0000002a   Code   RO         1584    i.prvCopyDataFromQueue  queue.o
    0x08006dea   0x0000007c   Code   RO         1585    i.prvCopyDataToQueue  queue.o
    0x08006e66   0x00000012   Code   RO         1802    i.prvDeleteTCB      tasks.o
    0x08006e78   0x00000028   Code   RO         2115    i.prvGetNextExpireTime  timers.o
    0x08006ea0   0x0000007c   Code   RO         2244    i.prvHeapInit       heap_4.o
    0x08006f1c   0x00000028   Code   RO         1803    i.prvIdleTask       tasks.o
    0x08006f44   0x0000002a   Code   RO         1587    i.prvInitialiseNewQueue  queue.o
    0x08006f6e   0x00000002   PAD
    0x08006f70   0x000000c8   Code   RO         1804    i.prvInitialiseNewTask  tasks.o
    0x08007038   0x00000068   Code   RO         1805    i.prvInitialiseTaskLists  tasks.o
    0x080070a0   0x00000068   Code   RO         2245    i.prvInsertBlockIntoFreeList  heap_4.o
    0x08007108   0x00000058   Code   RO         2117    i.prvInsertTimerInActiveList  timers.o
    0x08007160   0x0000001a   Code   RO         1588    i.prvIsQueueEmpty   queue.o
    0x0800717a   0x0000001e   Code   RO         1589    i.prvIsQueueFull    queue.o
    0x08007198   0x000000a4   Code   RO         1590    i.prvNotifyQueueSetContainer  queue.o
    0x0800723c   0x00000084   Code   RO         2118    i.prvProcessExpiredTimer  timers.o
    0x080072c0   0x00000130   Code   RO         2119    i.prvProcessReceivedCommands  timers.o
    0x080073f0   0x00000074   Code   RO         2120    i.prvProcessTimerOrBlockTask  timers.o
    0x08007464   0x00000034   Code   RO         1806    i.prvResetNextTaskUnblockTime  tasks.o
    0x08007498   0x0000002c   Code   RO         2121    i.prvSampleTimeNow  timers.o
    0x080074c4   0x000000c0   Code   RO         2122    i.prvSwitchTimerLists  timers.o
    0x08007584   0x0000006c   Code   RO         2294    i.prvTaskExitError  port.o
    0x080075f0   0x0000001a   Code   RO         2123    i.prvTimerTask      timers.o
    0x0800760a   0x00000092   Code   RO         1591    i.prvUnlockQueue    queue.o
    0x0800769c   0x00000150   Code   RO         2246    i.pvPortMalloc      heap_4.o
    0x080077ec   0x00000020   Code   RO         1808    i.pvTaskIncrementMutexHeldCount  tasks.o
    0x0800780c   0x00000024   Code   RO         2295    i.pxPortInitialiseStack  port.o
    0x08007830   0x00000064   Code   RO         5366    i.tan               m_ws.l(tan.o)
    0x08007894   0x000000a8   Code   RO         1373    i.uart3_init        usart3.o
    0x0800793c   0x000000a8   Code   RO         1411    i.uart4_init        usart4.o
    0x080079e4   0x00000028   Code   RO         1547    i.uxListRemove      list.o
    0x08007a0c   0x0000001a   Code   RO         1548    i.vListInitialise   list.o
    0x08007a26   0x00000006   Code   RO         1549    i.vListInitialiseItem  list.o
    0x08007a2c   0x00000034   Code   RO         1550    i.vListInsert       list.o
    0x08007a60   0x00000018   Code   RO         1551    i.vListInsertEnd    list.o
    0x08007a78   0x00000084   Code   RO         2297    i.vPortEnterCritical  port.o
    0x08007afc   0x0000006c   Code   RO         2298    i.vPortExitCritical  port.o
    0x08007b68   0x000000b4   Code   RO         2247    i.vPortFree         heap_4.o
    0x08007c1c   0x00000020   Code   RO         2299    i.vPortSetupTimerInterrupt  port.o
    0x08007c3c   0x0000009c   Code   RO         2300    i.vPortValidateInterruptPriority  port.o
    0x08007cd8   0x0000002c   Code   RO         1595    i.vQueueAddToRegistry  queue.o
    0x08007d04   0x0000004a   Code   RO         1598    i.vQueueWaitForMessageRestricted  queue.o
    0x08007d4e   0x00000002   PAD
    0x08007d50   0x00000078   Code   RO         1814    i.vTaskDelay        tasks.o
    0x08007dc8   0x000000e0   Code   RO         1815    i.vTaskDelayUntil   tasks.o
    0x08007ea8   0x00000110   Code   RO         1816    i.vTaskDelete       tasks.o
    0x08007fb8   0x0000000c   Code   RO         1818    i.vTaskMissedYield  tasks.o
    0x08007fc4   0x00000058   Code   RO         1820    i.vTaskPlaceOnEventList  tasks.o
    0x0800801c   0x00000060   Code   RO         1821    i.vTaskPlaceOnEventListRestricted  tasks.o
    0x0800807c   0x000000b0   Code   RO         1823    i.vTaskPriorityInherit  tasks.o
    0x0800812c   0x00000050   Code   RO         1826    i.vTaskSetTimeOutState  tasks.o
    0x0800817c   0x000000b0   Code   RO         1827    i.vTaskStartScheduler  tasks.o
    0x0800822c   0x00000104   Code   RO         1828    i.vTaskSuspend      tasks.o
    0x08008330   0x00000010   Code   RO         1829    i.vTaskSuspendAll   tasks.o
    0x08008340   0x000000ac   Code   RO         1830    i.vTaskSwitchContext  tasks.o
    0x080083ec   0x000000a0   Code   RO         2301    i.xPortStartScheduler  port.o
    0x0800848c   0x00000034   Code   RO         2302    i.xPortSysTickHandler  port.o
    0x080084c0   0x00000078   Code   RO         1603    i.xQueueGenericCreate  queue.o
    0x08008538   0x000001cc   Code   RO         1604    i.xQueueGenericReceive  queue.o
    0x08008704   0x000000b4   Code   RO         1605    i.xQueueGenericReset  queue.o
    0x080087b8   0x000001c8   Code   RO         1606    i.xQueueGenericSend  queue.o
    0x08008980   0x00000114   Code   RO         1607    i.xQueueGenericSendFromISR  queue.o
    0x08008a94   0x000000a4   Code   RO         1831    i.xTaskCheckForTimeOut  tasks.o
    0x08008b38   0x00000060   Code   RO         1832    i.xTaskCreate       tasks.o
    0x08008b98   0x00000020   Code   RO         1836    i.xTaskGetSchedulerState  tasks.o
    0x08008bb8   0x0000000c   Code   RO         1837    i.xTaskGetTickCount  tasks.o
    0x08008bc4   0x00000164   Code   RO         1839    i.xTaskIncrementTick  tasks.o
    0x08008d28   0x000000dc   Code   RO         1842    i.xTaskPriorityDisinherit  tasks.o
    0x08008e04   0x000000b8   Code   RO         1843    i.xTaskRemoveFromEventList  tasks.o
    0x08008ebc   0x00000124   Code   RO         1845    i.xTaskResumeAll    tasks.o
    0x08008fe0   0x00000078   Code   RO         2127    i.xTimerCreateTimerTask  timers.o
    0x08009058   0x000000a8   Code   RO         2128    i.xTimerGenericCommand  timers.o
    0x08009100   0x00000400   Data   RO            3    .constdata          main.o
    0x08009500   0x00000818   Data   RO          914    .constdata          ax_oled.o
    0x08009d18   0x00000009   Data   RO         1165    .constdata          ax_ps2.o
    0x08009d21   0x00000007   PAD
    0x08009d28   0x00000098   Data   RO         5357    .constdata          m_ws.l(atan.o)
    0x08009dc0   0x000000c8   Data   RO         5695    .constdata          m_ws.l(rred.o)
    0x08009e88   0x00000060   Data   RO         5699    .constdata          m_ws.l(tan_i.o)
    0x08009ee8   0x00000020   Data   RO         5749    Region$$Table       anon$$obj.o


    Execution Region RW_IRAM1 (Base: 0x20000000, Size: 0x00005d10, Max: 0x0000c000, ABSOLUTE, COMPRESSED[0x0000003c])

    Base Addr    Size         Type   Attr      Idx    E Section Name        Object

    0x20000000   0x0000003b   Data   RW            4    .data               main.o
    0x2000003b   0x00000001   PAD
    0x2000003c   0x00000014   Data   RW          305    .data               system_stm32f10x.o
    0x20000050   0x00000048   Data   RW          431    .data               ax_robot.o
    0x20000098   0x00000018   Data   RW          508    .data               ax_speed.o
    0x200000b0   0x00000012   Data   RW          530    .data               ax_control.o
    0x200000c2   0x00000001   Data   RW          572    .data               ax_delay.o
    0x200000c3   0x00000002   Data   RW         1008    .data               ax_uart1.o
    0x200000c5   0x00000003   Data   RW         1046    .data               ax_uart2.o
    0x200000c8   0x00000006   Data   RW         1143    .data               ax_sbus.o
    0x200000ce   0x00000004   Data   RW         1314    .data               a69.o
    0x200000d2   0x00000002   PAD
    0x200000d4   0x00000018   Data   RW         1375    .data               usart3.o
    0x200000ec   0x00000010   Data   RW         1414    .data               usart4.o
    0x200000fc   0x0000003c   Data   RW         1848    .data               tasks.o
    0x20000138   0x00000014   Data   RW         2136    .data               timers.o
    0x2000014c   0x00000018   Data   RW         2252    .data               heap_4.o
    0x20000164   0x0000000c   Data   RW         2303    .data               port.o
    0x20000170   0x00000014   Data   RW         3968    .data               stm32f10x_rcc.o
    0x20000184   0x00000004   Data   RW         5718    .data               mc_w.l(stdout.o)
    0x20000188   0x00000004   Data   RW         5732    .data               mc_w.l(errno.o)
    0x2000018c   0x00000004   PAD
    0x20000190   0x00000068   Zero   RW          430    .bss                ax_robot.o
    0x200001f8   0x00000020   Zero   RW          529    .bss                ax_control.o
    0x20000218   0x00000050   Zero   RW         1007    .bss                ax_uart1.o
    0x20000268   0x00000050   Zero   RW         1045    .bss                ax_uart2.o
    0x200002b8   0x00000050   Zero   RW         1077    .bss                ax_uart4.o
    0x20000308   0x00000028   Zero   RW         1142    .bss                ax_sbus.o
    0x20000330   0x00000009   Zero   RW         1164    .bss                ax_ps2.o
    0x20000339   0x00000080   Zero   RW         1313    .bss                a69.o
    0x200003b9   0x00000003   PAD
    0x200003bc   0x00000104   Zero   RW         1374    .bss                usart3.o
    0x200004c0   0x00000104   Zero   RW         1412    .bss                usart4.o
    0x200005c4   0x00000040   Zero   RW         1618    .bss                queue.o
    0x20000604   0x000002e4   Zero   RW         1847    .bss                tasks.o
    0x200008e8   0x00000028   Zero   RW         2135    .bss                timers.o
    0x20000910   0x00005000   Zero   RW         2251    .bss                heap_4.o
    0x20005910   0x00000400   Zero   RW         5348    STACK               startup_stm32f10x_hd.o


==============================================================================

Image component sizes


      Code (inc. data)   RO Data    RW Data    ZI Data      Debug   Object Name

       814         90          0          4        128       6139   a69.o
       160         16          0          0          0        706   ax_akm.o
        56          6          0          0          0        519   ax_beep.o
      1232        126          0         18         32       2708   ax_control.o
       170         16          0          1          0       1922   ax_delay.o
       392         40          0          0          0       3428   ax_encoder.o
        56         10          0          0          0       1016   ax_key.o
       992        104          0          0          0       1313   ax_kinematics.o
        80         10          0          0          0        530   ax_led.o
       368         24          0          0          0       1944   ax_motor.o
      1254        106          0          0          0      11183   ax_mpu6050.o
      1456         44       2072          0          0       9135   ax_oled.o
       348         30          9          0          9       2586   ax_ps2.o
      1704        236          0         72        104      10479   ax_robot.o
       204         10          0          6         40       1384   ax_sbus.o
       460         62          0          0          0       2435   ax_servo.o
       400         52          0         24          0       1466   ax_speed.o
        48         10          0          0          0        506   ax_sys.o
       692         58          0          2         80       3618   ax_uart1.o
       464         48          0          3         80       2831   ax_uart2.o
       144         10          0          0         80       1638   ax_uart4.o
       244         24          0          0          0       1219   ax_vin.o
         0          0          0          0          0       9480   event_groups.o
       744        168          0         24      20480       3979   heap_4.o
       148          0          0          0          0       3266   list.o
      1084        336       1024         59          0     291074   main.o
       172         22          0          0          0       2361   misc.o
       934        304          0         12          0      10461   port.o
      2184        262          0          0         64      13425   queue.o
        36          8        304          0       1024        932   startup_stm32f10x_hd.o
       394         10          0          0          0       8845   stm32f10x_adc.o
       458          6          0          0          0       5602   stm32f10x_gpio.o
        36          0          0          0          0       3271   stm32f10x_it.o
       364         50          0         20          0       6695   stm32f10x_rcc.o
       112          0          0          0          0       4294   stm32f10x_spi.o
      2374        264          0          0          0      21064   stm32f10x_tim.o
       472          6          0          0          0       7487   stm32f10x_usart.o
       328         28          0         20          0       2365   system_stm32f10x.o
      3926       1058          0         60        740      31288   tasks.o
      1330        332          0         20         40       8919   timers.o
      2012        114          0         24        260       4843   usart3.o
      2012        120          0         16        260       4490   usart4.o

    ----------------------------------------------------------------------
     30892       4220       3448        388      23424     512846   Object Totals
         0          0         32          0          0          0   (incl. Generated)
        34          0          7          3          3          0   (incl. Padding)

    ----------------------------------------------------------------------

      Code (inc. data)   RO Data    RW Data    ZI Data      Debug   Library Member Name

       544         70        152          0          0        124   atan.o
        34          6          0          0          0        204   dunder.o
        40          0          0          0          0         68   fpclassify.o
       170          0          0          0          0         96   poly.o
       904         76        200          0          0        140   rred.o
       100         10          0          0          0         96   tan.o
       636         50         96          0          0        168   tan_i.o
        58          0          0          0          0          0   __dczerorl.o
         0          0          0          0          0          0   entry.o
         0          0          0          0          0          0   entry10a.o
         0          0          0          0          0          0   entry11a.o
         8          4          0          0          0          0   entry2.o
         4          0          0          0          0          0   entry5.o
         0          0          0          0          0          0   entry7b.o
         0          0          0          0          0          0   entry8b.o
         8          4          0          0          0          0   entry9a.o
        12          6          0          4          0         68   errno.o
        30          0          0          0          0          0   handlers.o
        36          8          0          0          0         68   init.o
         0          0          0          0          0          0   iusefp.o
        30          0          0          0          0         68   llshl.o
        36          0          0          0          0         68   llsshr.o
        32          0          0          0          0         68   llushr.o
        36          0          0          0          0         68   memcpya.o
      1154         54          0          0          0        352   printf8.o
         0          0          0          4          0          0   stdout.o
        98          0          0          0          0         92   uldiv.o
        20          0          0          0          0         68   cfcmple.o
        20          0          0          0          0         68   cfrcmple.o
        56          0          0          0          0         88   d2f.o
       334          0          0          0          0        148   dadd.o
       222          0          0          0          0        100   ddiv.o
       186          0          0          0          0        176   depilogue.o
        62          0          0          0          0         80   dfixi.o
        50          0          0          0          0         76   dfixui.o
        34          0          0          0          0         76   dflti.o
        26          0          0          0          0         76   dfltui.o
       228          0          0          0          0         96   dmul.o
        46          0          0          0          0         80   dscalb.o
        38          0          0          0          0         68   f2d.o
       176          0          0          0          0        140   fadd.o
       124          0          0          0          0         88   fdiv.o
       110          0          0          0          0        168   fepilogue.o
        50          0          0          0          0         68   ffixi.o
        40          0          0          0          0         68   ffixui.o
        18          0          0          0          0         68   fflti.o
       100          0          0          0          0         76   fmul.o

    ----------------------------------------------------------------------
      5924        288        448          8          4       3624   Library Totals
        14          0          0          0          4          0   (incl. Padding)

    ----------------------------------------------------------------------

      Code (inc. data)   RO Data    RW Data    ZI Data      Debug   Library Name

      2428        212        448          0          0        896   m_ws.l
      1542         76          0          8          0        852   mc_w.l
      1940          0          0          0          0       1876   mf_w.l

    ----------------------------------------------------------------------
      5924        288        448          8          4       3624   Library Totals

    ----------------------------------------------------------------------

==============================================================================


      Code (inc. data)   RO Data    RW Data    ZI Data      Debug   

     36816       4508       3896        396      23428     502090   Grand Totals
     36816       4508       3896         60      23428     502090   ELF Image Totals (compressed)
     36816       4508       3896         60          0          0   ROM Totals

==============================================================================

    Total RO  Size (Code + RO Data)                40712 (  39.76kB)
    Total RW  Size (RW Data + ZI Data)             23824 (  23.27kB)
    Total ROM Size (Code + RO Data + RW Data)      40772 (  39.82kB)

==============================================================================

