2025-03-30 17:14:00,486 - Timestamp, Before_X, Before_Y, Before_Z, Before_Yaw_Deg, After_X, After_Y, After_Z, After_Yaw_Deg
2025-03-30 17:14:00,535 - 2025-03-30T17:14:00.535602, 0.11469105993879358, 0.0, -3.0084052396262173, 178.7574836880592, -47.49443268034942, 25.572057517274978, 0.0016000000400000006, -88.75748368805921
2025-03-30 17:19:10,875 - 2025-03-30T17:19:10.875658, 0.11498187694497153, 0.0, -3.0019457175487787, 178.52508368797663, -47.49115822036511, 25.360129681184926, 0.0016000000400000006, -88.52508368797663
2025-03-30 17:19:10,935 - 2025-03-30T17:19:10.935458, 0.11558407692747386, 0.0, -2.994690556959166, 178.36468368791964, -47.47845163950166, 25.121831262842345, 0.0016000000400000006, -88.36468368791964
2025-03-30 17:19:10,975 - 2025-03-30T17:19:10.975433, 0.11601611226948094, 0.0, -2.988223459815682, 178.19368368785885, -47.47055749446019, 24.90951850097705, 0.0016000000400000006, -88.19368368785885
2025-03-30 17:19:11,015 - 2025-03-30T17:19:11.015426, 0.1164102722812621, 0.0, -2.9810502709930513, 178.0931836878232, -47.46458797829488, 24.67410731382588, 0.0016000000400000006, -88.0931836878232
2025-03-30 17:19:11,055 - 2025-03-30T17:19:11.055812, 0.11669216026188023, 0.0, -2.9731041688563815, 177.99918368778978, -47.46304539642192, 24.41348032174785, 0.0016000000400000006, -87.99918368778978
2025-03-30 17:19:11,095 - 2025-03-30T17:19:11.095362, 0.11692995180574117, 0.0, -2.9656561184281376, 177.83888368773282, -47.46246541686426, 24.169214690257565, 0.0016000000400000006, -87.83888368773282
2025-03-30 17:19:11,135 - 2025-03-30T17:19:11.135513, 0.1169521283128363, 0.0, -2.9581488214310467, 177.68708368767886, -47.469007427779964, 23.92321660490154, 0.0016000000400000006, -87.68708368767886
2025-03-30 17:19:11,175 - 2025-03-30T17:19:11.175455, 0.11718369875016688, 0.0, -2.951904914390375, 177.47828368760466, -47.467465421661416, 23.71841075928488, 0.0016000000400000006, -87.47828368760466
2025-03-30 17:19:11,235 - 2025-03-30T17:19:11.235444, 0.11719343304419949, 0.0, -2.9468059041684276, 177.31528368754672, -47.47208337945539, 23.55133224567607, 0.0016000000400000006, -87.31528368754672
2025-03-30 17:19:11,475 - 2025-03-30T17:19:11.475782, 0.11734006721808621, 0.0, -2.9521797759959876, 177.4350836875893, -47.46207588505379, 23.72726520362397, 0.0016000000400000006, -87.4350836875893
2025-03-30 17:19:12,035 - 2025-03-30T17:19:12.035833, 0.11710092171471098, 0.0, -2.958282464700831, 177.56138368763422, -47.46400281694755, 23.927451364183483, 0.0016000000400000006, -87.56138368763423
2025-03-30 17:19:12,115 - 2025-03-30T17:19:12.115519, 0.11672813294155082, 0.0, -2.964533946807548, 177.7392836876974, -47.47016450812328, 24.132642135575388, 0.0016000000400000006, -87.7392836876974
2025-03-30 17:19:12,175 - 2025-03-30T17:19:12.175450, 0.11625200116278744, 0.0, -2.971499095659457, 177.89698368775345, -47.47902125548002, 24.361316258028406, 0.0016000000400000006, -87.89698368775345
2025-03-30 17:19:12,215 - 2025-03-30T17:19:12.215463, 0.1158413370594018, 0.0, -2.9770444860870278, 178.09978368782552, -47.487107575531894, 24.543408604134434, 0.0016000000400000006, -88.09978368782552
2025-03-30 17:19:12,255 - 2025-03-30T17:19:12.255268, 0.11560976662207123, 0.0, -2.9832883931277, 178.25728368788145, -47.48864958165044, 24.748214449751124, 0.0016000000400000006, -88.25728368788147
2025-03-30 17:19:12,295 - 2025-03-30T17:19:12.295509, 0.11539334631683085, 0.0, -2.9898147368400307, 178.40678368793462, -47.48942173621853, 24.962259665482144, 0.0016000000400000006, -88.40678368793462
2025-03-30 17:19:12,335 - 2025-03-30T17:19:12.335480, 0.11496888604086886, 0.0, -2.9964230523193436, 178.6361836880161, -47.49693095548477, 25.179192112404596, 0.0016000000400000006, -88.6361836880161
2025-03-30 17:19:12,375 - 2025-03-30T17:19:12.375676, 0.11472974053749319, 0.0, -3.0025257410241863, 178.65318368802215, -47.49885788737855, 25.3793782729641, 0.0016000000400000006, -88.65318368802215
2025-03-30 17:19:12,435 - 2025-03-30T17:19:12.435542, 0.11424467973316998, 0.0, -3.008004309816865, 178.97238368813558, -47.50944651284664, 25.55935323942916, 0.0016000000400000006, -88.97238368813558
2025-03-30 17:21:37,465 - 2025-03-30T17:21:37.465509, 0.1171607525107734, 0.0, -3.0029618382447363, 179.04468368816123, -47.41878353830561, 25.391313275013875, 0.0016000000400000006, -89.04468368816123
2025-03-30 17:21:37,678 - 2025-03-30T17:21:37.678408, 0.11762308811696043, 0.0, -2.99705961444457, 178.81638368808015, -47.40934969016324, 25.197479253377313, 0.0016000000400000006, -88.81638368808015
2025-03-30 17:21:37,756 - 2025-03-30T17:21:37.756154, 0.11804754839292242, 0.0, -2.9904512989652567, 178.6657836880266, -47.40184047089699, 24.980546806454843, 0.0016000000400000006, -88.66578368802661
2025-03-30 17:21:37,815 - 2025-03-30T17:21:37.815936, 0.11856777660844253, 0.0, -2.982988098404922, 178.5685836879921, -47.39202112122497, 24.735511323414084, 0.0016000000400000006, -88.56858368799209
2025-03-30 17:21:37,856 - 2025-03-30T17:21:37.856941, 0.11909693384952158, 0.0, -2.977011477903819, 178.4413836879469, -47.38046989344163, 24.53917499636131, 0.0016000000400000006, -88.44138368794691
2025-03-30 17:21:37,901 - 2025-03-30T17:21:37.900956, 0.1193209292208075, 0.0, -2.970626352527317, 178.26648368788474, -47.379312813098295, 24.329749465687453, 0.0016000000400000006, -88.26648368788474
2025-03-30 17:21:37,937 - 2025-03-30T17:21:37.937463, 0.1194037062562634, 0.0, -2.964248802216861, 178.129183687836, -47.38277541781216, 24.120708860788834, 0.0016000000400000006, -88.12918368783599
2025-03-30 17:21:37,976 - 2025-03-30T17:21:37.975997, 0.1195836051907917, 0.0, -2.9583617285487844, 178.02698368779963, -47.38258093978414, 23.92764469070271, 0.0016000000400000006, -88.02698368779963
2025-03-30 17:21:38,016 - 2025-03-30T17:21:38.016604, 0.11983032576021335, 0.0, -2.9524002581797713, 177.895683687753, -47.380269082115106, 23.732078215200396, 0.0016000000400000006, -87.895683687753
2025-03-30 17:21:38,056 - 2025-03-30T17:21:38.056048, 0.1198841564910027, 0.0, -2.946803196249399, 177.75708368770373, -47.383924437593805, 23.54863834100386, 0.0016000000400000006, -87.75708368770373
2025-03-30 17:21:38,099 - 2025-03-30T17:21:38.099660, 0.1200351091208649, 0.0, -2.941696610961407, 177.65808368766855, -47.383922710330594, 23.38117490161982, 0.0016000000400000006, -87.65808368766855
2025-03-30 17:21:38,156 - 2025-03-30T17:21:38.156044, 0.12028047573077183, 0.0, -2.934389778868992, 177.52118368761992, -47.38295780499768, 23.141528955186704, 0.0016000000400000006, -87.52118368761992
2025-03-30 17:21:38,216 - 2025-03-30T17:21:38.216317, 0.12068978587464319, 0.0, -2.9274990267180203, 177.4766836876041, -47.376218437281906, 22.91535713814989, 0.0016000000400000006, -87.4766836876041
2025-03-30 17:21:38,275 - 2025-03-30T17:21:38.275799, 0.12138153269017282, 0.0, -2.9205931244349577, 177.38548368757168, -47.360239699451796, 22.688415469562607, 0.0016000000400000006, -87.38548368757169
2025-03-30 17:21:38,338 - 2025-03-30T17:21:38.338298, 0.12133066645584512, 0.0, -2.914364367526376, 177.49258368760977, -47.36793706344759, 22.48437947549639, 0.0016000000400000006, -87.49258368760977
2025-03-30 17:21:38,396 - 2025-03-30T17:21:38.396534, 0.12167450892433829, 0.0, -2.9088933737997427, 177.42818368758685, -47.361968123036704, 22.30478943480657, 0.0016000000400000006, -87.42818368758685
2025-03-30 17:21:38,455 - 2025-03-30T17:21:38.455786, 0.12189850429562421, 0.0, -2.9025082484232416, 177.265483687529, -47.36081104269337, 22.095363904132736, 0.0016000000400000006, -87.26548368752901
2025-03-30 17:21:38,517 - 2025-03-30T17:21:38.517164, 0.12221069254042272, 0.0, -2.8951270196298893, 177.18328368749982, -47.3577287577195, 21.8532156522834, 0.0016000000400000006, -87.18328368749982
2025-03-30 17:21:38,556 - 2025-03-30T17:21:38.556564, 0.12233134490610453, 0.0, -2.88945556099858, 177.25068368752378, -47.359266733557206, 21.667273472670672, 0.0016000000400000006, -87.25068368752378
2025-03-30 17:21:38,595 - 2025-03-30T17:21:38.595721, 0.12274200900949017, 0.0, -2.8839101705710095, 177.3179836875477, -47.35118041350533, 21.485181126564644, 0.0016000000400000006, -87.3179836875477
2025-03-30 17:21:38,636 - 2025-03-30T17:21:38.636482, 0.12312237284869498, 0.0, -2.8777999068001217, 177.30798368754415, -47.34463379655439, 21.284610040229914, 0.0016000000400000006, -87.30798368754415
2025-03-30 17:21:38,679 - 2025-03-30T17:21:38.679242, 0.12319757481810667, 0.0, -2.8712811381538357, 177.48168368760585, -47.34848132704346, 21.07094975027411, 0.0016000000400000006, -87.48168368760585
2025-03-30 17:21:38,716 - 2025-03-30T17:21:38.716452, 0.12345187045357209, 0.0, -2.865460886120651, 177.32018368754848, -47.34578454359924, 20.88000295982895, 0.0016000000400000006, -87.32018368754848
2025-03-30 17:21:38,758 - 2025-03-30T17:21:38.758091, 0.12366829075881247, 0.0, -2.8589345424083206, 177.31938368754817, -47.34501238903115, 20.665957744097934, 0.0016000000400000006, -87.31938368754817
2025-03-30 17:21:38,795 - 2025-03-30T17:21:38.795696, 0.12380409325658492, 0.0, -2.8535455204486704, 177.3787836875693, -47.345780513318374, 20.48925493459956, 0.0016000000400000006, -87.3787836875693
2025-03-30 17:21:38,836 - 2025-03-30T17:21:38.836047, 0.12411006039485217, 0.0, -2.84736843504289, 177.2657836875291, -47.34173620178365, 20.286566468623853, 0.0016000000400000006, -87.26578368752911
2025-03-30 17:21:38,876 - 2025-03-30T17:21:38.876014, 0.12396342622096546, 0.0, -2.84199456321533, 177.38208368757046, -47.35174369618525, 20.11063351067594, 0.0016000000400000006, -87.38208368757046
2025-03-30 17:21:38,916 - 2025-03-30T17:21:38.916416, 0.12447121222342439, 0.0, -2.836939649430139, 177.44708368759356, -47.34000029339146, 19.944517599382394, 0.0016000000400000006, -87.44708368759356
2025-03-30 17:21:38,957 - 2025-03-30T17:21:38.956930, 0.12462216485328659, 0.0, -2.831833064142147, 177.3978836875761, -47.33999856612825, 19.777054159998368, 0.0016000000400000006, -87.3978836875761
2025-03-30 17:21:39,016 - 2025-03-30T17:21:39.016264, 0.12478555969621086, 0.0, -2.824318192079011, 177.57028368763736, -47.34192089198678, 19.5306711488671, 0.0016000000400000006, -87.57028368763736
2025-03-30 17:21:39,056 - 2025-03-30T17:21:39.056469, 0.12507773066190264, 0.0, -2.819204031724974, 177.49568368761086, -47.33729947966639, 19.36282278370785, 0.0016000000400000006, -87.49568368761086
2025-03-30 17:21:39,098 - 2025-03-30T17:21:39.098011, 0.12535475149550424, 0.0, -2.8138074346992776, 177.6513836876662, -47.333447918896454, 19.18573504843422, 0.0016000000400000006, -87.65138368766621
2025-03-30 17:21:39,136 - 2025-03-30T17:21:39.136632, 0.1257137440960885, 0.0, -2.808618877644303, 177.6252836876569, -47.32670912693508, 19.015384377858744, 0.0016000000400000006, -87.62528368765689
2025-03-30 17:21:39,176 - 2025-03-30T17:21:39.176173, 0.12600591506178027, 0.0, -2.8035047172902656, 177.74418368769918, -47.32208771461469, 18.847536012699475, 0.0016000000400000006, -87.74418368769918
2025-03-30 17:21:39,215 - 2025-03-30T17:21:39.215750, 0.12606732085861516, 0.0, -2.798048873695723, 177.704383687685, -47.32535814431813, 18.668715823560127, 0.0016000000400000006, -87.70438368768501
2025-03-30 17:21:39,256 - 2025-03-30T17:21:39.256160, 0.12626236992523454, 0.0, -2.792444236699305, 177.68798368767918, -47.32439381473963, 18.484891023588347, 0.0016000000400000006, -87.68798368767918
2025-03-30 17:21:39,296 - 2025-03-30T17:21:39.296155, 0.12645741899185348, 0.0, -2.786839599702888, 177.80868368772207, -47.323429485161135, 18.301066223616584, 0.0016000000400000006, -87.80868368772207
2025-03-30 17:21:39,336 - 2025-03-30T17:21:39.336715, 0.1268088365263922, 0.0, -2.781509824312084, 177.89988368775448, -47.317075618975, 18.12609586798395, 0.0016000000400000006, -87.89988368775448
2025-03-30 17:21:39,376 - 2025-03-30T17:21:39.376106, 0.12715267899488536, 0.0, -2.776038830585451, 177.91938368776144, -47.31110667856411, 17.946505827294118, 0.0016000000400000006, -87.91938368776144
2025-03-30 17:21:39,416 - 2025-03-30T17:21:39.416387, 0.126998469754954, 0.0, -2.7705237404220613, 178.07108368781533, -47.32149909874093, 17.76595318428903, 0.0016000000400000006, -88.07108368781533
2025-03-30 17:21:39,457 - 2025-03-30T17:21:39.457501, 0.12719351882157293, 0.0, -2.764919103425644, 178.0219836877979, -47.320534769162435, 17.582128384317265, 0.0016000000400000006, -88.0219836877979
2025-03-30 17:21:39,497 - 2025-03-30T17:21:39.497416, 0.12747811472121962, 0.0, -2.7596637247357774, 178.13568368783828, -47.31629828261727, 17.409660334100828, 0.0016000000400000006, -88.13568368783828
2025-03-30 17:21:39,536 - 2025-03-30T17:21:39.536352, 0.12739072711617982, 0.0, -2.75407423787145, 178.11298368783022, -47.32457332315313, 17.226605385679505, 0.0016000000400000006, -88.11298368783022
2025-03-30 17:21:39,575 - 2025-03-30T17:21:39.575948, 0.1273853112781227, 0.0, -2.7486927909778442, 178.17718368785305, -47.32996113249755, 17.050287501956348, 0.0016000000400000006, -88.17718368785305
2025-03-30 17:21:39,615 - 2025-03-30T17:21:39.615886, 0.12766233211172429, 0.0, -2.7432961939521485, 178.24328368787653, -47.32610957172761, 16.873199766682735, 0.0016000000400000006, -88.24328368787653
2025-03-30 17:21:39,657 - 2025-03-30T17:21:39.657137, 0.12759766970481978, 0.0, -2.7381303620953092, 178.30788368789945, -47.33322983493779, 16.70400387343296, 0.0016000000400000006, -88.30788368789945
2025-03-30 17:21:39,696 - 2025-03-30T17:21:39.696338, 0.12759225386676265, 0.0, -2.7327489152017037, 178.29858368789615, -47.33861764428221, 16.527685989709802, 0.0016000000400000006, -88.29858368789615
2025-03-30 17:21:39,736 - 2025-03-30T17:21:39.736409, 0.12781002813151776, 0.0, -2.7275679332127742, 178.33608368790948, -47.336498537378, 16.357720244909554, 0.0016000000400000006, -88.33608368790948
2025-03-30 17:21:39,775 - 2025-03-30T17:21:39.775965, 0.1276482438255404, 0.0, -2.721911624713555, 178.40578368793425, -47.34727588333008, 16.172547916847282, 0.0016000000400000006, -88.40578368793425
2025-03-30 17:21:39,817 - 2025-03-30T17:21:39.817589, 0.12756843128654616, 0.0, -2.7164633561850575, 178.46358368795478, -47.3551659980907, 15.994112653483162, 0.0016000000400000006, -88.46358368795478
2025-03-30 17:21:39,856 - 2025-03-30T17:21:39.856101, 0.12785302718619285, 0.0, -2.7112079774951905, 178.43698368794531, -47.35092951154554, 15.821644603266709, 0.0016000000400000006, -88.43698368794531
2025-03-30 17:21:39,896 - 2025-03-30T17:21:39.896243, 0.12775806451510796, 0.0, -2.7054772722950338, 178.5356836879804, -47.35958947785662, 15.633969969788215, 0.0016000000400000006, -88.5356836879804
2025-03-30 17:21:39,935 - 2025-03-30T17:21:39.935914, 0.12810948204964667, 0.0, -2.7001474969042305, 178.59008368799974, -47.35323561167049, 15.458999614155594, 0.0016000000400000006, -88.59008368799974
2025-03-30 17:21:39,976 - 2025-03-30T17:21:39.976709, 0.12823770948137359, 0.0, -2.6946172566087503, 178.59888368800287, -47.35438866173297, 15.277677119600025, 0.0016000000400000006, -88.59888368800287
2025-03-30 17:21:40,019 - 2025-03-30T17:21:40.018974, 0.12829154021216338, 0.0, -2.6890201946783776, 178.59638368800196, -47.35804401721164, 15.094237245403475, 0.0016000000400000006, -88.59638368800196
2025-03-30 17:21:40,055 - 2025-03-30T17:21:40.055825, 0.12795201619964613, 0.0, -2.684010731289458, 178.55418368798698, -47.37401872476091, 14.930430888761341, 0.0016000000400000006, -88.55418368798698
2025-03-30 17:21:40,097 - 2025-03-30T17:21:40.097095, 0.12814706526626507, 0.0, -2.6784060942930408, 178.6259836880125, -47.37305439518242, 14.746606088789576, 0.0016000000400000006, -88.6259836880125
2025-03-30 17:21:40,135 - 2025-03-30T17:21:40.135944, 0.1282677176319469, 0.0, -2.6727346356617314, 178.68868368803476, -47.37459237102013, 14.560663909176833, 0.0016000000400000006, -88.68868368803476
2025-03-30 17:21:40,176 - 2025-03-30T17:21:40.176603, 0.12796471499013995, 0.0, -2.6670859022285573, 178.83858368808802, -47.389989402029386, 14.37587650688979, 0.0016000000400000006, -88.83858368808802
2025-03-30 17:21:40,216 - 2025-03-30T17:21:40.215990, 0.12782565588229877, 0.0, -2.6618532487368265, 178.93068368812072, -47.39961197065574, 14.20456323399905, 0.0016000000400000006, -88.93068368812072
2025-03-30 17:21:40,255 - 2025-03-30T17:21:40.255929, 0.12774584334330452, 0.0, -2.656404980208329, 178.87008368809921, -47.40750208541636, 14.026127970634928, 0.0016000000400000006, -88.87008368809921
2025-03-30 17:21:40,295 - 2025-03-30T17:21:40.295857, 0.12788164584107653, 0.0, -2.6510159582486774, 178.98128368813872, -47.408270209703616, 13.849425161136516, 0.0016000000400000006, -88.98128368813872
2025-03-30 17:21:40,336 - 2025-03-30T17:21:40.336465, 0.1278686549369743, 0.0, -2.6454932930192427, 178.9919836881425, -47.414042944823265, 13.668487592356202, 0.0016000000400000006, -88.99198368814251
2025-03-30 17:21:40,379 - 2025-03-30T17:21:40.378966, 0.12785566403287207, 0.0, -2.6399706277898076, 178.97268368813567, -47.41981567994291, 13.487550023575858, 0.0016000000400000006, -88.97268368813567
2025-03-30 17:21:40,416 - 2025-03-30T17:21:40.416222, 0.127983891464599, 0.0, -2.6344403874943274, 179.0757836881723, -47.420968730005384, 13.306227529020303, 0.0016000000400000006, -89.07578368817231
2025-03-30 17:21:40,456 - 2025-03-30T17:21:40.456463, 0.12797090056049676, 0.0, -2.6289177222648923, 179.17068368820597, -47.42674146512503, 13.12528996023996, 0.0016000000400000006, -89.17068368820597
2025-03-30 17:21:40,515 - 2025-03-30T17:21:40.515960, 0.12820869210435815, 0.0, -2.621469671836648, 179.1982836882158, -47.42616148556736, 12.881024328749673, 0.0016000000400000006, -89.19828368821581
2025-03-30 17:21:40,556 - 2025-03-30T17:21:40.556619, 0.12806205793047143, 0.0, -2.616095800009088, 179.40708368829, -47.43616897996896, 12.705091370801759, 0.0016000000400000006, -89.40708368828999
2025-03-30 17:21:40,596 - 2025-03-30T17:21:40.596015, 0.1280642171584594, 0.0, -2.610855571451311, 179.3660836882754, -47.44117186353815, 12.533393172135762, 0.0016000000400000006, -89.36608368827541
2025-03-30 17:21:40,636 - 2025-03-30T17:21:40.636222, 0.12805122625435716, 0.0, -2.6053329062218764, 179.45978368830868, -47.4469445986578, 12.352455603355432, 0.0016000000400000006, -89.45978368830868
2025-03-30 17:21:40,676 - 2025-03-30T17:21:40.676420, 0.1281946038181747, 0.0, -2.600085102598055, 179.62578368836768, -47.447327797169805, 12.18037247891422, 0.0016000000400000006, -89.62578368836768
2025-03-30 17:21:40,716 - 2025-03-30T17:21:40.716473, 0.12832283124990163, 0.0, -2.5945548623025747, 179.5948836883567, -47.44848084723229, 11.999049984358663, 0.0016000000400000006, -89.5948836883567
2025-03-30 17:21:40,756 - 2025-03-30T17:21:40.756178, 0.12846620881371873, 0.0, -2.589307058678753, 179.646383688375, -47.44886404574431, 11.826966859917452, 0.0016000000400000006, -89.64638368837501
2025-03-30 17:21:40,797 - 2025-03-30T17:21:40.797062, 0.1284532179096165, 0.0, -2.583784393449318, 179.7254836884031, -47.45463678086395, 11.64602929113711, 0.0016000000400000006, -89.7254836884031
2025-03-30 17:21:40,836 - 2025-03-30T17:21:40.836315, 0.12829900866968513, 0.0, -2.5782693032859285, 179.66968368838326, -47.46502920104077, 11.465476648132023, 0.0016000000400000006, -89.66968368838326
2025-03-30 17:21:40,880 - 2025-03-30T17:21:40.880048, 0.12871724783911587, 0.0, -2.5728651311941872, 179.94188368847995, -47.45655795521367, 11.288003987083169, 0.0016000000400000006, -89.94188368847995
2025-03-30 17:21:40,915 - 2025-03-30T17:21:40.915942, 0.1287862287019954, 0.0, -2.5675505059354737, 179.92158368847274, -47.4594434591419, 11.113803483000991, 0.0016000000400000006, -89.92158368847274
2025-03-30 17:21:40,958 - 2025-03-30T17:21:40.958651, 0.12893718133185805, 0.0, -2.5624439206474814, -179.97641631149102, -47.459441731878684, 10.946340043616937, 0.0016000000400000006, 269.976416311491
2025-03-30 17:21:40,995 - 2025-03-30T17:21:40.995841, 0.1286493288221422, 0.0, -2.5570776238859665, -179.92631631147322, -47.474068911337454, 10.770792011444266, 0.0016000000400000006, 269.9263163114732
2025-03-30 17:21:41,036 - 2025-03-30T17:21:41.036108, 0.128769981187824, 0.0, -2.551406165254657, -179.96301631148626, -47.475606887175154, 10.584849831831523, 0.0016000000400000006, 269.9630163114863
2025-03-30 17:21:41,075 - 2025-03-30T17:21:41.075750, 0.12833333527623347, 0.0, -2.5459062252233573, -179.79611631142697, -47.49523867746634, 10.40506704037688, 0.0016000000400000006, 269.796116311427
2025-03-30 17:21:41,116 - 2025-03-30T17:21:41.116159, 0.12826109780328432, 0.0, -2.540599175030689, -179.8359163114411, -47.50274386645173, 10.231251462069931, 0.0016000000400000006, 269.8359163114411
2025-03-30 17:21:41,155 - 2025-03-30T17:21:41.155823, 0.12824810689918165, 0.0, -2.5350765098012538, -179.8387163114421, -47.508516601571394, 10.050313893289589, 0.0016000000400000006, 269.8387163114421
2025-03-30 17:21:41,196 - 2025-03-30T17:21:41.196182, 0.12809389765925028, 0.0, -2.5295614196378633, -179.7602163114142, -47.518909021748215, 9.869761250284474, 0.0016000000400000006, 269.7602163114142
2025-03-30 17:21:41,236 - 2025-03-30T17:21:41.236046, 0.12787286678442644, 0.0, -2.5241207261754113, -179.7830163114223, -47.53141882156601, 9.691710912695596, 0.0016000000400000006, 269.78301631142233
2025-03-30 17:21:41,276 - 2025-03-30T17:21:41.276768, 0.12750304250772793, 0.0, -2.5185463894431743, -179.69771631139199, -47.54893323221622, 9.509425815824747, 0.0016000000400000006, 269.697716311392
2025-03-30 17:21:41,315 - 2025-03-30T17:21:41.315753, 0.12743080503477877, 0.0, -2.5132393392505055, -179.69721631139183, -47.55643842120161, 9.33561023751777, 0.0016000000400000006, 269.6972163113918
2025-03-30 17:21:41,355 - 2025-03-30T17:21:41.355907, 0.12741781413067654, 0.0, -2.507716674021071, -179.80821631143127, -47.56221115632126, 9.154672668737454, 0.0016000000400000006, 269.80821631143124
2025-03-30 17:21:41,396 - 2025-03-30T17:21:41.396637, 0.12706313998606822, 0.0, -2.5024247739604926, -179.60021631135737, -47.57895571542102, 8.981626941980963, 0.0016000000400000006, 269.60021631135737
2025-03-30 17:21:41,436 - 2025-03-30T17:21:41.436139, 0.12698332744707397, 0.0, -2.496976505431995, -179.63731631137054, -47.58684583018164, 8.803191678616828, 0.0016000000400000006, 269.6373163113706
2025-03-30 17:21:41,476 - 2025-03-30T17:21:41.476797, 0.12704473324390886, 0.0, -2.491520661837452, -179.5706163113469, -47.59011625988508, 8.624371489477465, 0.0016000000400000006, 269.5706163113469
2025-03-30 17:21:41,515 - 2025-03-30T17:21:41.515968, 0.12725493244261843, 0.0, -2.486198461512693, -179.58301631135123, -47.58838207875612, 8.449786059620045, 0.0016000000400000006, 269.58301631135123
2025-03-30 17:21:41,556 - 2025-03-30T17:21:41.556126, 0.12737558480830025, 0.0, -2.4805270028813835, -179.63241631136881, -47.589920054593826, 8.263843880007316, 0.0016000000400000006, 269.63241631136884
2025-03-30 17:21:41,596 - 2025-03-30T17:21:41.596813, 0.12693893889671015, 0.0, -2.475027062850084, -179.61851631136386, -47.609551844885, 8.084061088552673, 0.0016000000400000006, 269.61851631136386
2025-03-30 17:21:41,657 - 2025-03-30T17:21:41.657622, 0.12702171593216605, 0.0, -2.4686495125396277, -179.57241631134752, -47.61301444959886, 7.875020483654055, 0.0016000000400000006, 269.5724163113475
2025-03-30 17:21:41,875 - 2025-03-30T17:21:41.875701, 0.12680826012338686, 0.0, -2.463350037413005, -179.53051631133263, -47.62513932364145, 7.701589831122335, 0.0016000000400000006, 269.53051631133263
2025-03-30 17:21:41,955 - 2025-03-30T17:21:41.955695, 0.12674224375696896, 0.0, -2.456838843832764, -179.4069163112887, -47.633606539187696, 7.488314466941758, 0.0016000000400000006, 269.4069163112887
2025-03-30 17:21:42,015 - 2025-03-30T17:21:42.015784, 0.1261706006160801, 0.0, -2.4501423354799376, -179.4072163112888, -47.65882004109693, 7.269456815388744, 0.0016000000400000006, 269.40721631128883
2025-03-30 17:21:42,056 - 2025-03-30T17:21:42.056555, 0.1260088163101032, 0.0, -2.4444860269807185, -179.3953163112846, -47.669597387048995, 7.084284487326473, 0.0016000000400000006, 269.3953163112846
2025-03-30 17:21:42,096 - 2025-03-30T17:21:42.095971, 0.12592142870506295, 0.0, -2.4388965401163913, -179.4108163112901, -47.67787242758486, 6.901229538905166, 0.0016000000400000006, 269.4108163112901
2025-03-30 17:21:42,136 - 2025-03-30T17:21:42.136429, 0.12581889096793342, 0.0, -2.4330246165804055, -179.34741631126758, -47.68691731967117, 6.7089352203695, 0.0016000000400000006, 269.3474163112676
2025-03-30 17:21:42,176 - 2025-03-30T17:21:42.176026, 0.12558270996101895, 0.0, -2.427301486446294, -179.32901631126103, -47.70019697103944, 6.5216455126662485, 0.0016000000400000006, 269.32901631126106
2025-03-30 17:21:42,216 - 2025-03-30T17:21:42.216152, 0.12555456892482653, 0.0, -2.4214963845452004, -179.29291631124818, -47.70673955770955, 6.331468573771562, 0.0016000000400000006, 269.2929163112482
2025-03-30 17:21:42,256 - 2025-03-30T17:21:42.256545, 0.12518474464812845, 0.0, -2.4159220478129635, -179.04661631116073, -47.72425396835975, 6.149183476900725, 0.0016000000400000006, 269.04661631116073
2025-03-30 17:21:42,296 - 2025-03-30T17:21:42.296773, 0.12494856364121398, 0.0, -2.4101989176788523, -179.11431631118478, -47.73753361972802, 5.9618937691974745, 0.0016000000400000006, 269.1143163111848
2025-03-30 17:21:42,337 - 2025-03-30T17:21:42.337566, 0.12480192946732771, 0.0, -2.4048250458512923, -178.9131163111133, -47.74754111412961, 5.785960811249561, 0.0016000000400000006, 268.9131163111133
2025-03-30 17:21:42,376 - 2025-03-30T17:21:42.376247, 0.12458089859250387, 0.0, -2.3993843523888394, -178.89881631110822, -47.76005091394741, 5.607910473660654, 0.0016000000400000006, 268.89881631110825
2025-03-30 17:21:42,416 - 2025-03-30T17:21:42.416765, 0.12485791942610502, 0.0, -2.393987755363143, -178.91841631111518, -47.75619935317749, 5.430822738387013, 0.0016000000400000006, 268.91841631111515
2025-03-30 17:21:42,456 - 2025-03-30T17:21:42.456315, 0.12500129698992257, 0.0, -2.3887399517393213, -178.78241631106684, -47.7565825516895, 5.258739613945801, 0.0016000000400000006, 268.78241631106687
2025-03-30 17:21:42,496 - 2025-03-30T17:21:42.496840, 0.12472101954625181, 0.0, -2.3835148733136355, -178.78091631106633, -47.77082480537304, 5.087811266830288, 0.0016000000400000006, 268.78091631106633
2025-03-30 17:21:42,536 - 2025-03-30T17:21:42.536012, 0.12451513880351817, 0.0, -2.378356616522842, -178.73171631104884, -47.782564753640386, 4.919000299355754, 0.0016000000400000006, 268.73171631104884
2025-03-30 17:21:42,615 - 2025-03-30T17:21:42.615749, 0.1241453145268201, 0.0, -2.372782279790605, -178.6522163110206, -47.80007916429059, 4.736715202484904, 0.0016000000400000006, 268.6522163110206
2025-03-30 17:21:42,736 - 2025-03-30T17:21:42.736939, 0.12399868035293382, 0.0, -2.3674084079630444, -178.67321631102806, -47.81008665869217, 4.560782244536975, 0.0016000000400000006, 268.67321631102806
2025-03-30 17:21:42,816 - 2025-03-30T17:21:42.816187, 0.12430464749120151, 0.0, -2.3612313225572645, -178.53661631097955, -47.80604234715742, 4.3580937785612806, 0.0016000000400000006, 268.5366163109795
2025-03-30 17:21:42,876 - 2025-03-30T17:21:42.876239, 0.12400164484939458, 0.0, -2.355582589124091, -178.52861631097667, -47.82143937816668, 4.173306376274252, 0.0016000000400000006, 268.52861631097664
2025-03-30 17:21:42,955 - 2025-03-30T17:21:42.955966, 0.12371379233967916, 0.0, -2.350216292362575, -178.38751631092657, -47.83606655762544, 3.9977583441015376, 0.0016000000400000006, 268.38751631092657
2025-03-30 17:21:43,356 - 2025-03-30T17:21:43.356422, 0.12350033653090042, 0.0, -2.344916817235952, -178.3784163109233, -47.84819143166801, 3.8243276915698172, 0.0016000000400000006, 268.3784163109233
2025-03-30 17:21:43,495 - 2025-03-30T17:21:43.495665, 0.12314566238629254, 0.0, -2.339624917175374, -178.32511631090438, -47.864935990767755, 3.6512819648133394, 0.0016000000400000006, 268.3251163109044
2025-03-30 17:21:43,976 - 2025-03-30T17:21:43.976652, 0.12301417834449646, 0.0, -2.3345334820194723, -178.29661631089425, -47.87417363361888, 3.48458837697977, 0.0016000000400000006, 268.29661631089425
2025-03-30 17:21:45,996 - 2025-03-30T17:21:45.996080, 0.12269602557059978, 0.0, -2.328602311914639, -178.34721631091224, -47.89034051617859, 3.290561604578354, 0.0016000000400000006, 268.34721631091224
2025-03-30 17:21:46,096 - 2025-03-30T17:21:46.096101, 0.12203618955619744, 0.0, -2.3229019069786636, -178.1949163108581, -47.91747922271838, 3.1044266742008024, 0.0016000000400000006, 268.1949163108581
2025-03-30 17:21:46,255 - 2025-03-30T17:21:46.255782, 0.1220459238502305, 0.0, -2.3178028967567164, -178.19531631085823, -47.92209718051234, 2.937348160591991, 0.0016000000400000006, 268.19531631085823
2025-03-30 17:21:46,695 - 2025-03-30T17:21:46.695669, 0.12194338611310052, 0.0, -2.3119309732207305, -178.30141631089597, -47.93114207259866, 2.7450538420563393, 0.0016000000400000006, 268.301416310896
2025-03-30 17:21:46,816 - 2025-03-30T17:21:46.816070, 0.12164795853733956, 0.0, -2.306423458123386, -178.31331631090018, -47.94615417783267, 2.5648861248264674, 0.0016000000400000006, 268.3133163109002
2025-03-30 17:21:46,996 - 2025-03-30T17:21:46.996285, 0.1215908711964806, 0.0, -2.3013988446023763, -178.32761631090528, -47.95288951526759, 2.400309916633863, 0.0016000000400000006, 268.3276163109053
2025-03-30 17:21:47,277 - 2025-03-30T17:21:47.277037, 0.12137741538770186, 0.0, -2.296099369475753, -178.2450163108759, -47.96501438931017, 2.226879264102143, 0.0016000000400000006, 268.24501631087594
2025-03-30 17:21:47,557 - 2025-03-30T17:21:47.557004, 0.12146154638267204, 0.0, -2.2910671808886978, -178.248116310877, -47.96713004168793, 2.061918130134296, 0.0016000000400000006, 268.248116310877
2025-03-30 17:21:47,780 - 2025-03-30T17:21:47.780068, 0.12138173384367779, 0.0, -2.2856189123602, -178.25751631088033, -47.975020156448544, 1.8834828667701753, 0.0016000000400000006, 268.2575163108803
2025-03-30 17:21:47,857 - 2025-03-30T17:21:47.857155, 0.12131707143677373, 0.0, -2.280453080503361, -178.2858163108904, -47.982140419658705, 1.7142869735203987, 0.0016000000400000006, 268.28581631089037
2025-03-30 17:21:47,936 - 2025-03-30T17:21:47.936733, 0.12113256193266153, 0.0, -2.274373116996654, -178.4343163109432, -47.99407254293645, 1.5152555902865958, 0.0016000000400000006, 268.4343163109432
2025-03-30 17:21:48,036 - 2025-03-30T17:21:48.036264, 0.12077031272200811, 0.0, -2.2689399986002465, -178.43401631094306, -48.011202027811436, 1.3375901784729318, 0.0016000000400000006, 268.4340163109431
2025-03-30 17:21:48,496 - 2025-03-30T17:21:48.496464, 0.12098808698676278, 0.0, -2.263759016611317, -178.53801631098, -48.00908292090725, 1.1676244336726844, 0.0016000000400000006, 268.53801631097997
2025-03-30 17:21:48,635 - 2025-03-30T17:21:48.635958, 0.12074433091380365, 0.0, -2.2578946681413767, -178.6415163110168, -48.022747498050734, 0.9757150409122752, 0.0016000000400000006, 268.6415163110168
2025-03-30 17:21:48,800 - 2025-03-30T17:21:48.799987, 0.12051572497293428, 0.0, -2.2523127563430947, -178.701216311038, -48.03564222364378, 0.7930450182661968, 0.0016000000400000006, 268.701216311038
2025-03-30 17:21:49,215 - 2025-03-30T17:21:49.215920, 0.12089608881213953, 0.0, -2.246202492572207, -178.8318163110844, -48.02909560669282, 0.5924739319314661, 0.0016000000400000006, 268.83181631108437
2025-03-30 17:21:49,279 - 2025-03-30T17:21:49.279723, 0.12065233273918041, 0.0, -2.2403381441022656, -178.85101631109123, -48.04276018383631, 0.4005645391710285, 0.0016000000400000006, 268.85101631109126
2025-03-30 17:21:49,336 - 2025-03-30T17:21:49.336375, 0.12061526267742817, 0.0, -2.2330464621419415, -179.00201631114487, -48.051034648617765, 0.16168844428838416, 0.0016000000400000006, 269.00201631114487
2025-03-30 17:21:49,377 - 2025-03-30T17:21:49.377792, 0.12068424354030816, 0.0, -2.227731836883228, -179.09391631117754, -48.053920152545984, -0.012512059793792801, 0.0016000000400000006, 269.0939163111775
2025-03-30 17:21:49,416 - 2025-03-30T17:21:49.416464, 0.12053003430037679, 0.0, -2.222216746719838, -179.24181631123005, -48.06431257272279, -0.1930647027989072, 0.0016000000400000006, 269.2418163112301
2025-03-30 17:21:49,476 - 2025-03-30T17:21:49.476421, 0.12058386503116614, 0.0, -2.2166196847894657, -179.26421631123804, -48.06796792820149, -0.37650457699544243, 0.0016000000400000006, 269.26421631123804
2025-03-30 17:21:50,115 - 2025-03-30T17:21:50.115818, 0.12065284589404612, 0.0, -2.2113050595307517, -179.34011631126495, -48.07085343212971, -0.5507050810776336, 0.0016000000400000006, 269.340116311265
2025-03-30 17:21:55,380 - 2025-03-30T17:21:55.380802, 0.11945086173446251, 0.0, -2.206058609866445, -179.5535163113408, -48.115316101572496, -0.7214412531827274, 0.0016000000400000006, 269.5535163113408
2025-03-30 17:21:55,479 - 2025-03-30T17:21:55.478902, 0.11965970697365735, 0.0, -2.1993910478182848, -179.33121631126178, -48.11492887277965, -0.9401061539709322, 0.0016000000400000006, 269.33121631126176
2025-03-30 17:21:55,537 - 2025-03-30T17:21:55.536984, 0.11980173057796062, 0.0, -2.1927978824710617, -179.4297163112968, -48.11665902362776, -1.1562687493429444, 0.0016000000400000006, 269.42971631129683
2025-03-30 17:21:55,595 - 2025-03-30T17:21:55.595877, 0.12006982238600239, 0.0, -2.185914705386135, -179.5874163113528, -48.11453934096917, -1.3820556406045146, 0.0016000000400000006, 269.5874163113528
2025-03-30 17:21:55,656 - 2025-03-30T17:21:55.656038, 0.1200857777865667, 0.0, -2.179611551776616, -179.63901631137117, -48.120119325324, -1.5885939400869398, 0.0016000000400000006, 269.63901631137117
2025-03-30 17:21:55,716 - 2025-03-30T17:21:55.716352, 0.12016990878153733, 0.0, -2.174579363189561, -179.77161631141826, -48.122234977701744, -1.7535550740547727, 0.0016000000400000006, 269.77161631141826
2025-03-30 17:21:55,799 - 2025-03-30T17:21:55.799004, 0.12037253291420091, 0.0, -2.169115944528973, -179.84231631144337, -48.12088572234804, -1.9327601889693637, 0.0016000000400000006, 269.84231631144337
2025-03-30 17:21:55,877 - 2025-03-30T17:21:55.877600, 0.12058273211291004, 0.0, -2.1637937442042143, -179.91401631146886, -48.11915154121908, -2.107345618826769, 0.0016000000400000006, 269.91401631146886
2025-03-30 17:21:55,916 - 2025-03-30T17:21:55.916577, 0.12083973566740491, 0.0, -2.160664215617833, 179.99178368849766, -48.113760853102626, -2.210133467410342, 0.0016000000400000006, -89.99178368849766
2025-03-30 17:21:55,937 - 2025-03-30T17:21:55.937136, 0.1208900532106929, 0.0, -2.158962020521836, -179.98401631149372, -48.113760277348206, -2.2659546138716795, 0.0016000000400000006, 269.98401631149375
2025-03-30 17:21:55,975 - 2025-03-30T17:21:55.975892, 0.12112433156705205, 0.0, -2.155408836927967, 179.97968368849337, -48.10952436655745, -2.3826015176267688, 0.0016000000400000006, -89.97968368849337
2025-03-30 17:21:56,037 - 2025-03-30T17:21:56.037171, 0.12127393023739996, 0.0, -2.148956889916573, 179.86508368845267, -48.11086959163035, -2.594144427941608, 0.0016000000400000006, -89.86508368845267
2025-03-30 17:21:56,075 - 2025-03-30T17:21:56.075702, 0.12141730780121707, 0.0, -2.143709086292752, 179.80128368843, -48.111252790142366, -2.766227552382806, 0.0016000000400000006, -89.80128368843
2025-03-30 17:21:56,116 - 2025-03-30T17:21:56.116831, 0.12152281003480914, 0.0, -2.1377551909897834, 179.69428368839203, -48.11356061753052, -2.961409102109908, 0.0016000000400000006, -89.69428368839203
2025-03-30 17:21:56,155 - 2025-03-30T17:21:56.155727, 0.12147951886652564, 0.0, -2.131667652417031, 179.564783688346, -48.120873055751105, -3.1608254111189527, 0.0016000000400000006, -89.56478368834601
2025-03-30 17:21:56,197 - 2025-03-30T17:21:56.197798, 0.12161396740478381, 0.0, -2.1249332687339786, 179.4929836883205, -48.12298813237445, -3.381607691548123, 0.0016000000400000006, -89.49298368832049
2025-03-30 17:21:56,235 - 2025-03-30T17:21:56.235872, 0.12191235947700596, 0.0, -2.1186149649923696, 179.49498368832124, -48.11932874661495, -3.58891584258099, 0.0016000000400000006, -89.49498368832124
2025-03-30 17:21:56,276 - 2025-03-30T17:21:56.276043, 0.1217795214756956, 0.0, -2.112178168113066, 179.3527836882707, -48.12991334180219, -3.799688901345373, 0.0016000000400000006, -89.3527836882707
2025-03-30 17:21:56,317 - 2025-03-30T17:21:56.317314, 0.12194427027813415, 0.0, -2.106008657773331, 179.2387836882302, -48.13048871532461, -4.0019924415458545, 0.0016000000400000006, -89.2387836882302
2025-03-30 17:21:56,355 - 2025-03-30T17:21:56.355721, 0.12240660588432162, 0.0, -2.1001064339731648, 179.13798368819442, -48.121054867182224, -4.195826463182419, 0.0016000000400000006, -89.13798368819442
2025-03-30 17:21:56,396 - 2025-03-30T17:21:56.396788, 0.12260165495094055, 0.0, -2.0945017969767474, 179.01988368815242, -48.12009053760372, -4.379651263154183, 0.0016000000400000006, -89.01988368815242
2025-03-30 17:21:56,437 - 2025-03-30T17:21:56.437278, 0.12257351391474813, 0.0, -2.0886966950756536, 178.99598368814392, -48.12663312427384, -4.56982820204887, 0.0016000000400000006, -88.99598368814392
2025-03-30 17:21:56,476 - 2025-03-30T17:21:56.476593, 0.12271689147856568, 0.0, -2.083448891451832, 178.93058368812072, -48.12701632278584, -4.741911326490083, 0.0016000000400000006, -88.93058368812072
2025-03-30 17:21:56,516 - 2025-03-30T17:21:56.516638, 0.12320952734893353, 0.0, -2.078111540994983, 178.86408368809708, -48.11604277154254, -4.9172666078979725, 0.0016000000400000006, -88.86408368809708
2025-03-30 17:21:56,555 - 2025-03-30T17:21:56.555889, 0.12315244000807413, 0.0, -2.073086927473973, 178.76098368806046, -48.122778108977485, -5.081842816090576, 0.0016000000400000006, -88.76098368806046
2025-03-30 17:21:56,596 - 2025-03-30T17:21:56.596191, 0.12337778933887433, 0.0, -2.0680471638208733, 178.689483688035, -48.120274076298045, -5.247188875833624, 0.0016000000400000006, -88.68948368803501
2025-03-30 17:21:56,636 - 2025-03-30T17:21:56.636059, 0.12365481017247593, 0.0, -2.0626505667951776, 178.5649836879908, -48.11642251552811, -5.424276611107237, 0.0016000000400000006, -88.5649836879908
2025-03-30 17:21:56,675 - 2025-03-30T17:21:56.675632, 0.12415502110888887, 0.0, -2.057454434674158, 178.47818368795996, -48.105064038509575, -5.595012207457941, 0.0016000000400000006, -88.47818368795996
2025-03-30 17:21:56,716 - 2025-03-30T17:21:56.716787, 0.12458083534436515, 0.0, -2.052191480918246, 178.33228368790816, -48.09620786690723, -5.76786518344961, 0.0016000000400000006, -88.33228368790816
2025-03-30 17:21:56,756 - 2025-03-30T17:21:56.756160, 0.12476830934493899, 0.0, -2.0464456255859993, 178.1852836878559, -48.09562846310397, -5.956309668478561, 0.0016000000400000006, -88.1852836878559
2025-03-30 17:21:56,797 - 2025-03-30T17:21:56.797836, 0.12503775511249549, 0.0, -2.040907810224474, 178.12678368783511, -48.09216182810926, -6.138017088809345, 0.0016000000400000006, -88.12678368783511
2025-03-30 17:21:56,835 - 2025-03-30T17:21:56.835708, 0.12500961407630262, 0.0, -2.03510270832338, 178.13788368783906, -48.098704414779384, -6.328194027704032, 0.0016000000400000006, -88.13788368783908
2025-03-30 17:21:56,877 - 2025-03-30T17:21:56.877431, 0.12511511630989425, 0.0, -2.029148813020412, 177.97998368778295, -48.10101224216755, -6.5233755774311195, 0.0016000000400000006, -87.97998368778295
2025-03-30 17:21:56,916 - 2025-03-30T17:21:56.916697, 0.1251613719746385, 0.0, -2.0234105327542107, 177.8981836877539, -48.10505252342146, -6.711435136684827, 0.0016000000400000006, -87.89818368775391
2025-03-30 17:21:56,959 - 2025-03-30T17:21:56.959584, 0.12555688594593395, 0.0, -2.0175827056549807, 177.76198368770548, -48.097736054920055, -6.902766852905241, 0.0016000000400000006, -87.76198368770548
2025-03-30 17:21:56,996 - 2025-03-30T17:21:56.996100, 0.12583390677953554, 0.0, -2.0121861086292854, 177.66998368767278, -48.09388449415011, -7.079854588178826, 0.0016000000400000006, -87.66998368767278
2025-03-30 17:21:57,037 - 2025-03-30T17:21:57.037268, 0.1264223105894624, 0.0, -2.005993873091415, 177.56128368763416, -48.080600812501004, -7.283312905705007, 0.0016000000400000006, -87.56128368763416
2025-03-30 17:21:57,076 - 2025-03-30T17:21:57.076003, 0.12690737139378472, 0.0, -2.0005153042987365, 177.57228368763808, -48.070012187032944, -7.463287872170055, 0.0016000000400000006, -87.57228368763808
2025-03-30 17:21:57,116 - 2025-03-30T17:21:57.116273, 0.12725878892832343, 0.0, -1.9951855289079323, 177.39098368757362, -48.06365832084681, -7.6382582278027025, 0.0016000000400000006, -87.39098368757362
2025-03-30 17:21:57,155 - 2025-03-30T17:21:57.155873, 0.12767702809775505, 0.0, -1.9897813568161915, 177.37158368756678, -48.055187075019674, -7.815730888851545, 0.0016000000400000006, -87.37158368756678
2025-03-30 17:21:57,195 - 2025-03-30T17:21:57.195714, 0.1279691990634464, 0.0, -1.984667196462154, 177.43558368758949, -48.0505656626993, -7.983579254010812, 0.0016000000400000006, -87.43558368758949
2025-03-30 17:21:57,236 - 2025-03-30T17:21:57.236799, 0.1284618349338147, 0.0, -1.9793298460053053, 177.38968368757318, -48.03959211145598, -8.15893453541869, 0.0016000000400000006, -87.38968368757318
2025-03-30 17:21:57,276 - 2025-03-30T17:21:57.276176, 0.12867203413252382, 0.0, -1.9740076456805464, 177.36768368756535, -48.037857930327036, -8.333519965276109, 0.0016000000400000006, -87.36768368756535
2025-03-30 17:21:57,317 - 2025-03-30T17:21:57.316959, 0.1291646700028921, 0.0, -1.9686702952236976, 177.25458368752513, -48.02688437908372, -8.50887524668397, 0.0016000000400000006, -87.25458368752514
2025-03-30 17:21:57,355 - 2025-03-30T17:21:57.355895, 0.1295753341062782, 0.0, -1.963124904796127, 177.31978368754832, -48.01879805903182, -8.690967592790013, 0.0016000000400000006, -87.31978368754832
2025-03-30 17:21:57,398 - 2025-03-30T17:21:57.398093, 0.12991917657477137, 0.0, -1.9576539110694937, 177.3033836875425, -48.012829118620935, -8.870557633479832, 0.0016000000400000006, -87.30338368754249
2025-03-30 17:21:57,436 - 2025-03-30T17:21:57.436222, 0.13040423737909412, 0.0, -1.9521753422768153, 177.18678368750108, -48.002240493152854, -9.05053259994488, 0.0016000000400000006, -87.18678368750108
2025-03-30 17:21:57,498 - 2025-03-30T17:21:57.498124, 0.1301074558438189, 0.0, -1.945322465456069, 177.15788368749077, -48.01859955072297, -9.274779788105544, 0.0016000000400000006, -87.15788368749077
2025-03-30 17:21:57,576 - 2025-03-30T17:21:57.576405, 0.13075510622259223, 0.0, -1.9389146148814318, 177.11808368747666, -48.003583415208126, -9.485360096105104, 0.0016000000400000006, -87.11808368747666
2025-03-30 17:21:57,656 - 2025-03-30T17:21:57.656285, 0.13151367467301478, 0.0, -1.9319343158974327, 177.0912836874671, -47.98548729773702, -9.714804070108567, 0.0016000000400000006, -87.0912836874671
2025-03-30 17:21:57,716 - 2025-03-30T17:21:57.716178, 0.13193055988293123, 0.0, -1.9251847820822903, 177.0315836874459, -47.97836300424602, -9.936356202088202, 0.0016000000400000006, -87.0315836874459
2025-03-30 17:21:57,759 - 2025-03-30T17:21:57.759331, 0.13208151251279387, 0.0, -1.920078196794298, 176.9820836874283, -47.978361276982795, -10.10381964147225, 0.0016000000400000006, -86.98208368742829
2025-03-30 17:21:57,796 - 2025-03-30T17:21:57.796370, 0.132053371476601, 0.0, -1.914273094893204, 176.854683687383, -47.98490386365292, -10.293996580366935, 0.0016000000400000006, -86.85468368738299
2025-03-30 17:21:57,836 - 2025-03-30T17:21:57.836362, 0.13220432410646366, 0.0, -1.9091665096052124, 176.89508368739737, -47.98490213638969, -10.461460019750954, 0.0016000000400000006, -86.89508368739737
2025-03-30 17:21:57,896 - 2025-03-30T17:21:57.896095, 0.13268180984474132, 0.0, -1.9035467224767044, 176.87948368739183, -47.97469843669685, -10.646054671273196, 0.0016000000400000006, -86.87948368739183
2025-03-30 17:21:58,355 - 2025-03-30T17:21:58.355662, 0.13375446919051726, 0.0, -1.8984615084273337, 176.75778368734856, -47.94447629367437, -10.813710285667634, 0.0016000000400000006, -86.75778368734856
2025-03-30 17:21:58,516 - 2025-03-30T17:21:58.516346, 0.13408316152692024, 0.0, -1.8927080780290413, 176.74378368734358, -47.93927720481393, -11.00253969647182, 0.0016000000400000006, -86.74378368734358
2025-03-30 17:21:58,595 - 2025-03-30T17:21:58.595746, 0.13451519686892777, 0.0, -1.8862409808855578, 176.66638368731606, -47.93138305977245, -11.214852458337095, 0.0016000000400000006, -86.66638368731606
2025-03-30 17:21:58,676 - 2025-03-30T17:21:58.676030, 0.13515662614116986, 0.0, -1.881037273698493, 176.615583687298, -47.915404897696746, -11.385972980463027, 0.0016000000400000006, -86.615583687298
2025-03-30 17:21:59,097 - 2025-03-30T17:21:59.097349, 0.13537440040592452, 0.0, -1.8758562917095634, 176.65538368731217, -47.91328579079256, -11.555938725263275, 0.0016000000400000006, -86.65538368731217
2025-03-30 17:21:59,395 - 2025-03-30T17:21:59.395890, 0.13587461134233747, 0.0, -1.870660159588544, 176.74648368734455, -47.901927313774024, -11.726674321613965, 0.0016000000400000006, -86.74648368734455
2025-03-30 17:22:01,256 - 2025-03-30T17:22:01.256313, 0.1366559049908953, 0.0, -1.8641035156120322, 176.85008368738136, -47.882676418977226, -11.942259240445926, 0.0016000000400000006, -86.85008368738136
2025-03-30 17:22:01,315 - 2025-03-30T17:22:01.315680, 0.13692399679893752, 0.0, -1.8572203385271058, 177.1067836874726, -47.880556736318624, -12.168046131707504, 0.0016000000400000006, -87.10678368747261
2025-03-30 17:22:01,357 - 2025-03-30T17:22:01.357710, 0.13700812779390814, 0.0, -1.8521881499400505, 177.40318368757795, -47.88267238869638, -12.333007265675343, 0.0016000000400000006, -87.40318368757795
2025-03-30 17:22:01,416 - 2025-03-30T17:22:01.416025, 0.13700135799633628, 0.0, -1.8454613413230434, 177.66648368767156, -47.88940715037691, -12.55340462032929, 0.0016000000400000006, -87.66648368767156
2025-03-30 17:22:01,476 - 2025-03-30T17:22:01.476053, 0.13663910878568286, 0.0, -1.8400282229266363, 177.91218368775884, -47.906536635251896, -12.731070032142949, 0.0016000000400000006, -87.91218368775884
2025-03-30 17:22:01,558 - 2025-03-30T17:22:01.558845, 0.13626928450898435, 0.0, -1.8344538861943989, 178.1774836878531, -47.92405104590211, -12.913355129013812, 0.0016000000400000006, -88.17748368785311
2025-03-30 17:22:01,637 - 2025-03-30T17:22:01.637472, 0.13621219716812538, 0.0, -1.8294292726733896, 178.6087836880064, -47.93078638333704, -13.077931337206396, 0.0016000000400000006, -88.60878368800641
2025-03-30 17:22:01,695 - 2025-03-30T17:22:01.695773, 0.13601389149143683, 0.0, -1.824412234218425, 178.75948368805993, -47.942141405829155, -13.242122619623764, 0.0016000000400000006, -88.75948368805993
2025-03-30 17:22:01,756 - 2025-03-30T17:22:01.756298, 0.13568816365149594, 0.0, -1.818339845777763, 179.17588368820785, -47.95869321416405, -13.44076907708234, 0.0016000000400000006, -89.17588368820785
2025-03-30 17:22:01,816 - 2025-03-30T17:22:01.816642, 0.13515304188131827, 0.0, -1.811004067380682, 179.59828368835792, -47.983329039533245, -13.68060777428027, 0.0016000000400000006, -89.59828368835792
2025-03-30 17:22:01,856 - 2025-03-30T17:22:01.856247, 0.1349836825092967, 0.0, -1.8052065405456337, 179.89388368846292, -47.99449131126052, -13.870399787399716, 0.0016000000400000006, -89.89388368846292
2025-03-30 17:22:01,876 - 2025-03-30T17:22:01.876241, 0.1347502094214108, 0.0, -1.8021741338583253, -179.87691631145566, -48.00507705795658, -13.96953055324138, 0.0016000000400000006, 269.87691631145566
2025-03-30 17:22:01,919 - 2025-03-30T17:22:01.919284, 0.13399325150793562, 0.0, -1.7959832522799686, -179.5707163113469, -48.03587284723828, -14.171641918431463, 0.0016000000400000006, 269.5707163113469
2025-03-30 17:22:01,956 - 2025-03-30T17:22:01.956723, 0.13360070203310181, 0.0, -1.7899852605402438, -179.2464163112317, -48.05454203521418, -14.367786070473837, 0.0016000000400000006, 269.2464163112317
2025-03-30 17:22:01,996 - 2025-03-30T17:22:01.996362, 0.1331186057252407, 0.0, -1.7836380104939682, -178.67041631102705, -48.07648338015674, -14.575286972271527, 0.0016000000400000006, 268.67041631102705
2025-03-30 17:22:02,036 - 2025-03-30T17:22:02.036247, 0.1331497112578952, 0.0, -1.777617293556108, -178.43231631094244, -48.0812935129611, -14.772585901639587, 0.0016000000400000006, 268.43231631094244
2025-03-30 17:22:02,076 - 2025-03-30T17:22:02.076650, 0.13305474858681032, 0.0, -1.771886588355951, -178.12921631083475, -48.0899534792722, -14.960260535118096, 0.0016000000400000006, 268.12921631083475
2025-03-30 17:22:02,116 - 2025-03-30T17:22:02.116210, 0.13212005096679436, 0.0, -1.7663425518878957, -177.95161631077164, -48.12594663015112, -15.141005928887983, 0.0016000000400000006, 267.95161631077167
2025-03-30 17:22:02,156 - 2025-03-30T17:22:02.156949, 0.13177295188823157, 0.0, -1.7611918701631466, -177.64551631066286, -48.14230626347563, -15.30943197058731, 0.0016000000400000006, 267.64551631066286
2025-03-30 17:22:02,195 - 2025-03-30T17:22:02.195936, 0.1310614443710274, 0.0, -1.7558482985997665, -177.42871631058583, -48.17079249810594, -15.483825225434316, 0.0016000000400000006, 267.42871631058586
2025-03-30 17:22:02,235 - 2025-03-30T17:22:02.235840, 0.13071434529246506, 0.0, -1.750697616875018, -177.28291631053403, -48.18715213143043, -15.652251267133629, 0.0016000000400000006, 267.28291631053406
2025-03-30 17:22:02,276 - 2025-03-30T17:22:02.276110, 0.1306572579516061, 0.0, -1.7456730033540082, -177.12551631047808, -48.19388746886536, -15.816827475326226, 0.0016000000400000006, 267.1255163104781
2025-03-30 17:22:02,315 - 2025-03-30T17:22:02.315764, 0.13023576217210575, 0.0, -1.7404554999943675, -176.86221631038444, -48.2127494076061, -15.987370896666503, 0.0016000000400000006, 266.86221631038444
2025-03-30 17:22:02,356 - 2025-03-30T17:22:02.355978, 0.12988866309354252, 0.0, -1.7353048182696185, -176.79091631035914, -48.229109040930624, -16.15579693836583, 0.0016000000400000006, 266.79091631035914
2025-03-30 17:22:02,416 - 2025-03-30T17:22:02.416439, 0.12892231124983233, 0.0, -1.7278505467348433, -176.45961631024133, -48.26798884724655, -16.399100543295255, 0.0016000000400000006, 266.45961631024136
2025-03-30 17:22:02,476 - 2025-03-30T17:22:02.476470, 0.12822459990520407, 0.0, -1.7214440501197208, -176.32531631019356, -48.2970521826625, -16.60833389895869, 0.0016000000400000006, 266.32531631019356
2025-03-30 17:22:02,616 - 2025-03-30T17:22:02.616435, 0.12752824252009054, 0.0, -1.7163829152279995, -176.24421631016472, -48.32476856574233, -16.773487783691344, 0.0016000000400000006, 266.2442163101647
2025-03-30 17:22:02,716 - 2025-03-30T17:22:02.716210, 0.12738782945273464, 0.0, -1.7098049000128666, -176.08351631010757, -48.335738086704815, -16.988880527512894, 0.0016000000400000006, 266.0835163101076
2025-03-30 17:22:02,757 - 2025-03-30T17:22:02.757173, 0.1268995120383427, 0.0, -1.7046617933541635, -176.10881631011657, -48.3567174050865, -17.156921643436956, 0.0016000000400000006, 266.1088163101166
2025-03-30 17:22:02,796 - 2025-03-30T17:22:02.796124, 0.12644771599466198, 0.0, -1.698879416651205, -176.0619163100999, -48.377119046928144, -17.345943805005966, 0.0016000000400000006, 266.0619163100999
2025-03-30 17:22:02,836 - 2025-03-30T17:22:02.836895, 0.12583197641701593, 0.0, -1.692680960006804, -175.92081631004973, -48.40329515115267, -17.54844009597124, 0.0016000000400000006, 265.92081631004976
2025-03-30 17:22:02,876 - 2025-03-30T17:22:02.876134, 0.1250233470007398, 0.0, -1.686846911801044, -175.98541631007268, -48.43543846852485, -17.738809785630743, 0.0016000000400000006, 265.98541631007265
2025-03-30 17:22:02,936 - 2025-03-30T17:22:02.936402, 0.12449715425612151, 0.0, -1.6809977134631935, -175.99881631007747, -48.45834241578271, -17.929949326840717, 0.0016000000400000006, 265.9988163100775
2025-03-30 17:22:03,038 - 2025-03-30T17:22:03.038308, 0.12426097324920793, 0.0, -1.6752745833290827, -175.90711631004487, -48.471622067150946, -18.117239034543946, 0.0016000000400000006, 265.9071163100449
2025-03-30 17:22:03,119 - 2025-03-30T17:22:03.119130, 0.12388221994695003, 0.0, -1.668213666537615, -175.82221631001465, -48.4908683559125, -18.348223287402764, 0.0016000000400000006, 265.8222163100147
2025-03-30 17:22:03,179 - 2025-03-30T17:22:03.179509, 0.1234883165126015, 0.0, -1.6608703130744882, -175.7363163099841, -48.51088449622452, -18.588446910375943, 0.0016000000400000006, 265.7363163099841
2025-03-30 17:22:03,216 - 2025-03-30T17:22:03.216022, 0.1230592456670565, 0.0, -1.6555115913790184, -175.71621630997694, -48.53013136074046, -18.76361001677339, 0.0016000000400000006, 265.71621630997697
2025-03-30 17:22:03,255 - 2025-03-30T17:22:03.255880, 0.12236910938847378, 0.0, -1.6492463130997246, -175.62911630994594, -48.558809770381174, -18.968223687379677, 0.0016000000400000006, 265.62911630994597
2025-03-30 17:22:03,296 - 2025-03-30T17:22:03.296237, 0.12174579474478309, 0.0, -1.6429066381194946, -175.59401630993347, -48.585370800380915, -19.175339663402124, 0.0016000000400000006, 265.59401630993347
2025-03-30 17:22:03,336 - 2025-03-30T17:22:03.336347, 0.12134567020390419, 0.0, -1.6367674280439406, -175.6556163099554, -48.60442491413204, -19.376103500501664, 0.0016000000400000006, 265.6556163099554
2025-03-30 17:22:03,376 - 2025-03-30T17:22:03.376310, 0.12061143748856473, 0.0, -1.6310002014730727, -175.60991630993914, -48.634065926088034, -19.564355810520194, 0.0016000000400000006, 265.60991630993914
2025-03-30 17:22:03,436 - 2025-03-30T17:22:03.436281, 0.11979387904672878, 0.0, -1.623679573208082, -175.62481630994444, -48.667941121571566, -19.80342465616766, 0.0016000000400000006, 265.62481630994444
2025-03-30 17:22:03,497 - 2025-03-30T17:22:03.497276, 0.11907479646347952, 0.0, -1.6181947833088728, -175.5492163099175, -48.6968122819771, -19.982437596071833, 0.0016000000400000006, 265.5492163099175
2025-03-30 17:22:03,837 - 2025-03-30T17:22:03.837287, 0.11874906862353773, 0.0, -1.6121223948682104, -175.55641630992008, -48.71336409031203, -20.181084053530423, 0.0016000000400000006, 265.5564163099201
2025-03-30 17:22:03,895 - 2025-03-30T17:22:03.895846, 0.11852803774871346, 0.0, -1.6066817014057575, -175.52651630990943, -48.72587389012985, -20.35913439111933, 0.0016000000400000006, 265.5265163099094
2025-03-30 17:22:03,956 - 2025-03-30T17:22:03.956008, 0.11797289869942951, 0.0, -1.6016129914479915, -175.44221630987948, -48.7489705881525, -20.5246732016272, 0.0016000000400000006, 265.4422163098795
2025-03-30 17:22:04,056 - 2025-03-30T17:22:04.056054, 0.1171339690189721, 0.0, -1.5952140698989137, -175.3639163098516, -48.78265360862563, -20.73352163151542, 0.0016000000400000006, 265.36391630985156
2025-03-30 17:22:04,155 - 2025-03-30T17:22:04.155683, 0.11678686994040932, 0.0, -1.5900633881741655, -175.32031630983607, -48.79901324195014, -20.901947673214718, 0.0016000000400000006, 265.3203163098361
2025-03-30 17:22:07,595 - 2025-03-30T17:22:07.595652, 0.11617870542880926, 0.0, -1.5840061498655933, -175.4609163098861, -48.8248044203994, -21.099824279122842, 0.0016000000400000006, 265.4609163098861
2025-03-30 17:22:07,655 - 2025-03-30T17:22:07.655835, 0.11632208299262636, 0.0, -1.5787583462417718, -175.92641631005168, -48.82518761891143, -21.271907403564054, 0.0016000000400000006, 265.92641631005165
2025-03-30 17:22:07,716 - 2025-03-30T17:22:07.715982, 0.11618302388478563, 0.0, -1.5735256927500405, -176.22771631015888, -48.83481018753777, -21.443220676454803, 0.0016000000400000006, 266.2277163101589
2025-03-30 17:22:07,795 - 2025-03-30T17:22:07.795806, 0.11611078641183559, 0.0, -1.5682186425573725, -176.630216310302, -48.84231537652319, -21.617036254761743, 0.0016000000400000006, 266.630216310302
2025-03-30 17:22:07,996 - 2025-03-30T17:22:07.996002, 0.11675221568407812, 0.0, -1.5630149353703073, -177.03101631044447, -48.82633721444748, -21.78815677688769, 0.0016000000400000006, 267.03101631044444
2025-03-30 17:22:08,135 - 2025-03-30T17:22:08.135705, 0.11714015458932847, 0.0, -1.557045889935249, -177.5471163106279, -48.819405671721285, -21.984108178165236, 0.0016000000400000006, 267.54711631062787
2025-03-30 17:22:08,216 - 2025-03-30T17:22:08.216550, 0.11728353215314602, 0.0, -1.5517980863114276, -177.81081631072163, -48.819788870233296, -22.156191302606448, 0.0016000000400000006, 267.81081631072163
2025-03-30 17:22:08,277 - 2025-03-30T17:22:08.277361, 0.11790223622725282, 0.0, -1.5461707241168745, -178.17271631085023, -48.80496548548327, -22.34117087990391, 0.0016000000400000006, 268.1727163108502
2025-03-30 17:22:08,339 - 2025-03-30T17:22:08.339645, 0.11827367104089825, 0.0, -1.5385738802867555, -178.61611631100777, -48.800150746643666, -22.59044112222662, 0.0016000000400000006, 268.6161163110078
2025-03-30 17:22:08,376 - 2025-03-30T17:22:08.376091, 0.11856584200659048, 0.0, -1.5334597199327185, -178.81741631107928, -48.79552933432326, -22.758289487385873, 0.0016000000400000006, 268.8174163110793
2025-03-30 17:22:08,415 - 2025-03-30T17:22:08.415783, 0.11885665901276754, 0.0, -1.5270001978552799, -179.16041631120117, -48.79225487433899, -22.97021732347593, 0.0016000000400000006, 269.1604163112012
2025-03-30 17:22:08,456 - 2025-03-30T17:22:08.456649, 0.11936309105571219, 0.0, -1.5205999223466882, -179.43001631129692, -48.781858423881296, -23.18041270570024, 0.0016000000400000006, 269.4300163112969
2025-03-30 17:22:08,495 - 2025-03-30T17:22:08.495753, 0.11971315463073662, 0.0, -1.5139247852324829, -179.81701631143437, -48.77685151003127, -23.399462532263673, 0.0016000000400000006, 269.8170163114344
2025-03-30 17:22:08,536 - 2025-03-30T17:22:08.536648, 0.11991442480388637, 0.0, -1.507116004848493, 179.82438368843822, -48.776849207013655, -23.622747118109064, 0.0016000000400000006, -89.82438368843822
2025-03-30 17:22:08,576 - 2025-03-30T17:22:08.576243, 0.12033888507984836, 0.0, -1.5005076893691802, 179.58288368835244, -48.769339987747415, -23.83967956503151, 0.0016000000400000006, -89.58288368835244
2025-03-30 17:22:08,616 - 2025-03-30T17:22:08.615984, 0.12070409878696253, 0.0, -1.4941149889266332, 179.28298368824588, -48.763563222346946, -24.049490021480615, 0.0016000000400000006, -89.28298368824588
2025-03-30 17:22:08,655 - 2025-03-30T17:22:08.655736, 0.12102521605732086, 0.0, -1.4882203401925116, 178.88168368810335, -48.758749059261724, -24.242939117341972, 0.0016000000400000006, -88.88168368810335
2025-03-30 17:22:08,696 - 2025-03-30T17:22:08.696023, 0.12156952343049143, 0.0, -1.4825261563630674, 178.56788368799184, -48.74642797992788, -24.43003607428038, 0.0016000000400000006, -88.56788368799184
2025-03-30 17:22:08,736 - 2025-03-30T17:22:08.736894, 0.12220337763668798, 0.0, -1.4771812308401726, 178.33488368790907, -48.730834743627426, -24.605776281463505, 0.0016000000400000006, -88.33488368790908
2025-03-30 17:22:08,800 - 2025-03-30T17:22:08.800786, 0.122716030786163, 0.0, -1.469576811944009, 177.91878368776122, -48.721400319730634, -24.85543144956143, 0.0016000000400000006, -87.91878368776122
2025-03-30 17:22:08,859 - 2025-03-30T17:22:08.859551, 0.12323761296119784, 0.0, -1.463458973107076, 177.5998836876479, -48.710234017722485, -25.056387461671388, 0.0016000000400000006, -87.59988368764789
2025-03-30 17:22:08,915 - 2025-03-30T17:22:08.915758, 0.12404163180789096, 0.0, -1.4573259841380528, 177.2741836875321, -48.6898283456, -25.258113325331802, 0.0016000000400000006, -87.27418368753209
2025-03-30 17:22:08,977 - 2025-03-30T17:22:08.977190, 0.12475610382155677, 0.0, -1.4508437368624785, 176.9491836874166, -48.67269483044418, -25.471195938747556, 0.0016000000400000006, -86.94918368741659
2025-03-30 17:22:09,036 - 2025-03-30T17:22:09.036095, 0.12547815090126724, 0.0, -1.4445027079227342, 176.66748368731646, -48.655176389513144, -25.67965886710611, 0.0016000000400000006, -86.66748368731646
2025-03-30 17:22:09,095 - 2025-03-30T17:22:09.095759, 0.12624429441773444, 0.0, -1.4376636272745635, 176.44908368723878, -48.63669534626682, -25.90448315605243, 0.0016000000400000006, -86.44908368723878
2025-03-30 17:22:09,155 - 2025-03-30T17:22:09.155750, 0.1269801376700208, 0.0, -1.430259673283076, 176.14798368713173, -48.61975400612142, -26.147786185227442, 0.0016000000400000006, -86.14798368713173
2025-03-30 17:22:09,196 - 2025-03-30T17:22:09.196400, 0.1276808135111107, 0.0, -1.4248403510592444, 175.9065836870459, -48.60204339017995, -26.326028697826754, 0.0016000000400000006, -85.9065836870459
2025-03-30 17:22:09,235 - 2025-03-30T17:22:09.235742, 0.12838148935220017, 0.0, -1.419421028835413, 175.68348368696647, -48.5843327742385, -26.504271210426065, 0.0016000000400000006, -85.68348368696647
2025-03-30 17:22:09,278 - 2025-03-30T17:22:09.278400, 0.12875427812536033, 0.0, -1.413169546728696, 175.50478368690293, -48.57817108306276, -26.709461981817963, 0.0016000000400000006, -85.50478368690293
2025-03-30 17:22:09,316 - 2025-03-30T17:22:09.316150, 0.12927586030039473, 0.0, -1.407051707891763, 175.38448368686014, -48.567004781054635, -26.910417993927922, 0.0016000000400000006, -85.38448368686014
2025-03-30 17:22:09,356 - 2025-03-30T17:22:09.356652, 0.13007987914708785, 0.0, -1.4009187189227394, 175.1904836867911, -48.546599108932156, -27.11214385758835, 0.0016000000400000006, -85.19048368679111
2025-03-30 17:22:09,396 - 2025-03-30T17:22:09.396119, 0.1306758580230598, 0.0, -1.394867701720699, 174.98938368671952, -48.53293050150781, -27.310982490057324, 0.0016000000400000006, -84.98938368671952
2025-03-30 17:22:09,436 - 2025-03-30T17:22:09.436678, 0.1315694237027798, 0.0, -1.3890839710582257, 174.72098368662398, -48.50925267241869, -27.501351603962444, 0.0016000000400000006, -84.72098368662398
2025-03-30 17:22:09,476 - 2025-03-30T17:22:09.476617, 0.1321881277768875, 0.0, -1.3834566088636735, 174.47298368653568, -48.494429287668645, -27.686331181259877, 0.0016000000400000006, -84.47298368653568
2025-03-30 17:22:09,516 - 2025-03-30T17:22:09.516003, 0.13288122855193185, 0.0, -1.377896068304012, 174.3168836864801, -48.47710359750241, -27.869193378916393, 0.0016000000400000006, -84.31688368648011
2025-03-30 17:22:09,560 - 2025-03-30T17:22:09.559977, 0.13413920267029367, 0.0, -1.372305227480171, 174.07598368639432, -48.44129916710749, -28.05359527967379, 0.0016000000400000006, -84.07598368639432
2025-03-30 17:22:09,616 - 2025-03-30T17:22:09.616353, 0.13498109684721227, 0.0, -1.3668783301902945, 173.97358368635784, -48.418968866108855, -28.23222271804833, 0.0016000000400000006, -83.97358368635786
2025-03-30 17:22:09,696 - 2025-03-30T17:22:09.696066, 0.13576374445528439, 0.0, -1.3616670479371837, 173.83558368630867, -48.39837101897596, -28.403728165949513, 0.0016000000400000006, -83.83558368630867
2025-03-30 17:22:09,776 - 2025-03-30T17:22:09.776245, 0.13669518546523074, 0.0, -1.3565894089538584, 173.6102836862284, -48.37276856101066, -28.570998854568714, 0.0016000000400000006, -83.6102836862284
2025-03-30 17:22:09,855 - 2025-03-30T17:22:09.855909, 0.13734418980351926, 0.0, -1.3515269201026232, 173.43458368616578, -48.35640547315969, -28.73749969163746, 0.0016000000400000006, -83.43458368616578
2025-03-30 17:22:09,935 - 2025-03-30T17:22:09.935758, 0.13883292909073708, 0.0, -1.346277762519287, 173.34358368613337, -48.31270920074094, -28.910929768414793, 0.0016000000400000006, -83.34358368613339
2025-03-30 17:22:10,016 - 2025-03-30T17:22:10.016255, 0.1398752881723322, 0.0, -1.3406276751265986, 173.09328368604412, -48.28402676081939, -29.097064123037946, 0.0016000000400000006, -83.09328368604412
2025-03-30 17:22:10,115 - 2025-03-30T17:22:10.115821, 0.1410361403916216, 0.0, -1.3345463576603773, 172.8497836859573, -48.25187941316634, -29.297442458607847, 0.0016000000400000006, -82.8497836859573
2025-03-30 17:22:10,177 - 2025-03-30T17:22:10.177281, 0.14188560963458574, 0.0, -1.32926067870633, 172.8269836859492, -48.229164186392474, -29.471450211925216, 0.0016000000400000006, -82.82698368594919
2025-03-30 17:22:10,236 - 2025-03-30T17:22:10.236615, 0.1433351196320647, 0.0, -1.3219600677204464, 172.64728368588507, -48.18873949518594, -29.712058184919194, 0.0016000000400000006, -82.64728368588507
2025-03-30 17:22:10,279 - 2025-03-30T17:22:10.279034, 0.14413156341271272, 0.0, -1.3156858604155932, 172.46738368582092, -48.16871874883869, -29.9184037336368, 0.0016000000400000006, -82.46738368582092
2025-03-30 17:22:10,315 - 2025-03-30T17:22:10.315857, 0.14530756576409143, 0.0, -1.3098869796210306, 172.37478368578786, -48.13580154963522, -30.10954269909236, 0.0016000000400000006, -82.37478368578786
2025-03-30 17:22:10,355 - 2025-03-30T17:22:10.355928, 0.14579262656841507, 0.0, -1.3044084108283522, 172.39448368579488, -48.125212924167116, -30.28951766555741, 0.0016000000400000006, -82.39448368579488
2025-03-30 17:22:10,416 - 2025-03-30T17:22:10.416489, 0.1466861922481355, 0.0, -1.2986246801658794, 172.14098368570444, -48.10153509507798, -30.479886779462515, 0.0016000000400000006, -82.14098368570444
2025-03-30 17:22:11,035 - 2025-03-30T17:22:11.035759, 0.14815978140326358, 0.0, -1.293093085910885, 172.0155836856597, -48.05860867420967, -30.66255622635418, 0.0016000000400000006, -82.01558368565969
2025-03-30 17:22:11,136 - 2025-03-30T17:22:11.136003, 0.14878606054341637, 0.0, -1.2876069420521614, 171.90288368561946, -48.0434003636844, -30.842916118594466, 0.0016000000400000006, -81.90288368561946
2025-03-30 17:22:11,236 - 2025-03-30T17:22:11.236187, 0.14970992648731762, 0.0, -1.2823880847330065, 171.7765836855743, -48.01818283149433, -31.014806492270854, 0.0016000000400000006, -81.77658368557431
2025-03-30 17:22:11,436 - 2025-03-30T17:22:11.436341, 0.1504925740953893, 0.0, -1.2771768024798966, 171.64608368552774, -47.997584984361445, -31.186311940172008, 0.0016000000400000006, -81.64608368552774
2025-03-30 17:22:14,335 - 2025-03-30T17:22:14.335950, 0.1519737383165629, 0.0, -1.2717864265607313, 172.0520836856727, -47.954273637717904, -31.364361702006512, 0.0016000000400000006, -82.0520836856727
2025-03-30 17:22:14,477 - 2025-03-30T17:22:14.476810, 0.15204407313895762, 0.0, -1.2678171630254194, 172.63988368588244, -47.95581218931, -31.494482735157895, 0.0016000000400000006, -82.63988368588244
2025-03-30 17:22:14,615 - 2025-03-30T17:22:14.615792, 0.1518622715538731, 0.0, -1.2644279229655142, 173.22268368609025, -47.96505040791557, -31.60535517653015, 0.0016000000400000006, -83.22268368609025
2025-03-30 17:22:14,755 - 2025-03-30T17:22:14.755812, 0.15154682669900588, 0.0, -1.261187476307485, 173.71758368626664, -47.97852338580303, -31.711223007069947, 0.0016000000400000006, -83.71758368626664
2025-03-30 17:22:14,916 - 2025-03-30T17:22:14.916332, 0.15117213527529083, 0.0, -1.2581626446862217, 174.2191836864453, -47.99372881755627, -31.809968847136382, 0.0016000000400000006, -84.21918368644529
2025-03-30 17:22:15,115 - 2025-03-30T17:22:15.115722, 0.15078986878553113, 0.0, -1.2549965947291288, 174.74778368663354, -48.00931917508471, -31.913334372260014, 0.0016000000400000006, -84.74778368663354
2025-03-30 17:22:15,235 - 2025-03-30T17:22:15.235763, 0.15058669596182606, 0.0, -1.2525290613851379, 175.2354836868071, -48.01836521867985, -31.993986397872977, 0.0016000000400000006, -85.2354836868071
2025-03-30 17:22:15,375 - 2025-03-30T17:22:15.375703, 0.15005563607019168, 0.0, -1.249229368158261, 175.80668368701032, -48.038960187040715, -32.10158668227854, 0.0016000000400000006, -85.80668368701032
2025-03-30 17:22:15,556 - 2025-03-30T17:22:15.555987, 0.14960654794553951, 0.0, -1.2461377149021056, 176.3317836871971, -48.056667924210146, -32.20244990198596, 0.0016000000400000006, -86.3317836871971
2025-03-30 17:22:15,736 - 2025-03-30T17:22:15.736343, 0.14904654174923815, 0.0, -1.2436185100553123, 176.82608368737286, -48.07745564333584, -32.28444945568945, 0.0016000000400000006, -86.82608368737286
2025-03-30 17:22:15,855 - 2025-03-30T17:22:15.855681, 0.14870972565574947, 0.0, -1.241299770113196, 177.335783687554, -48.0907364462129, -32.360096870469995, 0.0016000000400000006, -87.335783687554
2025-03-30 17:22:15,995 - 2025-03-30T17:22:15.995936, 0.14807532275851143, 0.0, -1.2387137436315112, 177.82758368772878, -48.11402647075479, -32.44421380381444, 0.0016000000400000006, -87.82758368772878
2025-03-30 17:22:16,136 - 2025-03-30T17:22:16.136867, 0.1475594129989668, 0.0, -1.2356964870762925, 178.4593836879533, -48.1338515875652, -32.54257471810567, 0.0016000000400000006, -88.4593836879533
2025-03-30 17:22:16,296 - 2025-03-30T17:22:16.296631, 0.1469766816045306, 0.0, -1.2327536272220119, 178.98188368813894, -48.15579408401658, -32.63843332698067, 0.0016000000400000006, -88.98188368813894
2025-03-30 17:22:16,475 - 2025-03-30T17:22:16.475870, 0.14620863543750806, 0.0, -1.2303163941422013, 179.54238368833805, -48.18331886784042, -32.71754564949272, 0.0016000000400000006, -89.54238368833805
2025-03-30 17:22:16,636 - 2025-03-30T17:22:16.636542, 0.14568515061191878, 0.0, -1.2271579192511544, -179.9223163114718, -48.20352891042605, -32.820526248841084, 0.0016000000400000006, 269.92231631147183
2025-03-30 17:22:17,015 - 2025-03-30T17:22:17.015774, 0.1447001354486157, 0.0, -1.2233160778790952, -179.40451631128786, -48.23952263705936, -32.94545049614967, 0.0016000000400000006, 269.40451631128786
2025-03-30 17:22:17,216 - 2025-03-30T17:22:17.216869, 0.1439445314946548, 0.0, -1.2184705580241406, -178.88861631110458, -48.26897147400496, -33.10348239040894, 0.0016000000400000006, 268.88861631110456
2025-03-30 17:22:17,517 - 2025-03-30T17:22:17.517265, 0.14305528427090985, 0.0, -1.2137738315710607, -178.37011631092037, -48.30265507023249, -33.256509673835794, 0.0016000000400000006, 268.37011631092037
2025-03-30 17:22:17,856 - 2025-03-30T17:22:17.856775, 0.14227695511881455, 0.0, -1.2085046567086182, -178.0308163107998, -48.33325868450374, -33.4284006232666, 0.0016000000400000006, 268.03081631079976
2025-03-30 17:22:18,178 - 2025-03-30T17:22:18.178067, 0.14157302266765548, 0.0, -1.2033023034810673, -177.83431631072997, -48.36135999335882, -33.59817419305643, 0.0016000000400000006, 267.83431631072995
2025-03-30 17:22:18,456 - 2025-03-30T17:22:18.456416, 0.1407946935155593, 0.0, -1.1980331286186248, -177.55871631063204, -48.391963607630096, -33.77006514248722, 0.0016000000400000006, 267.558716310632
2025-03-30 17:22:18,755 - 2025-03-30T17:22:18.755726, 0.14037319773605939, 0.0, -1.1928156252589837, -177.3502163105579, -48.410825546370816, -33.940608563827524, 0.0016000000400000006, 267.3502163105579
2025-03-30 17:23:06,656 - 2025-03-30T17:23:06.655997, 0.14079901197153566, 0.0, -1.187552671503072, -177.27771631053218, -48.401969374768456, -34.11346153981919, 0.0016000000400000006, 267.2777163105322
2025-03-30 17:23:06,815 - 2025-03-30T17:23:06.815716, 0.1403106945571433, 0.0, -1.1824095648443684, -177.1858163104995, -48.42294869315016, -34.281502655743274, 0.0016000000400000006, 267.1858163104995
2025-03-30 17:23:07,695 - 2025-03-30T17:23:07.695747, 0.14039482555211302, 0.0, -1.1773773762573132, -177.1388163104828, -48.425064345527936, -34.44646378971112, 0.0016000000400000006, 267.1388163104828
2025-03-30 17:23:07,815 - 2025-03-30T17:23:07.815780, 0.1399065081377211, 0.0, -1.1722342695986097, -177.05581631045328, -48.44604366390962, -34.6145049056352, 0.0016000000400000006, 267.0558163104533
2025-03-30 17:23:08,496 - 2025-03-30T17:23:08.496232, 0.140328003917221, 0.0, -1.1774517729582508, -177.0333163104453, -48.42718172516891, -34.4439614842949, 0.0016000000400000006, 267.0333163104453
2025-03-30 17:23:08,556 - 2025-03-30T17:23:08.556593, 0.1408328254232183, 0.0, -1.1842226780120142, -176.93561631041058, -48.40408560290063, -34.222601527325686, 0.0016000000400000006, 266.9356163104106
2025-03-30 17:23:08,597 - 2025-03-30T17:23:08.597494, 0.1410917316282676, 0.0, -1.1903694631536137, -176.91991631040497, -48.38965117420668, -34.021452764450906, 0.0016000000400000006, 266.919916310405
2025-03-30 17:23:08,636 - 2025-03-30T17:23:08.636585, 0.1413809380974982, 0.0, -1.1970811216385306, -176.82361631037074, -48.37367704241179, -33.80182526134741, 0.0016000000400000006, 266.82361631037077
2025-03-30 17:23:08,676 - 2025-03-30T17:23:08.676348, 0.14192363493372095, 0.0, -1.2045581183714411, -176.7135163103316, -48.348656291267375, -33.55736687909231, 0.0016000000400000006, 266.7135163103316
2025-03-30 17:23:08,717 - 2025-03-30T17:23:08.717428, 0.14225071673317702, 0.0, -1.211975868535505, -176.70471631032848, -48.33075753059634, -33.31464095070293, 0.0016000000400000006, 266.7047163103285
2025-03-30 17:23:08,756 - 2025-03-30T17:23:08.756323, 0.14286023520429136, 0.0, -1.2193784685674784, -176.57731631028318, -48.30361939981096, -33.07268487386402, 0.0016000000400000006, 266.5773163102832
2025-03-30 17:23:08,798 - 2025-03-30T17:23:08.798024, 0.14331338520748638, 0.0, -1.2265062069938377, -176.52071631026305, -48.28187080563322, -32.83958324136425, 0.0016000000400000006, 266.5207163102631
2025-03-30 17:23:08,835 - 2025-03-30T17:23:08.835933, 0.14358744154462633, 0.0, -1.232935428807096, -176.39281631021757, -48.2666665253888, -32.62919510837512, 0.0016000000400000006, 266.39281631021754
2025-03-30 17:23:08,876 - 2025-03-30T17:23:08.876597, 0.14404681265435215, 0.0, -1.2388590238458832, -176.33491631019697, -48.24587995777193, -32.43555326174896, 0.0016000000400000006, 266.33491631019695
2025-03-30 17:23:08,916 - 2025-03-30T17:23:08.916032, 0.14433466516406757, 0.0, -1.2442253206073985, -176.24351631016447, -48.23125277831318, -32.260005229576265, 0.0016000000400000006, 266.24351631016447
2025-03-30 17:23:08,956 - 2025-03-30T17:23:08.956051, 0.1446741891765857, 0.0, -1.2492347839963185, -176.2466163101656, -48.21527807076387, -32.0961988729341, 0.0016000000400000006, 266.24661631016556
2025-03-30 17:23:09,016 - 2025-03-30T17:23:09.016586, 0.1451273391797807, 0.0, -1.2563625224226778, -176.18521631014374, -48.19352947658613, -31.86309724043434, 0.0016000000400000006, 266.18521631014374
2025-03-30 17:23:09,076 - 2025-03-30T17:23:09.076248, 0.14557291411693063, 0.0, -1.263349042513208, -176.15991631013475, -48.172165808183614, -31.63461529299174, 0.0016000000400000006, 266.15991631013475
2025-03-30 17:23:09,139 - 2025-03-30T17:23:09.139106, 0.14572090225033119, 0.0, -1.27006827606417, -176.05861631009873, -48.160811361445916, -31.414602864113018, 0.0016000000400000006, 266.0586163100987
2025-03-30 17:23:09,196 - 2025-03-30T17:23:09.196561, 0.14642618866100454, 0.0, -1.276615991015122, -175.90731631004493, -48.13136310025473, -31.200749823392403, 0.0016000000400000006, 265.90731631004496
2025-03-30 17:23:09,295 - 2025-03-30T17:23:09.295806, 0.1466988910386302, 0.0, -1.2816998511049782, -175.89961631004218, -48.11750577234642, -31.034441161334076, 0.0016000000400000006, 265.8996163100422
2025-03-30 17:23:10,176 - 2025-03-30T17:23:10.176426, 0.14734302822990086, 0.0, -1.2791868673647162, -176.44071631023465, -48.09883370559851, -31.117402741598426, 0.0016000000400000006, 266.4407163102346
2025-03-30 17:23:10,235 - 2025-03-30T17:23:10.235833, 0.1481208086909569, 0.0, -1.27652509022258, -177.2005163105047, -48.07592687956861, -31.20536893269518, 0.0016000000400000006, 267.20051631050467
2025-03-30 17:23:10,276 - 2025-03-30T17:23:10.276939, 0.14896541078690406, 0.0, -1.2737889163795062, -177.88761631074894, -48.050902673897774, -31.29583742920814, 0.0016000000400000006, 267.88761631074897
2025-03-30 17:23:10,316 - 2025-03-30T17:23:10.316551, 0.14965364441493234, 0.0, -1.2707778809308188, -178.50371631096783, -48.03126800483455, -31.39516037006023, 0.0016000000400000006, 268.50371631096783
2025-03-30 17:23:10,356 - 2025-03-30T17:23:10.356344, 0.14985140140057984, 0.0, -1.2678639673812042, -179.0874163111752, -48.02760977058385, -31.49082622817042, 0.0016000000400000006, 269.08741631117516
2025-03-30 17:23:10,396 - 2025-03-30T17:23:10.396812, 0.15030264875321953, 0.0, -1.2657153920795832, -179.58381631135154, -48.014904916983625, -31.56166120712899, 0.0016000000400000006, 269.5838163113516
2025-03-30 17:23:10,456 - 2025-03-30T17:23:10.456841, 0.1506126777700305, 0.0, -1.2635743918440077, 179.91408368847007, -48.00681974844055, -31.63211126031232, 0.0016000000400000006, -89.91408368847007
2025-03-30 17:23:10,576 - 2025-03-30T17:23:10.576606, 0.15069464953701317, 0.0, -1.2637824318147293, -179.96081631148544, -48.003932517249105, -31.62537419561416, 0.0016000000400000006, 269.9608163114855
2025-03-30 17:23:10,596 - 2025-03-30T17:23:10.596142, 0.15062782790212115, 0.0, -1.2638568285156668, 179.88158368845853, -48.006049896890076, -31.62287189019795, 0.0016000000400000006, -89.88158368845853
2025-03-30 17:23:11,376 - 2025-03-30T17:23:11.376161, 0.1511851261793935, 0.0, -1.2636853099156564, -179.97161631148927, -47.987956082436604, -31.629031278356063, 0.0016000000400000006, 269.97161631148924
2025-03-30 17:23:11,395 - 2025-03-30T17:23:11.395759, 0.15088753937564414, 0.0, -1.2634180233760883, 179.73658368840702, -47.99796530410143, -31.63750079691994, 0.0016000000400000006, -89.73658368840702
