2025-03-30 16:21:05,677 - Timestamp, Before_X, Before_Y, Before_Z, Before_Yaw_Deg, After_X, After_Y, After_Z, After_Yaw_Deg
2025-03-30 16:21:05,748 - 2025-03-30T16:21:05.748448, 2.4555362686534847, 0.0, -3.7939118970375185, -92.76611627271184, 29.963902994737417, 49.04276123231704, 0.0016000000400000006, 182.76611627271183
2025-03-30 16:21:48,209 - 2025-03-30T16:21:48.209430, 2.45705450293641, 0.0, -3.7958132030786778, -92.26581627237131, 30.01548880616241, 49.103587565365196, 0.0016000000400000006, 182.2658162723713
2025-03-30 16:21:48,388 - 2025-03-30T16:21:48.388200, 2.458712601595651, 0.0, -3.7963615723303903, -91.7667162720288, 30.07034735030848, 49.119949501707325, 0.0016000000400000006, 181.76671627202882
2025-03-30 16:21:48,429 - 2025-03-30T16:21:48.429155, 2.4599318951153135, 0.0, -3.79665023010858, -91.13701627159244, 30.110576987732564, 49.12822684526079, 0.0016000000400000006, 181.13701627159244
2025-03-30 16:21:48,569 - 2025-03-30T16:21:48.569449, 2.461091942066129, 0.0, -3.7971545029235365, -90.61351627122612, 30.149074171290884, 49.143626179287665, 0.0016000000400000006, 180.6135162712261
2025-03-30 16:21:48,668 - 2025-03-30T16:21:48.667939, 2.4549072815943034, 0.0, -3.7967073174494392, -90.63651627124231, 29.946000779539943, 49.134962182695745, 0.0016000000400000006, 180.63651627124233
2025-03-30 16:21:48,728 - 2025-03-30T16:21:48.728187, 2.449489313329986, 0.0, -3.797352003331751, -90.14571627089593, 29.76910521927674, 49.16133103768506, 0.0016000000400000006, 180.14571627089595
2025-03-30 16:21:48,787 - 2025-03-30T16:21:48.787871, 2.442256877938509, 0.0, -3.7971734583567365, -89.86171635210815, 29.531961578259846, 49.16248351199313, 0.0016000000400000006, 179.86171635210815
2025-03-30 16:21:48,827 - 2025-03-30T16:21:48.827634, 2.4368968022835245, 0.0, -3.7962571674788803, -89.70491635199714, 29.35545151952627, 49.1376509055783, 0.0016000000400000006, 179.70491635199716
2025-03-30 16:21:48,867 - 2025-03-30T16:21:48.867648, 2.430517898013554, 0.0, -3.794829028720023, -89.74791635202753, 29.145063962291545, 49.09703403936137, 0.0016000000400000006, 179.74791635202752
2025-03-30 16:21:48,908 - 2025-03-30T16:21:48.908081, 2.423024397189039, 0.0, -3.7937439271611852, -89.51391635186232, 28.898488776149875, 49.06873594946064, 0.0016000000400000006, 179.51391635186232
2025-03-30 16:21:48,948 - 2025-03-30T16:21:48.948579, 2.414513421709052, 0.0, -3.7934923394447475, -89.50571635185656, 28.619383043843143, 49.068733070688594, 0.0016000000400000006, 179.50571635185656
2025-03-30 16:21:48,990 - 2025-03-30T16:21:48.990555, 2.404322976331203, 0.0, -3.793614089192511, -89.64211635195274, 28.285610942400766, 49.08258867133371, 0.0016000000400000006, 179.64211635195272
2025-03-30 16:21:49,008 - 2025-03-30T16:21:49.008124, 2.3990903228394718, 0.0, -3.793753148300352, -89.75761635203438, 28.11429766951001, 49.09221123996006, 0.0016000000400000006, 179.75761635203438
2025-03-30 16:21:49,027 - 2025-03-30T16:21:49.027630, 2.393798422778894, 0.0, -3.7941078224449605, -89.82591635208271, 27.94125194275353, 49.108955799059814, 0.0016000000400000006, 179.82591635208271
2025-03-30 16:21:49,048 - 2025-03-30T16:21:49.048280, 2.388023621141981, 0.0, -3.7947008368244703, -89.92621635215382, 27.752614706959776, 49.13397712595863, 0.0016000000400000006, 179.92621635215383
2025-03-30 16:21:49,067 - 2025-03-30T16:21:49.067911, 2.3820559296664365, 0.0, -3.7956582596426216, -90.05111627082884, 27.55801025801832, 49.171125054163234, 0.0016000000400000006, 180.05111627082886
2025-03-30 16:21:49,088 - 2025-03-30T16:21:49.088354, 2.376013841489955, 0.0, -3.796548860825881, -90.14601627089615, 27.36090350366066, 49.20615560272687, 0.0016000000400000006, 180.14601627089615
2025-03-30 16:21:49,107 - 2025-03-30T16:21:49.107591, 2.3696817415757696, 0.0, -3.7973133938054007, -90.15521627090266, 27.154172453413423, 49.237336317783786, 0.0016000000400000006, 180.15521627090266
2025-03-30 16:21:49,127 - 2025-03-30T16:21:49.127694, 2.362792343384312, 0.0, -3.798249445384931, -90.33951627103308, 26.929347588712716, 49.27467642099881, 0.0016000000400000006, 180.3395162710331
2025-03-30 16:21:49,149 - 2025-03-30T16:21:49.149278, 2.355694905222133, 0.0, -3.7992674687314434, -90.57651627120008, 26.69778565931386, 49.31490375540527, 0.0016000000400000006, 180.5765162712001
2025-03-30 16:21:49,168 - 2025-03-30T16:21:49.168314, 2.3480994153515287, 0.0, -3.800241395641199, -90.79621627135434, 26.44986236932727, 49.35416848749643, 0.0016000000400000006, 180.79621627135435
2025-03-30 16:21:49,188 - 2025-03-30T16:21:49.188625, 2.3401546671743736, 0.0, -3.801304869383982, -91.0358162715219, 26.190582329585354, 49.39670537655425, 0.0016000000400000006, 181.0358162715219
2025-03-30 16:21:49,208 - 2025-03-30T16:21:49.208012, 2.331719442354838, 0.0, -3.8024654650258385, -91.41411627178506, 25.915325855030936, 49.442899348354004, 0.0016000000400000006, 181.41411627178508
2025-03-30 16:21:49,227 - 2025-03-30T16:21:49.227811, 2.322726919258031, 0.0, -3.8037975792677043, -91.86771627209835, 25.62197556602306, 49.495252708311824, 0.0016000000400000006, 181.86771627209833
2025-03-30 16:21:49,248 - 2025-03-30T16:21:49.248360, 2.3133699877225817, 0.0, -3.8049368036709392, -92.32321627241055, 25.31649867570936, 49.541638855121974, 0.0016000000400000006, 182.32321627241055
2025-03-30 16:21:49,270 - 2025-03-30T16:21:49.270694, 2.3032993894419413, 0.0, -3.805972685068571, -92.79131627272895, 24.98753843433458, 49.58532994575111, 0.0016000000400000006, 182.79131627272895
2025-03-30 16:21:49,290 - 2025-03-30T16:21:49.290890, 2.2928719577887047, 0.0, -3.8069568949634007, -93.18161627299249, 24.64683651742923, 49.627673508289725, 0.0016000000400000006, 183.1816162729925
2025-03-30 16:21:49,308 - 2025-03-30T16:21:49.308259, 2.2828681811429563, 0.0, -3.8079183796600944, -93.4559162731767, 24.31999365569542, 49.66886229350264, 0.0016000000400000006, 183.45591627317668
2025-03-30 16:21:49,327 - 2025-03-30T16:21:49.327564, 2.272091491183169, 0.0, -3.8089921363879515, -93.6353162732967, 23.967934989034752, 49.71447801300792, 0.0016000000400000006, 183.6353162732967
2025-03-30 16:21:49,347 - 2025-03-30T16:21:49.347503, 2.2608911462158936, 0.0, -3.810088618313944, -93.72721627335804, 23.602017267202562, 49.76124850983888, 0.0016000000400000006, 183.72721627335804
2025-03-30 16:21:49,368 - 2025-03-30T16:21:49.368121, 2.2495495829127887, 0.0, -3.811192675305982, -93.65051627330693, 23.23147986031318, 49.80840393244509, 0.0016000000400000006, 183.65051627330695
2025-03-30 16:21:49,387 - 2025-03-30T16:21:49.387580, 2.237925582938025, 0.0, -3.8123118824301097, -93.45711627317746, 22.851703083309452, 49.856329206601735, 0.0016000000400000006, 183.45711627317746
2025-03-30 16:21:49,407 - 2025-03-30T16:21:49.407687, 2.22606324272836, 0.0, -3.812948187977903, -93.36261627311414, 22.463649538506665, 49.888662971721146, 0.0016000000400000006, 183.36261627311416
2025-03-30 16:21:49,428 - 2025-03-30T16:21:49.428657, 2.213628454109332, 0.0, -3.813473575454047, -93.30431627307496, 22.056732327699926, 49.91791675488428, 0.0016000000400000006, 183.30431627307496
2025-03-30 16:21:49,448 - 2025-03-30T16:21:49.448934, 2.2000563437376237, 0.0, -3.8139183451227234, -93.19971627300467, 21.61247271066054, 49.945630259192086, 0.0016000000400000006, 183.19971627300467
2025-03-30 16:21:49,468 - 2025-03-30T16:21:49.468224, 2.1860605783584273, 0.0, -3.8143858399895354, -92.98751627286164, 21.154354038449625, 49.97449854082561, 0.0016000000400000006, 182.98751627286163
2025-03-30 16:21:49,487 - 2025-03-30T16:21:49.487797, 2.170942641358642, 0.0, -3.8150551537205377, -92.78711627272608, 20.659662811556565, 50.01106591371814, 0.0016000000400000006, 182.78711627272608
2025-03-30 16:21:49,508 - 2025-03-30T16:21:49.508141, 2.15497739434388, 0.0, -3.8157699178478106, -92.6188162726119, 20.137253474320424, 50.049942841262045, 0.0016000000400000006, 182.6188162726119
2025-03-30 16:21:49,527 - 2025-03-30T16:21:49.527515, 2.1388709289932883, 0.0, -3.816492257041129, -92.56341627257426, 19.610224452027097, 50.08920469458119, 0.0016000000400000006, 182.5634162725743
2025-03-30 16:21:49,547 - 2025-03-30T16:21:49.547642, 2.122942203349238, 0.0, -3.816567751124148, -92.63741627262452, 19.08839279133101, 50.10710057648019, 0.0016000000400000006, 182.63741627262453
2025-03-30 16:21:49,567 - 2025-03-30T16:21:49.567636, 2.1067827125363308, 0.0, -3.8163015619666605, -92.75491627270425, 18.55866928861107, 50.114024634399094, 0.0016000000400000006, 182.75491627270424
2025-03-30 16:21:49,587 - 2025-03-30T16:21:49.587496, 2.090482003387594, 0.0, -3.8160429478752187, -93.33821627309776, 18.02432610083396, 50.121333618093246, 0.0016000000400000006, 183.33821627309777
2025-03-30 16:21:49,608 - 2025-03-30T16:21:49.608481, 2.0742253906756143, 0.0, -3.8152862820753515, -93.9206162734869, 17.490945515372154, 50.112281241199646, 0.0016000000400000006, 183.9206162734869
2025-03-30 16:21:49,631 - 2025-03-30T16:21:49.630978, 2.056259007801591, 0.0, -3.814338080396367, -94.44611627383486, 16.901358857673728, 50.098608603494476, 0.0016000000400000006, 184.44611627383486
2025-03-30 16:21:49,648 - 2025-03-30T16:21:49.648401, 2.042321135031728, 0.0, -3.813244598503011, -94.81721627407882, 16.443625686992462, 50.076275423723814, 0.0016000000400000006, 184.81721627407882
2025-03-30 16:21:49,667 - 2025-03-30T16:21:49.667631, 2.0260266469895223, 0.0, -3.811781841023997, -95.09371627425966, 15.908320472654488, 50.04412462154434, 0.0016000000400000006, 185.09371627425966
2025-03-30 16:21:49,687 - 2025-03-30T16:21:49.687781, 2.0095909406114867, 0.0, -3.810326658611028, -95.33261627441524, 15.368395573259313, 50.0123587451401, 0.0016000000400000006, 185.33261627441524
2025-03-30 16:21:49,707 - 2025-03-30T16:21:49.707839, 1.992918247958064, 0.0, -3.8097339363451255, -95.51421627453311, 14.821540858401207, 50.00908083062937, 0.0016000000400000006, 185.5142162745331
2025-03-30 16:21:49,729 - 2025-03-30T16:21:49.729564, 1.974856097144483, 0.0, -3.809640619747163, -95.79681627471594, 14.229644070297006, 50.0235112290425, 0.0016000000400000006, 185.79681627471592
2025-03-30 16:21:49,747 - 2025-03-30T16:21:49.747599, 1.958994193135325, 0.0, -3.809641717129244, -95.95291627481647, 13.709929789241897, 50.0389048055253, 0.0016000000400000006, 185.95291627481646
2025-03-30 16:21:49,767 - 2025-03-30T16:21:49.767579, 1.9417504060320536, 0.0, -3.8102834385150945, -95.95941627482065, 13.145558360715938, 50.076626379989115, 0.0016000000400000006, 185.95941627482065
2025-03-30 16:21:49,787 - 2025-03-30T16:21:49.787879, 1.9243137290901513, 0.0, -3.8112895683395855, -95.75091627468625, 12.575219719042295, 50.126474555758705, 0.0016000000400000006, 185.75091627468623
2025-03-30 16:21:49,807 - 2025-03-30T16:21:49.807899, 1.9065429439737884, 0.0, -3.8126676816687635, -95.31941627440666, 11.994294179163788, 50.18883425860934, 0.0016000000400000006, 185.31941627440665
2025-03-30 16:21:49,827 - 2025-03-30T16:21:49.827667, 1.8885048723178572, 0.0, -3.81434338180169, -94.69081627399592, 11.404899120721396, 50.261203183124756, 0.0016000000400000006, 184.69081627399592
2025-03-30 16:21:49,847 - 2025-03-30T16:21:49.847545, 1.870050720720483, 0.0, -3.8161830254685816, -93.91751627348486, 10.802029932882697, 50.33934657002306, 0.0016000000400000006, 183.91751627348486
2025-03-30 16:21:49,868 - 2025-03-30T16:21:49.868301, 1.8508904774439623, 0.0, -3.8180605444656988, -93.07241627291891, 10.176062319758124, 50.41941458579752, 0.0016000000400000006, 183.07241627291893
2025-03-30 16:21:49,889 - 2025-03-30T16:21:49.889836, 1.8315070440646295, 0.0, -3.81973759855814, -92.30611627239885, 9.542587790384935, 50.493130462649056, 0.0016000000400000006, 182.30611627239887
2025-03-30 16:21:49,907 - 2025-03-30T16:21:49.907785, 1.8116923806117635, 0.0, -3.8212961595128867, -91.60941627192025, 8.894869280064981, 50.56338143176911, 0.0016000000400000006, 181.60941627192025
2025-03-30 16:21:49,927 - 2025-03-30T16:21:49.927498, 1.7913720903844275, 0.0, -3.822669405695048, -90.95331627146429, 8.230404483382088, 50.62805011351672, 0.0016000000400000006, 180.9533162714643
2025-03-30 16:21:49,948 - 2025-03-30T16:21:49.948106, 1.7703457084779441, 0.0, -3.8240805272074345, -90.31121627101304, 7.542841261413287, 50.69464342414046, 0.0016000000400000006, 180.31121627101305
2025-03-30 16:21:49,967 - 2025-03-30T16:21:49.967538, 1.7490368898998025, 0.0, -3.825506798851912, -89.67361635197501, 6.846038669330149, 50.76200658631468, 0.0016000000400000006, 179.673616351975
2025-03-30 16:21:49,988 - 2025-03-30T16:21:49.988790, 1.7271707730443882, 0.0, -3.827104589096399, -89.17871635162687, 6.131142262793524, 50.835529136647, 0.0016000000400000006, 179.17871635162686
2025-03-30 16:21:50,008 - 2025-03-30T16:21:50.008220, 1.7049326726842877, 0.0, -3.828368271166426, -88.91891635144529, 5.40373432917589, 50.898464788774454, 0.0016000000400000006, 178.9189163514453
2025-03-30 16:21:50,027 - 2025-03-30T16:21:50.027666, 1.6827386687609445, 0.0, -3.829133901528027, -88.85301635139938, 4.677288997873546, 50.94503908031416, 0.0016000000400000006, 178.8530163513994
2025-03-30 16:21:50,047 - 2025-03-30T16:21:50.047736, 1.6601134347640678, 0.0, -3.8297810387519347, -88.89621635142947, 3.9365996856244436, 50.9881484641224, 0.0016000000400000006, 178.89621635142947
2025-03-30 16:21:50,067 - 2025-03-30T16:21:50.067816, 1.6378223089416513, 0.0, -3.830056192471156, -88.90251635143387, 3.20649727158019, 51.018746320849615, 0.0016000000400000006, 178.90251635143386
2025-03-30 16:21:50,087 - 2025-03-30T16:21:50.087550, 1.6158060447248483, 0.0, -3.830174977722457, -88.82251635137816, 2.4852493018750508, 51.0439546409692, 0.0016000000400000006, 178.82251635137817
2025-03-30 16:21:50,108 - 2025-03-30T16:21:50.108309, 1.5940053955448121, 0.0, -3.830353009542606, -88.70391635129566, 1.7711233226433052, 51.07089541495453, 0.0016000000400000006, 178.70391635129567
2025-03-30 16:21:50,127 - 2025-03-30T16:21:50.127711, 1.572271567999668, 0.0, -3.830456644661817, -88.57051635120305, 1.0591147230525308, 51.09533388352364, 0.0016000000400000006, 178.57051635120305
2025-03-30 16:21:50,147 - 2025-03-30T16:21:50.147558, 1.5507382053592003, 0.0, -3.830337089678216, -88.44051635111309, 0.35345826238467737, 51.11226543584412, 0.0016000000400000006, 178.4405163511131
2025-03-30 16:21:50,167 - 2025-03-30T16:21:50.167735, 1.5294645541922556, 0.0, -3.829778729555038, -88.34841635104937, -0.3441136054945204, 51.11456808144267, 0.0016000000400000006, 178.34841635104937
2025-03-30 16:21:50,190 - 2025-03-30T16:21:50.190713, 1.5058342877529687, 0.0, -3.8288510938462013, -88.27441635099834, -1.1192575170304337, 51.107053104632385, 0.0016000000400000006, 178.27441635099834
2025-03-30 16:21:50,207 - 2025-03-30T16:21:50.207753, 1.4871466630677088, 0.0, -3.827658330825784, -88.16321635092174, -1.7327124515651846, 51.08606572568901, 0.0016000000400000006, 178.16321635092174
2025-03-30 16:21:50,227 - 2025-03-30T16:21:50.227608, 1.4661024231101067, 0.0, -3.8260962922197095, -87.97791635079435, -2.423739429756651, 51.05526072433683, 0.0016000000400000006, 177.97791635079435
2025-03-30 16:21:50,247 - 2025-03-30T16:21:50.247789, 1.4449018146845858, 0.0, -3.8242593920080212, -87.76331635064737, -3.1201559445557265, 51.015601278645526, 0.0016000000400000006, 177.76331635064736
2025-03-30 16:21:50,268 - 2025-03-30T16:21:50.268107, 1.4236268095581264, 0.0, -3.822355670161441, -87.5875163505273, -3.8190747647710452, 50.973824453313256, 0.0016000000400000006, 177.5875163505273
2025-03-30 16:21:50,288 - 2025-03-30T16:21:50.288083, 1.402128614328856, 0.0, -3.820251483410184, -87.54551635049869, -4.525500501234944, 50.925695489058064, 0.0016000000400000006, 177.5455163504987
2025-03-30 16:21:50,308 - 2025-03-30T16:21:50.308181, 1.3804072289967735, 0.0, -3.8179468317542513, -87.5813163505231, -5.239433153947473, 50.87121438587996, 0.0016000000400000006, 177.58131635052308
2025-03-30 16:21:50,327 - 2025-03-30T16:21:50.327567, 1.3582546135911575, 0.0, -3.815523686960624, -87.58241635052383, -5.967609787606769, 50.813268374970356, 0.0016000000400000006, 177.58241635052383
2025-03-30 16:21:50,347 - 2025-03-30T16:21:50.347698, 1.3360427516166955, 0.0, -3.813316157203764, -87.48251635045584, -6.697518875131777, 50.762444354534146, 0.0016000000400000006, 177.48251635045585
2025-03-30 16:21:50,368 - 2025-03-30T16:21:50.368385, 1.3136820962403584, 0.0, -3.81097498417712, -87.21911635027692, -7.4324325734892085, 50.707385574815994, 0.0016000000400000006, 177.21911635027692
2025-03-30 16:21:50,387 - 2025-03-30T16:21:50.387472, 1.2918560139431579, 0.0, -3.8080386375429773, -86.51861634980497, -8.15040723471887, 50.632308351768195, 0.0016000000400000006, 176.51861634980497
2025-03-30 16:21:50,407 - 2025-03-30T16:21:50.407871, 1.2699417387724439, 0.0, -3.8060983943256854, -86.0619163495003, -8.870307100579097, 50.58995384989588, 0.0016000000400000006, 176.06191634950028
2025-03-30 16:21:50,429 - 2025-03-30T16:21:50.429024, 1.247269700419782, 0.0, -3.8045528598112153, -85.88311634938155, -9.614652919815697, 50.56126565243026, 0.0016000000400000006, 175.88311634938157
2025-03-30 16:21:50,448 - 2025-03-30T16:21:50.448415, 1.225496643584898, 0.0, -3.8026050415278787, -85.87471634937602, -10.329933100618724, 50.518526224782725, 0.0016000000400000006, 175.87471634937603
2025-03-30 16:21:50,467 - 2025-03-30T16:21:50.467890, 1.203038866309488, 0.0, -3.799773391858854, -86.09181634952016, -11.068503881718051, 50.44749101025206, 0.0016000000400000006, 176.09181634952017
2025-03-30 16:21:50,487 - 2025-03-30T16:21:50.487654, 1.1805066923331409, 0.0, -3.7968749205549375, -86.49681634979042, -11.809576968233586, 50.374338416080434, 0.0016000000400000006, 176.49681634979046
2025-03-30 16:21:50,507 - 2025-03-30T16:21:50.507643, 1.1577437531879373, 0.0, -3.7936347660105154, -87.01421635013833, -12.558541896772944, 50.29021399792871, 0.0016000000400000006, 177.01421635013833
2025-03-30 16:21:50,527 - 2025-03-30T16:21:50.527689, 1.1348320206408586, 0.0, -3.790260968196309, -87.60961635054237, -13.312511436144732, 50.20185482049504, 0.0016000000400000006, 177.60961635054235
2025-03-30 16:21:50,548 - 2025-03-30T16:21:50.547988, 1.11192028809378, 0.0, -3.7868871703821023, -88.15261635091444, -14.06648097551652, 50.11349564306138, 0.0016000000400000006, 178.15261635091446
2025-03-30 16:21:50,567 - 2025-03-30T16:21:50.567938, 1.089031280744837, 0.0, -3.7839370275753836, -88.53541635117871, -14.819295737562605, 50.038995520799226, 0.0016000000400000006, 178.53541635117872
2025-03-30 16:21:50,588 - 2025-03-30T16:21:50.588666, 1.0663062169298585, 0.0, -3.781402964710108, -88.90101635143283, -15.566336037225838, 49.97796952793338, 0.0016000000400000006, 178.90101635143282
2025-03-30 16:21:50,609 - 2025-03-30T16:21:50.609953, 1.0414780282095308, 0.0, -3.7792649645071688, -89.30831635171775, -16.381901761196218, 49.93195679181036, 0.0016000000400000006, 179.30831635171774
2025-03-30 16:21:50,627 - 2025-03-30T16:21:50.627891, 1.0210806333622284, 0.0, -3.777880665607635, -89.6937163519892, -17.051562767967546, 49.906349152055405, 0.0016000000400000006, 179.6937163519892
2025-03-30 16:21:50,649 - 2025-03-30T16:21:50.649059, 0.9970708083522104, 0.0, -3.7764777033885086, -90.12091627087833, -17.8396031323597, 49.883627591983064, 0.0016000000400000006, 180.12091627087833
2025-03-30 16:21:50,667 - 2025-03-30T16:21:50.667507, 0.9761980869946183, 0.0, -3.7754729630597064, -90.46031627111832, -18.524470722393062, 49.87091640508438, 0.0016000000400000006, 180.46031627111833
2025-03-30 16:21:50,688 - 2025-03-30T16:21:50.688041, 0.9541363723815444, 0.0, -3.7747444382960316, -90.8467162713897, -19.248028246749584, 49.86840661486089, 0.0016000000400000006, 180.8467162713897
2025-03-30 16:21:50,708 - 2025-03-30T16:21:50.707972, 0.931814946294947, 0.0, -3.7744547186719357, -91.33441627172972, -19.97967036389477, 49.880525731359405, 0.0016000000400000006, 181.3344162717297
2025-03-30 16:21:50,727 - 2025-03-30T16:21:50.727663, 0.9093082054357646, 0.0, -3.7746706258223095, -91.93871627214718, -20.716894768412374, 49.90939113422088, 0.0016000000400000006, 181.9387162721472
2025-03-30 16:21:50,747 - 2025-03-30T16:21:50.747590, 0.8867573681398246, 0.0, -3.7753845846811087, -92.596916272597, -21.455081775245294, 49.95461789767006, 0.0016000000400000006, 182.596916272597
2025-03-30 16:21:50,767 - 2025-03-30T16:21:50.767468, 0.8642809275448222, 0.0, -3.7761653651748004, -93.32651627308987, -22.190766476662002, 50.001962040760255, 0.0016000000400000006, 183.32651627308988
2025-03-30 16:21:50,788 - 2025-03-30T16:21:50.788517, 0.8417300902488827, 0.0, -3.7768793240336, -94.07681627359068, -22.928953483494908, 50.04718880420947, 0.0016000000400000006, 184.07681627359068
2025-03-30 16:21:50,808 - 2025-03-30T16:21:50.808272, 0.819171677886898, 0.0, -3.7774520645565706, -94.7836162740568, -23.667525416103043, 50.087795882601505, 0.0016000000400000006, 184.78361627405678
2025-03-30 16:21:50,827 - 2025-03-30T16:21:50.827641, 0.7966725120937599, 0.0, -3.777809190042774, -95.54741627455466, -24.404364894845454, 50.121280970520154, 0.0016000000400000006, 185.54741627455468
2025-03-30 16:21:50,848 - 2025-03-30T16:21:50.848933, 0.7744998794090381, 0.0, -3.777653113688462, -96.3498162750712, -25.1310024011582, 50.13763484630062, 0.0016000000400000006, 186.3498162750712
2025-03-30 16:21:50,868 - 2025-03-30T16:21:50.868690, 0.7525869581978379, 0.0, -3.7770582321945714, -97.22451627562697, -25.849555314682327, 50.139359815359064, 0.0016000000400000006, 187.22451627562697
2025-03-30 16:21:50,892 - 2025-03-30T16:21:50.892017, 0.7283766682831438, 0.0, -3.775878460078257, -98.22631627625437, -26.64394781799739, 50.12414517153535, 0.0016000000400000006, 188.22631627625435
2025-03-30 16:21:50,907 - 2025-03-30T16:21:50.907501, 0.7099046586346511, 0.0, -3.774744943626687, -99.09741627679227, -27.250280762058747, 50.10489024645774, 0.0016000000400000006, 189.09741627679227
2025-03-30 16:21:50,927 - 2025-03-30T16:21:50.927550, 0.6892537734203561, 0.0, -3.7725953064791593, -100.37841627757074, -27.928988388179622, 50.05445172755115, 0.0016000000400000006, 190.37841627757075
2025-03-30 16:21:50,947 - 2025-03-30T16:21:50.947841, 0.6692635294889375, 0.0, -3.7695604839864303, -101.9923162785311, -28.586907143665975, 49.97437046942538, 0.0016000000400000006, 191.99231627853115
2025-03-30 16:21:50,967 - 2025-03-30T16:21:50.967540, 0.6494358751319687, 0.0, -3.765596379711742, -103.6434162794912, -29.240398389105597, 49.86368386976509, 0.0016000000400000006, 193.6434162794912
2025-03-30 16:21:50,989 - 2025-03-30T16:21:50.989517, 0.6283662020572032, 0.0, -3.7609199626513767, -105.38291628047952, -29.93527404929494, 49.73086087137981, 0.0016000000400000006, 195.38291628047952
2025-03-30 16:21:51,008 - 2025-03-30T16:21:51.008244, 0.6102999893650796, 0.0, -3.7567905608832093, -107.13911628145432, -30.53121169440744, 49.613052857000554, 0.0016000000400000006, 197.13911628145436
2025-03-30 16:21:51,028 - 2025-03-30T16:21:51.028886, 0.5911632765551675, 0.0, -3.7525061446066372, -109.43331628269507, -31.162374366111628, 49.49120225834978, 0.0016000000400000006, 199.43331628269507
2025-03-30 16:21:51,048 - 2025-03-30T16:21:51.048148, 0.5716394301084793, 0.0, -3.7476051834839454, -111.77961628392825, -31.806818416447282, 49.34952539137977, 0.0016000000400000006, 201.77961628392825
2025-03-30 16:21:51,070 - 2025-03-30T16:21:51.070177, 0.5527094033097746, 0.0, -3.7418934337169896, -113.77111628494832, -32.432590975789424, 49.18070809060677, 0.0016000000400000006, 203.77111628494833
2025-03-30 16:21:51,088 - 2025-03-30T16:21:51.088032, 0.5340315129185478, 0.0, -3.735601660474625, -115.40411628576763, -33.050663868118136, 48.99264219805459, 0.0016000000400000006, 205.40411628576763
2025-03-30 16:21:51,107 - 2025-03-30T16:21:51.107807, 0.5161933574762525, 0.0, -3.7291232185001606, -116.92711628651857, -33.641403575879, 48.79764706579384, 0.0016000000400000006, 206.92711628651858
2025-03-30 16:21:51,128 - 2025-03-30T16:21:51.128466, 0.49876370690935445, 0.0, -3.722339614655902, -118.47071628726728, -34.21905408001882, 48.59225778609305, 0.0016000000400000006, 208.4707162872673
2025-03-30 16:21:51,148 - 2025-03-30T16:21:51.148011, 0.48296942980356183, 0.0, -3.7156807250558685, -119.77071628788856, -34.74300081733826, 48.38937138756289, 0.0016000000400000006, 209.77071628788855
2025-03-30 16:21:51,167 - 2025-03-30T16:21:51.167637, 0.46729364583546307, 0.0, -3.7085906053823017, -121.02971628848252, -35.26348264692622, 48.172241008085955, 0.0016000000400000006, 211.02971628848252
2025-03-30 16:21:51,187 - 2025-03-30T16:21:51.187484, 0.45204151687485306, 0.0, -3.7014777605105995, -122.36151628910281, -35.77010542134263, 47.95395585128335, 0.0016000000400000006, 212.3615162891028
2025-03-30 16:21:51,207 - 2025-03-30T16:21:51.207903, 0.43727228949057695, 0.0, -3.6941265754039954, -123.94451628982992, -36.261136686721805, 47.72739392668166, 0.0016000000400000006, 213.94451628982992
2025-03-30 16:21:51,227 - 2025-03-30T16:21:51.227426, 0.42285232041285203, 0.0, -3.686685843464363, -125.73751629064063, -36.74081120234564, 47.49755984511328, 0.0016000000400000006, 215.73751629064063
2025-03-30 16:21:51,247 - 2025-03-30T16:21:51.247725, 0.40870721294074075, 0.0, -3.6790887430568113, -127.66391629149734, -37.21163127363035, 47.262336226937286, 0.0016000000400000006, 217.66391629149734
2025-03-30 16:21:51,268 - 2025-03-30T16:21:51.268093, 0.3950450070449647, 0.0, -3.6712533024143577, -129.5059162923033, -37.66685983587779, 47.01883584096222, 0.0016000000400000006, 219.5059162923033
2025-03-30 16:21:51,290 - 2025-03-30T16:21:51.290913, 0.37997683889742584, 0.0, -3.6622894690447834, -131.42411629312986, -38.16924727525786, 46.73972492686584, 0.0016000000400000006, 221.42411629312986
2025-03-30 16:21:51,309 - 2025-03-30T16:21:51.309158, 0.36861957677119017, 0.0, -3.655180137360583, -132.7842162937083, -38.5482513219391, 46.51778383883012, 0.0016000000400000006, 222.7842162937083
2025-03-30 16:21:51,327 - 2025-03-30T16:21:51.327822, 0.35551466915268604, 0.0, -3.6471731781181194, -134.23431629431852, -38.98538606973307, 46.26812406469695, 0.0016000000400000006, 224.23431629431852
2025-03-30 16:21:51,347 - 2025-03-30T16:21:51.347540, 0.3424917333011641, 0.0, -3.6393742588463773, -135.62171629489626, -39.41963358633561, 46.02520135526193, 0.0016000000400000006, 225.6217162948963
2025-03-30 16:21:51,367 - 2025-03-30T16:21:51.367507, 0.3291119640770468, 0.0, -3.631523668071833, -136.89211629542027, -39.86562277846869, 45.78093111773639, 0.0016000000400000006, 226.89211629542027
2025-03-30 16:21:51,387 - 2025-03-30T16:21:51.387958, 0.3156426480199017, 0.0, -3.6233238189907384, -137.97161629586193, -40.31488412756845, 45.525304130455545, 0.0016000000400000006, 227.97161629586193
2025-03-30 16:21:51,408 - 2025-03-30T16:21:51.408521, 0.30158573342130346, 0.0, -3.614730615166336, -138.83671629621358, -40.7837789942226, 45.25735779110406, 0.0016000000400000006, 228.83671629621358
2025-03-30 16:21:51,428 - 2025-03-30T16:21:51.428105, 0.28799657026695025, 0.0, -3.605616634435373, -139.4552162964638, -41.23785220338994, 44.971895313839184, 0.0016000000400000006, 229.45521629646382
2025-03-30 16:21:51,448 - 2025-03-30T16:21:51.448002, 0.2739534518409279, 0.0, -3.595960505559228, -139.78501629659678, -41.70732417082975, 44.669108873671284, 0.0016000000400000006, 229.78501629659678
2025-03-30 16:21:51,467 - 2025-03-30T16:21:51.467637, 0.25976154001303176, 0.0, -3.586170733413299, -139.77531629659288, -42.18180074910193, 44.36208767422144, 0.0016000000400000006, 229.7753162965929
2025-03-30 16:21:51,488 - 2025-03-30T16:21:51.488003, 0.24561372462189146, 0.0, -3.5758829095589446, -139.64081629653865, -42.65531472505887, 44.03870511418387, 0.0016000000400000006, 229.64081629653867
2025-03-30 16:21:51,507 - 2025-03-30T16:21:51.507605, 0.23221609734665494, 0.0, -3.565059158665939, -139.55621629650457, -43.104767673414635, 43.69703656468239, 0.0016000000400000006, 229.55621629650454
2025-03-30 16:21:51,527 - 2025-03-30T16:21:51.527570, 0.2195610831212771, 0.0, -3.5535582623984525, -139.58871629651765, -43.53054451994445, 43.332462340659866, 0.0016000000400000006, 229.58871629651765
2025-03-30 16:21:51,547 - 2025-03-30T16:21:51.547582, 0.20786429698252373, 0.0, -3.541439467325333, -139.62761629653335, -43.92552327417497, 42.94671489598201, 0.0016000000400000006, 229.62761629653335
2025-03-30 16:21:51,567 - 2025-03-30T16:21:51.567830, 0.19688117758896206, 0.0, -3.5294240152578173, -139.6724162965514, -44.29701867734438, 42.563662507485205, 0.0016000000400000006, 229.6724162965514
2025-03-30 16:21:51,591 - 2025-03-30T16:21:51.591148, 0.18461058908133188, 0.0, -3.515848940389648, -140.0730162967127, -44.71220804991494, 42.13075560992032, 0.0016000000400000006, 230.0730162967127
2025-03-30 16:21:51,607 - 2025-03-30T16:21:51.607771, 0.17595649261496105, 0.0, -3.506328614011275, -140.47421629687378, -45.00497720785634, 41.82720104546517, 0.0016000000400000006, 230.47421629687378
2025-03-30 16:21:51,627 - 2025-03-30T16:21:51.627597, 0.16661767570806374, 0.0, -3.4959244562472147, -140.9121162970492, -45.321036966094056, 41.49535069412692, 0.0016000000400000006, 230.9121162970492
2025-03-30 16:21:51,647 - 2025-03-30T16:21:51.647534, 0.15829011235010837, 0.0, -3.4858909280283257, -141.45021629726406, -45.603604151605815, 41.17466491753357, 0.0016000000400000006, 231.45021629726403
2025-03-30 16:21:51,668 - 2025-03-30T16:21:51.668698, 0.1512486641467068, 0.0, -3.4760716608866895, -141.8825162974362, -45.84382432005255, 40.859754179077505, 0.0016000000400000006, 231.8825162974362
2025-03-30 16:21:51,688 - 2025-03-30T16:21:51.688626, 0.14542650946296787, 0.0, -3.466541051523243, -142.32461629761175, -46.043814851075204, 40.55312078417491, 0.0016000000400000006, 232.32461629761175
2025-03-30 16:21:51,707 - 2025-03-30T16:21:51.707859, 0.14058530806398917, 0.0, -3.456816198361651, -142.9241162978491, -46.21185251247285, 40.23917322378854, 0.0016000000400000006, 232.92411629784914
2025-03-30 16:21:51,727 - 2025-03-30T16:21:51.727884, 0.1363241301404181, 0.0, -3.447343481607537, -143.7913162981909, -46.36064158209134, 39.93292533041558, 0.0016000000400000006, 233.7913162981909
2025-03-30 16:21:51,747 - 2025-03-30T16:21:51.747881, 0.13356468240816843, 0.0, -3.4381442724995224, -145.03291629867746, -46.459961644171386, 39.63418492904565, 0.0016000000400000006, 235.03291629867746
2025-03-30 16:21:51,767 - 2025-03-30T16:21:51.767772, 0.13012808930143827, 0.0, -3.4282024503416495, -146.52121629925625, -46.5821873807725, 39.31176842584979, 0.0016000000400000006, 236.52121629925628
2025-03-30 16:21:51,787 - 2025-03-30T16:21:51.787655, 0.12666877099657237, 0.0, -3.4178369731762883, -148.0213162998351, -46.70556789469932, 38.975492867482394, 0.0016000000400000006, 238.0213162998351
2025-03-30 16:21:51,807 - 2025-03-30T16:21:51.807937, 0.12378947616711367, 0.0, -3.4077236324184055, -149.51401630040678, -46.80969981684698, 38.64691697612843, 0.0016000000400000006, 239.51401630040675
2025-03-30 16:21:51,827 - 2025-03-30T16:21:51.827415, 0.12039697949714023, 0.0, -3.397283758552107, -151.01621630097802, -46.93096295113281, 38.30813911234483, 0.0016000000400000006, 241.016216300978
2025-03-30 16:21:51,847 - 2025-03-30T16:21:51.847417, 0.11820105114869373, 0.0, -3.3867088874565106, -152.5723163015657, -47.013151225320264, 37.96377953694319, 0.0016000000400000006, 242.5723163015657
2025-03-30 16:21:51,867 - 2025-03-30T16:21:51.867415, 0.1154919209597316, 0.0, -3.3758074832524985, -154.1792163021685, -47.112470711645905, 37.60921798911192, 0.0016000000400000006, 244.1792163021685
2025-03-30 16:21:51,887 - 2025-03-30T16:21:51.887946, 0.11479772280260558, 0.0, -3.3655061198030007, -155.7725163027624, -47.14518997829495, 37.27236590571328, 0.0016000000400000006, 245.7725163027624
2025-03-30 16:21:51,907 - 2025-03-30T16:21:51.907571, 0.11312257136071979, 0.0, -3.3553990001516487, -157.14201630327003, -47.20986211456898, 36.94282798779844, 0.0016000000400000006, 247.14201630327003
2025-03-30 16:21:51,928 - 2025-03-30T16:21:51.928528, 0.11134272295371561, 0.0, -3.344660185522087, -158.39711630373307, -47.27857625936014, 36.59269395001393, 0.0016000000400000006, 248.39711630373307
2025-03-30 16:21:51,949 - 2025-03-30T16:21:51.949658, 0.10942923127692783, 0.0, -3.3340701642944, -159.63171630418668, -47.35152516343324, 36.24756452306181, 0.0016000000400000006, 249.63171630418668
2025-03-30 16:21:51,968 - 2025-03-30T16:21:51.968022, 0.10829622798022376, 0.0, -3.3235090893713792, -160.93381630466322, -47.39887333680426, 35.90262784687452, 0.0016000000400000006, 250.93381630466322
2025-03-30 16:21:51,987 - 2025-03-30T16:21:51.987511, 0.10708125291653703, 0.0, -3.312739974477637, -162.2547163051448, -47.44910874136672, 35.55095410598907, 0.0016000000400000006, 252.25471630514483
2025-03-30 16:21:52,007 - 2025-03-30T16:21:52.007718, 0.10599234605658969, 0.0, -3.3016808478461908, -163.3335163055368, -47.49549431242246, 35.18965606921405, 0.0016000000400000006, 253.3335163055368
2025-03-30 16:21:52,029 - 2025-03-30T16:21:52.029500, 0.10517072573621045, 0.0, -3.2903241344109966, -164.13191630582617, -47.53341036491432, 34.81834881077424, 0.0016000000400000006, 254.13191630582617
2025-03-30 16:21:52,048 - 2025-03-30T16:21:52.048515, 0.10495807519590539, 0.0, -3.278439069003195, -164.8131163060727, -47.551885074862184, 34.429140488645736, 0.0016000000400000006, 254.8131163060727
2025-03-30 16:21:52,068 - 2025-03-30T16:21:52.068624, 0.10486391779329507, 0.0, -3.266122773521861, -165.78681630642433, -47.56689487707854, 34.02568818557049, 0.0016000000400000006, 255.78681630642436
2025-03-30 16:21:52,088 - 2025-03-30T16:21:52.088803, 0.10481385682744015, 0.0, -3.2533084263321013, -167.05151630687996, -47.58094207697965, 33.6058745219075, 0.0016000000400000006, 257.05151630688
2025-03-30 16:21:52,109 - 2025-03-30T16:21:52.109857, 0.10486713886718935, 0.0, -3.23978041239715, -168.42531630737363, -47.59229422069973, 33.162577507183414, 0.0016000000400000006, 258.42531630737363
2025-03-30 16:21:52,127 - 2025-03-30T16:21:52.127599, 0.10518770744650618, 0.0, -3.2259548116584496, -169.748616307848, -47.59517684585594, 32.70927127079451, 0.0016000000400000006, 259.748616307848
2025-03-30 16:21:52,147 - 2025-03-30T16:21:52.147910, 0.105210689222075, 0.0, -3.2118619243801803, -170.73781630820196, -47.60806869267693, 32.247495515841685, 0.0016000000400000006, 260.73781630820196
2025-03-30 16:21:52,167 - 2025-03-30T16:21:52.167411, 0.10452000425245123, 0.0, -3.197665694096308, -171.56931630849908, -47.64444389055905, 31.783024704707877, 0.0016000000400000006, 261.5693163084991
2025-03-30 16:21:52,187 - 2025-03-30T16:21:52.187478, 0.10387341571958464, 0.0, -3.1829714121040107, -172.61631630887283, -47.67985648612588, 31.30219253298633, 0.0016000000400000006, 262.6163163088728
2025-03-30 16:21:52,207 - 2025-03-30T16:21:52.207554, 0.10321167705462786, 0.0, -3.167994693440054, -173.91441630933554, -47.71603893324317, 30.812120991150422, 0.0016000000400000006, 263.91441630933554
2025-03-30 16:21:52,227 - 2025-03-30T16:21:52.227896, 0.10240114498779596, 0.0, -3.1528843315063133, -175.31801630983526, -47.75722599119288, 30.317814690032556, 0.0016000000400000006, 265.31801630983523
2025-03-30 16:21:52,248 - 2025-03-30T16:21:52.248134, 0.10153136635211757, 0.0, -3.1379895846093393, -176.666916310315, -47.800145503008316, 29.830630379388086, 0.0016000000400000006, 266.666916310315
2025-03-30 16:21:52,267 - 2025-03-30T16:21:52.267711, 0.10060234114759181, 0.0, -3.1233104527491324, -177.76811631070643, -47.844797468689514, 29.350568059217025, 0.0016000000400000006, 267.76811631070643
2025-03-30 16:21:52,287 - 2025-03-30T16:21:52.287710, 0.09948800117048062, 0.0, -3.109136947663395, -178.53381631097852, -47.895031721743145, 28.887252025408884, 0.0016000000400000006, 268.5338163109785
2025-03-30 16:21:52,307 - 2025-03-30T16:21:52.307908, 0.09829926449243187, 0.0, -3.094896620942766, -178.98961631114045, -47.947768280213, 28.421818611959768, 0.0016000000400000006, 268.9896163111405
2025-03-30 16:21:52,327 - 2025-03-30T16:21:52.327888, 0.09754175788791608, 0.0, -3.0807747873598306, -179.33161631126194, -47.98626085773609, 27.95985010624215, 0.0016000000400000006, 269.33161631126194
2025-03-30 16:21:52,348 - 2025-03-30T16:21:52.348448, 0.09705153782296927, 0.0, -3.0663553669731467, -179.67221631138295, -48.01628391669528, 27.48787237885972, 0.0016000000400000006, 269.67221631138295
2025-03-30 16:21:52,367 - 2025-03-30T16:21:52.367679, 0.09688027580039194, 0.0, -3.0512815264101176, 179.98908368849672, -48.03648992900008, 26.99414375428192, 0.0016000000400000006, -89.98908368849672
2025-03-30 16:21:52,387 - 2025-03-30T16:21:52.387939, 0.09688675348435583, 0.0, -3.035560840736789, 179.79348368842724, -48.05149857970765, 26.479049158283985, 0.0016000000400000006, -89.79348368842724
2025-03-30 16:21:52,408 - 2025-03-30T16:21:52.408279, 0.09679610926924687, 0.0, -3.0193496784210794, 179.71688368840003, -48.07016431315712, 25.947978127473537, 0.0016000000400000006, -89.71688368840005
2025-03-30 16:21:52,428 - 2025-03-30T16:21:52.428267, 0.0963851530522537, 0.0, -3.002447574558314, 179.6812836883874, -48.09999404559709, 25.39457852292767, 0.0016000000400000006, -89.6812836883874
2025-03-30 16:21:52,448 - 2025-03-30T16:21:52.448000, 0.09603344340410702, 0.0, -2.985329855658782, 179.657583688379, -48.12809132417133, 24.834056927908442, 0.0016000000400000006, -89.65758368837899
2025-03-30 16:21:52,469 - 2025-03-30T16:21:52.469508, 0.09584432333041137, 0.0, -2.9672828549772907, 179.75328368841295, -48.151761092698784, 24.242929991354682, 0.0016000000400000006, -89.75328368841295
2025-03-30 16:21:52,488 - 2025-03-30T16:21:52.488185, 0.09549125972275041, 0.0, -2.948819774354358, 179.94778368848208, -48.181205323609134, 23.638328925404682, 0.0016000000400000006, -89.94778368848208
2025-03-30 16:21:52,507 - 2025-03-30T16:21:52.507851, 0.09521123885651273, 0.0, -2.929078153642915, -179.7711163114181, -48.20949420143937, 22.991765768164832, 0.0016000000400000006, 269.7711163114181
2025-03-30 16:21:52,528 - 2025-03-30T16:21:52.528676, 0.09498288949307687, 0.0, -2.908979699558876, -179.6661163113808, -48.23643555117909, 22.333460935394427, 0.0016000000400000006, 269.6661163113808
2025-03-30 16:21:52,548 - 2025-03-30T16:21:52.548225, 0.09506592310596629, 0.0, -2.8880856069626626, -179.75241631141145, -48.25394478003964, 21.648785520371472, 0.0016000000400000006, 269.7524163114115
2025-03-30 16:21:52,568 - 2025-03-30T16:21:52.568620, 0.09594324127151532, 0.0, -2.866157535619373, 179.88388368845938, -48.24643037898375, 20.92946275529691, 0.0016000000400000006, -89.88388368845939
2025-03-30 16:21:52,589 - 2025-03-30T16:21:52.589694, 0.09788970559533805, 0.0, -2.8430391170610876, 179.48948368831927, -48.205037903672306, 20.17010310356309, 0.0016000000400000006, -89.48948368831927
2025-03-30 16:21:52,608 - 2025-03-30T16:21:52.608244, 0.10078060183320892, 0.0, -2.8203657247489105, 179.0639836881681, -48.132270235275925, 19.42441033199035, 0.0016000000400000006, -89.0639836881681
2025-03-30 16:21:52,632 - 2025-03-30T16:21:52.632230, 0.10469383987356862, 0.0, -2.794309313483361, 178.23648368787408, -48.02928099961146, 18.566883092484574, 0.0016000000400000006, -88.23648368787408
2025-03-30 16:21:52,647 - 2025-03-30T16:21:52.647646, 0.1077121582746936, 0.0, -2.772691271156882, 177.31728368754744, -47.95131654537223, 17.85564549595305, 0.0016000000400000006, -87.31728368754744
2025-03-30 16:21:52,667 - 2025-03-30T16:21:52.667549, 0.11059412548700598, 0.0, -2.748531298785475, 176.48618368725198, -47.880280755087156, 17.06125356839238, 0.0016000000400000006, -86.48618368725198
2025-03-30 16:21:52,687 - 2025-03-30T16:21:52.687904, 0.11264393281643192, 0.0, -2.7246992134819976, 175.85358368702703, -47.8361932235947, 16.278410565597458, 0.0016000000400000006, -85.85358368702703
2025-03-30 16:21:52,708 - 2025-03-30T16:21:52.708701, 0.11470131521190341, 0.0, -2.701008346514349, 175.19408368679237, -47.791720766326996, 15.500187247859689, 0.0016000000400000006, -85.19408368679237
2025-03-30 16:21:52,728 - 2025-03-30T16:21:52.728679, 0.11704870934507872, 0.0, -2.6774435477504404, 174.5077836865481, -47.737624013169714, 14.725813763628652, 0.0016000000400000006, -84.5077836865481
2025-03-30 16:21:52,748 - 2025-03-30T16:21:52.748236, 0.117815109438979, 0.0, -2.6560879248165135, 173.70408368626184, -47.73318959407008, 14.025354664558023, 0.0016000000400000006, -83.70408368626184
2025-03-30 16:21:52,767 - 2025-03-30T16:21:52.767861, 0.11653763119637661, 0.0, -2.634912749508156, 175.13448368677115, -47.79554814541188, 13.332786831756826, 0.0016000000400000006, -85.13448368677116
2025-03-30 16:21:52,788 - 2025-03-30T16:21:52.788574, 0.11820923391458527, 0.0, -2.6119506994177897, 175.25438368681384, -47.763010114439574, 12.578816716630634, 0.0016000000400000006, -85.25438368681384
2025-03-30 16:21:52,808 - 2025-03-30T16:21:52.808322, 0.11945853558482122, 0.0, -2.5903567362489603, 175.9764836870707, -47.74298418630264, 11.870080849760926, 0.0016000000400000006, -85.9764836870707
2025-03-30 16:21:52,827 - 2025-03-30T16:21:52.827643, 0.11983780204194483, 0.0, -2.568384568468914, 176.43428368723352, -47.751831145834494, 11.149795482371072, 0.0016000000400000006, -86.43428368723352
2025-03-30 16:21:52,847 - 2025-03-30T16:21:52.847683, 0.1198450849943824, 0.0, -2.546078292514408, 176.58598368728747, -47.77318963244736, 10.41892321677638, 0.0016000000400000006, -86.58598368728747
2025-03-30 16:21:52,867 - 2025-03-30T16:21:52.867490, 0.11946523431004286, 0.0, -2.5231554717137814, 176.29318368718336, -47.80782949769172, 9.668224682862434, 0.0016000000400000006, -86.29318368718336
2025-03-30 16:21:52,887 - 2025-03-30T16:21:52.887502, 0.1195531350699488, 0.0, -2.499711874006595, 175.77968368700073, -47.82764770544925, 8.900010011035093, 0.0016000000400000006, -85.77968368700073
2025-03-30 16:21:52,908 - 2025-03-30T16:21:52.908230, 0.12070396088159718, 0.0, -2.4762820724719843, 175.3206836868374, -47.812625812390344, 8.13121823842209, 0.0016000000400000006, -85.32068368683741
2025-03-30 16:21:52,928 - 2025-03-30T16:21:52.927992, 0.122352838401671, 0.0, -2.45289636737413, 175.02398368673184, -47.781242558743706, 7.36338906812438, 0.0016000000400000006, -85.02398368673184
2025-03-30 16:21:52,950 - 2025-03-30T16:21:52.950313, 0.1241353591915284, 0.0, -2.4293618688744014, 174.73458368662884, -47.74562454581515, 6.590555286994242, 0.0016000000400000006, -84.73458368662885
2025-03-30 16:21:52,968 - 2025-03-30T16:21:52.968234, 0.12538330690224964, 0.0, -2.4064225439821714, 174.4237836865182, -47.72694557001434, 5.837739949193763, 0.0016000000400000006, -84.42378368651819
2025-03-30 16:21:52,987 - 2025-03-30T16:21:52.987779, 0.12609532757431996, 0.0, -2.3827330309740375, 174.0220836863751, -47.72655258367742, 5.0608635837921145, 0.0016000000400000006, -84.02208368637511
2025-03-30 16:21:53,010 - 2025-03-30T16:21:53.008854, 0.12627899627378358, 0.0, -2.3584345481858295, 173.63648368623774, -47.744060661029174, 4.26454587584647, 0.0016000000400000006, -83.63648368623774
2025-03-30 16:21:53,028 - 2025-03-30T16:21:53.028046, 0.12640341840440072, 0.0, -2.3343516804343882, 173.36178368613983, -47.763301192246665, 3.475350158374219, 0.0016000000400000006, -83.36178368613983
2025-03-30 16:21:53,048 - 2025-03-30T16:21:53.048349, 0.12677240187645067, 0.0, -2.30954757087171, 173.11958368605352, -47.77522698222595, 2.6622861640656215, 0.0016000000400000006, -83.11958368605352
2025-03-30 16:21:53,067 - 2025-03-30T16:21:53.067874, 0.12711108508431979, 0.0, -2.284178587965714, 172.7577836859245, -47.78869247530618, 1.8307434295283072, 0.0016000000400000006, -82.7577836859245
2025-03-30 16:21:53,087 - 2025-03-30T16:21:53.087876, 0.12700338808656575, 0.0, -2.2584086752503656, 172.2319836857369, -47.81717180088361, 0.9864964171451612, 0.0016000000400000006, -82.2319836857369
2025-03-30 16:21:53,107 - 2025-03-30T16:21:53.107704, 0.12654643278226096, 0.0, -2.232728309368045, 171.37908368543236, -47.857007876216365, 0.14552156172867925, 0.0016000000400000006, -81.37908368543236
2025-03-30 16:21:53,127 - 2025-03-30T16:21:53.127665, 0.12624584594587596, 0.0, -2.2073228050913376, 170.27948368503922, -47.89145441494147, -0.6865988493486725, 0.0016000000400000006, -80.27948368503922
2025-03-30 16:21:53,148 - 2025-03-30T16:21:53.148475, 0.12613057388207638, 0.0, -2.1814116740401603, 169.1216836846246, -47.92031866629414, -1.5354655467889762, 0.0016000000400000006, -79.1216836846246
2025-03-30 16:21:53,168 - 2025-03-30T16:21:53.168196, 0.12603938097592726, 0.0, -2.1572695597198717, 168.47308368439198, -47.946681187985, -2.326393718126993, 0.0016000000400000006, -78.47308368439198
2025-03-30 16:21:53,190 - 2025-03-30T16:21:53.189826, 0.1255597004734863, 0.0, -2.1311655388300625, 168.3246836843387, -47.987672040643474, -3.1812276287150048, 0.0016000000400000006, -78.32468368433871
2025-03-30 16:21:53,210 - 2025-03-30T16:21:53.210557, 0.125164699657057, 0.0, -2.107960281357778, 168.61358368444237, -48.02308175743827, -3.9411655327432813, 0.0016000000400000006, -78.61358368444237
2025-03-30 16:21:53,229 - 2025-03-30T16:21:53.229341, 0.12398921046054356, 0.0, -2.0847260775808274, 169.34078368470313, -48.08409220493517, -4.701296187536366, 0.0016000000400000006, -79.34078368470313
2025-03-30 16:21:53,249 - 2025-03-30T16:21:53.249212, 0.12262083142539959, 0.0, -2.0618562822425175, 170.1038836849764, -48.15106986557973, -5.4493002410236855, 0.0016000000400000006, -80.10388368497641
2025-03-30 16:21:53,267 - 2025-03-30T16:21:53.267895, 0.12091699025628033, 0.0, -2.0380131086854925, 170.74358368520524, -48.229981376765274, -6.2288722383607675, 0.0016000000400000006, -80.74358368520524
2025-03-30 16:21:53,287 - 2025-03-30T16:21:53.287616, 0.11936194248903487, 0.0, -2.014303578398252, 171.01588368530258, -48.30388827711843, -7.004209476415891, 0.0016000000400000006, -81.01588368530258
2025-03-30 16:21:53,307 - 2025-03-30T16:21:53.307780, 0.11793296292552968, 0.0, -1.990304036373307, 171.07398368532336, -48.373945343964834, -7.789171010360617, 0.0016000000400000006, -81.07398368532336
2025-03-30 16:21:53,327 - 2025-03-30T16:21:53.327497, 0.11710673203556654, 0.0, -1.966980285763329, 171.0312836853081, -48.423599041706424, -8.55257382212038, 0.0016000000400000006, -81.0312836853081
2025-03-30 16:21:53,348 - 2025-03-30T16:21:53.348072, 0.11656293781726346, 0.0, -1.9436413850212597, 171.10228368533348, -48.46401336933361, -9.316746485430615, 0.0016000000400000006, -81.10228368533348
2025-03-30 16:21:53,374 - 2025-03-30T16:21:53.374179, 0.11601914359895948, 0.0, -1.920302484279191, 171.3824836854336, -48.504427696960825, -10.080919148740835, 0.0016000000400000006, -81.38248368543361
2025-03-30 16:21:53,390 - 2025-03-30T16:21:53.390741, 0.11537336033456613, 0.0, -1.8990226120057154, 171.81078368558653, -48.546190128432954, -10.777528990059158, 0.0016000000400000006, -81.81078368558653
2025-03-30 16:21:53,407 - 2025-03-30T16:21:53.407837, 0.11437074369757605, 0.0, -1.877691068229438, 172.305183685763, -48.59969423543568, -11.475486359467997, 0.0016000000400000006, -82.30518368576301
2025-03-30 16:21:53,427 - 2025-03-30T16:21:53.427702, 0.11358374209735489, 0.0, -1.8564187710220084, 172.76638368592756, -48.646076351964936, -12.171711275011072, 0.0016000000400000006, -82.76638368592758
2025-03-30 16:21:53,448 - 2025-03-30T16:21:53.448037, 0.11296825909714148, 0.0, -1.83570377209185, 173.252783686101, -48.68629908033617, -12.8498423761007, 0.0016000000400000006, -83.252783686101
2025-03-30 16:21:53,468 - 2025-03-30T16:21:53.468359, 0.11244232292995626, 0.0, -1.8153380314682428, 173.84048368631045, -48.72324965174072, -13.51661672743499, 0.0016000000400000006, -83.84048368631045
2025-03-30 16:21:53,487 - 2025-03-30T16:21:53.487741, 0.11222912369861104, 0.0, -1.7955220140558623, 174.50928368654863, -48.74942114992997, -14.165682190091056, 0.0016000000400000006, -84.50928368654863
2025-03-30 16:21:53,507 - 2025-03-30T16:21:53.507752, 0.1123210863370594, 0.0, -1.77611450151888, 175.19778368679368, -48.765198500679205, -14.801658449126034, 0.0016000000400000006, -85.19778368679368
2025-03-30 16:21:53,527 - 2025-03-30T16:21:53.527656, 0.11286700424717644, 0.0, -1.7572491371270793, 175.66198368695885, -48.76557709315597, -15.420310745258014, 0.0016000000400000006, -85.66198368695885
2025-03-30 16:21:53,547 - 2025-03-30T16:21:53.547706, 0.11385930236291752, 0.0, -1.7387847025446321, 176.03168368709038, -48.75094185313551, -16.026258763544128, 0.0016000000400000006, -86.03168368709039
2025-03-30 16:21:53,568 - 2025-03-30T16:21:53.568334, 0.11485295443817245, 0.0, -1.7216656296855857, 176.62328368730076, -48.734959660778955, -16.58812731089947, 0.0016000000400000006, -86.62328368730076
2025-03-30 16:21:53,588 - 2025-03-30T16:21:53.587984, 0.11615176838322183, 0.0, -1.7049550617019364, 177.47948368760507, -48.70858332098234, -17.13690665463377, 0.0016000000400000006, -87.47948368760507
2025-03-30 16:21:53,608 - 2025-03-30T16:21:53.608161, 0.11750360779058733, 0.0, -1.6892330220690934, 178.22888368787142, -48.679512500759124, -17.65334820296781, 0.0016000000400000006, -88.22888368787142
2025-03-30 16:21:53,628 - 2025-03-30T16:21:53.628084, 0.11884922609142157, 0.0, -1.674715125823822, 178.7196836880458, -48.64947965397503, -18.130329965428253, 0.0016000000400000006, -88.71968368804579
2025-03-30 16:21:53,647 - 2025-03-30T16:21:53.647916, 0.1203071164234184, 0.0, -1.66097014289259, 178.91478368811505, -48.6150198728986, -18.58209592296182, 0.0016000000400000006, -88.91478368811505
2025-03-30 16:21:53,668 - 2025-03-30T16:21:53.668869, 0.12186970372053407, 0.0, -1.6478568549395671, 179.02238368815333, -48.57651808330501, -19.01326576062572, 0.0016000000400000006, -89.02238368815333
2025-03-30 16:21:53,687 - 2025-03-30T16:21:53.687485, 0.12350182057157033, 0.0, -1.6373598937324099, 179.308583688255, -48.533205009398245, -19.358778961844248, 0.0016000000400000006, -89.308583688255
2025-03-30 16:21:53,707 - 2025-03-30T16:21:53.707468, 0.1251201412500298, 0.0, -1.6279258575769946, 179.57648368835015, -48.48931483470586, -19.669452062246364, 0.0016000000400000006, -89.57648368835015
2025-03-30 16:21:53,727 - 2025-03-30T16:21:53.727502, 0.12659859755217528, 0.0, -1.6198447582110274, 179.69668368839285, -48.4486973927345, -19.935660765942412, 0.0016000000400000006, -89.69668368839285
2025-03-30 16:21:53,747 - 2025-03-30T16:21:53.747767, 0.12771399937519323, 0.0, -1.6129161307298294, 179.65838368837925, -48.418859599732855, -20.163757211855387, 0.0016000000400000006, -89.65838368837925
2025-03-30 16:21:53,767 - 2025-03-30T16:21:53.767855, 0.12834027851534602, 0.0, -1.6074299868711064, 179.69878368839363, -48.40365128920759, -20.34411710409566, 0.0016000000400000006, -89.69878368839363
2025-03-30 16:21:53,808 - 2025-03-30T16:21:53.808159, 0.12916431464114586, 0.0, -1.5990299294627683, 179.9988836885002, -48.38478474443162, -20.620142854446126, 0.0016000000400000006, -89.9988836885002
2025-03-30 16:21:53,828 - 2025-03-30T16:21:53.828295, 0.12989664470593, 0.0, -1.595520842305655, -179.83991631144252, -48.36418747305315, -20.735827155885964, 0.0016000000400000006, 269.8399163114425
2025-03-30 16:21:53,869 - 2025-03-30T16:21:53.869473, 0.12975001053204327, 0.0, -1.5901469704780946, 179.97868368849305, -48.374194967454756, -20.911760113833886, 0.0016000000400000006, -89.97868368849305
2025-03-30 16:21:53,927 - 2025-03-30T16:21:53.927822, 0.127047650140653, 0.0, -1.5859723748910897, 179.19838368821584, -48.466779692099855, -21.04592430701122, 0.0016000000400000006, -89.19838368821584
2025-03-30 16:21:54,008 - 2025-03-30T16:21:54.008144, 0.1214127128800544, 0.0, -1.5852124524811528, 178.6875836880344, -48.65214419517257, -21.065367376818433, 0.0016000000400000006, -88.68758368803441
2025-03-30 16:21:54,048 - 2025-03-30T16:21:54.048421, 0.11591899395528538, 0.0, -1.5844449550051714, 178.38828368792804, -48.832889013188094, -21.08519537240086, 0.0016000000400000006, -88.38828368792804
2025-03-30 16:21:54,088 - 2025-03-30T16:21:54.088348, 0.11049967173145392, 0.0, -1.583744279164082, 178.5019836879684, -49.0111315257874, -21.102905988342318, 0.0016000000400000006, -88.50198368796839
2025-03-30 16:21:54,168 - 2025-03-30T16:21:54.168278, 0.11183394520130863, 0.0, -1.5874965737031137, 179.7403836884084, -48.96378104939873, -20.98125389800039, 0.0016000000400000006, -89.7403836884084
2025-03-30 16:21:54,188 - 2025-03-30T16:21:54.188605, 0.11200681776083288, 0.0, -1.5893992337037868, -179.96381631148657, -48.95627470890453, -20.919080612616145, 0.0016000000400000006, 269.96381631148654
2025-03-30 16:21:54,247 - 2025-03-30T16:21:54.247443, 0.11458933105501545, 0.0, -1.592659697640924, -179.3022163112515, -48.868501844327, -20.814751909422828, 0.0016000000400000006, 269.3022163112515
2025-03-30 16:21:54,348 - 2025-03-30T16:21:54.348267, 0.11567282207690566, 0.0, -1.5983373773787641, -179.21451631122036, -48.827504082615675, -20.62977175637097, 0.0016000000400000006, 269.21451631122034
2025-03-30 16:21:54,467 - 2025-03-30T16:21:54.467625, 0.11627963262899188, 0.0, -1.6030492539639347, -178.72191631104533, -48.8030598565025, -20.47597462139364, 0.0016000000400000006, 268.72191631104533
2025-03-30 16:21:54,551 - 2025-03-30T16:21:54.551039, 0.1158787028196393, 0.0, -1.6034956341695583, -179.53331631133358, -48.815764134348335, -20.460960788896415, 0.0016000000400000006, 269.5333163113336
2025-03-30 16:21:54,587 - 2025-03-30T16:21:54.587943, 0.1144968197255265, 0.0, -1.6041362581733272, 179.5484836883402, -48.86042128181917, -20.438632790915406, 0.0016000000400000006, -89.54848368834023
2025-03-30 16:21:54,607 - 2025-03-30T16:21:54.607662, 0.11408073978408284, 0.0, -1.6043002017072916, 178.89698368810878, -48.87389541121549, -20.43285832853255, 0.0016000000400000006, -88.89698368810878
2025-03-30 16:21:54,627 - 2025-03-30T16:21:54.627437, 0.11330025140399913, 0.0, -1.6042712554026255, 178.33258368790823, -48.899496141917574, -20.433051079297357, 0.0016000000400000006, -88.33258368790823
2025-03-30 16:21:54,647 - 2025-03-30T16:21:54.647865, 0.11254248822205071, 0.0, -1.6046659641054473, 177.57868368764036, -48.92394209529395, -20.419384774890652, 0.0016000000400000006, -87.57868368764036
2025-03-30 16:21:54,667 - 2025-03-30T16:21:54.667958, 0.11182124641081392, 0.0, -1.604421402764014, 176.9635836874217, -48.94781037213029, -20.42669951612886, 0.0016000000400000006, -86.96358368742172
2025-03-30 16:21:54,687 - 2025-03-30T16:21:54.687717, 0.11214777951922938, 0.0, -1.6039082009234984, 177.5219836876202, -48.93760839970066, -20.443830728267056, 0.0016000000400000006, -87.5219836876202
2025-03-30 16:21:54,709 - 2025-03-30T16:21:54.709402, 0.11214020445318429, 0.0, -1.6037669825876697, 176.77778368735565, -48.93799332547588, -20.448450413324206, 0.0016000000400000006, -86.77778368735565
2025-03-30 16:21:54,748 - 2025-03-30T16:21:54.748764, 0.1128173498276639, 0.0, -1.604509595637527, 177.56848368763673, -48.915087650954845, -20.424774311498307, 0.0016000000400000006, -87.56848368763673
2025-03-30 16:22:03,030 - 2025-03-30T16:22:03.030125, 0.11794259843524912, 0.0, -1.6010481181046736, 177.30288368754233, -48.75051029125342, -20.543151941855918, 0.0016000000400000006, -87.30288368754233
2025-03-30 16:22:20,447 - 2025-03-30T16:22:20.447861, 0.12294313279860924, 0.0, -1.5992220140329256, 177.29448368753935, -48.58843581272261, -20.60782580539315, 0.0016000000400000006, -87.29448368753935
