2025-03-31 15:26:05,190 - Timestamp, Before_X, Before_Y, Before_Z, Before_Yaw_Deg, After_X, After_Y, After_Z, After_Yaw_Deg
2025-03-31 15:26:05,238 - 2025-03-31T15:26:05.238963, 0.13769484966930134, 0.0, -2.246505203100405, -179.69711631139182, -47.478391058327986, 0.5861275505525918, 0.0016000000400000006, 269.6971163113918
2025-03-31 15:35:07,899 - 2025-03-31T15:35:07.899054, 0.13932480729234964, 0.0, -2.241248470451024, -179.793316311426, -47.43007510085203, 0.4123125480000464, 0.0016000000400000006, 269.793316311426
2025-03-31 15:35:08,100 - 2025-03-31T15:35:08.100403, 0.13889573644680464, 0.0, -2.2358897487555542, -179.75721631141312, -47.449321965367965, 0.2371494416025894, 0.0016000000400000006, 269.7572163114131
2025-03-31 15:35:08,279 - 2025-03-31T15:35:08.279708, 0.13910593564551377, 0.0, -2.2305675484307956, -179.75521631141243, -47.44758778423901, 0.0625640117451843, 0.0016000000400000006, 269.7552163114124
2025-03-31 15:35:08,359 - 2025-03-31T15:35:08.359348, 0.13931478088470906, 0.0, -2.223899986382635, -179.80221631142913, -47.44720055544616, -0.15610088904303512, 0.0016000000400000006, 269.8022163114291
2025-03-31 15:35:08,419 - 2025-03-31T15:35:08.419501, 0.13904694565409992, 0.0, -2.2162666211818047, -179.6363163113702, -47.463366862251455, -0.4059488079057887, 0.0016000000400000006, 269.6363163113702
2025-03-31 15:35:08,464 - 2025-03-31T15:35:08.464626, 0.13934533772632252, 0.0, -2.2099483174401953, -179.75351631141183, -47.459707476491936, -0.6132569589386703, 0.0016000000400000006, 269.75351631141183
2025-03-31 15:35:08,501 - 2025-03-31T15:35:08.501047, 0.13947221119853515, 0.0, -2.203072715421314, -179.6774163113848, -47.46220747889052, -0.8386589244250123, 0.0016000000400000006, 269.67741631138483
2025-03-31 15:35:08,539 - 2025-03-31T15:35:08.539614, 0.1391389082925487, 0.0, -2.196859108644823, -179.6963163113915, -47.479144213000666, -1.0419250669407594, 0.0016000000400000006, 269.6963163113915
2025-03-31 15:35:08,579 - 2025-03-31T15:35:08.579294, 0.13879803032051674, 0.0, -2.1905042835325017, -179.75021631141067, -47.49646587288605, -1.2498108945136923, 0.0016000000400000006, 269.75021631141067
2025-03-31 15:35:08,619 - 2025-03-31T15:35:08.619482, 0.13857564548617818, 0.0, -2.183718228346648, -179.63231631136878, -47.510322625039976, -1.4719407030333698, 0.0016000000400000006, 269.63231631136875
2025-03-31 15:35:08,660 - 2025-03-31T15:35:08.659945, 0.13850962911975984, 0.0, -2.1772070347664068, -179.46981631131106, -47.51878984058624, -1.6852160672139602, 0.0016000000400000006, 269.4698163113111
2025-03-31 15:35:08,699 - 2025-03-31T15:35:08.699015, 0.13781949284117712, 0.0, -2.1709417564871143, -179.29591631124927, -47.54746825022695, -1.889829737820201, 0.0016000000400000006, 269.29591631124924
2025-03-31 15:35:08,739 - 2025-03-31T15:35:08.739412, 0.13760603703239882, 0.0, -2.1656422813604905, -179.21511631122056, -47.55959312426951, -2.0632603903519358, 0.0016000000400000006, 269.2151163112206
2025-03-31 15:35:08,780 - 2025-03-31T15:35:08.780094, 0.13765229269714307, 0.0, -2.1599040010942887, -178.95451631112797, -47.563633405523426, -2.2513199496056573, 0.0016000000400000006, 268.954516311128
2025-03-31 15:35:08,819 - 2025-03-31T15:35:08.819015, 0.13709715364785824, 0.0, -2.1548352911365227, -178.69291631103505, -47.5867301035461, -2.4168587601135267, 0.0016000000400000006, 268.69291631103505
2025-03-31 15:35:08,861 - 2025-03-31T15:35:08.860996, 0.1370917378098011, 0.0, -2.149453844242917, -178.5767163109938, -47.59211791289052, -2.5931766438366686, 0.0016000000400000006, 268.5767163109938
2025-03-31 15:35:08,919 - 2025-03-31T15:35:08.918997, 0.13640782263774964, 0.0, -2.141984422576052, -178.13281631083603, -47.6217583490921, -2.837250100316551, 0.0016000000400000006, 268.132816310836
2025-03-31 15:35:08,982 - 2025-03-31T15:35:08.982042, 0.13566466089685036, 0.0, -2.134730615945953, -177.7604163107037, -47.65313123915945, -3.074201566323039, 0.0016000000400000006, 267.7604163107037
2025-03-31 15:35:09,019 - 2025-03-31T15:35:09.018999, 0.13517634348245844, 0.0, -2.1295875092872496, -177.45661631059576, -47.67411055754113, -3.242242682247131, 0.0016000000400000006, 267.4566163105958
2025-03-31 15:35:09,079 - 2025-03-31T15:35:09.078991, 0.1347004682811277, 0.0, -2.1220361158534016, -177.0355163104461, -47.69701392904457, -3.4892033699184486, 0.0016000000400000006, 267.0355163104461
2025-03-31 15:35:09,140 - 2025-03-31T15:35:09.140359, 0.13428383964864432, 0.0, -2.1142691073827873, -176.61771631029754, -47.71818484668226, -3.743286048063132, 0.0016000000400000006, 266.6177163102975
2025-03-31 15:35:09,179 - 2025-03-31T15:35:09.179431, 0.13349793543050348, 0.0, -2.108858714184515, -176.37231631021027, -47.74917338672876, -3.9197966825511115, 0.0016000000400000006, 266.3723163102103
2025-03-31 15:35:09,219 - 2025-03-31T15:35:09.219438, 0.132935221315174, 0.0, -2.1036487858909196, -176.0796163101062, -47.772655010526655, -4.089955178116168, 0.0016000000400000006, 266.0796163101062
2025-03-31 15:35:09,259 - 2025-03-31T15:35:09.259356, 0.13226781023472656, 0.0, -2.097807162619114, -175.83201631001813, -47.80017864284168, -4.280709793550906, 0.0016000000400000006, 265.83201631001816
2025-03-31 15:35:09,299 - 2025-03-31T15:35:09.299072, 0.1317794928203342, 0.0, -2.092664055960411, -175.62011630994274, -47.82115796122338, -4.448750909474983, 0.0016000000400000006, 265.6201163099428
2025-03-31 15:35:09,339 - 2025-03-31T15:35:09.339827, 0.13111965680593185, 0.0, -2.086963651024435, -175.3617163098508, -47.84829666776317, -4.634885839852535, 0.0016000000400000006, 265.3617163098508
2025-03-31 15:35:09,379 - 2025-03-31T15:35:09.379521, 0.12976130417842802, 0.0, -2.0814423397545143, -175.04511630973815, -47.89814887381362, -4.814476456296772, 0.0016000000400000006, 265.04511630973815
2025-03-31 15:35:09,419 - 2025-03-31T15:35:09.419571, 0.12925783663194546, 0.0, -2.0760167964241516, -174.88661630968176, -47.919898043745775, -4.991756942335222, 0.0016000000400000006, 264.88661630968176
2025-03-31 15:35:09,459 - 2025-03-31T15:35:09.459195, 0.12810752397516323, 0.0, -2.070413513387249, -174.6781163096075, -47.963013185098056, -5.174234789970867, 0.0016000000400000006, 264.6781163096075
2025-03-31 15:35:09,499 - 2025-03-31T15:35:09.499723, 0.12753723479378865, 0.0, -2.065062366757824, -174.56311630956657, -47.98687973467119, -5.349012970593096, 0.0016000000400000006, 264.56311630956657
2025-03-31 15:35:09,539 - 2025-03-31T15:35:09.539679, 0.12703376724730608, 0.0, -2.0596368234274616, -174.45781630952908, -48.00862890460334, -5.526293456631532, 0.0016000000400000006, 264.4578163095291
2025-03-31 15:35:09,580 - 2025-03-31T15:35:09.580090, 0.1263739312329042, 0.0, -2.0539364184914857, -174.30151630947344, -48.03576761114312, -5.712428387009098, 0.0016000000400000006, 264.3015163094734
2025-03-31 15:35:09,619 - 2025-03-31T15:35:09.619843, 0.1262424471911081, 0.0, -2.048844983335584, -174.1914163094342, -48.04500525399425, -5.879121974842667, 0.0016000000400000006, 264.1914163094342
2025-03-31 15:35:09,659 - 2025-03-31T15:35:09.659397, 0.12579822621347247, 0.0, -2.043203824968455, -174.19011630943376, -48.06502197006066, -6.063524451354482, 0.0016000000400000006, 264.19011630943373
2025-03-31 15:35:09,700 - 2025-03-31T15:35:09.700065, 0.1247298853236729, 0.0, -2.0378085819022735, -174.1843163094317, -48.10524988022151, -6.239265234291991, 0.0016000000400000006, 264.18431630943167
2025-03-31 15:35:09,739 - 2025-03-31T15:35:09.739214, 0.12421126764509971, 0.0, -2.0321006019002525, -174.2268163094468, -48.12776890170414, -6.425785090444784, 0.0016000000400000006, 264.22681630944686
2025-03-31 15:35:09,779 - 2025-03-31T15:35:09.779246, 0.12371537516466224, 0.0, -2.0268162769057194, -174.13931630941568, -48.149133145861065, -6.5984458914260475, 0.0016000000400000006, 264.1393163094157
2025-03-31 15:35:09,819 - 2025-03-31T15:35:09.819858, 0.12357631605682107, 0.0, -2.0215836234139877, -174.15761630942217, -48.15875571448742, -6.769759164316818, 0.0016000000400000006, 264.15761630942217
2025-03-31 15:35:09,859 - 2025-03-31T15:35:09.858984, 0.12341453175084416, 0.0, -2.015927314914769, -174.25941630945843, -48.169533060439484, -6.9549314923790755, 0.0016000000400000006, 264.2594163094584
2025-03-31 15:35:09,900 - 2025-03-31T15:35:09.900067, 0.12282909243737894, 0.0, -2.010293731613685, -174.25211630945583, -48.194169461563085, -7.138949043115662, 0.0016000000400000006, 264.25211630945586
2025-03-31 15:35:09,939 - 2025-03-31T15:35:09.939847, 0.12233319995694147, 0.0, -2.005009406619152, -174.46331630953102, -48.215533705720006, -7.3116098440969255, 0.0016000000400000006, 264.463316309531
2025-03-31 15:35:09,979 - 2025-03-31T15:35:09.979267, 0.12202262224909033, 0.0, -1.9992194548501487, -174.5273163095538, -48.231315662504464, -7.501016931441142, 0.0016000000400000006, 264.52731630955384
2025-03-31 15:35:10,019 - 2025-03-31T15:35:10.019039, 0.12151915470260821, 0.0, -1.9937939115197862, -174.62011630958688, -48.2530648324366, -7.678297417479592, 0.0016000000400000006, 264.6201163095869
2025-03-31 15:35:10,060 - 2025-03-31T15:35:10.059988, 0.12108250879101767, 0.0, -1.988293971488487, -174.8101163096545, -48.272696622727786, -7.858080208934221, 0.0016000000400000006, 264.8101163096545
2025-03-31 15:35:10,099 - 2025-03-31T15:35:10.099076, 0.12080223134734647, 0.0, -1.9830688930628009, -174.8831163096805, -48.28693887641134, -8.029008556049748, 0.0016000000400000006, 264.88311630968053
2025-03-31 15:35:10,139 - 2025-03-31T15:35:10.139479, 0.12043998213669349, 0.0, -1.9776357746663937, -175.07851630975006, -48.30406836128631, -8.206673967863399, 0.0016000000400000006, 265.07851630975006
2025-03-31 15:35:10,180 - 2025-03-31T15:35:10.180050, 0.12020380112977946, 0.0, -1.9719126445322823, -175.23591630980604, -48.31734801265458, -8.39396367556665, 0.0016000000400000006, 265.23591630980604
2025-03-31 15:35:10,219 - 2025-03-31T15:35:10.219649, 0.11990079848797341, 0.0, -1.9662639110991083, -175.42041630987168, -48.332745043663806, -8.578751077853706, 0.0016000000400000006, 265.4204163098717
2025-03-31 15:35:10,259 - 2025-03-31T15:35:10.259742, 0.11912246933587722, 0.0, -1.9609947362366653, -175.59261630993296, -48.363348657935084, -8.750642027284513, 0.0016000000400000006, 265.59261630993296
2025-03-31 15:35:10,301 - 2025-03-31T15:35:10.301678, 0.11911705349782009, 0.0, -1.9556132893430598, -175.72101630997864, -48.3687364672795, -8.926959911007655, 0.0016000000400000006, 265.7210163099786
2025-03-31 15:35:10,339 - 2025-03-31T15:35:10.339032, 0.11908891246162723, 0.0, -1.949808187441966, -175.79591631000528, -48.375279053949626, -9.11713684990235, 0.0016000000400000006, 265.7959163100053
2025-03-31 15:35:10,379 - 2025-03-31T15:35:10.379377, 0.11865226655003669, 0.0, -1.9443082474106663, -176.06861631010227, -48.39491084424081, -9.296919641356991, 0.0016000000400000006, 266.06861631010224
2025-03-31 15:35:10,419 - 2025-03-31T15:35:10.419560, 0.11827486720729352, 0.0, -1.9385926923426005, -176.33491631019697, -48.412810180666234, -9.483824423285002, 0.0016000000400000006, 266.33491631019695
2025-03-31 15:35:10,458 - 2025-03-31T15:35:10.458959, 0.11818747960225418, 0.0, -1.9330032054782733, -176.5158163102613, -48.421085221202084, -9.666879371706308, 0.0016000000400000006, 266.5158163102613
2025-03-31 15:35:10,499 - 2025-03-31T15:35:10.499137, 0.11851617193865716, 0.0, -1.9272497750799813, -176.69161631032384, -48.41588613234165, -9.855708782510487, 0.0016000000400000006, 266.69161631032387
2025-03-31 15:35:10,539 - 2025-03-31T15:35:10.539837, 0.11828756599778778, 0.0, -1.9216678632816993, -176.8418163103772, -48.4287808579347, -10.038378805156565, 0.0016000000400000006, 266.8418163103772
2025-03-31 15:35:10,579 - 2025-03-31T15:35:10.579031, 0.11827457509368555, 0.0, -1.916145198052264, -176.98231631042717, -48.434553593054346, -10.219316373936907, 0.0016000000400000006, 266.98231631042717
2025-03-31 15:35:10,619 - 2025-03-31T15:35:10.619588, 0.11841037759145756, 0.0, -1.9107561760926135, -177.11791631047538, -48.435321717341594, -10.396019183435278, 0.0016000000400000006, 267.1179163104754
2025-03-31 15:35:10,659 - 2025-03-31T15:35:10.659662, 0.11834571518455395, 0.0, -1.9055903442357744, -177.22911631051488, -48.44244198055174, -10.565215076685055, 0.0016000000400000006, 267.2291163105149
2025-03-31 15:35:10,719 - 2025-03-31T15:35:10.719217, 0.11830107005675661, 0.0, -1.8981574439396207, -177.4550163105952, -48.45110137110842, -10.808710856624879, 0.0016000000400000006, 267.45501631059517
2025-03-31 15:35:10,761 - 2025-03-31T15:35:10.761114, 0.11845202268661881, 0.0, -1.8930508586516286, -177.6188163106534, -48.45109964384521, -10.976174296008919, 0.0016000000400000006, 267.6188163106534
2025-03-31 15:35:10,821 - 2025-03-31T15:35:10.821216, 0.11876421093141731, 0.0, -1.8856696298582762, -177.8467163107344, -48.44801735887135, -11.218322547858241, 0.0016000000400000006, 267.8467163107344
2025-03-31 15:35:10,859 - 2025-03-31T15:35:10.859458, 0.11861757675753104, 0.0, -1.8802957580307154, -177.99231631078612, -48.458024853272924, -11.394255505806177, 0.0016000000400000006, 267.9923163107861
2025-03-31 15:35:10,899 - 2025-03-31T15:35:10.899580, 0.11833729931386028, 0.0, -1.87507067960503, -178.1454163108405, -48.472267106956465, -11.565183852921676, 0.0016000000400000006, 268.14541631084046
2025-03-31 15:35:10,959 - 2025-03-31T15:35:10.959317, 0.11827885801348659, 0.0, -1.8687007043606187, -178.31711631090153, -48.48034939672752, -11.773839532045072, 0.0016000000400000006, 268.3171163109015
2025-03-31 15:35:11,039 - 2025-03-31T15:35:11.039411, 0.11865922185269229, 0.0, -1.8625904405897304, -178.48191631096006, -48.47380277977654, -11.974410618379817, 0.0016000000400000006, 268.48191631096006
2025-03-31 15:35:11,099 - 2025-03-31T15:35:11.099302, 0.11863865588254408, 0.0, -1.8569265570244664, -178.74551631105376, -48.479960440671455, -12.15996787221731, 0.0016000000400000006, 268.74551631105373
2025-03-31 15:35:11,159 - 2025-03-31T15:35:11.159273, 0.11877310442080224, 0.0, -1.8501921733414144, -178.91761631111493, -48.48207551729479, -12.38075015264648, 0.0016000000400000006, 268.9176163111149
2025-03-31 15:35:11,199 - 2025-03-31T15:35:11.199199, 0.11884208528368267, 0.0, -1.8448775480827009, -179.0494163111617, -48.48496102122299, -12.554950656728664, 0.0016000000400000006, 269.04941631116174
2025-03-31 15:35:11,239 - 2025-03-31T15:35:11.239532, 0.11916320255404056, 0.0, -1.8389828993485797, -179.23301631122692, -48.48014685813779, -12.748399752590007, 0.0016000000400000006, 269.23301631122695
2025-03-31 15:35:11,279 - 2025-03-31T15:35:11.279104, 0.11945401956021806, 0.0, -1.8325233772711405, -179.4491163113037, -48.4768723981535, -12.960327588680082, 0.0016000000400000006, 269.44911631130367
2025-03-31 15:35:11,319 - 2025-03-31T15:35:11.318989, 0.11932875662495279, 0.0, -1.8262277987276667, -179.68611631138788, -48.48707206756551, -13.166480962387265, 0.0016000000400000006, 269.6861163113879
2025-03-31 15:35:11,360 - 2025-03-31T15:35:11.360722, 0.11956032706228337, 0.0, -1.8199838916869946, -179.84111631144293, -48.485530061446966, -13.371286808003939, 0.0016000000400000006, 269.84111631144293
2025-03-31 15:35:11,399 - 2025-03-31T15:35:11.399125, 0.11985114406846131, 0.0, -1.8135243696095564, 179.9552836884847, -48.48225560146266, -13.58321464409398, 0.0016000000400000006, -89.95528368848471
2025-03-31 15:35:11,438 - 2025-03-31T15:35:11.438966, 0.12010543970392717, 0.0, -1.807704117576372, 179.80928368843286, -48.479558818018425, -13.774161434539137, 0.0016000000400000006, -89.80928368843286
2025-03-31 15:35:11,480 - 2025-03-31T15:35:11.480647, 0.12043413204032971, 0.0, -1.8019506871780795, 179.64958368837614, -48.47435972915802, -13.96299084534333, 0.0016000000400000006, -89.64958368837614
2025-03-31 15:35:11,519 - 2025-03-31T15:35:11.519249, 0.12064433123903928, 0.0, -1.7966284868533209, 179.52548368833206, -48.47262554802905, -14.137576275200741, 0.0016000000400000006, -89.52548368833206
2025-03-31 15:35:11,559 - 2025-03-31T15:35:11.559350, 0.120995748773578, 0.0, -1.7912987114625176, 179.353583688271, -48.46627168184291, -14.312546630833369, 0.0016000000400000006, -89.35358368827099
2025-03-31 15:35:11,601 - 2025-03-31T15:35:11.601112, 0.12128034467322468, 0.0, -1.7860433327726506, 179.2092836882197, -48.46203519529775, -14.485014681049824, 0.0016000000400000006, -89.20928368821971
2025-03-31 15:35:11,660 - 2025-03-31T15:35:11.660274, 0.12194936629061948, 0.0, -1.7787137754821005, 179.01128368814938, -48.447211234793315, -14.725815404808625, 0.0016000000400000006, -89.01128368814938
2025-03-31 15:35:11,699 - 2025-03-31T15:35:11.699507, 0.12223396219026617, 0.0, -1.773458396792234, 178.7166836880447, -48.442974748248155, -14.898283455025064, 0.0016000000400000006, -88.71668368804471
2025-03-31 15:35:11,739 - 2025-03-31T15:35:11.739485, 0.12237733975408327, 0.0, -1.7682105931684124, 178.6693836880279, -48.44335794676017, -15.070366579466276, 0.0016000000400000006, -88.66938368802789
2025-03-31 15:35:11,780 - 2025-03-31T15:35:11.780466, 0.1226695107197755, 0.0, -1.7630964328143754, 178.40768368793493, -48.43873653443977, -15.23821494462553, 0.0016000000400000006, -88.40768368793493
2025-03-31 15:35:11,819 - 2025-03-31T15:35:11.819320, 0.12294653155337709, 0.0, -1.7576998357886793, 178.22888368787142, -48.43488497366983, -15.415302679899158, 0.0016000000400000006, -88.22888368787142
2025-03-31 15:35:11,859 - 2025-03-31T15:35:11.858978, 0.12350598905863697, 0.0, -1.752288088630893, 178.21868368786775, -48.42179404278556, -15.593160266723235, 0.0016000000400000006, -88.21868368786775
2025-03-31 15:35:11,899 - 2025-03-31T15:35:11.899776, 0.12384983152713058, 0.0, -1.7468170949042596, 178.0513836878083, -48.415825102374654, -15.772750307413062, 0.0016000000400000006, -88.05138368780831
2025-03-31 15:35:11,938 - 2025-03-31T15:35:11.938959, 0.12410412716259689, 0.0, -1.740996842871076, 177.92848368776464, -48.413128318930404, -15.96369709785819, 0.0016000000400000006, -87.92848368776464
2025-03-31 15:35:11,980 - 2025-03-31T15:35:11.980355, 0.12443281949899987, 0.0, -1.7352434124727836, 177.7561836877034, -48.407929230069975, -16.152526508662383, 0.0016000000400000006, -87.75618368770341
2025-03-31 15:35:12,021 - 2025-03-31T15:35:12.021390, 0.12470984033260102, 0.0, -1.7298468154470874, 177.58548368764278, -48.40407766930005, -16.32961424393601, 0.0016000000400000006, -87.58548368764278
2025-03-31 15:35:12,059 - 2025-03-31T15:35:12.059661, 0.12540294110764583, 0.0, -1.7242862748874268, 177.40858368757986, -48.38675197913381, -16.512476441592487, 0.0016000000400000006, -87.40858368757988
2025-03-31 15:35:12,099 - 2025-03-31T15:35:12.099704, 0.12567996194124698, 0.0, -1.7188896778617306, 177.25878368752666, -48.38290041836389, -16.689564176866114, 0.0016000000400000006, -87.25878368752666
2025-03-31 15:35:12,139 - 2025-03-31T15:35:12.139441, 0.1262242693144171, 0.0, -1.7131954940322855, 177.16568368749353, -48.37057933903006, -16.87666113380455, 0.0016000000400000006, -87.16568368749353
2025-03-31 15:35:12,179 - 2025-03-31T15:35:12.179738, 0.12686569858665964, 0.0, -1.7079917868452208, 177.08328368746425, -48.35460117695435, -17.047781655930475, 0.0016000000400000006, -87.08328368746425
2025-03-31 15:35:12,219 - 2025-03-31T15:35:12.219561, 0.12737348458911812, 0.0, -1.7029368730600307, 176.94368368741462, -48.34285777416057, -17.21389756722399, 0.0016000000400000006, -86.94368368741463
2025-03-31 15:35:12,259 - 2025-03-31T15:35:12.259004, 0.12773247718970238, 0.0, -1.6977483160050562, 176.81528368736898, -48.336118982199196, -17.38424823779946, 0.0016000000400000006, -86.81528368736898
2025-03-31 15:35:12,299 - 2025-03-31T15:35:12.299363, 0.12815829142517865, 0.0, -1.692485362249145, 176.75218368734656, -48.32726281059684, -17.557101213791118, 0.0016000000400000006, -86.75218368734656
2025-03-31 15:35:12,339 - 2025-03-31T15:35:12.339414, 0.12864335222950096, 0.0, -1.687006793456466, 176.65808368731308, -48.31667418512878, -17.737076180256185, 0.0016000000400000006, -86.65808368731308
2025-03-31 15:35:12,379 - 2025-03-31T15:35:12.379147, 0.12906159139893214, 0.0, -1.6816026213647248, 176.54678368727352, -48.308202939301665, -17.91454884130504, 0.0016000000400000006, -86.54678368727352
2025-03-31 15:35:12,419 - 2025-03-31T15:35:12.419193, 0.12962862397023756, 0.0, -1.676332092542768, 176.4451836872374, -48.29472708264215, -18.087786743071938, 0.0016000000400000006, -86.4451836872374
2025-03-31 15:35:12,460 - 2025-03-31T15:35:12.460046, 0.1304036965122637, 0.0, -1.6709795919538282, 176.36658368720947, -48.27451416128451, -18.263911876030292, 0.0016000000400000006, -86.36658368720947
2025-03-31 15:35:12,499 - 2025-03-31T15:35:12.499072, 0.13104512578450667, 0.0, -1.6657758847667634, 176.3470836872025, -48.25853599920878, -18.435032398156228, 0.0016000000400000006, -86.34708368720251
2025-03-31 15:35:12,539 - 2025-03-31T15:35:12.539011, 0.1309880384436477, 0.0, -1.6607512712457537, 176.25828368717094, -48.26527133664371, -18.599608606348824, 0.0016000000400000006, -86.25828368717094
2025-03-31 15:35:12,580 - 2025-03-31T15:35:12.580110, 0.1315991674517103, 0.0, -1.6549826907153724, 176.16458368713762, -48.25083287766889, -18.789207868703432, 0.0016000000400000006, -86.16458368713762
2025-03-31 15:35:12,619 - 2025-03-31T15:35:12.619670, 0.13206907812394242, 0.0, -1.6492216852510344, 176.0848836871093, -48.2410141037513, -18.978422205282865, 0.0016000000400000006, -86.08488368710931
2025-03-31 15:35:12,659 - 2025-03-31T15:35:12.659275, 0.1328365755999239, 0.0, -1.6437279663262663, 176.03758368709245, -48.221186108168865, -19.159167023298355, 0.0016000000400000006, -86.03758368709245
2025-03-31 15:35:12,700 - 2025-03-31T15:35:12.700328, 0.13324723970330954, 0.0, -1.6381825758986954, 175.94358368705903, -48.21309978811699, -19.341259369404398, 0.0016000000400000006, -85.94358368705903
2025-03-31 15:35:12,739 - 2025-03-31T15:35:12.739022, 0.13342713863783828, 0.0, -1.632295502230619, 175.90488368704527, -48.212905310088956, -19.53432353949053, 0.0016000000400000006, -85.90488368704527
2025-03-31 15:35:12,779 - 2025-03-31T15:35:12.779175, 0.13404584271194597, 0.0, -1.6266681400360663, 175.82858368701812, -48.19808192533891, -19.719303116787977, 0.0016000000400000006, -85.82858368701812
2025-03-31 15:35:12,819 - 2025-03-31T15:35:12.819565, 0.13457499995302502, 0.0, -1.620691519534963, 175.7365836869854, -48.18653069755557, -19.91563944384075, 0.0016000000400000006, -85.7365836869854
2025-03-31 15:35:12,859 - 2025-03-31T15:35:12.859012, 0.13476247395359886, 0.0, -1.6149456642027156, 175.67788368696452, -48.18595129375231, -20.104083928869713, 0.0016000000400000006, -85.67788368696452
2025-03-31 15:35:12,899 - 2025-03-31T15:35:12.899288, 0.1355223963635357, 0.0, -1.6093107269421179, 175.569483686926, -48.166508223945094, -20.289448431942393, 0.0016000000400000006, -85.56948368692599
2025-03-31 15:35:12,939 - 2025-03-31T15:35:12.939663, 0.13600745716785845, 0.0, -1.603832158149439, 175.6092836869401, -48.15591959847702, -20.46942339840746, 0.0016000000400000006, -85.6092836869401
2025-03-31 15:35:12,979 - 2025-03-31T15:35:12.979282, 0.13664888644010142, 0.0, -1.5986284509623747, 175.54248368691634, -48.139941436401294, -20.64054392053337, 0.0016000000400000006, -85.54248368691634
2025-03-31 15:35:13,019 - 2025-03-31T15:35:13.019290, 0.13743153404817354, 0.0, -1.5934171687092644, 175.50438368690283, -48.11934358926839, -20.812049368434547, 0.0016000000400000006, -85.50438368690283
2025-03-31 15:35:13,059 - 2025-03-31T15:35:13.059504, 0.13771612994781934, 0.0, -1.5881617900193978, 175.66188368695884, -48.11510710272326, -20.984517418650988, 0.0016000000400000006, -85.66188368695884
2025-03-31 15:35:13,099 - 2025-03-31T15:35:13.099236, 0.1381495192493407, 0.0, -1.5830400545993153, 175.62238368694477, -48.105866005345675, -21.15275070958549, 0.0016000000400000006, -85.62238368694477
2025-03-31 15:35:13,139 - 2025-03-31T15:35:13.139037, 0.1385085118499254, 0.0, -1.5778514975443412, 175.62428368694546, -48.099127213384286, -21.323101380160946, 0.0016000000400000006, -85.62428368694547
2025-03-31 15:35:13,180 - 2025-03-31T15:35:13.180734, 0.13877795761748146, 0.0, -1.5723136821828163, 175.64678368695346, -48.0956605783896, -21.504808800491723, 0.0016000000400000006, -85.64678368695346
2025-03-31 15:35:13,219 - 2025-03-31T15:35:13.219003, 0.1392781685538944, 0.0, -1.5671175500617958, 175.62198368694465, -48.084302101371065, -21.67554439684245, 0.0016000000400000006, -85.62198368694465
2025-03-31 15:35:13,259 - 2025-03-31T15:35:13.259083, 0.13983762605915473, 0.0, -1.5617058029040098, 175.56468368692427, -48.07121117048678, -21.85340198366652, 0.0016000000400000006, -85.56468368692427
2025-03-31 15:35:13,299 - 2025-03-31T15:35:13.299692, 0.1398473603531878, 0.0, -1.5566067926820626, 175.56268368692352, -48.07582912828074, -22.02048049727533, 0.0016000000400000006, -85.56268368692352
2025-03-31 15:35:13,339 - 2025-03-31T15:35:13.339239, 0.14068167946406174, 0.0, -1.551038677056357, 175.4436836868812, -48.05388375305733, -22.203727620707042, 0.0016000000400000006, -85.4436836868812
2025-03-31 15:35:13,379 - 2025-03-31T15:35:13.379590, 0.14066868855995907, 0.0, -1.5455160118269218, 175.6340836869489, -48.059656488176984, -22.38466518948738, 0.0016000000400000006, -85.63408368694891
2025-03-31 15:35:13,420 - 2025-03-31T15:35:13.420024, 0.14116132443032736, 0.0, -1.540178661370073, 175.55268368691998, -48.04868293693367, -22.56002047089525, 0.0016000000400000006, -85.55268368691998
2025-03-31 15:35:13,479 - 2025-03-31T15:35:13.479751, 0.14171320686954214, 0.0, -1.534625695876457, 175.698983686972, -48.03597693182463, -22.742497742776518, 0.0016000000400000006, -85.69898368697201
2025-03-31 15:35:13,882 - 2025-03-31T15:35:13.882521, 0.1418490093673146, 0.0, -1.5292366739168064, 175.70158368697292, -48.03674505611186, -22.919200552274894, 0.0016000000400000006, -85.70158368697292
2025-03-31 15:35:13,960 - 2025-03-31T15:35:13.960470, 0.14217012663767248, 0.0, -1.5233420251826848, 175.70158368697292, -48.03193089302666, -23.11264964813625, 0.0016000000400000006, -85.70158368697292
2025-03-31 15:35:14,019 - 2025-03-31T15:35:14.019205, 0.1424988189740759, 0.0, -1.5175885947843932, 175.84068368702245, -48.02673180416621, -23.30147905894042, 0.0016000000400000006, -85.84068368702245
2025-03-31 15:35:14,079 - 2025-03-31T15:35:14.079286, 0.14350330272544554, 0.0, -1.5112324157125583, 175.70198368697308, -47.999973993120804, -23.51071183884945, 0.0016000000400000006, -85.70198368697308
2025-03-31 15:35:14,121 - 2025-03-31T15:35:14.121529, 0.1439807884637232, 0.0, -1.5056126285840503, 175.84918368702546, -47.98977029342796, -23.695306490371685, 0.0016000000400000006, -85.84918368702546
2025-03-31 15:35:14,159 - 2025-03-31T15:35:14.159011, 0.1442350840991895, 0.0, -1.4997923765508658, 175.96728368706746, -47.987073509983716, -23.88625328081684, 0.0016000000400000006, -85.96728368706746
2025-03-31 15:35:14,199 - 2025-03-31T15:35:14.199548, 0.14490545967609814, 0.0, -1.4938081809837174, 176.06198368710116, -47.97090259714319, -24.082974533644848, 0.0016000000400000006, -86.06198368710116
2025-03-31 15:35:14,239 - 2025-03-31T15:35:14.239909, 0.14507778354458223, 0.0, -1.4877798889798117, 176.18938368714643, -47.97109304489037, -24.28065838878815, 0.0016000000400000006, -86.18938368714643
2025-03-31 15:35:14,279 - 2025-03-31T15:35:14.279721, 0.14558421558752555, 0.0, -1.48137961347122, 176.2665836871739, -47.96069659443272, -24.49085377101246, 0.0016000000400000006, -86.26658368717389
2025-03-31 15:35:14,319 - 2025-03-31T15:35:14.319084, 0.1459645794267308, 0.0, -1.4752693497003317, 176.35478368720524, -47.95414997748177, -24.691424857347204, 0.0016000000400000006, -86.35478368720524
2025-03-31 15:35:14,359 - 2025-03-31T15:35:14.359750, 0.1466501051357305, 0.0, -1.4695675908048424, 176.44418368723706, -47.93720921309075, -24.87890674006084, 0.0016000000400000006, -86.44418368723706
2025-03-31 15:35:14,399 - 2025-03-31T15:35:14.399435, 0.146539992332555, 0.0, -1.463554448933027, 176.56518368728007, -47.94663903095231, -25.07582074365368, 0.0016000000400000006, -86.56518368728007
2025-03-31 15:35:14,439 - 2025-03-31T15:35:14.438971, 0.14660139812939033, 0.0, -1.4580986053384843, 176.59928368729223, -47.949909460655746, -25.254640932793034, 0.0016000000400000006, -86.59928368729223
2025-03-31 15:35:14,500 - 2025-03-31T15:35:14.500271, 0.14705480471001842, 0.0, -1.450709801479087, 176.75268368734675, -47.942207490624696, -25.497174110417586, 0.0016000000400000006, -86.75268368734675
2025-03-31 15:35:14,540 - 2025-03-31T15:35:14.540493, 0.14732425047757403, 0.0, -1.4451719861175611, 176.83248368737512, -47.938740855630016, -25.67888153074839, 0.0016000000400000006, -86.83248368737512
2025-03-31 15:35:14,579 - 2025-03-31T15:35:14.579216, 0.14775006471305074, 0.0, -1.4399090323616495, 176.85228368738214, -47.929884684027655, -25.851734506740062, 0.0016000000400000006, -86.85228368738214
2025-03-31 15:35:14,640 - 2025-03-31T15:35:14.640273, 0.1480546778918037, 0.0, -1.432386585232468, 176.98408368742898, -47.927187324829035, -26.098502443646556, 0.0016000000400000006, -86.98408368742898
2025-03-31 15:35:14,679 - 2025-03-31T15:35:14.679189, 0.1483468488574955, 0.0, -1.4272724248784305, 176.9738836874254, -47.92256591250864, -26.266350808805832, 0.0016000000400000006, -86.9738836874254
2025-03-31 15:35:14,719 - 2025-03-31T15:35:14.719237, 0.148118242916627, 0.0, -1.421690513080149, 177.0556836874545, -47.93546063810165, -26.44902083145189, 0.0016000000400000006, -87.05568368745449
2025-03-31 15:35:14,759 - 2025-03-31T15:35:14.759890, 0.14824647034835348, 0.0, -1.4161602727846687, 177.14148368748494, -47.936613688164144, -26.63034332600746, 0.0016000000400000006, -87.14148368748494
2025-03-31 15:35:14,799 - 2025-03-31T15:35:14.799470, 0.14859788788289263, 0.0, -1.4108304973938655, 177.19268368750315, -47.930259821978, -26.80531368164008, 0.0016000000400000006, -87.19268368750315
2025-03-31 15:35:14,839 - 2025-03-31T15:35:14.839077, 0.1489265802192956, 0.0, -1.405077066995573, 177.23178368751707, -47.92506073311756, -26.994143092444272, 0.0016000000400000006, -87.23178368751707
2025-03-31 15:35:14,879 - 2025-03-31T15:35:14.879758, 0.14921875118498784, 0.0, -1.399962906641536, 177.33118368755237, -47.92043932079716, -27.161991457603534, 0.0016000000400000006, -87.33118368755237
2025-03-31 15:35:14,939 - 2025-03-31T15:35:14.939577, 0.1496356363949043, 0.0, -1.3932133728263936, 177.46158368759873, -47.91331502730616, -27.38354358958317, 0.0016000000400000006, -87.46158368759875
2025-03-31 15:35:14,999 - 2025-03-31T15:35:14.999952, 0.14957854905404533, 0.0, -1.3881887593053834, 177.5272836876221, -47.920050364741094, -27.54811979777578, 0.0016000000400000006, -87.52728368762209
2025-03-31 15:35:15,079 - 2025-03-31T15:35:15.079467, 0.14979632331879955, 0.0, -1.383007777316454, 177.6038836876493, -47.91793125783691, -27.71808554257602, 0.0016000000400000006, -87.6038836876493
2025-03-31 15:35:15,199 - 2025-03-31T15:35:15.199718, 0.1497165107798053, 0.0, -1.377559508787956, 177.69178368768056, -47.92582137259753, -27.896520805940163, 0.0016000000400000006, -87.69178368768056
2025-03-31 15:35:15,279 - 2025-03-31T15:35:15.279400, 0.1498888346482885, 0.0, -1.3715312167840508, 177.71468368768868, -47.92601182034474, -28.09420466108344, 0.0016000000400000006, -87.71468368768868
2025-03-31 15:35:15,359 - 2025-03-31T15:35:15.359790, 0.15032844505634113, 0.0, -1.3652053379763962, 177.82878368772924, -47.91773274952803, -28.301897737891558, 0.0016000000400000006, -87.82878368772924
2025-03-31 15:35:15,419 - 2025-03-31T15:35:15.419121, 0.15038985085317602, 0.0, -1.3597494943818536, 177.92008368776166, -47.92100317923147, -28.48071792703091, 0.0016000000400000006, -87.92008368776166
2025-03-31 15:35:15,479 - 2025-03-31T15:35:15.479412, 0.15080051495656166, 0.0, -1.3542041039542831, 178.05018368780787, -47.912916859179596, -28.66281027313693, 0.0016000000400000006, -88.05018368780787
2025-03-31 15:35:15,539 - 2025-03-31T15:35:15.539393, 0.1505643339496472, 0.0, -1.3484809738201715, 178.207983687864, -47.92619651054787, -28.850099980840195, 0.0016000000400000006, -88.20798368786399
2025-03-31 15:35:15,599 - 2025-03-31T15:35:15.599603, 0.1501352631041022, 0.0, -1.3431222521247013, 178.5114836879718, -47.94544337506381, -29.025263087237658, 0.0016000000400000006, -88.5114836879718
2025-03-31 15:35:15,659 - 2025-03-31T15:35:15.659031, 0.1498322604622957, 0.0, -1.3374735186915272, 178.84488368809025, -47.96084040607305, -29.2100504895247, 0.0016000000400000006, -88.84488368809025
2025-03-31 15:35:15,799 - 2025-03-31T15:35:15.799243, 0.1494031896167507, 0.0, -1.332114796996057, 179.11068368818468, -47.980087270588996, -29.385213595922174, 0.0016000000400000006, -89.11068368818468
2025-03-31 15:35:15,940 - 2025-03-31T15:35:15.940608, 0.14915943354379113, 0.0, -1.3262504485261162, 179.58198368835212, -47.993751847732504, -29.577122988682603, 0.0016000000400000006, -89.58198368835212
2025-03-31 15:35:16,019 - 2025-03-31T15:35:16.019330, 0.1488185555717596, 0.0, -1.3198956234137955, 179.83348368844145, -48.01107350761788, -29.785008816255523, 0.0016000000400000006, -89.83348368844145
2025-03-31 15:35:16,119 - 2025-03-31T15:35:16.119498, 0.14977136782032696, 0.0, -1.3138962777145564, 179.84548368844574, -47.985663224663, -29.982499920634, 0.0016000000400000006, -89.84548368844574
2025-03-31 15:35:16,159 - 2025-03-31T15:35:16.159337, 0.14909151452681835, 0.0, -1.3104629412178954, -179.85861631144914, -48.01126280385625, -30.094334964321504, 0.0016000000400000006, 269.85861631144917
2025-03-31 15:35:16,219 - 2025-03-31T15:35:16.219281, 0.14830425634916233, 0.0, -1.3037071862962222, -179.20551631121714, -48.043598296238876, -30.314925069740262, 0.0016000000400000006, 269.20551631121714
2025-03-31 15:35:16,259 - 2025-03-31T15:35:16.259710, 0.1476003238980037, 0.0, -1.2985048330686713, -178.57171631099203, -48.07169960509395, -30.484698639530105, 0.0016000000400000006, 268.57171631099203
2025-03-31 15:35:16,299 - 2025-03-31T15:35:16.299462, 0.14658365451100552, 0.0, -1.292752756629894, -177.7989163107174, -48.11057998716429, -30.67218109799816, 0.0016000000400000006, 267.7989163107174
2025-03-31 15:35:16,339 - 2025-03-31T15:35:16.339412, 0.14581912153148524, 0.0, -1.2864206567157086, -176.97461631042444, -48.14176070222122, -30.878912148245398, 0.0016000000400000006, 266.97461631042444
2025-03-31 15:35:16,379 - 2025-03-31T15:35:16.379611, 0.1444972902746935, 0.0, -1.2802600754015332, -176.1497163101311, -48.19103523173159, -31.079483810334533, 0.0016000000400000006, 266.1497163101311
2025-03-31 15:35:16,419 - 2025-03-31T15:35:16.419249, 0.1426030106085383, 0.0, -1.273988576015709, -175.17601630978476, -48.25917342724593, -31.283135454379924, 0.0016000000400000006, 265.17601630978476
2025-03-31 15:35:16,440 - 2025-03-31T15:35:16.440530, 0.14159662420661379, 0.0, -1.2710684413595632, -174.65061630959772, -48.29497497886884, -31.377839285929248, 0.0016000000400000006, 264.6506163095977
2025-03-31 15:35:16,459 - 2025-03-31T15:35:16.459897, 0.1410882895131147, 0.0, -1.268192403140175, -174.15261630942038, -48.31441516990402, -31.471580515163264, 0.0016000000400000006, 264.1526163094204
2025-03-31 15:35:16,499 - 2025-03-31T15:35:16.499358, 0.1388523266064543, 0.0, -1.2621516689232077, -173.2228163090891, -48.39352518939843, -31.667340317184813, 0.0016000000400000006, 263.2228163090891
2025-03-31 15:35:16,519 - 2025-03-31T15:35:16.519071, 0.13800230867245, 0.0, -1.259506395872676, -172.7219163089105, -48.42393720441368, -31.753189704395, 0.0016000000400000006, 262.7219163089105
2025-03-31 15:35:16,560 - 2025-03-31T15:35:16.560174, 0.13622030103745786, 0.0, -1.25400780980089, -171.74181630856071, -48.48764846563567, -31.93162554351356, 0.0016000000400000006, 261.7418163085607
2025-03-31 15:35:16,599 - 2025-03-31T15:35:16.599019, 0.13482542703924238, 0.0, -1.2491257685752242, -170.8484163082415, -48.538078348226165, -32.090235114312875, 0.0016000000400000006, 260.8484163082415
2025-03-31 15:35:16,639 - 2025-03-31T15:35:16.639210, 0.13288840489584564, 0.0, -1.244697682621227, -170.01221630794237, -48.60583219371965, -32.23344592683973, 0.0016000000400000006, 260.01221630794237
2025-03-31 15:35:16,680 - 2025-03-31T15:35:16.680661, 0.131256544622242, 0.0, -1.2406781015426267, -169.16811630764005, -48.663191891773124, -32.36356753574555, 0.0016000000400000006, 259.16811630764005
2025-03-31 15:35:16,719 - 2025-03-31T15:35:16.719006, 0.13025773328636348, 0.0, -1.2378991852223113, -168.55851630742143, -48.698608517620784, -32.45365168223767, 0.0016000000400000006, 258.5585163074215
2025-03-31 15:35:16,779 - 2025-03-31T15:35:16.779494, 0.12919967538163668, 0.0, -1.2353358839387618, -167.99701630721987, -48.73575759733422, -32.53661383825642, 0.0016000000400000006, 257.99701630721984
2025-03-31 15:35:22,359 - 2025-03-31T15:35:22.359282, 0.12414611555596133, 0.0, -1.236173459659705, -167.74821630713046, -48.90052655629161, -32.50427777011941, 0.0016000000400000006, 257.74821630713046
2025-03-31 15:35:22,960 - 2025-03-31T15:35:22.960122, 0.12287730976148481, 0.0, -1.2310014066963348, -167.70671630711558, -48.9471066053754, -32.672511636808316, 0.0016000000400000006, 257.7067163071156
2025-03-31 15:35:23,099 - 2025-03-31T15:35:23.099086, 0.12210655567543416, 0.0, -1.225873450169722, -167.86361630717195, -48.97732529387143, -32.83978290118192, 0.0016000000400000006, 257.8636163071719
2025-03-31 15:35:23,559 - 2025-03-31T15:35:23.559397, 0.12160308812895115, 0.0, -1.2204479068393588, -168.33381630734078, -48.9990744638036, -33.0170633872204, 0.0016000000400000006, 258.3338163073408
2025-03-31 15:35:23,639 - 2025-03-31T15:35:23.639629, 0.12132416464479512, 0.0, -1.2165681901370746, -168.87531630753506, -49.01196976515103, -33.143912263405106, 0.0016000000400000006, 258.87531630753506
2025-03-31 15:35:23,719 - 2025-03-31T15:35:23.718980, 0.12163283970209138, 0.0, -1.2130818281780975, -169.45881630774417, -49.005231548944074, -33.25844178751923, 0.0016000000400000006, 259.4588163077442
2025-03-31 15:35:23,799 - 2025-03-31T15:35:23.799759, 0.12144346305096265, 0.0, -1.2095513697823637, -170.00621630794024, -49.01485469332484, -33.37393391394863, 0.0016000000400000006, 260.00621630794024
2025-03-31 15:35:23,938 - 2025-03-31T15:35:23.938956, 0.12149242663473547, 0.0, -1.2065038129629646, -170.5036163081182, -49.01620106990655, -33.47383453134078, 0.0016000000400000006, 260.50361630811824
2025-03-31 15:35:24,119 - 2025-03-31T15:35:24.119586, 0.12184655208830275, 0.0, -1.2038647610189632, -171.02131630830328, -49.007153299048205, -33.56064594511186, 0.0016000000400000006, 261.0213163083033
2025-03-31 15:35:24,199 - 2025-03-31T15:35:24.199370, 0.12203673400790604, 0.0, -1.20080962913352, -171.53131630848554, -49.003879990572706, -33.6609314882792, 0.0016000000400000006, 261.53131630848554
2025-03-31 15:35:24,259 - 2025-03-31T15:35:24.259054, 0.12212979402843516, 0.0, -1.1972640206056955, -172.05261630867167, -49.00426376483915, -33.77719346625908, 0.0016000000400000006, 262.05261630867165
2025-03-31 15:35:24,321 - 2025-03-31T15:35:24.321213, 0.12255696222342527, 0.0, -1.193346428573185, -172.75031630892062, -48.99406064090071, -33.90596697131996, 0.0016000000400000006, 262.7503163089206
2025-03-31 15:35:24,379 - 2025-03-31T15:35:24.379313, 0.12250122884208059, 0.0, -1.1896671767755773, -173.36761630914071, -48.99944902599954, -34.02646370858176, 0.0016000000400000006, 263.3676163091407
2025-03-31 15:35:24,439 - 2025-03-31T15:35:24.439257, 0.12315158713988339, 0.0, -1.1859500496477433, -173.9849163093607, -48.98173898581246, -34.14888507471972, 0.0016000000400000006, 263.9849163093607
2025-03-31 15:35:24,499 - 2025-03-31T15:35:24.499596, 0.12355738409625205, 0.0, -1.1829541643311456, -174.53651630955713, -48.97134368686362, -34.24743816402137, 0.0016000000400000006, 264.5365163095571
2025-03-31 15:35:24,559 - 2025-03-31T15:35:24.558990, 0.12387363421959385, 0.0, -1.1796090207079981, -175.08791630975338, -48.96422054488142, -34.35734800307831, 0.0016000000400000006, 265.0879163097534
2025-03-31 15:35:24,619 - 2025-03-31T15:35:24.618974, 0.12424913091178214, 0.0, -1.1760482620480834, -175.66681630995936, -48.955364949033495, -34.47437983260864, 0.0016000000400000006, 265.66681630995936
2025-03-31 15:35:24,679 - 2025-03-31T15:35:24.679639, 0.12479479224446655, 0.0, -1.17169943994204, -176.35341631020358, -48.94169691736356, -34.61739731861628, 0.0016000000400000006, 266.35341631020356
2025-03-31 15:35:24,719 - 2025-03-31T15:35:24.719023, 0.12551197217716092, 0.0, -1.1679079161132688, -176.96301631042033, -48.92186949753553, -34.74232099017045, 0.0016000000400000006, 266.96301631042036
2025-03-31 15:35:24,759 - 2025-03-31T15:35:24.759126, 0.1265102348219993, 0.0, -1.1627558804290063, -177.71771631068856, -48.894149659929255, -34.912093984205846, 0.0016000000400000006, 267.71771631068856
2025-03-31 15:35:24,800 - 2025-03-31T15:35:24.800498, 0.1270028706923676, 0.0, -1.1574185299721567, -178.54811631098357, -48.883176108685944, -35.08744926561374, 0.0016000000400000006, 268.5481163109836
2025-03-31 15:35:24,819 - 2025-03-31T15:35:24.819679, 0.12782474759017903, 0.0, -1.154258701121595, -179.06241631116632, -48.85930668034081, -35.19177681729823, 0.0016000000400000006, 269.0624163111663
2025-03-31 15:35:24,859 - 2025-03-31T15:35:24.858988, 0.12891120310853177, 0.0, -1.1481105620204817, 179.89998368846506, -48.82966163810394, -35.394272532509106, 0.0016000000400000006, -89.89998368846506
2025-03-31 15:35:24,878 - 2025-03-31T15:35:24.878950, 0.12958428660446852, 0.0, -1.144817089900135, 179.3578836882725, -48.81079682059122, -35.502834843475554, 0.0016000000400000006, -89.3578836882725
2025-03-31 15:35:24,899 - 2025-03-31T15:35:24.899001, 0.12998250849479254, 0.0, -1.1416799862477087, 178.73928368805275, -48.80078644741759, -35.60600761783436, 0.0016000000400000006, -88.73928368805275
2025-03-31 15:35:24,919 - 2025-03-31T15:35:24.919054, 0.1307299886916673, 0.0, -1.138453335762255, 178.08498368782026, -48.77941932448865, -35.71245254915981, 0.0016000000400000006, -88.08498368782026
2025-03-31 15:35:24,939 - 2025-03-31T15:35:24.939659, 0.13139549712155985, 0.0, -1.1350186453060793, 177.57238368763808, -48.76093943275112, -35.82563454518344, 0.0016000000400000006, -87.57238368763808
2025-03-31 15:35:24,959 - 2025-03-31T15:35:24.959387, 0.13179371901188386, 0.0, -1.1318815416536534, 176.8534836873826, -48.7509290595775, -35.92880731954223, 0.0016000000400000006, -86.8534836873826
2025-03-31 15:35:24,979 - 2025-03-31T15:35:24.979386, 0.13310607255207652, 0.0, -1.128624590904019, 176.30718368718837, -48.71108319641983, -36.03679195396861, 0.0016000000400000006, -86.30718368718837
2025-03-31 15:35:24,999 - 2025-03-31T15:35:24.999452, 0.13421038612154668, 0.0, -1.1254496119213666, 175.631483686948, -48.67797439796034, -36.141889357203574, 0.0016000000400000006, -85.63148368694802
2025-03-31 15:35:25,019 - 2025-03-31T15:35:25.019678, 0.13503226301935856, 0.0, -1.122289783070805, 175.03138368673447, -48.6541049696152, -36.246216908888066, 0.0016000000400000006, -85.03138368673447
2025-03-31 15:35:25,040 - 2025-03-31T15:35:25.040184, 0.13642658832653387, 0.0, -1.119240872291892, 174.42558368651882, -48.61137187526608, -36.34746447861629, 0.0016000000400000006, -84.42558368651883
2025-03-31 15:35:25,059 - 2025-03-31T15:35:25.059280, 0.13732286192528287, 0.0, -1.116147865076222, 173.79198368629315, -48.58500014150473, -36.44967465065982, 0.0016000000400000006, -83.79198368629315
2025-03-31 15:35:25,079 - 2025-03-31T15:35:25.079244, 0.138434750560799, 0.0, -1.1131141044293993, 173.2364836860952, -48.55150641726999, -36.550152368837594, 0.0016000000400000006, -83.2364836860952
2025-03-31 15:35:25,099 - 2025-03-31T15:35:25.099198, 0.13962861096329648, 0.0, -1.1102883837532977, 172.60818368587113, -48.515125461843844, -36.643893022317236, 0.0016000000400000006, -82.60818368587113
2025-03-31 15:35:25,119 - 2025-03-31T15:35:25.119324, 0.14054003469413656, 0.0, -1.1074778132092868, 172.0803836856828, -48.48798387653201, -36.7368638242464, 0.0016000000400000006, -82.08038368568279
2025-03-31 15:35:25,138 - 2025-03-31T15:35:25.138961, 0.14154100525800395, 0.0, -1.1050165009718267, 171.54678368549227, -48.457570134253515, -36.81847787642024, 0.0016000000400000006, -81.54678368549227
2025-03-31 15:35:25,159 - 2025-03-31T15:35:25.159333, 0.14266804402560984, 0.0, -1.1022651769966627, 171.01078368530077, -48.423306558468326, -36.90971622448366, 0.0016000000400000006, -81.01078368530077
2025-03-31 15:35:25,179 - 2025-03-31T15:35:25.179724, 0.1435126461215579, 0.0, -1.099529003153589, 170.5205836851255, -48.39828235279746, -37.00018472099662, 0.0016000000400000006, -80.5205836851255
2025-03-31 15:35:25,219 - 2025-03-31T15:35:25.219050, 0.1458045989869956, 0.0, -1.0947324468824071, 169.5686836847848, -48.327830572350926, -37.1595629918376, 0.0016000000400000006, -79.56868368478479
2025-03-31 15:35:25,240 - 2025-03-31T15:35:25.240175, 0.14695436295273767, 0.0, -1.0924047779147315, 169.0708836846064, -48.29241221924002, -37.236942284729494, 0.0016000000400000006, -79.0708836846064
2025-03-31 15:35:25,279 - 2025-03-31T15:35:25.279437, 0.1490458509134993, 0.0, -1.0878314117463614, 168.14958368427585, -48.228312577716395, -37.38881363932186, 0.0016000000400000006, -78.14958368427587
2025-03-31 15:35:25,320 - 2025-03-31T15:35:25.320836, 0.1513529539110281, 0.0, -1.0833172921468393, 167.29888368397016, -48.157090945719375, -37.53895254004847, 0.0016000000400000006, -77.29888368397016
2025-03-31 15:35:25,359 - 2025-03-31T15:35:25.359641, 0.15357808514157378, 0.0, -1.078595132576595, 166.47008368367187, -48.08875654491381, -37.69582850547323, 0.0016000000400000006, -76.47008368367189
2025-03-31 15:35:25,399 - 2025-03-31T15:35:25.399263, 0.15579564130607482, 0.0, -1.0737317546705212, 165.71418368339934, -48.02080706988346, -37.85732415595518, 0.0016000000400000006, -75.71418368339934
2025-03-31 15:35:25,439 - 2025-03-31T15:35:25.439445, 0.1583624557771266, 0.0, -1.0687788299314205, 165.00998368314507, -47.94150084509778, -38.02209196340379, 0.0016000000400000006, -75.00998368314507
2025-03-31 15:35:25,481 - 2025-03-31T15:35:25.481130, 0.16042364347370786, 0.0, -1.063640590419733, 164.35968368290986, -47.87894090667507, -38.192442058224856, 0.0016000000400000006, -74.35968368290986
2025-03-31 15:35:25,519 - 2025-03-31T15:35:25.519087, 0.16278999304008313, 0.0, -1.0589108557834441, 163.75038368268918, -47.80598682081232, -38.34970294942484, 0.0016000000400000006, -73.75038368268918
2025-03-31 15:35:25,559 - 2025-03-31T15:35:25.559870, 0.16519286397717048, 0.0, -1.0535418511029002, 163.19998368248955, -47.7324550584095, -38.527944886269744, 0.0016000000400000006, -73.19998368248955
2025-03-31 15:35:25,601 - 2025-03-31T15:35:25.601254, 0.1675957349142574, 0.0, -1.0481728464223559, 162.69588368230643, -47.6589232960067, -38.70618682311466, 0.0016000000400000006, -72.69588368230643
2025-03-31 15:35:25,660 - 2025-03-31T15:35:25.660167, 0.17073986494168825, 0.0, -1.0407813346439299, 162.02318368206173, -47.56306238411407, -38.95141390541143, 0.0016000000400000006, -72.02318368206174
2025-03-31 15:35:25,699 - 2025-03-31T15:35:25.699306, 0.17286029920711643, 0.0, -1.0354274800954766, 161.61048368191135, -47.49876999182561, -39.12888599070586, 0.0016000000400000006, -71.61048368191135
2025-03-31 15:35:25,739 - 2025-03-31T15:35:25.739666, 0.17520392357535597, 0.0, -1.030274090451699, 161.23088368177292, -47.42697068328857, -39.300005937077394, 0.0016000000400000006, -71.23088368177292
2025-03-31 15:35:25,779 - 2025-03-31T15:35:25.779258, 0.1774139046738119, 0.0, -1.0252694942097964, 160.89248368164934, -47.35940613403344, -39.4661212726165, 0.0016000000400000006, -70.89248368164934
2025-03-31 15:35:25,839 - 2025-03-31T15:35:25.838973, 0.18049878813239584, 0.0, -1.018093597468137, 160.4433836814852, -47.265277676006555, -39.70422636443988, 0.0016000000400000006, -70.44338368148519
2025-03-31 15:35:25,899 - 2025-03-31T15:35:25.899430, 0.1836353430937816, 0.0, -1.010560867353882, 159.9950836813211, -47.169801689889155, -39.95407313179381, 0.0016000000400000006, -69.99508368132109
2025-03-31 15:35:25,939 - 2025-03-31T15:35:25.939292, 0.1860457890969136, 0.0, -1.0053330810091676, 159.71308368121777, -47.095885001711125, -40.12769538358154, 0.0016000000400000006, -69.71308368121777
2025-03-31 15:35:25,979 - 2025-03-31T15:35:25.979345, 0.18795818339162018, 0.0, -1.0000611982276961, 159.5165836811457, -47.038329674120824, -40.30228023768455, 0.0016000000400000006, -69.5165836811457
2025-03-31 15:35:26,019 - 2025-03-31T15:35:26.019945, 0.19016058942403058, 0.0, -0.9949153836499636, 159.33918368108058, -46.971150050640944, -40.47301525828086, 0.0016000000400000006, -69.33918368108058
2025-03-31 15:35:26,059 - 2025-03-31T15:35:26.059329, 0.1927198288290377, 0.0, -0.9898212405750337, 159.23338368104174, -46.89222875163048, -40.64240275078662, 0.0016000000400000006, -69.23338368104174
2025-03-31 15:35:26,099 - 2025-03-31T15:35:26.099170, 0.19457297655489736, 0.0, -0.9847649728303289, 159.1620836810156, -46.83640587790593, -40.80986561441626, 0.0016000000400000006, -69.16208368101559
2025-03-31 15:35:26,139 - 2025-03-31T15:35:26.139010, 0.19670098588637064, 0.0, -0.9795523366177044, 159.12568368100222, -46.771728559842245, -40.982718014653535, 0.0016000000400000006, -69.12568368100222
2025-03-31 15:35:26,178 - 2025-03-31T15:35:26.178960, 0.1984129152764016, 0.0, -0.9745036439390451, 159.08438368098703, -46.72052537117485, -41.14979595250793, 0.0016000000400000006, -69.08438368098703
2025-03-31 15:35:26,219 - 2025-03-31T15:35:26.219311, 0.20039970627204573, 0.0, -0.9692985827924661, 159.0303836809672, -46.660467738168336, -41.32226342696996, 0.0016000000400000006, -69.03038368096719
2025-03-31 15:35:26,259 - 2025-03-31T15:35:26.259062, 0.20275090570633036, 0.0, -0.964286411484518, 158.95628368093995, -46.588283503856054, -41.488763688284315, 0.0016000000400000006, -68.95628368093995
2025-03-31 15:35:26,299 - 2025-03-31T15:35:26.298998, 0.2047376967019745, 0.0, -0.9590813503379385, 158.96928368094476, -46.528225870849546, -41.66123116274636, 0.0016000000400000006, -68.96928368094476
2025-03-31 15:35:26,339 - 2025-03-31T15:35:26.339452, 0.20650887266085194, 0.0, -0.9538170426225121, 158.98658368095113, -46.47529022831642, -41.83543109107415, 0.0016000000400000006, -68.98658368095113
2025-03-31 15:35:26,379 - 2025-03-31T15:35:26.379512, 0.20814640534994577, 0.0, -0.9487015283089617, 159.00418368095757, -46.42658934506522, -42.004626408569486, 0.0016000000400000006, -69.00418368095757
2025-03-31 15:35:26,420 - 2025-03-31T15:35:26.419953, 0.20991758130882276, 0.0, -0.9434372205935353, 158.98858368095185, -46.3736537025321, -42.178826336897274, 0.0016000000400000006, -68.98858368095185
2025-03-31 15:35:26,459 - 2025-03-31T15:35:26.459420, 0.21154753893187106, 0.0, -0.9381804879441544, 159.22198368103759, -46.32533774505614, -42.35264133944982, 0.0016000000400000006, -69.2219836810376
2025-03-31 15:35:26,499 - 2025-03-31T15:35:26.499355, 0.21340068665773027, 0.0, -0.9331242201994492, 159.46148368112546, -46.2695148713316, -42.52010420307947, 0.0016000000400000006, -69.46148368112546
2025-03-31 15:35:26,540 - 2025-03-31T15:35:26.540831, 0.21517186261660814, 0.0, -0.9278599124840237, 159.6779836812049, -46.21657922879846, -42.69430413140723, 0.0016000000400000006, -69.67798368120489
2025-03-31 15:35:26,599 - 2025-03-31T15:35:26.599090, 0.21775111930072155, 0.0, -0.920498700969778, 160.04748368134028, -46.13919705713454, -42.93799151060308, 0.0016000000400000006, -70.04748368134028
2025-03-31 15:35:26,642 - 2025-03-31T15:35:26.642339, 0.21917303695304868, 0.0, -0.9153239400873798, 160.41838368147603, -46.09761816435672, -43.10891928196417, 0.0016000000400000006, -70.41838368147603
2025-03-31 15:35:26,701 - 2025-03-31T15:35:26.701192, 0.22133621369571843, 0.0, -0.9081266721070991, 161.07958368171768, -46.03371012208912, -43.34683219877715, 0.0016000000400000006, -71.07958368171768
2025-03-31 15:35:26,739 - 2025-03-31T15:35:26.738984, 0.22218568293868302, 0.0, -0.9028409931530521, 161.57808368189956, -46.01099489531523, -43.52083995209451, 0.0016000000400000006, -71.57808368189956
2025-03-31 15:35:26,779 - 2025-03-31T15:35:26.779172, 0.22287120864768184, 0.0, -0.8971392342575619, 162.1854836821208, -45.994054130924255, -43.70832183480817, 0.0016000000400000006, -72.1854836821208
2025-03-31 15:35:26,819 - 2025-03-31T15:35:26.819712, 0.22366900638784415, 0.0, -0.8922103886761108, 162.82668368235397, -45.97268643224089, -43.87058791259497, 0.0016000000400000006, -72.82668368235397
2025-03-31 15:35:26,859 - 2025-03-31T15:35:26.859183, 0.22471136546943926, 0.0, -0.886560301283422, 163.51838368260505, -45.94400399231934, -44.05672226721814, 0.0016000000400000006, -73.51838368260505
2025-03-31 15:35:26,899 - 2025-03-31T15:35:26.899297, 0.22585084645010722, 0.0, -0.881400690533114, 164.2558836828723, -45.91166446965588, -44.22688018702879, 0.0016000000400000006, -74.25588368287231
2025-03-31 15:35:26,939 - 2025-03-31T15:35:26.939447, 0.22635105738652062, 0.0, -0.8762045584120943, 165.02018368314873, -45.90030599263734, -44.39761578337949, 0.0016000000400000006, -75.02018368314873
2025-03-31 15:35:26,979 - 2025-03-31T15:35:26.979123, 0.22696976146062742, 0.0, -0.8705771962175413, 165.94148368348135, -45.885482607887326, -44.582595360676954, 0.0016000000400000006, -75.94148368348135
2025-03-31 15:35:27,020 - 2025-03-31T15:35:27.020772, 0.22758089046868957, 0.0, -0.864808615687159, 166.7900836837871, -45.871044148912524, -44.77219462303159, 0.0016000000400000006, -76.79008368378709
2025-03-31 15:35:27,060 - 2025-03-31T15:35:27.059559, 0.2277910896673987, 0.0, -0.8594864153624, 167.70448368411598, -45.86930996778358, -44.94678005288901, 0.0016000000400000006, -77.70448368411598
2025-03-31 15:35:27,099 - 2025-03-31T15:35:27.099312, 0.22813493213589275, 0.0, -0.8540154216357672, 168.5166836844076, -45.86334102737266, -45.12637009357882, 0.0016000000400000006, -78.51668368440761
2025-03-31 15:35:27,139 - 2025-03-31T15:35:27.139255, 0.22818876286668255, 0.0, -0.8484183597053949, 169.47068368474967, -45.86699638285133, -45.30980996777536, 0.0016000000400000006, -79.47068368474967
2025-03-31 15:35:27,180 - 2025-03-31T15:35:27.180814, 0.2278933352909216, 0.0, -0.8429108446080504, 170.37228368507243, -45.88200848808533, -45.48997768500522, 0.0016000000400000006, -80.37228368507243
2025-03-31 15:35:27,199 - 2025-03-31T15:35:27.199191, 0.22804699583981236, 0.0, -0.8404949827668613, 170.89298368525866, -45.87931285614992, -45.56928218252768, 0.0016000000400000006, -80.89298368525866
2025-03-31 15:35:27,241 - 2025-03-31T15:35:27.241312, 0.22746913159239268, 0.0, -0.8350026178016066, 171.87488368560943, -45.903564331498266, -45.74868004820709, 0.0016000000400000006, -81.87488368560943
2025-03-31 15:35:27,259 - 2025-03-31T15:35:27.259928, 0.22739960203847165, 0.0, -0.8323862910557409, 172.3866836857921, -45.908375615811465, -45.83433668465247, 0.0016000000400000006, -82.3866836857921
2025-03-31 15:35:27,299 - 2025-03-31T15:35:27.299322, 0.2270600780259544, 0.0, -0.8273768276668214, 173.3458836861342, -45.924350323360734, -45.99814304129461, 0.0016000000400000006, -83.34588368613419
2025-03-31 15:35:27,339 - 2025-03-31T15:35:27.339149, 0.22660070691622813, 0.0, -0.8214532326280337, 174.26268368646083, -45.94513689097762, -46.19178488792078, 0.0016000000400000006, -84.26268368646083
2025-03-31 15:35:27,359 - 2025-03-31T15:35:27.359668, 0.226531177362308, 0.0, -0.8188369058821685, 174.75848368663736, -45.949948175290785, -46.27744152436614, 0.0016000000400000006, -84.75848368663738
2025-03-31 15:35:27,399 - 2025-03-31T15:35:27.399026, 0.22587269530741994, 0.0, -0.8144818626695938, 175.6542836869561, -45.97573992949447, -46.41949698381292, 0.0016000000400000006, -85.65428368695609
2025-03-31 15:35:27,439 - 2025-03-31T15:35:27.439317, 0.22503647354599154, 0.0, -0.8107736645673196, 176.27728368717771, -46.00672904529538, -46.54018647183954, 0.0016000000400000006, -86.27728368717771
2025-03-31 15:35:27,499 - 2025-03-31T15:35:27.499276, 0.224549510091113, 0.0, -0.8069759196320172, 176.91328368740383, -46.026361411340986, -46.66414811683284, 0.0016000000400000006, -86.91328368740383
2025-03-31 15:35:27,559 - 2025-03-31T15:35:27.559210, 0.22444210520696695, 0.0, -0.803653501207005, 177.4893836876086, -46.0330973245303, -46.77290317856409, 0.0016000000400000006, -87.48938368760861
2025-03-31 15:35:27,619 - 2025-03-31T15:35:27.619025, 0.22384422368043966, 0.0, -0.8004282046810651, 178.20278368786214, -46.05580967253217, -46.87800115755346, 0.0016000000400000006, -88.20278368786215
2025-03-31 15:35:27,679 - 2025-03-31T15:35:27.679125, 0.22339513555578794, 0.0, -0.7973365514249098, 178.7404836880532, -46.07351740970159, -46.97886437726087, 0.0016000000400000006, -88.74048368805319
2025-03-31 15:35:27,819 - 2025-03-31T15:35:27.819031, 0.222508596251072, 0.0, -0.7953305484186326, 179.22718368822606, -46.1045071012569, -47.04373271882616, 0.0016000000400000006, -89.22718368822608
2025-03-31 15:35:29,919 - 2025-03-31T15:35:29.919045, 0.22094761949090413, 0.0, -0.7952726558093004, 179.75558368841376, -46.155708562661054, -47.04411822035578, 0.0016000000400000006, -89.75558368841376
2025-03-31 15:36:27,618 - 2025-03-31T15:36:27.618948, 0.2181749242771187, 0.0, -0.7950673237576069, -179.9995163114992, -46.24675473571408, -47.048161380381735, 0.0016000000400000006, 269.9995163114992
2025-03-31 15:36:28,559 - 2025-03-31T15:36:28.559395, 0.21732003919609744, 0.0, -0.7949715558180488, 179.9450836884811, -46.274857771832366, -47.050471510787524, 0.0016000000400000006, -89.9450836884811
2025-03-31 15:36:28,759 - 2025-03-31T15:36:28.759485, 0.2175356542328637, 0.0, -0.7950308023868953, -179.91851631147043, -46.267735781358994, -47.0487390569218, 0.0016000000400000006, 269.9185163114704
2025-03-31 15:36:28,839 - 2025-03-31T15:36:28.839197, 0.21768444763473838, 0.0, -0.7951644456566798, 179.9906836884973, -46.262731170526585, -47.04450429763984, 0.0016000000400000006, -89.99068368849731
2025-03-31 15:36:29,679 - 2025-03-31T15:36:29.679623, 0.21787869143288363, 0.0, -0.79614539894144, 179.2927836882494, -46.255417005042794, -47.01255142801484, 0.0016000000400000006, -89.29278368824939
2025-03-31 15:36:29,719 - 2025-03-31T15:36:29.719244, 0.2169128882802136, 0.0, -0.796622079411244, 178.69768368803798, -46.28660002311734, -46.995997892416696, 0.0016000000400000006, -88.69768368803798
2025-03-31 15:36:29,759 - 2025-03-31T15:36:29.759540, 0.21460929847018795, 0.0, -0.7972413321763923, 177.83248368773053, -46.36147758634742, -46.97347771942526, 0.0016000000400000006, -87.83248368773053
2025-03-31 15:36:29,779 - 2025-03-31T15:36:29.779404, 0.21320469017793897, 0.0, -0.7974583011726728, 177.24618368752218, -46.40728951114397, -46.96500877661578, 0.0016000000400000006, -87.24618368752218
2025-03-31 15:36:29,879 - 2025-03-31T15:36:29.879312, 0.20741473840893532, 0.0, -0.797768878880524, 177.31618368754707, -46.5966965984882, -46.949226819831324, 0.0016000000400000006, -87.31618368754707
2025-03-31 15:36:29,959 - 2025-03-31T15:36:29.959307, 0.20090841197571185, 0.0, -0.7952853901359691, 177.90518368775636, -46.81228094156573, -47.02429886108945, 0.0016000000400000006, -87.90518368775636
2025-03-31 15:36:29,999 - 2025-03-31T15:36:29.999501, 0.19525832458302395, 0.0, -0.7942430310543744, 178.18588368785612, -46.998415296188874, -47.05298130101099, 0.0016000000400000006, -88.18588368785612
2025-03-31 15:36:30,042 - 2025-03-31T15:36:30.042572, 0.18841924393485332, 0.0, -0.7934768875379068, 177.8796836877473, -47.22323958513519, -47.07146234425733, 0.0016000000400000006, -87.8796836877473
2025-03-31 15:36:30,079 - 2025-03-31T15:36:30.079331, 0.1802651018274628, 0.0, -0.7932769713242713, 177.8235836877274, -47.49060364191135, -47.07011769493884, 0.0016000000400000006, -87.82358368772739
2025-03-31 15:36:30,119 - 2025-03-31T15:36:30.119582, 0.17170245484467372, 0.0, -0.7933822169804294, 177.54978368763008, -47.7710569023086, -47.05837889818032, 0.0016000000400000006, -87.54978368763008
2025-03-31 15:36:30,159 - 2025-03-31T15:36:30.159011, 0.16319905443073202, 0.0, -0.7932718475998213, 177.52518368762134, -48.04977770884009, -47.05376209189518, 0.0016000000400000006, -87.52518368762134
2025-03-31 15:36:30,199 - 2025-03-31T15:36:30.199302, 0.15393789083484233, 0.0, -0.7935561869220353, 177.6767836876752, -48.352944468747964, -47.035478981203305, 0.0016000000400000006, -87.6767836876752
2025-03-31 15:36:30,239 - 2025-03-31T15:36:30.239390, 0.14553918738601768, 0.0, -0.7940775125196367, 177.58548368764278, -48.627623266762356, -47.01026605504848, 0.0016000000400000006, -87.58548368764278
2025-03-31 15:36:30,279 - 2025-03-31T15:36:30.279820, 0.1379285473833236, 0.0, -0.7947690027577341, 177.77308368770943, -48.87631640829939, -46.98024069307165, 0.0016000000400000006, -87.77308368770943
2025-03-31 15:36:30,319 - 2025-03-31T15:36:30.319430, 0.13175281593705757, 0.0, -0.7958083973428671, 178.0416836878049, -49.07765792193899, -46.94020553367564, 0.0016000000400000006, -88.04168368780489
2025-03-31 15:36:30,379 - 2025-03-31T15:36:30.379767, 0.12595799702103738, 0.0, -0.7986684801616919, 178.67898368803134, -49.264756030386245, -46.840884320086765, 0.0016000000400000006, -88.67898368803134
2025-03-31 15:36:30,439 - 2025-03-31T15:36:30.439542, 0.1233622362453195, 0.0, -0.8044018932808772, 179.31968368825892, -49.34425500593673, -46.65051578193607, 0.0016000000400000006, -89.31968368825892
2025-03-31 15:36:30,479 - 2025-03-31T15:36:30.479285, 0.12258716370329248, 0.0, -0.8097543938698166, 179.80818368843248, -49.3644679272944, -46.47439064897773, 0.0016000000400000006, -89.80818368843248
2025-03-31 15:36:30,519 - 2025-03-31T15:36:30.519052, 0.12228877163106988, 0.0, -0.8160726976114256, -179.97521631149056, -49.36812731305392, -46.26708249794486, 0.0016000000400000006, 269.97521631149056
2025-03-31 15:36:30,559 - 2025-03-31T15:36:30.559271, 0.12218462335699298, 0.0, -0.8233719546377953, -179.81771631143462, -49.36447253332963, -46.02782147728698, 0.0016000000400000006, 269.81771631143465
2025-03-31 15:36:30,599 - 2025-03-31T15:36:30.599172, 0.12225199368292561, 0.0, -0.8312285099414374, -179.54331631133718, -49.354658365447264, -45.77046664217561, 0.0016000000400000006, 269.5433163113372
2025-03-31 15:36:30,638 - 2025-03-31T15:36:30.638929, 0.1214506827552615, 0.0, -0.8400522223572637, -179.64801631137433, -49.37237013289752, -45.48058183665361, 0.0016000000400000006, 269.64801631137436
2025-03-31 15:36:30,679 - 2025-03-31T15:36:30.679093, 0.12053845375594774, 0.0, -0.8494483831824522, -179.75131631141107, -49.393161882304064, -45.17183336512768, 0.0016000000400000006, 269.7513163114111
2025-03-31 15:36:30,699 - 2025-03-31T15:36:30.699447, 0.12011263952047191, 0.0, -0.8547113369383643, -179.80961631143177, -49.402018053906396, -44.998980389136, 0.0016000000400000006, 269.8096163114318
2025-03-31 15:36:30,719 - 2025-03-31T15:36:30.719355, 0.11933756697844533, 0.0, -0.8600638375273033, 179.9993836885004, -49.42223097526406, -44.822855256177675, 0.0016000000400000006, -89.99938368850039
2025-03-31 15:36:30,739 - 2025-03-31T15:36:30.739000, 0.11835445446569626, 0.0, -0.865498309883225, 179.82688368843912, -49.44918096131989, -44.643842892027905, 0.0016000000400000006, -89.82688368843912
2025-03-31 15:36:30,759 - 2025-03-31T15:36:30.759244, 0.11745331371993117, 0.0, -0.8711408222098687, 179.83428368844173, -49.47324371618424, -44.458093463179964, 0.0016000000400000006, -89.83428368844173
2025-03-31 15:36:30,779 - 2025-03-31T15:36:30.779303, 0.11641852970438071, 0.0, -0.8769321279383866, -179.98281631149328, -49.50154123033058, -44.26733942349963, 0.0016000000400000006, 269.98281631149325
2025-03-31 15:36:30,798 - 2025-03-31T15:36:30.798878, 0.11539889582092133, 0.0, -0.8830058703385624, -179.95001631148162, -49.52906889292643, -44.06734601370497, 0.0016000000400000006, 269.9500163114816
2025-03-31 15:36:30,819 - 2025-03-31T15:36:30.819547, 0.114178797032785, 0.0, -0.8893028028415508, -179.94691631148052, -49.56294869444522, -43.85984568766167, 0.0016000000400000006, 269.94691631148055
2025-03-31 15:36:30,839 - 2025-03-31T15:36:30.839026, 0.11317431328141536, 0.0, -0.8956589819133858, -179.903216311465, -49.58970650549063, -43.65061290775264, 0.0016000000400000006, 269.90321631146503
2025-03-31 15:36:30,859 - 2025-03-31T15:36:30.859383, 0.11203618626026168, 0.0, -0.9021639543870954, -179.88811631145964, -49.620699075817974, -43.4363755170112, 0.0016000000400000006, 269.8881163114596
2025-03-31 15:36:30,879 - 2025-03-31T15:36:30.879047, 0.1109800310060911, 0.0, -0.9088769668315266, -179.81451631143352, -49.648804414953865, -43.21540106157161, 0.0016000000400000006, 269.8145163114335
2025-03-31 15:36:30,898 - 2025-03-31T15:36:30.898960, 0.11014706585473188, 0.0, -0.9157904441806339, -179.80381631142967, -49.669402837841155, -42.988074467209096, 0.0016000000400000006, 269.80381631142967
2025-03-31 15:36:30,919 - 2025-03-31T15:36:30.919369, 0.10924727906847975, 0.0, -0.9227783182306784, -179.86681631145208, -49.69211864036945, -42.7582455674304, 0.0016000000400000006, 269.8668163114521
2025-03-31 15:36:30,939 - 2025-03-31T15:36:30.939451, 0.10834749228222851, 0.0, -0.9297661922807237, -179.97081631148902, -49.71483444289771, -42.52841666765167, 0.0016000000400000006, 269.970816311489
2025-03-31 15:36:30,959 - 2025-03-31T15:36:30.959051, 0.10732163729223743, 0.0, -0.9370440780684715, 179.99218368849785, -49.74140007893271, -42.288963471983394, 0.0016000000400000006, -89.99218368849785
2025-03-31 15:36:30,979 - 2025-03-31T15:36:30.979547, 0.10666019074088817, 0.0, -0.9445148536948516, 179.92718368847477, -49.755839113661914, -42.04354306316739, 0.0016000000400000006, -89.92718368847477
2025-03-31 15:36:30,999 - 2025-03-31T15:36:30.999182, 0.10635557756213476, 0.0, -0.9520373008240326, 179.86418368845236, -49.75853647286055, -41.79677512626091, 0.0016000000400000006, -89.86418368845236
2025-03-31 15:36:31,019 - 2025-03-31T15:36:31.019253, 0.10618460765316495, 0.0, -0.9594109545513394, 179.63228368837, -49.75699907277726, -41.55501180018683, 0.0016000000400000006, -89.63228368837
2025-03-31 15:36:31,039 - 2025-03-31T15:36:31.039826, 0.10602878787628622, 0.0, -0.9670670449503049, 179.44608368830382, -49.75469182114349, -41.3040091039984, 0.0016000000400000006, -89.44608368830382
2025-03-31 15:36:31,059 - 2025-03-31T15:36:31.059889, 0.10594736480034506, 0.0, -0.9747899569841634, 179.3772836882794, -49.74988226409351, -41.05088902816897, 0.0016000000400000006, -89.37728368827939
2025-03-31 15:36:31,079 - 2025-03-31T15:36:31.079073, 0.10594033842534012, 0.0, -0.9825796906529125, 179.50278368832394, -49.74257040162735, -40.79565157269861, 0.0016000000400000006, -89.50278368832394
2025-03-31 15:36:31,099 - 2025-03-31T15:36:31.099137, 0.1064389388248057, 0.0, -0.990554739094248, 179.78588368842455, -49.718512252798234, -40.53483182985578, 0.0016000000400000006, -89.78588368842455
2025-03-31 15:36:31,119 - 2025-03-31T15:36:31.119199, 0.10694511429031772, 0.0, -0.9986710058714139, 179.8468836884462, -49.694069178193836, -40.26939240195574, 0.0016000000400000006, -89.84688368844621
2025-03-31 15:36:31,139 - 2025-03-31T15:36:31.139132, 0.10703520981438519, 0.0, -1.0069512161825434, 179.8825836884589, -49.683100232985794, -39.99817851167287, 0.0016000000400000006, -89.88258368845891
2025-03-31 15:36:31,159 - 2025-03-31T15:36:31.159256, 0.10706605876960618, 0.0, -1.01544704153044, -179.96861631148823, -49.67386374164348, -39.7198426309166, 0.0016000000400000006, 269.96861631148823
2025-03-31 15:36:31,180 - 2025-03-31T15:36:31.180401, 0.10717887949181071, 0.0, -1.0241509068490582, -179.78441631142277, -49.6617400191097, -39.434769685462186, 0.0016000000400000006, 269.7844163114228
2025-03-31 15:36:31,199 - 2025-03-31T15:36:31.199487, 0.10750731525078105, 0.0, -1.0329140187365233, -179.63711631137048, -49.642494306102556, -39.14796428614203, 0.0016000000400000006, 269.6371163113705
2025-03-31 15:36:31,219 - 2025-03-31T15:36:31.219310, 0.10806651617860785, 0.0, -1.0420188138644941, -179.60511631135913, -49.615356751071594, -38.85018706284177, 0.0016000000400000006, 269.6051163113591
2025-03-31 15:36:31,239 - 2025-03-31T15:36:31.239415, 0.10843282726780368, 0.0, -1.0514880174311054, -179.72321631140107, -49.5941864091883, -38.54028323823575, 0.0016000000400000006, 269.7232163114011
2025-03-31 15:36:31,258 - 2025-03-31T15:36:31.258950, 0.10866549508721546, 0.0, -1.0611060143995914, -179.71661631139872, -49.57725082658696, -38.22537480279732, 0.0016000000400000006, 269.71661631139875
2025-03-31 15:36:31,279 - 2025-03-31T15:36:31.279760, 0.10891331303871743, 0.0, -1.0710064480397365, -179.54961631133938, -49.559545392435155, -37.901226997244514, 0.0016000000400000006, 269.5496163113394
2025-03-31 15:36:31,299 - 2025-03-31T15:36:31.299683, 0.10917628112231093, 0.0, -1.0811893183515404, -179.34111631126532, -49.54107010673285, -37.56783982157736, 0.0016000000400000006, 269.3411163112653
2025-03-31 15:36:31,319 - 2025-03-31T15:36:31.318986, 0.10937242757101107, 0.0, -1.091446585364281, -179.26721631123908, -49.52471220067156, -37.231950340494016, 0.0016000000400000006, 269.26721631123905
2025-03-31 15:36:31,339 - 2025-03-31T15:36:31.339490, 0.10965812085273896, 0.0, -1.1020531106835727, -179.35891631127166, -49.505082137643605, -36.88470410965534, 0.0016000000400000006, 269.3589163112716
2025-03-31 15:36:31,359 - 2025-03-31T15:36:31.358994, 0.11010018260238663, 0.0, -1.112934497608478, -179.52301631132994, -49.480062538008, -36.528603434477546, 0.0016000000400000006, 269.5230163113299
2025-03-31 15:36:31,378 - 2025-03-31T15:36:31.378934, 0.11041617614829491, 0.0, -1.1241058962710868, -179.68441631138728, -49.45889277187913, -36.16287846341017, 0.0016000000400000006, 269.6844163113873
2025-03-31 15:36:31,399 - 2025-03-31T15:36:31.399259, 0.11074731982629382, 0.0, -1.1355597316053547, -179.84021631144265, -49.43695315419977, -35.787914122228436, 0.0016000000400000006, 269.84021631144265
2025-03-31 15:36:31,419 - 2025-03-31T15:36:31.419677, 0.11116801033732049, 0.0, -1.1473628252461738, -179.9806163114925, -49.411741379553746, -35.401593031291355, 0.0016000000400000006, 269.98061631149255
2025-03-31 15:36:31,439 - 2025-03-31T15:36:31.439203, 0.11131383924273308, 0.0, -1.1593222873549118, 179.9204836884724, -49.39538404924687, -35.00988240374667, 0.0016000000400000006, -89.92048368847239
2025-03-31 15:36:31,459 - 2025-03-31T15:36:31.458991, 0.11155679004721897, 0.0, -1.1717722261060297, 179.8085836884326, -49.37536963619807, -34.602195341389496, 0.0016000000400000006, -89.8085836884326
2025-03-31 15:36:31,479 - 2025-03-31T15:36:31.479136, 0.11194853425357909, 0.0, -1.1843558081269325, 179.7210836884015, -49.35035061231688, -34.19027351975035, 0.0016000000400000006, -89.7210836884015
2025-03-31 15:36:31,499 - 2025-03-31T15:36:31.499331, 0.1128459052344093, 0.0, -1.1971247049204212, 179.83948368844358, -49.308585302072736, -33.772769410738746, 0.0016000000400000006, -89.83948368844358
2025-03-31 15:36:31,519 - 2025-03-31T15:36:31.519426, 0.11396646631805174, 0.0, -1.210094066618586, -179.85571631144813, -49.25931307557996, -33.34891316280423, 0.0016000000400000006, 269.85571631144813
2025-03-31 15:36:31,540 - 2025-03-31T15:36:31.540131, 0.11501263070075751, 0.0, -1.2229966066818587, -179.5828163113512, -49.21254315450337, -32.92717429451069, 0.0016000000400000006, 269.58281631135117
2025-03-31 15:36:31,560 - 2025-03-31T15:36:31.559953, 0.11585833017878544, 0.0, -1.2361223368479433, -179.44511631130226, -49.172125372349754, -32.49792850996854, 0.0016000000400000006, 269.4451163113023
2025-03-31 15:36:31,579 - 2025-03-31T15:36:31.579649, 0.11663720802192268, 0.0, -1.2493224637149654, -179.46361631130887, -49.13382496983706, -32.06618042001017, 0.0016000000400000006, 269.4636163113089
2025-03-31 15:36:31,599 - 2025-03-31T15:36:31.599279, 0.11770609760276285, 0.0, -1.262648658785726, -179.48451631131627, -49.08590027143482, -31.630582496545106, 0.0016000000400000006, 269.48451631131627
2025-03-31 15:36:31,619 - 2025-03-31T15:36:31.619193, 0.11884180881849593, 0.0, -1.27590045715555, -179.4643163113091, -49.03585819339157, -31.197486878496225, 0.0016000000400000006, 269.46431631130906
2025-03-31 15:36:31,639 - 2025-03-31T15:36:31.639044, 0.12005191673516613, 0.0, -1.2892190771602654, -179.34881631126808, -48.983313809932135, -30.76227388080639, 0.0016000000400000006, 269.3488163112681
2025-03-31 15:36:31,659 - 2025-03-31T15:36:31.659339, 0.12118005288485323, 0.0, -1.3023296571942597, -179.08071631117284, -48.933656657664145, -30.33379794781469, 0.0016000000400000006, 269.08071631117286
2025-03-31 15:36:31,680 - 2025-03-31T15:36:31.680073, 0.12189210909309756, 0.0, -1.315604180762218, -178.97251631113437, -48.89747363479245, -29.899547552440158, 0.0016000000400000006, 268.97251631113437
2025-03-31 15:36:31,699 - 2025-03-31T15:36:31.699337, 0.12274538363717147, 0.0, -1.3288711292641326, -179.03371631115613, -48.85667092686357, -29.465682082840804, 0.0016000000400000006, 269.0337163111561
2025-03-31 15:36:31,719 - 2025-03-31T15:36:31.719272, 0.12340576834261485, 0.0, -1.3425024862046877, -179.13181631119096, -48.82183543208236, -29.019690011935683, 0.0016000000400000006, 269.13181631119096
2025-03-31 15:36:31,739 - 2025-03-31T15:36:31.738998, 0.12420737138388693, 0.0, -1.3561262680791972, -179.14271631119487, -48.782380252243996, -28.57408286680581, 0.0016000000400000006, 269.1427163111949
2025-03-31 15:36:31,759 - 2025-03-31T15:36:31.759024, 0.12487533115537497, 0.0, -1.3698988433555819, -179.14191631119456, -48.747159831687576, -28.123471110843504, 0.0016000000400000006, 269.14191631119456
2025-03-31 15:36:31,779 - 2025-03-31T15:36:31.779307, 0.1253352509561414, 0.0, -1.3837533903989487, -179.1068163111821, -48.7186764758293, -27.669972123689774, 0.0016000000400000006, 269.1068163111821
2025-03-31 15:36:31,799 - 2025-03-31T15:36:31.799443, 0.1254307623182669, 0.0, -1.3974150476036842, -179.28101631124395, -48.70231972127681, -27.22244034968374, 0.0016000000400000006, 269.28101631124395
2025-03-31 15:36:31,819 - 2025-03-31T15:36:31.819175, 0.12544430191340927, 0.0, -1.410868664837698, -179.63991631137145, -48.688850197915784, -26.781645640375856, 0.0016000000400000006, 269.63991631137145
2025-03-31 15:36:31,839 - 2025-03-31T15:36:31.839080, 0.1253166231727234, 0.0, -1.4243298571377578, -179.97561631149074, -48.68000035961189, -26.340466005292726, 0.0016000000400000006, 269.97561631149074
2025-03-31 15:36:31,859 - 2025-03-31T15:36:31.859065, 0.12533773783391178, 0.0, -1.4379246927076013, 179.8666836884532, -48.6661459104756, -25.895051610927656, 0.0016000000400000006, -89.86668368845321
2025-03-31 15:36:31,879 - 2025-03-31T15:36:31.879412, 0.12521763415927012, 0.0, -1.4515271033434898, 179.8305836884404, -48.65691114639651, -25.449252290787367, 0.0016000000400000006, -89.83058368844041
2025-03-31 15:36:31,898 - 2025-03-31T15:36:31.898936, 0.12474827217807771, 0.0, -1.465219060812406, 179.6827836883879, -48.65903313207274, -25.0001808136804, 0.0016000000400000006, -89.6827836883879
2025-03-31 15:36:31,919 - 2025-03-31T15:36:31.919917, 0.12413769186105661, 0.0, -1.4789185933473674, 179.35078368826998, -48.665774802806126, -24.550724410798207, 0.0016000000400000006, -89.35078368826998
2025-03-31 15:36:31,938 - 2025-03-31T15:36:31.938965, 0.12360150824497262, 0.0, -1.4926849475172208, 179.06128368816715, -48.670014168123316, -24.099150628275044, 0.0016000000400000006, -89.06128368816715
2025-03-31 15:36:31,959 - 2025-03-31T15:36:31.959627, 0.12320654296471822, 0.0, -1.5064437266210295, 179.01788368815173, -48.66963384838332, -23.647961771527097, 0.0016000000400000006, -89.01788368815173
2025-03-31 15:36:31,979 - 2025-03-31T15:36:31.979074, 0.1227447560495718, 0.0, -1.520276902425775, 179.04138368816007, -48.671370908284295, -23.194270609362963, 0.0016000000400000006, -89.04138368816007
2025-03-31 15:36:32,000 - 2025-03-31T15:36:32.000184, 0.12204598285903634, 0.0, -1.5349725383775867, 179.00418368814687, -48.680037783648274, -22.712091485305308, 0.0016000000400000006, -89.00418368814687
2025-03-31 15:36:32,019 - 2025-03-31T15:36:32.019552, 0.12165859264482703, 0.0, -1.5488725358172246, 178.90968368811326, -48.67927253813305, -22.25628294350019, 0.0016000000400000006, -88.90968368811328
2025-03-31 15:36:32,040 - 2025-03-31T15:36:32.040191, 0.12132422789293429, 0.0, -1.5637610616076683, 178.8365836880873, -48.67581281219119, -21.768136606294828, 0.0016000000400000006, -88.8365836880873
2025-03-31 15:36:32,059 - 2025-03-31T15:36:32.059104, 0.1211235064108247, 0.0, -1.5785007939962368, 178.85168368809266, -48.668118326967424, -21.284994879921896, 0.0016000000400000006, -88.85168368809268
2025-03-31 15:36:32,078 - 2025-03-31T15:36:32.078932, 0.121153550097572, 0.0, -1.5935822096253105, 178.98448368813985, -48.65253199971982, -20.790881329568876, 0.0016000000400000006, -88.98448368813985
2025-03-31 15:36:32,099 - 2025-03-31T15:36:32.099173, 0.12120631898245504, 0.0, -1.6090872802618734, 179.2489836882338, -48.635790895146506, -20.282908724044297, 0.0016000000400000006, -89.2489836882338
2025-03-31 15:36:32,119 - 2025-03-31T15:36:32.119100, 0.12128181306547381, 0.0, -1.6250160059059238, 179.59558368835692, -48.6178950132475, -19.76107706334821, 0.0016000000400000006, -89.59558368835692
2025-03-31 15:36:32,139 - 2025-03-31T15:36:32.138986, 0.12145442904756498, 0.0, -1.6414352081923544, 179.8550836884491, -48.5963420486066, -19.22326896783962, 0.0016000000400000006, -89.85508368844911
2025-03-31 15:36:32,159 - 2025-03-31T15:36:32.159672, 0.12143415519102474, 0.0, -1.6582188189174252, -179.99651631149814, -48.580756297113396, -18.67333427102527, 0.0016000000400000006, 269.9965163114981
2025-03-31 15:36:32,179 - 2025-03-31T15:36:32.179479, 0.12163707143729718, 0.0, -1.6752028945471737, -179.90351631146513, -48.557663629371554, -18.117047435287954, 0.0016000000400000006, 269.9035163114651
2025-03-31 15:36:32,199 - 2025-03-31T15:36:32.199512, 0.12186271288170403, 0.0, -1.6926106251844093, -179.83811631144187, -48.53341618430406, -17.546901544379143, 0.0016000000400000006, 269.83811631144187
2025-03-31 15:36:32,222 - 2025-03-31T15:36:32.222174, 0.12203181567629295, 0.0, -1.7129246943052148, -179.89211631146105, -48.50820728843007, -16.88147472113536, 0.0016000000400000006, 269.89211631146105
2025-03-31 15:36:32,239 - 2025-03-31T15:36:32.239165, 0.12213625606397827, 0.0, -1.7280729315691814, -179.9186163114705, -48.49011865576623, -16.385243791141345, 0.0016000000400000006, 269.9186163114705
2025-03-31 15:36:32,259 - 2025-03-31T15:36:32.259785, 0.12215385753766439, 0.0, -1.7455626339734, 179.93568368847778, -48.47260827539686, -15.812210669041079, 0.0016000000400000006, -89.93568368847778
2025-03-31 15:36:32,279 - 2025-03-31T15:36:32.279322, 0.12193311877644764, 0.0, -1.7625694348012835, 179.87848368845746, -48.46337466282659, -15.254769055978091, 0.0016000000400000006, -89.87848368845746
2025-03-31 15:36:32,299 - 2025-03-31T15:36:32.299492, 0.12141479321148285, 0.0, -1.7793089490895988, 179.9411836884797, -48.46415027192109, -14.705796961478987, 0.0016000000400000006, -89.9411836884797
2025-03-31 15:36:32,319 - 2025-03-31T15:36:32.319856, 0.12080692081348987, 0.0, -1.7956992050713625, -179.93921631147782, -48.46819803798228, -14.168181616735232, 0.0016000000400000006, 269.9392163114778
2025-03-31 15:36:32,339 - 2025-03-31T15:36:32.339216, 0.12029617031456974, 0.0, -1.8125799376955074, -179.8984163114633, -48.46858872130157, -13.61458983717894, 0.0016000000400000006, 269.8984163114633
2025-03-31 15:36:32,359 - 2025-03-31T15:36:32.358983, 0.11988254171472246, 0.0, -1.8299511469620313, -179.87881631145635, -48.465322321878965, -13.04502162281018, 0.0016000000400000006, 269.8788163114564
2025-03-31 15:36:32,379 - 2025-03-31T15:36:32.379905, 0.11968452815164232, 0.0, -1.8473816027974035, -179.99421631149735, -48.45493393198296, -12.473720954575642, 0.0016000000400000006, 269.9942163114973
2025-03-31 15:36:32,399 - 2025-03-31T15:36:32.399122, 0.1192708995517946, 0.0, -1.8647528120639274, 179.7648836884171, -48.451667532560364, -11.90415274020689, 0.0016000000400000006, -89.76488368841709
2025-03-31 15:36:32,419 - 2025-03-31T15:36:32.419488, 0.11857483428028859, 0.0, -1.8821391714625424, 179.43508368829995, -48.45764050325211, -11.333814674287645, 0.0016000000400000006, -89.43508368829995
2025-03-31 15:36:32,439 - 2025-03-31T15:36:32.439502, 0.11780437230784546, 0.0, -1.8994587092262651, 179.20068368821663, -48.46611577936005, -10.76559398800938, 0.0016000000400000006, -89.20068368821663
2025-03-31 15:36:32,460 - 2025-03-31T15:36:32.460145, 0.11725710043821413, 0.0, -1.9169787118946644, 179.00388368814674, -48.46708413921938, -10.191021162808191, 0.0016000000400000006, -89.00388368814674
2025-03-31 15:36:32,479 - 2025-03-31T15:36:32.479186, 0.11682074664023112, 0.0, -1.9339262661537013, 178.82198368808213, -48.46497251712247, -9.635312003610935, 0.0016000000400000006, -88.82198368808213
2025-03-31 15:36:32,499 - 2025-03-31T15:36:32.499327, 0.11633272133944672, 0.0, -1.9512306537853332, 178.5411836879824, -48.46420842311606, -9.067861168883148, 0.0016000000400000006, -88.5411836879824
2025-03-31 15:36:32,519 - 2025-03-31T15:36:32.519075, 0.11569590263678764, 0.0, -1.9684013981471815, 178.2609836878828, -48.46844893994207, -8.504645093437283, 0.0016000000400000006, -88.2609836878828
2025-03-31 15:36:32,539 - 2025-03-31T15:36:32.539260, 0.11512590556902058, 0.0, -1.9854977458080927, 177.940683687769, -48.470572077127095, -7.943931323407631, 0.0016000000400000006, -87.940683687769
2025-03-31 15:36:32,559 - 2025-03-31T15:36:32.559000, 0.11433271839844172, 0.0, -2.0023936285643273, 177.58368368764212, -48.48020213056075, -7.38956969230089, 0.0016000000400000006, -87.58368368764212
2025-03-31 15:36:32,579 - 2025-03-31T15:36:32.579508, 0.11353953122786331, 0.0, -2.0192895113205616, 177.21348368751055, -48.48983218399437, -6.835208061194177, 0.0016000000400000006, -87.21348368751055
2025-03-31 15:36:32,599 - 2025-03-31T15:36:32.598988, 0.11301363059685299, 0.0, -2.0358878072730473, 176.83228368737508, -48.49099271886412, -6.29085565175225, 0.0016000000400000006, -86.83228368737508
2025-03-31 15:36:32,619 - 2025-03-31T15:36:32.619378, 0.11255455160073424, 0.0, -2.052411706524596, 176.44498368723737, -48.49003587409292, -5.74900554772653, 0.0016000000400000006, -86.44498368723737
2025-03-31 15:36:32,639 - 2025-03-31T15:36:32.639376, 0.11223669094044553, 0.0, -2.0689280307100995, 176.22748368716, -48.48445934426451, -5.207540369476026, 0.0016000000400000006, -86.22748368716
2025-03-31 15:36:32,659 - 2025-03-31T15:36:32.659722, 0.11224536338857227, 0.0, -2.084931153055087, 176.18988368714662, -48.46868084200647, -4.683206403363744, 0.0016000000400000006, -86.18988368714662
2025-03-31 15:36:32,679 - 2025-03-31T15:36:32.679089, 0.11267011577814134, 0.0, -2.1007703318661095, 176.154383687134, -48.439428210352155, -4.164646899634319, 0.0016000000400000006, -86.15438368713399
2025-03-31 15:36:32,699 - 2025-03-31T15:36:32.699904, 0.11302804653281928, 0.0, -2.11668390737807, 176.04858368709637, -48.412292958338774, -3.6435850904886884, 0.0016000000400000006, -86.04858368709637
2025-03-31 15:36:32,719 - 2025-03-31T15:36:32.719493, 0.11349689535914509, 0.0, -2.1320250344806673, 175.95988368706483, -48.38207772436917, -3.141386947347002, 0.0016000000400000006, -85.95988368706485
2025-03-31 15:36:32,740 - 2025-03-31T15:36:32.739971, 0.1135117889138022, 0.0, -2.146824013438083, 175.91858368705013, -48.367261248672015, -2.6565127671083046, 0.0016000000400000006, -85.91858368705013
2025-03-31 15:36:32,759 - 2025-03-31T15:36:32.759347, 0.11366032573824336, 0.0, -2.1614741989936244, 176.03278368709076, -48.34821001369292, -2.1766431977020364, 0.0016000000400000006, -86.03278368709076
2025-03-31 15:36:32,779 - 2025-03-31T15:36:32.779268, 0.11420979237203754, 0.0, -2.175678004343542, 176.25908368717126, -48.316454500867984, -1.7117874607929846, 0.0016000000400000006, -86.25908368717126
2025-03-31 15:36:32,799 - 2025-03-31T15:36:32.799056, 0.11507064198215655, 0.0, -2.189086171181285, 176.41248368722577, -48.27526686716387, -1.2733023061364859, 0.0016000000400000006, -86.41248368722577
2025-03-31 15:36:32,819 - 2025-03-31T15:36:32.819387, 0.116191203065799, 0.0, -2.2020555328794496, 176.60568368729446, -48.22599464067111, -0.8494460582019748, 0.0016000000400000006, -86.60568368729446
2025-03-31 15:36:32,839 - 2025-03-31T15:36:32.839048, 0.11714782061547657, 0.0, -2.214608814636172, 176.86508368738671, -48.1824968765612, -0.4390639396637378, 0.0016000000400000006, -86.86508368738671
2025-03-31 15:36:32,859 - 2025-03-31T15:36:32.859202, 0.11779170122931504, 0.0, -2.2266123731816663, 177.0701836874596, -48.14977818566658, -0.04639070980378973, 0.0016000000400000006, -87.0701836874596
2025-03-31 15:36:32,879 - 2025-03-31T15:36:32.879014, 0.11833845994408021, 0.0, -2.2381254550847816, 177.0765836874619, -48.12071657751385, 0.3303060852437059, 0.0016000000400000006, -87.07658368746189
2025-03-31 15:36:32,899 - 2025-03-31T15:36:32.899393, 0.11843126338717713, 0.0, -2.2490963888427142, 176.73168368733928, -48.10705372763358, 0.6896789173881691, 0.0016000000400000006, -86.73168368733928
2025-03-31 15:36:32,919 - 2025-03-31T15:36:32.919358, 0.11863498490192281, 0.0, -2.259494874191284, 176.21418368715527, -48.090310895797046, 1.0301880835286725, 0.0016000000400000006, -86.21418368715527
2025-03-31 15:36:32,939 - 2025-03-31T15:36:32.939038, 0.11831035444406224, 0.0, -2.2692843897597808, 175.96578368706696, -48.09146912764917, 1.3512559071252361, 0.0016000000400000006, -85.96578368706696
2025-03-31 15:36:32,959 - 2025-03-31T15:36:32.959065, 0.11795542372202128, 0.0, -2.2785090319849592, 175.88828368703935, -48.094167062602224, 1.6538449904930683, 0.0016000000400000006, -85.88828368703935
2025-03-31 15:36:32,979 - 2025-03-31T15:36:32.979512, 0.1174289743999708, 0.0, -2.2871763759328663, 175.81588368701364, -48.10302438571336, 1.9383402594074395, 0.0016000000400000006, -85.81588368701364
2025-03-31 15:36:32,999 - 2025-03-31T15:36:32.999066, 0.11723663325237998, 0.0, -2.2954717363760864, 175.6701836869618, -48.101294810619656, 2.2103240012407888, 0.0016000000400000006, -85.67018368696179
2025-03-31 15:36:33,019 - 2025-03-31T15:36:33.019468, 0.11687277350477965, 0.0, -2.303209798542034, 175.73388368698443, -48.10572462368403, 2.4642139286206493, 0.0016000000400000006, -85.73388368698443
2025-03-31 15:36:33,039 - 2025-03-31T15:36:33.039415, 0.11662740689487272, 0.0, -2.310516630634449, 175.9345836870558, -48.10668952901695, 2.703859875053751, 0.0016000000400000006, -85.9345836870558
2025-03-31 15:36:33,059 - 2025-03-31T15:36:33.059499, 0.11663417669244458, 0.0, -2.317243439251456, 176.2401836871645, -48.09995476733641, 2.924257229707706, 0.0016000000400000006, -86.24018368716449
2025-03-31 15:36:33,079 - 2025-03-31T15:36:33.079514, 0.11711627300030569, 0.0, -2.323590689297732, 176.58528368728722, -48.07801342239386, 3.131758131505411, 0.0016000000400000006, -86.58528368728722
2025-03-31 15:36:33,099 - 2025-03-31T15:36:33.099575, 0.11765004081096864, 0.0, -2.3295811059714113, 176.91108368740305, -48.054724549360785, 3.3275173577725354, 0.0016000000400000006, -86.91108368740305
2025-03-31 15:36:33,119 - 2025-03-31T15:36:33.119411, 0.11801986508766715, 0.0, -2.3351554427036483, 177.3095836875447, -48.03721013871056, 3.5098024546433857, 0.0016000000400000006, -87.30958368754469
2025-03-31 15:36:33,138 - 2025-03-31T15:36:33.138933, 0.11823332089644589, 0.0, -2.3404549178302716, 177.72828368769353, -48.02508526466799, 3.683233107175106, 0.0016000000400000006, -87.72828368769353
2025-03-31 15:36:33,179 - 2025-03-31T15:36:33.179369, 0.11863615335635336, 0.0, -2.3492848513526288, 178.46758368795622, -48.00333724624466, 3.9721558861362447, 0.0016000000400000006, -88.46758368795622
2025-03-31 15:36:33,219 - 2025-03-31T15:36:33.219213, 0.11907415322745818, 0.0, -2.3561301531073298, 179.09148368817785, -47.98235850361737, 4.196018148521674, 0.0016000000400000006, -89.09148368817785
2025-03-31 15:36:33,239 - 2025-03-31T15:36:33.239529, 0.11930005124929854, 0.0, -2.359021341458809, 179.59958368835836, -47.97215768269655, 4.290529229306181, 0.0016000000400000006, -89.59958368835836
2025-03-31 15:36:33,259 - 2025-03-31T15:36:33.259041, 0.11950322407300318, 0.0, -2.3614888748027996, -179.90941631146723, -47.96311163910143, 4.37118125491913, 0.0016000000400000006, 269.9094163114672
2025-03-31 15:36:33,279 - 2025-03-31T15:36:33.279412, 0.12018172340699795, 0.0, -2.3635768495760594, 179.59318368835608, -47.93885901224426, 4.438936827675857, 0.0016000000400000006, -89.59318368835608
2025-03-31 15:36:33,338 - 2025-03-31T15:36:33.338943, 0.12131553197217615, 0.0, -2.3675523342179026, -179.99961631149927, -47.897860674778514, 4.568095834266371, 0.0016000000400000006, 269.99961631149927
2025-03-31 15:36:33,359 - 2025-03-31T15:36:33.359096, 0.12156902233916833, 0.0, -2.3683176724658965, -179.3090163112539, -47.88881405542899, 4.592926713418011, 0.0016000000400000006, 269.3090163112539
2025-03-31 15:36:33,378 - 2025-03-31T15:36:33.378953, 0.12130931086564489, 0.0, -2.3687564776054746, -178.70771631104031, -47.89689864821766, 4.607555620139985, 0.0016000000400000006, 268.7077163110403
2025-03-31 15:36:33,419 - 2025-03-31T15:36:33.418993, 0.12063351945067913, 0.0, -2.369359226279018, -178.0957163108229, -47.9184573704026, 4.627958989244858, 0.0016000000400000006, 268.0957163108229
2025-03-31 15:36:33,479 - 2025-03-31T15:36:33.479297, 0.11995015296966738, 0.0, -2.3698207566167317, -177.3068163105425, -47.940401018362806, 4.643742673292531, 0.0016000000400000006, 267.3068163105425
2025-03-31 15:36:33,640 - 2025-03-31T15:36:33.640163, 0.11854689863693313, 0.0, -2.3713830873364143, -178.01091631079274, -47.98486599082324, 4.696291087032815, 0.0016000000400000006, 268.0109163107927
2025-03-31 15:36:33,679 - 2025-03-31T15:36:33.679109, 0.11800475049175141, 0.0, -2.3718370426080826, -178.91171631111277, -48.002189953726244, 4.7116898453052585, 0.0016000000400000006, 268.91171631111274
2025-03-31 15:36:33,719 - 2025-03-31T15:36:33.719952, 0.11758867055030864, 0.0, -2.372000986142047, -179.42221631129414, -48.01566408312254, 4.7174643076881155, 0.0016000000400000006, 269.42221631129416
2025-03-31 15:36:33,739 - 2025-03-31T15:36:33.739540, 0.11760382068239883, 0.0, -2.372283422813706, 179.9788836884931, -48.01489423157208, 4.726703677802474, 0.0016000000400000006, -89.97888368849311
2025-03-31 15:36:33,760 - 2025-03-31T15:36:33.760137, 0.11761897081448947, 0.0, -2.3725658594853645, 178.83598368808708, -48.0141243800216, 4.735943047916819, 0.0016000000400000006, -88.83598368808708
2025-03-31 15:36:33,939 - 2025-03-31T15:36:33.939332, 0.11798744113167325, 0.0, -2.3767948344942003, 179.9605836884866, -47.997956921707505, 4.874148673856884, 0.0016000000400000006, -89.9605836884866
2025-03-31 15:36:33,959 - 2025-03-31T15:36:33.959126, 0.1180921380967912, 0.0, -2.3774265294724097, -179.08191631117325, -47.99391491319038, 4.894744793726566, 0.0016000000400000006, 269.08191631117325
2025-03-31 15:36:33,979 - 2025-03-31T15:36:33.979582, 0.11825608163075607, 0.0, -2.377842609413853, -177.8583163107385, -47.98814045080751, 4.908218923122869, 0.0016000000400000006, 267.8583163107385
2025-03-31 15:36:33,999 - 2025-03-31T15:36:33.999038, 0.11836077859587357, 0.0, -2.3784743043920615, -176.67721631031867, -47.984098442290396, 4.928815042992522, 0.0016000000400000006, 266.67721631031867
2025-03-31 15:36:34,020 - 2025-03-31T15:36:34.020045, 0.1183910788600544, 0.0, -2.37903917773538, -175.5126163099045, -47.982558739189464, 4.947293783221253, 0.0016000000400000006, 265.5126163099045
2025-03-31 15:36:34,039 - 2025-03-31T15:36:34.039459, 0.11828773585445118, 0.0, -2.3797528444805716, -174.3643163094958, -47.985253795370475, 4.970777134282357, 0.0016000000400000006, 264.3643163094958
2025-03-31 15:36:34,060 - 2025-03-31T15:36:34.060151, 0.11830288598654137, 0.0, -2.38003528115223, -173.3266163091261, -47.98448394382002, 4.9800165043967, 0.0016000000400000006, 263.3266163091261
2025-03-31 15:36:34,079 - 2025-03-31T15:36:34.079415, 0.11846682952050624, 0.0, -2.380451361093673, -172.19431630872225, -47.97870948143715, 4.993490633793003, 0.0016000000400000006, 262.19431630872225
2025-03-31 15:36:34,099 - 2025-03-31T15:36:34.099167, 0.11885396315728292, 0.0, -2.3810679059397923, -171.18391630836143, -47.96542810280566, 5.013316902112214, 0.0016000000400000006, 261.1839163083614
2025-03-31 15:36:34,220 - 2025-03-31T15:36:34.220149, 0.12026398728758769, 0.0, -2.3862323838371173, -170.743516308204, -47.91422836866474, 5.181165843025901, 0.0016000000400000006, 260.743516308204
2025-03-31 15:36:34,298 - 2025-03-31T15:36:34.298928, 0.12108505891692634, 0.0, -2.389658145267733, -171.7365163085588, -47.88400910441428, 5.2926159609381696, 0.0016000000400000006, 261.7365163085588
2025-03-31 15:36:34,319 - 2025-03-31T15:36:34.319299, 0.1214873426857932, 0.0, -2.390557126785511, -172.61821630887349, -47.86995787423234, 5.32168159937174, 0.0016000000400000006, 262.61821630887346
2025-03-31 15:36:34,339 - 2025-03-31T15:36:34.339020, 0.12167401141789336, 0.0, -2.3913968617344423, -173.45411630917155, -47.86302863452378, 5.349014783939572, 0.0016000000400000006, 263.4541163091716
2025-03-31 15:36:34,399 - 2025-03-31T15:36:34.399520, 0.1222718929444202, 0.0, -2.3946221582603817, -174.30291630947394, -47.84031628652194, 5.454112762928933, 0.0016000000400000006, 264.302916309474
2025-03-31 15:36:34,419 - 2025-03-31T15:36:34.419425, 0.1227258482160889, 0.0, -2.3951643064055634, -175.30851630983187, -47.82491752824948, 5.4714367258319365, 0.0016000000400000006, 265.3085163098319
2025-03-31 15:36:34,439 - 2025-03-31T15:36:34.439401, 0.12298691364912617, 0.0, -2.396070862989386, -175.95421631006158, -47.81548598312473, 5.500887290040721, 0.0016000000400000006, 265.9542163100616
2025-03-31 15:36:34,521 - 2025-03-31T15:36:34.521284, 0.123801764171934, 0.0, -2.4007007678075745, -176.7101163103304, -47.78430469231339, 5.651797193826631, 0.0016000000400000006, 266.71011631033036
2025-03-31 15:36:34,559 - 2025-03-31T15:36:34.559202, 0.12462148184175836, 0.0, -2.4027811675147888, -177.254816310524, -47.75543238039904, 5.7191678408081, 0.0016000000400000006, 267.254816310524
2025-03-31 15:36:34,601 - 2025-03-31T15:36:34.601248, 0.1256051430455467, 0.0, -2.4052776471634463, -176.0698163101027, -47.72078560610185, 5.800012617185901, 0.0016000000400000006, 266.06981631010274
2025-03-31 15:36:34,699 - 2025-03-31T15:36:34.699084, 0.12764064104753148, 0.0, -2.411541571483225, -175.96531631006553, -47.648027725530326, 6.0032793354560505, 0.0016000000400000006, 265.96531631006553
2025-03-31 15:36:34,779 - 2025-03-31T15:36:34.779744, 0.12990555025885842, 0.0, -2.4168018173201085, -175.83501631001917, -47.56872495527109, 6.173438406775524, 0.0016000000400000006, 265.83501631001917
2025-03-31 15:36:34,799 - 2025-03-31T15:36:34.799115, 0.1303973808607526, 0.0, -2.418050057144437, -176.51571631026127, -47.551401568122486, 6.213860794964417, 0.0016000000400000006, 266.51571631026127
2025-03-31 15:36:34,820 - 2025-03-31T15:36:34.820442, 0.1311048264994139, 0.0, -2.419357543537613, -177.0648163104565, -47.52695619050049, 6.256015637019046, 0.0016000000400000006, 267.06481631045654
2025-03-31 15:36:34,879 - 2025-03-31T15:36:34.879204, 0.13303427357676556, 0.0, -2.4236444111557804, -177.64391631066232, -47.45958727078223, 6.39460676448873, 0.0016000000400000006, 267.64391631066235
2025-03-31 15:36:34,899 - 2025-03-31T15:36:34.899693, 0.13338488584283104, 0.0, -2.4249002260461543, -178.13161631083562, -47.446883568690794, 6.43541407845285, 0.0016000000400000006, 268.1316163108356
2025-03-31 15:36:34,979 - 2025-03-31T15:36:34.979288, 0.13610375032582622, 0.0, -2.4307026200282196, -178.39921631093068, -47.35218204015911, 6.622897112675329, 0.0016000000400000006, 268.3992163109307
2025-03-31 15:36:35,039 - 2025-03-31T15:36:35.039891, 0.13861322087858596, 0.0, -2.435241624053866, -177.61161631065082, -47.26556452866167, 6.769187907158456, 0.0016000000400000006, 267.6116163106508
2025-03-31 15:36:35,079 - 2025-03-31T15:36:35.079227, 0.14004326228799835, 0.0, -2.4381390335118756, -176.8990163103975, -47.21590392186724, 6.8627369613820735, 0.0016000000400000006, 266.89901631039754
2025-03-31 15:36:35,159 - 2025-03-31T15:36:35.159417, 0.14337245051058245, 0.0, -2.4447584372447366, -177.36991631056495, -47.100414098455445, 7.076398402846685, 0.0016000000400000006, 267.3699163105649
