2025-03-10 15:41:35,865 - __main__ - INFO - Starting tracker data collection and processing
2025-03-10 15:41:35,865 - __main__ - INFO - Press 'R' to start continuous recording (laser_tracker.csv)
2025-03-10 15:41:35,865 - __main__ - INFO - Press 'E' to stop continuous recording
2025-03-10 15:41:35,865 - __main__ - INFO - Press 'T' for single point recording with angle input (euler.csv)
2025-03-10 15:41:35,865 - __main__ - INFO - Press 'Esc' to exit and process data
2025-03-10 15:41:35,878 - __main__ - INFO - Successfully initialized tracker: tracker_1
2025-03-10 15:41:35,879 - __main__ - INFO - Successfully opened serial port: /dev/ttyUSB0
2025-03-10 15:41:35,879 - __main__ - INFO - Created new Euler data file: tracker_data_process_2025-March-10-Mon-15-41-35/data/euler.csv
2025-03-10 15:41:37,997 - __main__ - INFO - 
[System] Starting single record mode for Euler data...
2025-03-10 15:41:43,550 - __main__ - INFO - [Data] Euler data recorded: timestamp=1741592503.551, x=0.9622, y=-1.0957, z=-1.0178, roll=179.5679, yaw=150.9482, pitch=-89.0844, angle=0.00
2025-03-10 15:42:08,348 - __main__ - INFO - 
[System] Starting single record mode for Euler data...
2025-03-10 15:42:10,711 - __main__ - INFO - [Data] Euler data recorded: timestamp=1741592530.711, x=0.9582, y=-1.0923, z=-1.0205, roll=-178.8821, yaw=-118.5551, pitch=-89.1115, angle=90.00
2025-03-10 15:42:38,212 - __main__ - INFO - 
[System] Starting single record mode for Euler data...
2025-03-10 15:42:41,150 - __main__ - INFO - [Data] Euler data recorded: timestamp=1741592561.150, x=0.9456, y=-1.0864, z=-1.0031, roll=0.3282, yaw=-29.5351, pitch=88.4393, angle=180.00
2025-03-10 15:43:28,907 - __main__ - INFO - 
[System] Starting single record mode for Euler data...
2025-03-10 15:43:31,414 - __main__ - INFO - [Data] Euler data recorded: timestamp=1741592611.414, x=2.1155, y=-1.0833, z=-1.5097, roll=-5.7378, yaw=-87.7984, pitch=83.4532, angle=120.00
2025-03-10 15:44:25,237 - __main__ - INFO - Program interrupted by user
2025-03-10 15:44:25,237 - __main__ - INFO - All processing complete
