[system_error_monitor-21] [ERROR] [1734331307.831831658] [system_error_monitor /autoware/control/autonomous_driving/node_alive_monitoring]: [Single Point Fault]: Error
[system_error_monitor-21] [ERROR] [1734331307.831837042] [system_error_monitor /autoware/control/autonomous_driving/node_alive_monitoring/topic_status/topic_state_monitor_control_command_control_cmd: control_topic_status]: [Single Point Fault]: Error
[system_error_monitor-21] [ERROR] [1734331307.831842667] [system_error_monitor /autoware/control/autonomous_driving/node_alive_monitoring/topic_status/topic_state_monitor_trajectory_follower_control_cmd: control_topic_status]: [Single Point Fault]: Error
[system_error_monitor-21] [ERROR] [1734331307.831847635] [system_error_monitor /autoware/control/autonomous_driving/performance_monitoring/lane_departure]: [Single Point Fault]: Stale
[system_error_monitor-21] [ERROR] [1734331307.831852075] [system_error_monitor /autoware/control/control_command_gate/node_alive_monitoring]: [Single Point Fault]: Stale
[system_error_monitor-21] [ERROR] [1734331307.831856417] [system_error_monitor /autoware/control/control_command_gate/node_alive_monitoring/heartbeat]: [Single Point Fault]: Stale
[system_error_monitor-21] [ERROR] [1734331307.831864362] [system_error_monitor /autoware/localization/node_alive_monitoring]: [Single Point Fault]: Error
[system_error_monitor-21] [ERROR] [1734331307.831869597] [system_error_monitor /autoware/localization/node_alive_monitoring/topic_status/topic_state_monitor_initialpose3d: localization_topic_status]: [Single Point Fault]: Error
[system_error_monitor-21] [ERROR] [1734331307.831875032] [system_error_monitor /autoware/localization/node_alive_monitoring/topic_status/topic_state_monitor_pose_twist_fusion_filter_pose: localization_topic_status]: [Single Point Fault]: Error
[system_error_monitor-21] [ERROR] [1734331307.831880216] [system_error_monitor /autoware/localization/node_alive_monitoring/topic_status/topic_state_monitor_transform_map_to_base_link: localization_topic_status]: [Single Point Fault]: Error
[system_error_monitor-21] [ERROR] [1734331307.831884965] [system_error_monitor /autoware/localization/performance_monitoring/localization_accuracy]: [Single Point Fault]: Stale
[system_error_monitor-21] [ERROR] [1734331307.831898623] [system_error_monitor /autoware/map/node_alive_monitoring]: [Single Point Fault]: Error
[system_error_monitor-21] [ERROR] [1734331307.831905198] [system_error_monitor /autoware/map/node_alive_monitoring/topic_status/topic_state_monitor_pointcloud_map: map_topic_status]: [Single Point Fault]: Error
[system_error_monitor-21] [ERROR] [1734331307.831910717] [system_error_monitor /autoware/map/node_alive_monitoring/topic_status/topic_state_monitor_vector_map: map_topic_status]: [Single Point Fault]: OK
[system_error_monitor-21] [ERROR] [1734331307.831915398] [system_error_monitor /autoware/perception/node_alive_monitoring]: [Single Point Fault]: Error
[system_error_monitor-21] [ERROR] [1734331307.831919983] [system_error_monitor /autoware/perception/node_alive_monitoring/topic_status/topic_state_monitor_object_recognition_objects: perception_topic_status]: [Single Point Fault]: Error
[system_error_monitor-21] [ERROR] [1734331307.831924982] [system_error_monitor /autoware/perception/node_alive_monitoring/topic_status/topic_state_monitor_obstacle_segmentation_pointcloud: perception_topic_status]: [Single Point Fault]: Error
[system_error_monitor-21] [ERROR] [1734331307.831932349] [system_error_monitor /autoware/planning/node_alive_monitoring]: [Single Point Fault]: Error
[system_error_monitor-21] [ERROR] [1734331307.831937300] [system_error_monitor /autoware/planning/node_alive_monitoring/topic_status/topic_state_monitor_mission_planning_route: planning_topic_status]: [Single Point Fault]: Error
[system_error_monitor-21] [ERROR] [1734331307.831942392] [system_error_monitor /autoware/planning/node_alive_monitoring/topic_status/topic_state_monitor_scenario_planning_trajectory: planning_topic_status]: [Single Point Fault]: Error
[system_error_monitor-21] [ERROR] [1734331307.831959728] [system_error_monitor /autoware/planning/performance_monitoring/trajectory_validation]: [Single Point Fault]: Error
[system_error_monitor-21] [ERROR] [1734331307.831970110] [system_error_monitor /autoware/planning/performance_monitoring/trajectory_validation/trajectory_validation_acceleration/planning_validator: trajectory_validation_acceleration]: [Single Point Fault]: acceleration is too large
[emergency_handler-22] [INFO] [1734331307.831745942] [system.emergency_handler]: MRM State changed: MRM_SUCCEEDED -> NORMAL
[emergency_handler-22] [WARN] [1734331307.832046525] [system.emergency_handler]: Emergency stop is canceled
[system_error_monitor-21] [ERROR] [1734331307.831976688] [system_error_monitor /autoware/planning/performance_monitoring/trajectory_validation/trajectory_validation_curvature/planning_validator: trajectory_validation_curvature]: [Single Point Fault]: curvature is too large
[system_error_monitor-21] [ERROR] [1734331307.832183504] [system_error_monitor /autoware/planning/performance_monitoring/trajectory_validation/trajectory_validation_deceleration/planning_validator: trajectory_validation_deceleration]: [Single Point Fault]: deceleration is too large
[system_error_monitor-21] [ERROR] [1734331307.832189373] [system_error_monitor /autoware/planning/performance_monitoring/trajectory_validation/trajectory_validation_finite/planning_validator: trajectory_validation_finite]: [Single Point Fault]: infinite value is found
[system_error_monitor-21] [ERROR] [1734331307.832210218] [system_error_monitor /autoware/planning/performance_monitoring/trajectory_validation/trajectory_validation_interval/planning_validator: trajectory_validation_interval]: [Single Point Fault]: points interval is too long
[system_error_monitor-21] [ERROR] [1734331307.832214171] [system_error_monitor /autoware/planning/performance_monitoring/trajectory_validation/trajectory_validation_lateral_acceleration/planning_validator: trajectory_validation_lateral_acceleration]: [Single Point Fault]: lateral acceleration is too large
[system_error_monitor-21] [ERROR] [1734331307.832218330] [system_error_monitor /autoware/planning/performance_monitoring/trajectory_validation/trajectory_validation_relative_angle/planning_validator: trajectory_validation_relative_angle]: [Single Point Fault]: relative angle is too large
[system_error_monitor-21] [ERROR] [1734331307.832223685] [system_error_monitor /autoware/planning/performance_monitoring/trajectory_validation/trajectory_validation_steering/planning_validator: trajectory_validation_steering]: [Single Point Fault]: expected steering is too large
[system_error_monitor-21] [ERROR] [1734331307.832227272] [system_error_monitor /autoware/planning/performance_monitoring/trajectory_validation/trajectory_validation_steering/planning_validator: trajectory_validation_steering_rate]: [Single Point Fault]: expected steering rate is too large
[system_error_monitor-21] [ERROR] [1734331307.832230687] [system_error_monitor /autoware/planning/performance_monitoring/trajectory_validation/trajectory_validation_steering_rate/planning_validator: trajectory_validation_steering_rate]: [Single Point Fault]: expected steering rate is too large
[system_error_monitor-21] [ERROR] [1734331307.832234129] [system_error_monitor /autoware/planning/performance_monitoring/trajectory_validation/trajectory_validation_velocity_deviation/planning_validator: trajectory_validation_velocity_deviation]: [Single Point Fault]: velocity deviation is too large
[system_error_monitor-21] [ERROR] [1734331307.832237645] [system_error_monitor /autoware/system/emergency_stop_operation]: [Single Point Fault]: Stale
[component_container-61] [INFO] [1734331307.839536049] [planning.mission_planning.mission_planner]: waiting odometry... Route API is not ready.
[component_container_mt-66] [INFO] [1734331307.911778864] [planning.scenario_planning.lane_driving.behavior_planning.behavior_path_planner]: waiting for scenario_topic
[gyro_bias_estimator-32] [WARN] [1734331307.937478926] [sensing.imu.gyro_bias_estimator]: Bias estimation is not yet ready because of insufficient data.
[component_container_mt-2] [INFO] [1734331308.072393155] [perception.object_recognition.detection.voxel_based_compare_map_filter]: service not available, waiting again ...
[ekf_localizer-38] [WARN] [1734331308.088726957] [localization.pose_twist_fusion_filter.ekf_localizer]: The node is not activated. Provide initial pose to pose_initializer
[rtc_auto_mode_manager_node-67] [INFO] [1734331308.198153977] [planning.scenario_planning.lane_driving.behavior_planning.rtc_auto_mode_manager]: Waiting for service... [blind_spot]
[gyro_bias_estimator-32] [WARN] [1734331308.452215511] [sensing.imu.gyro_bias_estimator]: Bias estimation is not yet ready because of insufficient data.
[ndt_scan_matcher-34] [INFO] [1734331308.526409710] [localization.pose_estimator.ndt_scan_matcher]: Waiting for pcd loader service. Check if the enable_differential_load in pointcloud_map_loader is set `true`.
[gyro_bias_estimator-32] [WARN] [1734331308.954866666] [sensing.imu.gyro_bias_estimator]: Bias estimation is not yet ready because of insufficient data.
[component_container_mt-2] [INFO] [1734331309.072674982] [perception.object_recognition.detection.voxel_based_compare_map_filter]: service not available, waiting again ...
[ekf_localizer-38] [WARN] [1734331309.110397430] [localization.pose_twist_fusion_filter.ekf_localizer]: The node is not activated. Provide initial pose to pose_initializer
[component_container-69] [INFO] [1734331309.191963616] [planning.scenario_planning.parking.costmap_generator]: waiting for initial pose...
[rtc_auto_mode_manager_node-67] [INFO] [1734331309.198412825] [planning.scenario_planning.lane_driving.behavior_planning.rtc_auto_mode_manager]: Waiting for service... [blind_spot]
[scenario_selector-63] [INFO] [1734331309.218670724] [planning.scenario_planning.scenario_selector]: Waiting for current pose.
[gyro_bias_estimator-32] [WARN] [1734331309.477371936] [sensing.imu.gyro_bias_estimator]: Bias estimation is not yet ready because of insufficient data.
[ndt_scan_matcher-34] [INFO] [1734331309.526767349] [localization.pose_estimator.ndt_scan_matcher]: Waiting for pcd loader service. Check if the enable_differential_load in pointcloud_map_loader is set `true`.
[gyro_bias_estimator-32] [WARN] [1734331309.992434743] [sensing.imu.gyro_bias_estimator]: Bias estimation is not yet ready because of insufficient data.
[component_container_mt-2] [INFO] [1734331310.072941986] [perception.object_recognition.detection.voxel_based_compare_map_filter]: service not available, waiting again ...
[ekf_localizer-38] [WARN] [1734331310.141812663] [localization.pose_twist_fusion_filter.ekf_localizer]: The node is not activated. Provide initial pose to pose_initializer
[component_container-72] [INFO] [1734331310.167407905] [control.trajectory_follower.controller_node_exe]: Waiting for trajectory.
[component_container-72] [INFO] [1734331310.167457213] [control.trajectory_follower.controller_node_exe]: Control is skipped since input data is not ready.
[rtc_auto_mode_manager_node-67] [INFO] [1734331310.198622441] [planning.scenario_planning.lane_driving.behavior_planning.rtc_auto_mode_manager]: Waiting for service... [blind_spot]
[component_container-72] [INFO] [1734331310.240405152] [control.trajectory_follower.lane_departure_checker_node]: waiting for current_twist msg...
[component_container_mt-68] [INFO] [1734331310.339679436] [planning.scenario_planning.lane_driving.motion_planning.surround_obstacle_checker]: waiting for dynamic object info...