--------------------------------------
carla gnss record start
--------------------------------------
[INFO] [launch]: All log files can be found below /home/cityu-fsm-lab-carla/.ros/log/2024-11-21-15-06-28-866567-cityufsmlabcarla-Precision-3660-62084
[INFO] [launch]: Default logging verbosity is set to INFO
[INFO] [gnss_poser-1]: process started with pid [62086]
[gnss_poser-1] [WARN] [1732172789.033803452] [gnss_poser]: "gnss_link" passed to lookupTransform argument target_frame does not exist. 
[gnss_poser-1] [WARN] [1732172789.033903717] [gnss_poser]: Please publish TF gnss_link to base_link
[gnss_poser-1] [WARN] [1732172790.053504221] [gnss_poser]: "gnss_link" passed to lookupTransform argument target_frame does not exist. 
[gnss_poser-1] [WARN] [1732172790.053540316] [gnss_poser]: Please publish TF gnss_link to base_link
[gnss_poser-1] [WARN] [1732172791.062501785] [gnss_poser]: "gnss_link" passed to lookupTransform argument target_frame does not exist. 
[gnss_poser-1] [WARN] [1732172791.062539988] [gnss_poser]: Please publish TF gnss_link to base_link
[gnss_poser-1] [WARN] [1732172792.079369458] [gnss_poser]: "gnss_link" passed to lookupTransform argument target_frame does not exist. 
[gnss_poser-1] [WARN] [1732172792.079407534] [gnss_poser]: Please publish TF gnss_link to base_link
[gnss_poser-1] [WARN] [1732172793.096149372] [gnss_poser]: "gnss_link" passed to lookupTransform argument target_frame does not exist. 
[gnss_poser-1] [WARN] [1732172793.096186586] [gnss_poser]: Please publish TF gnss_link to base_link
[gnss_poser-1] [WARN] [1732172794.109809271] [gnss_poser]: "gnss_link" passed to lookupTransform argument target_frame does not exist. 
[gnss_poser-1] [WARN] [1732172794.109853718] [gnss_poser]: Please publish TF gnss_link to base_link
[gnss_poser-1] [WARN] [1732172795.127468009] [gnss_poser]: "gnss_link" passed to lookupTransform argument target_frame does not exist. 
[gnss_poser-1] [WARN] [1732172795.127505075] [gnss_poser]: Please publish TF gnss_link to base_link
[gnss_poser-1] [WARN] [1732172796.138983922] [gnss_poser]: "gnss_link" passed to lookupTransform argument target_frame does not exist. 
[gnss_poser-1] [WARN] [1732172796.139022496] [gnss_poser]: Please publish TF gnss_link to base_link
[gnss_poser-1] [WARN] [1732172797.161521558] [gnss_poser]: "gnss_link" passed to lookupTransform argument target_frame does not exist. 
[gnss_poser-1] [WARN] [1732172797.161561435] [gnss_poser]: Please publish TF gnss_link to base_link
[gnss_poser-1] [WARN] [1732172798.172673566] [gnss_poser]: "gnss_link" passed to lookupTransform argument target_frame does not exist. 
[gnss_poser-1] [WARN] [1732172798.172710545] [gnss_poser]: Please publish TF gnss_link to base_link
[gnss_poser-1] [WARN] [1732172799.180211813] [gnss_poser]: "gnss_link" passed to lookupTransform argument target_frame does not exist. 
[gnss_poser-1] [WARN] [1732172799.180249341] [gnss_poser]: Please publish TF gnss_link to base_link
[gnss_poser-1] [WARN] [1732172800.201093012] [gnss_poser]: "gnss_link" passed to lookupTransform argument target_frame does not exist. 
[gnss_poser-1] [WARN] [1732172800.201130393] [gnss_poser]: Please publish TF gnss_link to base_link
[gnss_poser-1] [WARN] [1732172801.230701863] [gnss_poser]: "gnss_link" passed to lookupTransform argument target_frame does not exist. 
[gnss_poser-1] [WARN] [1732172801.230743625] [gnss_poser]: Please publish TF gnss_link to base_link
[gnss_poser-1] [WARN] [1732172802.263068512] [gnss_poser]: "gnss_link" passed to lookupTransform argument target_frame does not exist. 
[gnss_poser-1] [WARN] [1732172802.263108707] [gnss_poser]: Please publish TF gnss_link to base_link
[gnss_poser-1] [WARN] [1732172803.268104641] [gnss_poser]: "gnss_link" passed to lookupTransform argument target_frame does not exist. 
[gnss_poser-1] [WARN] [1732172803.268147618] [gnss_poser]: Please publish TF gnss_link to base_link
[gnss_poser-1] [WARN] [1732172804.280748870] [gnss_poser]: "gnss_link" passed to lookupTransform argument target_frame does not exist. 
[gnss_poser-1] [WARN] [1732172804.280787969] [gnss_poser]: Please publish TF gnss_link to base_link
[gnss_poser-1] [WARN] [1732172805.302345750] [gnss_poser]: "gnss_link" passed to lookupTransform argument target_frame does not exist. 
[gnss_poser-1] [WARN] [1732172805.302399076] [gnss_poser]: Please publish TF gnss_link to base_link
[gnss_poser-1] [WARN] [1732172806.315792127] [gnss_poser]: "gnss_link" passed to lookupTransform argument target_frame does not exist. 
[gnss_poser-1] [WARN] [1732172806.315832299] [gnss_poser]: Please publish TF gnss_link to base_link
[gnss_poser-1] [WARN] [1732172807.340136471] [gnss_poser]: "gnss_link" passed to lookupTransform argument target_frame does not exist. 
[gnss_poser-1] [WARN] [1732172807.340173474] [gnss_poser]: Please publish TF gnss_link to base_link
[gnss_poser-1] [WARN] [1732172808.368297536] [gnss_poser]: "gnss_link" passed to lookupTransform argument target_frame does not exist. 
[gnss_poser-1] [WARN] [1732172808.368334394] [gnss_poser]: Please publish TF gnss_link to base_link
[gnss_poser-1] [WARN] [1732172809.386858412] [gnss_poser]: "gnss_link" passed to lookupTransform argument target_frame does not exist. 
[gnss_poser-1] [WARN] [1732172809.386898140] [gnss_poser]: Please publish TF gnss_link to base_link
[gnss_poser-1] [WARN] [1732172810.401472868] [gnss_poser]: "gnss_link" passed to lookupTransform argument target_frame does not exist. 
[gnss_poser-1] [WARN] [1732172810.401511664] [gnss_poser]: Please publish TF gnss_link to base_link
[gnss_poser-1] [WARN] [1732172811.457610919] [gnss_poser]: "gnss_link" passed to lookupTransform argument target_frame does not exist. 
[gnss_poser-1] [WARN] [1732172811.457656239] [gnss_poser]: Please publish TF gnss_link to base_link
[gnss_poser-1] [WARN] [1732172812.463301507] [gnss_poser]: "gnss_link" passed to lookupTransform argument target_frame does not exist. 
[gnss_poser-1] [WARN] [1732172812.463340450] [gnss_poser]: Please publish TF gnss_link to base_link
[gnss_poser-1] [WARN] [1732172813.472344732] [gnss_poser]: "gnss_link" passed to lookupTransform argument target_frame does not exist. 
[gnss_poser-1] [WARN] [1732172813.472381684] [gnss_poser]: Please publish TF gnss_link to base_link
[gnss_poser-1] [WARN] [1732172814.485930983] [gnss_poser]: "gnss_link" passed to lookupTransform argument target_frame does not exist. 
[gnss_poser-1] [WARN] [1732172814.485981870] [gnss_poser]: Please publish TF gnss_link to base_link
[gnss_poser-1] [WARN] [1732172815.500957889] [gnss_poser]: "gnss_link" passed to lookupTransform argument target_frame does not exist. 
[gnss_poser-1] [WARN] [1732172815.500993222] [gnss_poser]: Please publish TF gnss_link to base_link
[gnss_poser-1] [WARN] [1732172816.508397874] [gnss_poser]: "gnss_link" passed to lookupTransform argument target_frame does not exist. 
[gnss_poser-1] [WARN] [1732172816.508429714] [gnss_poser]: Please publish TF gnss_link to base_link
[gnss_poser-1] [WARN] [1732172817.523792759] [gnss_poser]: "gnss_link" passed to lookupTransform argument target_frame does not exist. 
[gnss_poser-1] [WARN] [1732172817.523829958] [gnss_poser]: Please publish TF gnss_link to base_link
[gnss_poser-1] [WARN] [1732172818.543026349] [gnss_poser]: "gnss_link" passed to lookupTransform argument target_frame does not exist. 
[gnss_poser-1] [WARN] [1732172818.543067350] [gnss_poser]: Please publish TF gnss_link to base_link
[gnss_poser-1] [WARN] [1732172819.564035835] [gnss_poser]: "gnss_link" passed to lookupTransform argument target_frame does not exist. 
[gnss_poser-1] [WARN] [1732172819.564074813] [gnss_poser]: Please publish TF gnss_link to base_link
[gnss_poser-1] [WARN] [1732172820.582998624] [gnss_poser]: "gnss_link" passed to lookupTransform argument target_frame does not exist. 
[gnss_poser-1] [WARN] [1732172820.583055395] [gnss_poser]: Please publish TF gnss_link to base_link
[gnss_poser-1] [WARN] [1732172821.617783964] [gnss_poser]: "gnss_link" passed to lookupTransform argument target_frame does not exist. 
[gnss_poser-1] [WARN] [1732172821.617827772] [gnss_poser]: Please publish TF gnss_link to base_link
