2025-03-13 19:32:58,523 - auto_tracker_data_process_pysurvive - INFO - Initializing pysurvive tracking system...
2025-03-13 19:33:03,533 - auto_tracker_data_process_pysurvive - INFO - pysurvive initialized successfully!
2025-03-13 19:33:03,534 - auto_tracker_data_process_pysurvive - INFO - Successfully opened serial port: /dev/ttyUSB0
2025-03-13 19:33:03,535 - auto_tracker_data_process_pysurvive - INFO - Created new Euler data file: tracker_data_process_2025-March-13-Thu-19-32-58/data/euler.csv
2025-03-13 19:34:47,503 - auto_tracker_data_process_pysurvive - INFO - 
[System] Starting continuous data recording (laser_tracker.csv)...
2025-03-13 19:34:47,508 - auto_tracker_data_process_pysurvive - INFO - Sent A69 data request command: 0x2
2025-03-13 19:34:47,608 - auto_tracker_data_process_pysurvive - ERROR - Invalid data packet: []
2025-03-13 19:34:47,609 - auto_tracker_data_process_pysurvive - WARNING - [Warning] No valid data received, resending request...
2025-03-13 19:34:47,629 - auto_tracker_data_process_pysurvive - INFO - Sent A69 data request command: 0x2
2025-03-13 19:34:47,730 - auto_tracker_data_process_pysurvive - ERROR - Invalid data packet: []
2025-03-13 19:34:47,730 - auto_tracker_data_process_pysurvive - WARNING - [Warning] No valid data received, resending request...
2025-03-13 19:34:47,750 - auto_tracker_data_process_pysurvive - INFO - Sent A69 data request command: 0x2
2025-03-13 19:34:47,851 - auto_tracker_data_process_pysurvive - ERROR - Invalid data packet: []
2025-03-13 19:34:47,851 - auto_tracker_data_process_pysurvive - WARNING - [Warning] No valid data received, resending request...
2025-03-13 19:34:47,871 - auto_tracker_data_process_pysurvive - INFO - Sent A69 data request command: 0x2
2025-03-13 19:34:47,971 - auto_tracker_data_process_pysurvive - ERROR - Invalid data packet: []
2025-03-13 19:34:47,972 - auto_tracker_data_process_pysurvive - WARNING - [Warning] No valid data received, resending request...
2025-03-13 19:34:47,992 - auto_tracker_data_process_pysurvive - INFO - Sent A69 data request command: 0x2
2025-03-13 19:34:48,092 - auto_tracker_data_process_pysurvive - ERROR - Invalid data packet: []
2025-03-13 19:34:48,093 - auto_tracker_data_process_pysurvive - WARNING - [Warning] No valid data received, resending request...
2025-03-13 19:34:48,113 - auto_tracker_data_process_pysurvive - INFO - Sent A69 data request command: 0x2
2025-03-13 19:34:48,214 - auto_tracker_data_process_pysurvive - ERROR - Invalid data packet: []
2025-03-13 19:34:48,214 - auto_tracker_data_process_pysurvive - WARNING - [Warning] No valid data received, resending request...
2025-03-13 19:34:48,238 - auto_tracker_data_process_pysurvive - INFO - Sent A69 data request command: 0x2
2025-03-13 19:34:48,338 - auto_tracker_data_process_pysurvive - ERROR - Invalid data packet: []
2025-03-13 19:34:48,338 - auto_tracker_data_process_pysurvive - WARNING - [Warning] No valid data received, resending request...
2025-03-13 19:34:48,359 - auto_tracker_data_process_pysurvive - INFO - Sent A69 data request command: 0x2
2025-03-13 19:34:48,459 - auto_tracker_data_process_pysurvive - ERROR - Invalid data packet: []
2025-03-13 19:34:48,459 - auto_tracker_data_process_pysurvive - WARNING - [Warning] No valid data received, resending request...
2025-03-13 19:34:48,480 - auto_tracker_data_process_pysurvive - INFO - Sent A69 data request command: 0x2
2025-03-13 19:34:48,580 - auto_tracker_data_process_pysurvive - ERROR - Invalid data packet: []
2025-03-13 19:34:48,580 - auto_tracker_data_process_pysurvive - WARNING - [Warning] No valid data received, resending request...
2025-03-13 19:34:48,601 - auto_tracker_data_process_pysurvive - INFO - Sent A69 data request command: 0x2
2025-03-13 19:34:48,701 - auto_tracker_data_process_pysurvive - ERROR - Invalid data packet: []
2025-03-13 19:34:48,702 - auto_tracker_data_process_pysurvive - WARNING - [Warning] No valid data received, resending request...
2025-03-13 19:34:48,722 - auto_tracker_data_process_pysurvive - INFO - Sent A69 data request command: 0x2
2025-03-13 19:34:48,823 - auto_tracker_data_process_pysurvive - ERROR - Invalid data packet: []
2025-03-13 19:34:48,823 - auto_tracker_data_process_pysurvive - WARNING - [Warning] No valid data received, resending request...
2025-03-13 19:34:48,844 - auto_tracker_data_process_pysurvive - INFO - Sent A69 data request command: 0x2
2025-03-13 19:34:48,944 - auto_tracker_data_process_pysurvive - ERROR - Invalid data packet: []
2025-03-13 19:34:48,944 - auto_tracker_data_process_pysurvive - WARNING - [Warning] No valid data received, resending request...
2025-03-13 19:34:48,965 - auto_tracker_data_process_pysurvive - INFO - Sent A69 data request command: 0x2
2025-03-13 19:34:49,065 - auto_tracker_data_process_pysurvive - ERROR - Invalid data packet: []
2025-03-13 19:34:49,066 - auto_tracker_data_process_pysurvive - WARNING - [Warning] No valid data received, resending request...
2025-03-13 19:34:49,086 - auto_tracker_data_process_pysurvive - INFO - Sent A69 data request command: 0x2
2025-03-13 19:34:49,186 - auto_tracker_data_process_pysurvive - ERROR - Invalid data packet: []
2025-03-13 19:34:49,187 - auto_tracker_data_process_pysurvive - WARNING - [Warning] No valid data received, resending request...
2025-03-13 19:34:49,207 - auto_tracker_data_process_pysurvive - INFO - Sent A69 data request command: 0x2
2025-03-13 19:34:49,308 - auto_tracker_data_process_pysurvive - ERROR - Invalid data packet: []
2025-03-13 19:34:49,308 - auto_tracker_data_process_pysurvive - WARNING - [Warning] No valid data received, resending request...
2025-03-13 19:34:49,328 - auto_tracker_data_process_pysurvive - INFO - Sent A69 data request command: 0x2
2025-03-13 19:34:49,428 - auto_tracker_data_process_pysurvive - ERROR - Invalid data packet: []
2025-03-13 19:34:49,428 - auto_tracker_data_process_pysurvive - WARNING - [Warning] No valid data received, resending request...
2025-03-13 19:34:49,449 - auto_tracker_data_process_pysurvive - INFO - Sent A69 data request command: 0x2
2025-03-13 19:34:49,549 - auto_tracker_data_process_pysurvive - ERROR - Invalid data packet: []
2025-03-13 19:34:49,550 - auto_tracker_data_process_pysurvive - WARNING - [Warning] No valid data received, resending request...
2025-03-13 19:34:49,570 - auto_tracker_data_process_pysurvive - INFO - Sent A69 data request command: 0x2
2025-03-13 19:34:49,671 - auto_tracker_data_process_pysurvive - ERROR - Invalid data packet: []
2025-03-13 19:34:49,671 - auto_tracker_data_process_pysurvive - WARNING - [Warning] No valid data received, resending request...
2025-03-13 19:34:49,691 - auto_tracker_data_process_pysurvive - INFO - Sent A69 data request command: 0x2
2025-03-13 19:34:49,792 - auto_tracker_data_process_pysurvive - ERROR - Invalid data packet: []
2025-03-13 19:34:49,792 - auto_tracker_data_process_pysurvive - WARNING - [Warning] No valid data received, resending request...
2025-03-13 19:34:49,812 - auto_tracker_data_process_pysurvive - INFO - Sent A69 data request command: 0x2
2025-03-13 19:34:49,913 - auto_tracker_data_process_pysurvive - ERROR - Invalid data packet: []
2025-03-13 19:34:49,913 - auto_tracker_data_process_pysurvive - WARNING - [Warning] No valid data received, resending request...
2025-03-13 19:34:49,933 - auto_tracker_data_process_pysurvive - INFO - Sent A69 data request command: 0x2
