--------------------------------------
carla gnss record start
--------------------------------------
[INFO] [launch]: All log files can be found below /home/cityu-fsm-lab-carla/.ros/log/2025-03-07-17-37-15-145008-cityufsmlabcarla-Precision-3660-33052
[INFO] [launch]: Default logging verbosity is set to INFO
[INFO] [gnss_poser-1]: process started with pid [33054]
[gnss_poser-1] [WARN] [1741340235.302169890] [gnss_poser]: "gnss_link" passed to lookupTransform argument target_frame does not exist. 
[gnss_poser-1] [WARN] [1741340235.302259260] [gnss_poser]: Please publish TF gnss_link to base_link
[gnss_poser-1] [WARN] [1741340236.314512854] [gnss_poser]: "gnss_link" passed to lookupTransform argument target_frame does not exist. 
[gnss_poser-1] [WARN] [1741340236.314565885] [gnss_poser]: Please publish TF gnss_link to base_link
[gnss_poser-1] [WARN] [1741340237.338041828] [gnss_poser]: "gnss_link" passed to lookupTransform argument target_frame does not exist. 
[gnss_poser-1] [WARN] [1741340237.338084441] [gnss_poser]: Please publish TF gnss_link to base_link
[gnss_poser-1] [WARN] [1741340238.362487108] [gnss_poser]: "gnss_link" passed to lookupTransform argument target_frame does not exist. 
[gnss_poser-1] [WARN] [1741340238.362556848] [gnss_poser]: Please publish TF gnss_link to base_link
[gnss_poser-1] [WARN] [1741340239.388906494] [gnss_poser]: "gnss_link" passed to lookupTransform argument target_frame does not exist. 
[gnss_poser-1] [WARN] [1741340239.388953652] [gnss_poser]: Please publish TF gnss_link to base_link
[gnss_poser-1] [WARN] [1741340240.400081933] [gnss_poser]: "gnss_link" passed to lookupTransform argument target_frame does not exist. 
[gnss_poser-1] [WARN] [1741340240.400184748] [gnss_poser]: Please publish TF gnss_link to base_link
[gnss_poser-1] [WARN] [1741340241.419154955] [gnss_poser]: "gnss_link" passed to lookupTransform argument target_frame does not exist. 
[gnss_poser-1] [WARN] [1741340241.419215721] [gnss_poser]: Please publish TF gnss_link to base_link
[gnss_poser-1] [WARN] [1741340242.440837353] [gnss_poser]: "gnss_link" passed to lookupTransform argument target_frame does not exist. 
[gnss_poser-1] [WARN] [1741340242.440877120] [gnss_poser]: Please publish TF gnss_link to base_link
[gnss_poser-1] [WARN] [1741340243.504536544] [gnss_poser]: "gnss_link" passed to lookupTransform argument target_frame does not exist. 
[gnss_poser-1] [WARN] [1741340243.504641152] [gnss_poser]: Please publish TF gnss_link to base_link
[gnss_poser-1] [WARN] [1741340244.533206942] [gnss_poser]: "gnss_link" passed to lookupTransform argument target_frame does not exist. 
[gnss_poser-1] [WARN] [1741340244.533242820] [gnss_poser]: Please publish TF gnss_link to base_link
[gnss_poser-1] [WARN] [1741340245.559858180] [gnss_poser]: "gnss_link" passed to lookupTransform argument target_frame does not exist. 
[gnss_poser-1] [WARN] [1741340245.559910297] [gnss_poser]: Please publish TF gnss_link to base_link
[gnss_poser-1] [WARN] [1741340246.581877829] [gnss_poser]: "gnss_link" passed to lookupTransform argument target_frame does not exist. 
[gnss_poser-1] [WARN] [1741340246.581922589] [gnss_poser]: Please publish TF gnss_link to base_link
[gnss_poser-1] [WARN] [1741340247.607204724] [gnss_poser]: "gnss_link" passed to lookupTransform argument target_frame does not exist. 
[gnss_poser-1] [WARN] [1741340247.607235365] [gnss_poser]: Please publish TF gnss_link to base_link
[gnss_poser-1] [WARN] [1741340248.628493480] [gnss_poser]: "gnss_link" passed to lookupTransform argument target_frame does not exist. 
[gnss_poser-1] [WARN] [1741340248.628556366] [gnss_poser]: Please publish TF gnss_link to base_link
[gnss_poser-1] [WARN] [1741340249.649027698] [gnss_poser]: "gnss_link" passed to lookupTransform argument target_frame does not exist. 
[gnss_poser-1] [WARN] [1741340249.649091889] [gnss_poser]: Please publish TF gnss_link to base_link
[gnss_poser-1] [WARN] [1741340250.669545504] [gnss_poser]: "gnss_link" passed to lookupTransform argument target_frame does not exist. 
[gnss_poser-1] [WARN] [1741340250.669591876] [gnss_poser]: Please publish TF gnss_link to base_link
[gnss_poser-1] [WARN] [1741340251.689778266] [gnss_poser]: "gnss_link" passed to lookupTransform argument target_frame does not exist. 
[gnss_poser-1] [WARN] [1741340251.689815100] [gnss_poser]: Please publish TF gnss_link to base_link
[gnss_poser-1] [WARN] [1741340252.712806736] [gnss_poser]: "gnss_link" passed to lookupTransform argument target_frame does not exist. 
[gnss_poser-1] [WARN] [1741340252.712849247] [gnss_poser]: Please publish TF gnss_link to base_link
[gnss_poser-1] [WARN] [1741340253.730681655] [gnss_poser]: "gnss_link" passed to lookupTransform argument target_frame does not exist. 
[gnss_poser-1] [WARN] [1741340253.730724874] [gnss_poser]: Please publish TF gnss_link to base_link
