Component: ARM Compiler 5.06 update 4 (build 422) Tool: armlink [4d35d2]

==============================================================================

Section Cross References

    main.o(i.Start_Task) refers to ax_servo.o(i.AX_SERVO_S1_SetAngle) for AX_SERVO_S1_SetAngle
    main.o(i.Start_Task) refers to ax_servo.o(i.AX_SERVO_S2_SetAngle) for AX_SERVO_S2_SetAngle
    main.o(i.Start_Task) refers to ax_servo.o(i.AX_SERVO_S3_SetAngle) for AX_SERVO_S3_SetAngle
    main.o(i.Start_Task) refers to stm32f10x_gpio.o(i.GPIO_ResetBits) for GPIO_ResetBits
    main.o(i.Start_Task) refers to ax_delay.o(i.AX_Delayms) for AX_Delayms
    main.o(i.Start_Task) refers to stm32f10x_gpio.o(i.GPIO_SetBits) for GPIO_SetBits
    main.o(i.Start_Task) refers to ax_mpu6050.o(i.AX_MPU6050_GetGyroData) for AX_MPU6050_GetGyroData
    main.o(i.Start_Task) refers to ax_oled.o(i.AX_OLED_ClearScreen) for AX_OLED_ClearScreen
    main.o(i.Start_Task) refers to ax_oled.o(i.AX_OLED_DispStr) for AX_OLED_DispStr
    main.o(i.Start_Task) refers to port.o(i.vPortEnterCritical) for vPortEnterCritical
    main.o(i.Start_Task) refers to tasks.o(i.xTaskCreate) for xTaskCreate
    main.o(i.Start_Task) refers to tasks.o(i.vTaskDelete) for vTaskDelete
    main.o(i.Start_Task) refers to port.o(i.vPortExitCritical) for vPortExitCritical
    main.o(i.Start_Task) refers to ax_robot.o(.data) for ax_imu_gyro_offset
    main.o(i.Start_Task) refers to main.o(.data) for Robot_Task_Handle
    main.o(i.Start_Task) refers to ax_robot.o(i.Robot_Task) for Robot_Task
    main.o(i.Start_Task) refers to ax_robot.o(i.Key_Task) for Key_Task
    main.o(i.Start_Task) refers to ax_robot.o(i.Disp_Task) for Disp_Task
    main.o(i.Start_Task) refers to ax_robot.o(i.Trivia_Task) for Trivia_Task
    main.o(i.Start_Task) refers to ax_robot.o(i.Ps2_Task) for Ps2_Task
    main.o(i.Start_Task) refers to ax_robot.o(i.Nrf_Task) for Nrf_Task
    main.o(i.main) refers to misc.o(i.NVIC_PriorityGroupConfig) for NVIC_PriorityGroupConfig
    main.o(i.main) refers to ax_servo.o(i.AX_SERVO_S1234_Init) for AX_SERVO_S1234_Init
    main.o(i.main) refers to ax_motor.o(i.AX_MOTOR_Init) for AX_MOTOR_Init
    main.o(i.main) refers to ax_delay.o(i.AX_DELAY_Init) for AX_DELAY_Init
    main.o(i.main) refers to ax_sys.o(i.AX_JTAG_Set) for AX_JTAG_Set
    main.o(i.main) refers to ax_led.o(i.AX_LED_Init) for AX_LED_Init
    main.o(i.main) refers to ax_key.o(i.AX_KEY_Init) for AX_KEY_Init
    main.o(i.main) refers to ax_vin.o(i.AX_VIN_Init) for AX_VIN_Init
    main.o(i.main) refers to ax_beep.o(i.AX_BEEP_Init) for AX_BEEP_Init
    main.o(i.main) refers to ax_uart1.o(i.AX_UART1_Init) for AX_UART1_Init
    main.o(i.main) refers to ax_uart2.o(i.AX_UART2_Init) for AX_UART2_Init
    main.o(i.main) refers to ax_sbus.o(i.AX_SBUS_Init) for AX_SBUS_Init
    main.o(i.main) refers to ax_ps2.o(i.AX_PS2_Init) for AX_PS2_Init
    main.o(i.main) refers to ax_encoder.o(i.AX_ENCODER_A_Init) for AX_ENCODER_A_Init
    main.o(i.main) refers to ax_encoder.o(i.AX_ENCODER_B_Init) for AX_ENCODER_B_Init
    main.o(i.main) refers to ax_oled.o(i.AX_OLED_Init) for AX_OLED_Init
    main.o(i.main) refers to ax_oled.o(i.AX_OLED_DispPicture) for AX_OLED_DispPicture
    main.o(i.main) refers to 24l01.o(i.NRF24L01_Init) for NRF24L01_Init
    main.o(i.main) refers to ax_delay.o(i.AX_Delayms) for AX_Delayms
    main.o(i.main) refers to ax_mpu6050.o(i.AX_MPU6050_Init) for AX_MPU6050_Init
    main.o(i.main) refers to ax_mpu6050.o(i.AX_MPU6050_SetAccRange) for AX_MPU6050_SetAccRange
    main.o(i.main) refers to ax_mpu6050.o(i.AX_MPU6050_SetGyroRange) for AX_MPU6050_SetGyroRange
    main.o(i.main) refers to ax_mpu6050.o(i.AX_MPU6050_SetGyroSmplRate) for AX_MPU6050_SetGyroSmplRate
    main.o(i.main) refers to ax_mpu6050.o(i.AX_MPU6050_SetDLPF) for AX_MPU6050_SetDLPF
    main.o(i.main) refers to stm32f10x_gpio.o(i.GPIO_SetBits) for GPIO_SetBits
    main.o(i.main) refers to stm32f10x_gpio.o(i.GPIO_ResetBits) for GPIO_ResetBits
    main.o(i.main) refers to tasks.o(i.xTaskCreate) for xTaskCreate
    main.o(i.main) refers to tasks.o(i.vTaskStartScheduler) for vTaskStartScheduler
    main.o(i.main) refers to main.o(.constdata) for PIC64X128_XTARK
    main.o(i.main) refers to main.o(.data) for StartTask_Handler
    main.o(i.main) refers to main.o(i.Start_Task) for Start_Task
    stm32f10x_it.o(i.SysTick_Handler) refers to tasks.o(i.xTaskGetSchedulerState) for xTaskGetSchedulerState
    stm32f10x_it.o(i.SysTick_Handler) refers to port.o(i.xPortSysTickHandler) for xPortSysTickHandler
    system_stm32f10x.o(i.SetSysClock) refers to system_stm32f10x.o(i.SetSysClockTo72) for SetSysClockTo72
    system_stm32f10x.o(i.SystemCoreClockUpdate) refers to system_stm32f10x.o(.data) for SystemCoreClock
    system_stm32f10x.o(i.SystemInit) refers to system_stm32f10x.o(i.SetSysClock) for SetSysClock
    ax_kinematics.o(i.AX_ROBOT_Kinematics) refers to ax_kinematics.o(i.ROBOT_AKM_Kinematics) for ROBOT_AKM_Kinematics
[...]
    .data                                    0x20000074   Section       24  ax_speed.o(.data)
    motor_pwm_out                            0x20000074   Data           2  ax_speed.o(.data)
    bias                                     0x20000078   Data           4  ax_speed.o(.data)
    bias_last                                0x2000007c   Data           4  ax_speed.o(.data)
    motor_pwm_out                            0x20000080   Data           2  ax_speed.o(.data)
    bias                                     0x20000084   Data           4  ax_speed.o(.data)
    bias_last                                0x20000088   Data           4  ax_speed.o(.data)
    .data                                    0x2000008c   Section       27  ax_control.o(.data)
    btn_select_flag                          0x2000008c   Data           1  ax_control.o(.data)
    btn_joyl_flag                            0x2000008d   Data           1  ax_control.o(.data)
    btn_joyr_flag                            0x2000008e   Data           1  ax_control.o(.data)
    btn_l1_flag                              0x2000008f   Data           1  ax_control.o(.data)
    btn_l2_flag                              0x20000090   Data           1  ax_control.o(.data)
    speed                                    0x20000091   Data           1  ax_control.o(.data)
    joint_spd                                0x20000092   Data           2  ax_control.o(.data)
    joint_spd                                0x20000094   Data           2  ax_control.o(.data)
    speed                                    0x20000098   Data           4  ax_control.o(.data)
    speed                                    0x2000009c   Data           1  ax_control.o(.data)
    based_angle_speed                        0x2000009d   Data           1  ax_control.o(.data)
    command_count                            0x2000009e   Data           2  ax_control.o(.data)
    last_display_time                        0x200000a0   Data           4  ax_control.o(.data)
    commands_per_second                      0x200000a4   Data           2  ax_control.o(.data)
    display_update_flag                      0x200000a6   Data           1  ax_control.o(.data)
    .data                                    0x200000a7   Section        1  ax_delay.o(.data)
    fac_us                                   0x200000a7   Data           1  ax_delay.o(.data)
    .data                                    0x200000a8   Section        2  ax_uart1.o(.data)
    uart1_rx_con                             0x200000a8   Data           1  ax_uart1.o(.data)
    uart1_rx_checksum                        0x200000a9   Data           1  ax_uart1.o(.data)
    .data                                    0x200000aa   Section        3  ax_uart2.o(.data)
    uart2_rx_ok                              0x200000aa   Data           1  ax_uart2.o(.data)
    uart2_rx_con                             0x200000ab   Data           1  ax_uart2.o(.data)
    uart2_rx_checksum                        0x200000ac   Data           1  ax_uart2.o(.data)
    .data                                    0x200000ad   Section        3  ax_uart4.o(.data)
    uart4_rx_ok                              0x200000ad   Data           1  ax_uart4.o(.data)
    uart4_rx_con                             0x200000ae   Data           1  ax_uart4.o(.data)
    uart4_rx_checksum                        0x200000af   Data           1  ax_uart4.o(.data)
    .data                                    0x200000b0   Section        3  ax_uart5.o(.data)
    uart5_flag_rx_ok                         0x200000b0   Data           1  ax_uart5.o(.data)
    uart5_rx_con                             0x200000b1   Data           1  ax_uart5.o(.data)
    uart5_rx_checksum                        0x200000b2   Data           1  ax_uart5.o(.data)
    .data                                    0x200000b4   Section        6  ax_sbus.o(.data)
    uart_sbus_rx_ok                          0x200000b4   Data           1  ax_sbus.o(.data)
    uart_sbus_rx_con                         0x200000b5   Data           1  ax_sbus.o(.data)
    sbus_buf                                 0x200000b6   Data           4  ax_sbus.o(.data)
    .data                                    0x200000bc   Section       60  tasks.o(.data)
    pxDelayedTaskList                        0x200000c0   Data           4  tasks.o(.data)
    pxOverflowDelayedTaskList                0x200000c4   Data           4  tasks.o(.data)
    uxDeletedTasksWaitingCleanUp             0x200000c8   Data           4  tasks.o(.data)
    uxCurrentNumberOfTasks                   0x200000cc   Data           4  tasks.o(.data)
    xTickCount                               0x200000d0   Data           4  tasks.o(.data)
    uxTopReadyPriority                       0x200000d4   Data           4  tasks.o(.data)
    xSchedulerRunning                        0x200000d8   Data           4  tasks.o(.data)
    uxPendedTicks                            0x200000dc   Data           4  tasks.o(.data)
    xYieldPending                            0x200000e0   Data           4  tasks.o(.data)
    xNumOfOverflows                          0x200000e4   Data           4  tasks.o(.data)
    uxTaskNumber                             0x200000e8   Data           4  tasks.o(.data)
    xNextTaskUnblockTime                     0x200000ec   Data           4  tasks.o(.data)
    xIdleTaskHandle                          0x200000f0   Data           4  tasks.o(.data)
    uxSchedulerSuspended                     0x200000f4   Data           4  tasks.o(.data)
    .data                                    0x200000f8   Section       20  timers.o(.data)
    pxCurrentTimerList                       0x200000f8   Data           4  timers.o(.data)
    pxOverflowTimerList                      0x200000fc   Data           4  timers.o(.data)
    xTimerQueue                              0x20000100   Data           4  timers.o(.data)
    xTimerTaskHandle                         0x20000104   Data           4  timers.o(.data)
    xLastTime                                0x20000108   Data           4  timers.o(.data)
    .data                                    0x2000010c   Section       24  heap_4.o(.data)
    xStart                                   0x2000010c   Data           8  heap_4.o(.data)
    pxEnd                                    0x20000114   Data           4  heap_4.o(.data)
    xFreeBytesRemaining                      0x20000118   Data           4  heap_4.o(.data)
    xMinimumEverFreeBytesRemaining           0x2000011c   Data           4  heap_4.o(.data)
    xBlockAllocatedBit                       0x20000120   Data           4  heap_4.o(.data)
    .data                                    0x20000124   Section       12  port.o(.data)
    uxCriticalNesting                        0x20000124   Data           4  port.o(.data)
    ucMaxSysCallPriority                     0x20000128   Data           1  port.o(.data)
    ulMaxPRIGROUPValue                       0x2000012c   Data           4  port.o(.data)
    .data                                    0x20000130   Section       20  stm32f10x_rcc.o(.data)
    APBAHBPrescTable                         0x20000130   Data          16  stm32f10x_rcc.o(.data)
    ADCPrescTable                            0x20000140   Data           4  stm32f10x_rcc.o(.data)
    .data                                    0x20000144   Section        4  stdout.o(.data)
    .data                                    0x20000148   Section        4  errno.o(.data)
    _errno                                   0x20000148   Data           4  errno.o(.data)
    .bss                                     0x20000150   Section      104  ax_robot.o(.bss)
    comdata                                  0x200001a4   Data          20  ax_robot.o(.bss)
    .bss                                     0x200001b8   Section       32  ax_control.o(.bss)
    comdata                                  0x200001b8   Data          16  ax_control.o(.bss)
    sbusdata                                 0x200001c8   Data          16  ax_control.o(.bss)
    .bss                                     0x200001d8   Section       80  ax_uart1.o(.bss)
    uart1_rx_buf                             0x200001d8   Data          40  ax_uart1.o(.bss)
    uart1_tx_buf                             0x20000200   Data          40  ax_uart1.o(.bss)
    .bss                                     0x20000228   Section       80  ax_uart2.o(.bss)
    uart2_rx_buf                             0x20000228   Data          40  ax_uart2.o(.bss)
    uart2_tx_buf                             0x20000250   Data          40  ax_uart2.o(.bss)
    .bss                                     0x20000278   Section       80  ax_uart4.o(.bss)
    uart4_rx_buf                             0x20000278   Data          40  ax_uart4.o(.bss)
    uart4_tx_buf                             0x200002a0   Data          40  ax_uart4.o(.bss)
    .bss                                     0x200002c8   Section       80  ax_uart5.o(.bss)
    uart5_rx_buf                             0x200002c8   Data          40  ax_uart5.o(.bss)
    uart5_tx_buf                             0x200002f0   Data          40  ax_uart5.o(.bss)
    .bss                                     0x20000318   Section       40  ax_sbus.o(.bss)
    uart_sbus_rx_buf                         0x20000318   Data          40  ax_sbus.o(.bss)
    .bss                                     0x20000340   Section        9  ax_ps2.o(.bss)
    PS2_data                                 0x20000340   Data           9  ax_ps2.o(.bss)
    .bss                                     0x2000034c   Section       64  queue.o(.bss)
    .bss                                     0x2000038c   Section      740  tasks.o(.bss)
    pxReadyTasksLists                        0x2000038c   Data         640  tasks.o(.bss)
    xDelayedTaskList1                        0x2000060c   Data          20  tasks.o(.bss)
    xDelayedTaskList2                        0x20000620   Data          20  tasks.o(.bss)
    xPendingReadyList                        0x20000634   Data          20  tasks.o(.bss)
    xTasksWaitingTermination                 0x20000648   Data          20  tasks.o(.bss)
    xSuspendedTaskList                       0x2000065c   Data          20  tasks.o(.bss)
    .bss                                     0x20000670   Section       40  timers.o(.bss)
    xActiveTimerList1                        0x20000670   Data          20  timers.o(.bss)
    xActiveTimerList2                        0x20000684   Data          20  timers.o(.bss)
    .bss                                     0x20000698   Section    20480  heap_4.o(.bss)
    ucHeap                                   0x20000698   Data       20480  heap_4.o(.bss)
    STACK                                    0x20005698   Section     1024  startup_stm32f10x_hd.o(STACK)

    Global Symbols

    Symbol Name                              Value     Ov Type        Size  Object(Section)

    BuildAttributes$$THM_ISAv4$P$D$K$B$S$PE$A:L22UL41UL21$X:L11$S22US41US21$IEEE1$IW$USESV6$~STKCKD$USESV7$~SHL$OTIME$ROPI$IEEEX$EBA8$MICROLIB$REQ8$PRES8$EABIv2 0x00000000   Number         0  anon$$obj.o ABSOLUTE
    __ARM_use_no_argv                        0x00000000   Number         0  main.o ABSOLUTE
    _printf_a                                0x00000000   Number         0  stubs.o ABSOLUTE
    _printf_c                                0x00000000   Number         0  stubs.o ABSOLUTE
    _printf_charcount                        0x00000000   Number         0  stubs.o ABSOLUTE
    _printf_d                                0x00000000   Number         0  stubs.o ABSOLUTE
    _printf_e                                0x00000000   Number         0  stubs.o ABSOLUTE
    _printf_f                                0x00000000   Number         0  stubs.o ABSOLUTE
    _printf_flags                            0x00000000   Number         0  stubs.o ABSOLUTE
    _printf_fp_dec                           0x00000000   Number         0  stubs.o ABSOLUTE
    _printf_fp_hex                           0x00000000   Number         0  stubs.o ABSOLUTE
    _printf_g                                0x00000000   Number         0  stubs.o ABSOLUTE
    _printf_i                                0x00000000   Number         0  stubs.o ABSOLUTE
    _printf_int_dec                          0x00000000   Number         0  stubs.o ABSOLUTE
    _printf_l                                0x00000000   Number         0  stubs.o ABSOLUTE
    _printf_lc                               0x00000000   Number         0  stubs.o ABSOLUTE
    _printf_ll                               0x00000000   Number         0  stubs.o ABSOLUTE
    _printf_lld                              0x00000000   Number         0  stubs.o ABSOLUTE
    _printf_lli                              0x00000000   Number         0  stubs.o ABSOLUTE
    _printf_llo                              0x00000000   Number         0  stubs.o ABSOLUTE
    _printf_llu                              0x00000000   Number         0  stubs.o ABSOLUTE
    _printf_llx                              0x00000000   Number         0  stubs.o ABSOLUTE
    _printf_longlong_dec                     0x00000000   Number         0  stubs.o ABSOLUTE
    _printf_longlong_hex                     0x00000000   Number         0  stubs.o ABSOLUTE
    _printf_longlong_oct                     0x00000000   Number         0  stubs.o ABSOLUTE
    _printf_ls                               0x00000000   Number         0  stubs.o ABSOLUTE
    _printf_mbtowc                           0x00000000   Number         0  stubs.o ABSOLUTE
    _printf_n                                0x00000000   Number         0  stubs.o ABSOLUTE
    _printf_o                                0x00000000   Number         0  stubs.o ABSOLUTE
    _printf_p                                0x00000000   Number         0  stubs.o ABSOLUTE
    _printf_percent                          0x00000000   Number         0  stubs.o ABSOLUTE
    _printf_pre_padding                      0x00000000   Number         0  stubs.o ABSOLUTE
    _printf_return_value                     0x00000000   Number         0  stubs.o ABSOLUTE
    _printf_s                                0x00000000   Number         0  stubs.o ABSOLUTE
    _printf_sizespec                         0x00000000   Number         0  stubs.o ABSOLUTE
    _printf_str                              0x00000000   Number         0  stubs.o ABSOLUTE
    _printf_truncate_signed                  0x00000000   Number         0  stubs.o ABSOLUTE
    _printf_truncate_unsigned                0x00000000   Number         0  stubs.o ABSOLUTE
    _printf_u                                0x00000000   Number         0  stubs.o ABSOLUTE
    _printf_wc                               0x00000000   Number         0  stubs.o ABSOLUTE
    _printf_wctomb                           0x00000000   Number         0  stubs.o ABSOLUTE
    _printf_widthprec                        0x00000000   Number         0  stubs.o ABSOLUTE
    _printf_x                                0x00000000   Number         0  stubs.o ABSOLUTE
    __cpp_initialize__aeabi_                  - Undefined Weak Reference
    __cxa_finalize                            - Undefined Weak Reference
    _clock_init                               - Undefined Weak Reference
    _microlib_exit                            - Undefined Weak Reference
    __Vectors_Size                           0x00000130   Number         0  startup_stm32f10x_hd.o ABSOLUTE
    __Vectors                                0x08000000   Data           4  startup_stm32f10x_hd.o(RESET)
    __Vectors_End                            0x08000130   Data           0  startup_stm32f10x_hd.o(RESET)
    __main                                   0x08000131   Thumb Code     0  entry.o(.ARM.Collect$$$$00000000)
    _main_stk                                0x08000131   Thumb Code     0  entry2.o(.ARM.Collect$$$$00000001)
    _main_scatterload                        0x08000135   Thumb Code     0  entry5.o(.ARM.Collect$$$$00000004)
    __main_after_scatterload                 0x08000139   Thumb Code     0  entry5.o(.ARM.Collect$$$$00000004)
    _main_clock                              0x08000139   Thumb Code     0  entry7b.o(.ARM.Collect$$$$00000008)
    _main_cpp_init                           0x08000139   Thumb Code     0  entry8b.o(.ARM.Collect$$$$0000000A)
    _main_init                               0x08000139   Thumb Code     0  entry9a.o(.ARM.Collect$$$$0000000B)
    __rt_final_cpp                           0x08000141   Thumb Code     0  entry10a.o(.ARM.Collect$$$$0000000D)
    __rt_final_exit                          0x08000141   Thumb Code     0  entry11a.o(.ARM.Collect$$$$0000000F)
    SVC_Handler                              0x08000145   Thumb Code    32  port.o(.emb_text)
    __asm___6_port_c_39a90d8d__prvStartFirstTask 0x08000169   Thumb Code    28  port.o(.emb_text)
    PendSV_Handler                           0x08000189   Thumb Code    72  port.o(.emb_text)
    vPortGetIPSR                             0x080001d5   Thumb Code     6  port.o(.emb_text)
    Reset_Handler                            0x080001dd   Thumb Code     8  startup_stm32f10x_hd.o(.text)
    ADC1_2_IRQHandler                        0x080001f7   Thumb Code     0  startup_stm32f10x_hd.o(.text)
    ADC3_IRQHandler                          0x080001f7   Thumb Code     0  startup_stm32f10x_hd.o(.text)
    CAN1_RX1_IRQHandler                      0x080001f7   Thumb Code     0  startup_stm32f10x_hd.o(.text)
    CAN1_SCE_IRQHandler                      0x080001f7   Thumb Code     0  startup_stm32f10x_hd.o(.text)
    DMA1_Channel1_IRQHandler                 0x080001f7   Thumb Code     0  startup_stm32f10x_hd.o(.text)
    DMA1_Channel2_IRQHandler                 0x080001f7   Thumb Code     0  startup_stm32f10x_hd.o(.text)
    DMA1_Channel3_IRQHandler                 0x080001f7   Thumb Code     0  startup_stm32f10x_hd.o(.text)
    DMA1_Channel4_IRQHandler                 0x080001f7   Thumb Code     0  startup_stm32f10x_hd.o(.text)
    DMA1_Channel5_IRQHandler                 0x080001f7   Thumb Code     0  startup_stm32f10x_hd.o(.text)
    DMA1_Channel6_IRQHandler                 0x080001f7   Thumb Code     0  startup_stm32f10x_hd.o(.text)
    DMA1_Channel7_IRQHandler                 0x080001f7   Thumb Code     0  startup_stm32f10x_hd.o(.text)
    DMA2_Channel1_IRQHandler                 0x080001f7   Thumb Code     0  startup_stm32f10x_hd.o(.text)
    DMA2_Channel2_IRQHandler                 0x080001f7   Thumb Code     0  startup_stm32f10x_hd.o(.text)
    DMA2_Channel3_IRQHandler                 0x080001f7   Thumb Code     0  startup_stm32f10x_hd.o(.text)
    DMA2_Channel4_5_IRQHandler               0x080001f7   Thumb Code     0  startup_stm32f10x_hd.o(.text)
    EXTI0_IRQHandler                         0x080001f7   Thumb Code     0  startup_stm32f10x_hd.o(.text)
    EXTI15_10_IRQHandler                     0x080001f7   Thumb Code     0  startup_stm32f10x_hd.o(.text)
    EXTI1_IRQHandler                         0x080001f7   Thumb Code     0  startup_stm32f10x_hd.o(.text)
    EXTI2_IRQHandler                         0x080001f7   Thumb Code     0  startup_stm32f10x_hd.o(.text)
    EXTI3_IRQHandler                         0x080001f7   Thumb Code     0  startup_stm32f10x_hd.o(.text)
    EXTI4_IRQHandler                         0x080001f7   Thumb Code     0  startup_stm32f10x_hd.o(.text)
    EXTI9_5_IRQHandler                       0x080001f7   Thumb Code     0  startup_stm32f10x_hd.o(.text)
    FLASH_IRQHandler                         0x080001f7   Thumb Code     0  startup_stm32f10x_hd.o(.text)
    FSMC_IRQHandler                          0x080001f7   Thumb Code     0  startup_stm32f10x_hd.o(.text)
    I2C1_ER_IRQHandler                       0x080001f7   Thumb Code     0  startup_stm32f10x_hd.o(.text)
    I2C1_EV_IRQHandler                       0x080001f7   Thumb Code     0  startup_stm32f10x_hd.o(.text)
    I2C2_ER_IRQHandler                       0x080001f7   Thumb Code     0  startup_stm32f10x_hd.o(.text)
    I2C2_EV_IRQHandler                       0x080001f7   Thumb Code     0  startup_stm32f10x_hd.o(.text)
    PVD_IRQHandler                           0x080001f7   Thumb Code     0  startup_stm32f10x_hd.o(.text)
    RCC_IRQHandler                           0x080001f7   Thumb Code     0  startup_stm32f10x_hd.o(.text)
    RTCAlarm_IRQHandler                      0x080001f7   Thumb Code     0  startup_stm32f10x_hd.o(.text)
    RTC_IRQHandler                           0x080001f7   Thumb Code     0  startup_stm32f10x_hd.o(.text)
    SDIO_IRQHandler                          0x080001f7   Thumb Code     0  startup_stm32f10x_hd.o(.text)
    SPI1_IRQHandler                          0x080001f7   Thumb Code     0  startup_stm32f10x_hd.o(.text)
    SPI2_IRQHandler                          0x080001f7   Thumb Code     0  startup_stm32f10x_hd.o(.text)
    SPI3_IRQHandler                          0x080001f7   Thumb Code     0  startup_stm32f10x_hd.o(.text)
    TAMPER_IRQHandler                        0x080001f7   Thumb Code     0  startup_stm32f10x_hd.o(.text)
    TIM1_BRK_IRQHandler                      0x080001f7   Thumb Code     0  startup_stm32f10x_hd.o(.text)
    TIM1_CC_IRQHandler                       0x080001f7   Thumb Code     0  startup_stm32f10x_hd.o(.text)
    TIM1_TRG_COM_IRQHandler                  0x080001f7   Thumb Code     0  startup_stm32f10x_hd.o(.text)
    TIM1_UP_IRQHandler                       0x080001f7   Thumb Code     0  startup_stm32f10x_hd.o(.text)
    TIM2_IRQHandler                          0x080001f7   Thumb Code     0  startup_stm32f10x_hd.o(.text)
    TIM3_IRQHandler                          0x080001f7   Thumb Code     0  startup_stm32f10x_hd.o(.text)
    TIM4_IRQHandler                          0x080001f7   Thumb Code     0  startup_stm32f10x_hd.o(.text)
    TIM5_IRQHandler                          0x080001f7   Thumb Code     0  startup_stm32f10x_hd.o(.text)
    TIM6_IRQHandler                          0x080001f7   Thumb Code     0  startup_stm32f10x_hd.o(.text)
    TIM7_IRQHandler                          0x080001f7   Thumb Code     0  startup_stm32f10x_hd.o(.text)
    TIM8_BRK_IRQHandler                      0x080001f7   Thumb Code     0  startup_stm32f10x_hd.o(.text)
    TIM8_CC_IRQHandler                       0x080001f7   Thumb Code     0  startup_stm32f10x_hd.o(.text)
    TIM8_TRG_COM_IRQHandler                  0x080001f7   Thumb Code     0  startup_stm32f10x_hd.o(.text)
    TIM8_UP_IRQHandler                       0x080001f7   Thumb Code     0  startup_stm32f10x_hd.o(.text)
    USBWakeUp_IRQHandler                     0x080001f7   Thumb Code     0  startup_stm32f10x_hd.o(.text)
    USB_HP_CAN1_TX_IRQHandler                0x080001f7   Thumb Code     0  startup_stm32f10x_hd.o(.text)
    USB_LP_CAN1_RX0_IRQHandler               0x080001f7   Thumb Code     0  startup_stm32f10x_hd.o(.text)
    WWDG_IRQHandler                          0x080001f7   Thumb Code     0  startup_stm32f10x_hd.o(.text)
    __aeabi_memcpy                           0x08000201   Thumb Code    36  memcpya.o(.text)
    __aeabi_memcpy4                          0x08000201   Thumb Code     0  memcpya.o(.text)
    __aeabi_memcpy8                          0x08000201   Thumb Code     0  memcpya.o(.text)
    __aeabi_fadd                             0x08000225   Thumb Code   164  fadd.o(.text)
    __aeabi_fsub                             0x080002c9   Thumb Code     6  fadd.o(.text)
    __aeabi_frsub                            0x080002cf   Thumb Code     6  fadd.o(.text)
    __aeabi_fmul                             0x080002d5   Thumb Code   100  fmul.o(.text)
    __aeabi_fdiv                             0x08000339   Thumb Code   124  fdiv.o(.text)
    __aeabi_dadd                             0x080003b5   Thumb Code   322  dadd.o(.text)
    __aeabi_dsub                             0x080004f7   Thumb Code     6  dadd.o(.text)
    __aeabi_drsub                            0x080004fd   Thumb Code     6  dadd.o(.text)
    __aeabi_dmul                             0x08000503   Thumb Code   228  dmul.o(.text)
    __aeabi_ddiv                             0x080005e7   Thumb Code   222  ddiv.o(.text)
    __aeabi_i2f                              0x080006c5   Thumb Code    18  fflti.o(.text)
    __aeabi_i2d                              0x080006d7   Thumb Code    34  dflti.o(.text)
    __aeabi_ui2d                             0x080006f9   Thumb Code    26  dfltui.o(.text)
    __aeabi_f2iz                             0x08000713   Thumb Code    50  ffixi.o(.text)
    __aeabi_f2uiz                            0x08000745   Thumb Code    40  ffixui.o(.text)
    __aeabi_d2iz                             0x0800076d   Thumb Code    62  dfixi.o(.text)
    __aeabi_d2uiz                            0x080007ab   Thumb Code    50  dfixui.o(.text)
    __aeabi_f2d                              0x080007dd   Thumb Code    38  f2d.o(.text)
    __aeabi_d2f                              0x08000803   Thumb Code    56  d2f.o(.text)
    __aeabi_cfcmpeq                          0x0800083d   Thumb Code     0  cfcmple.o(.text)
    __aeabi_cfcmple                          0x0800083d   Thumb Code    20  cfcmple.o(.text)
    __aeabi_cfrcmple                         0x08000851   Thumb Code    20  cfrcmple.o(.text)
    __aeabi_uidiv                            0x08000865   Thumb Code     0  uidiv.o(.text)
    __aeabi_uidivmod                         0x08000865   Thumb Code    44  uidiv.o(.text)
    __aeabi_llsl                             0x08000891   Thumb Code    30  llshl.o(.text)
    _ll_shift_l                              0x08000891   Thumb Code     0  llshl.o(.text)
    __aeabi_llsr                             0x080008af   Thumb Code    32  llushr.o(.text)
    _ll_ushift_r                             0x080008af   Thumb Code     0  llushr.o(.text)
    __aeabi_lasr                             0x080008cf   Thumb Code    36  llsshr.o(.text)
    _ll_sshift_r                             0x080008cf   Thumb Code     0  llsshr.o(.text)
    __I$use$fp                               0x080008f3   Thumb Code     0  iusefp.o(.text)
    _float_round                             0x080008f3   Thumb Code    18  fepilogue.o(.text)
    _float_epilogue                          0x08000905   Thumb Code    92  fepilogue.o(.text)
    _double_round                            0x08000961   Thumb Code    30  depilogue.o(.text)
    _double_epilogue                         0x0800097f   Thumb Code   156  depilogue.o(.text)
    __ARM_scalbn                             0x08000a1b   Thumb Code    46  dscalb.o(.text)
    scalbn                                   0x08000a1b   Thumb Code     0  dscalb.o(.text)
    __scatterload                            0x08000a49   Thumb Code    28  init.o(.text)
    __scatterload_rt2                        0x08000a49   Thumb Code     0  init.o(.text)
    __decompress                             0x08000a6d   Thumb Code     0  __dczerorl2.o(.text)
    __decompress1                            0x08000a6d   Thumb Code    86  __dczerorl2.o(.text)
    ADC_Cmd                                  0x08000ac3   Thumb Code    22  stm32f10x_adc.o(i.ADC_Cmd)
    ADC_GetCalibrationStatus                 0x08000ad9   Thumb Code    20  stm32f10x_adc.o(i.ADC_GetCalibrationStatus)
    ADC_GetConversionValue                   0x08000aed   Thumb Code     8  stm32f10x_adc.o(i.ADC_GetConversionValue)
    ADC_GetFlagStatus                        0x08000af5   Thumb Code    18  stm32f10x_adc.o(i.ADC_GetFlagStatus)
    ADC_GetResetCalibrationStatus            0x08000b07   Thumb Code    20  stm32f10x_adc.o(i.ADC_GetResetCalibrationStatus)
    ADC_Init                                 0x08000b1d   Thumb Code    70  stm32f10x_adc.o(i.ADC_Init)
    ADC_RegularChannelConfig                 0x08000b6d   Thumb Code   184  stm32f10x_adc.o(i.ADC_RegularChannelConfig)
    ADC_ResetCalibration                     0x08000c25   Thumb Code    10  stm32f10x_adc.o(i.ADC_ResetCalibration)
    ADC_SoftwareStartConvCmd                 0x08000c2f   Thumb Code    22  stm32f10x_adc.o(i.ADC_SoftwareStartConvCmd)
    ADC_StartCalibration                     0x08000c45   Thumb Code    10  stm32f10x_adc.o(i.ADC_StartCalibration)
    AX_AKM_WToAngle                          0x08000c51   Thumb Code   144  ax_akm.o(i.AX_AKM_WToAngle)
    AX_BEEP_Init                             0x08000cf1   Thumb Code    50  ax_beep.o(i.AX_BEEP_Init)
    AX_CTL_App                               0x08000d29   Thumb Code   334  ax_control.o(i.AX_CTL_App)
    AX_CTL_Ps2                               0x08000e91   Thumb Code   480  ax_control.o(i.AX_CTL_Ps2)
    AX_CTL_RemoteSbus                        0x080010a5   Thumb Code   188  ax_control.o(i.AX_CTL_RemoteSbus)
    AX_DELAY_Init                            0x08001179   Thumb Code    68  ax_delay.o(i.AX_DELAY_Init)
    AX_Delayms                               0x080011c9   Thumb Code    18  ax_delay.o(i.AX_Delayms)
    AX_Delayus                               0x080011dd   Thumb Code    68  ax_delay.o(i.AX_Delayus)
    AX_ENCODER_A_GetCounter                  0x08001225   Thumb Code     8  ax_encoder.o(i.AX_ENCODER_A_GetCounter)
    AX_ENCODER_A_Init                        0x0800122d   Thumb Code   174  ax_encoder.o(i.AX_ENCODER_A_Init)
    AX_ENCODER_A_SetCounter                  0x080012e9   Thumb Code     8  ax_encoder.o(i.AX_ENCODER_A_SetCounter)
    AX_ENCODER_B_GetCounter                  0x080012f1   Thumb Code     6  ax_encoder.o(i.AX_ENCODER_B_GetCounter)
    AX_ENCODER_B_Init                        0x080012fd   Thumb Code   150  ax_encoder.o(i.AX_ENCODER_B_Init)
    AX_ENCODER_B_SetCounter                  0x080013a1   Thumb Code     6  ax_encoder.o(i.AX_ENCODER_B_SetCounter)
    AX_JTAG_Set                              0x080013ad   Thumb Code    38  ax_sys.o(i.AX_JTAG_Set)
    AX_KEY_Init                              0x080013dd   Thumb Code    32  ax_key.o(i.AX_KEY_Init)
    AX_KEY_Scan                              0x08001401   Thumb Code    14  ax_key.o(i.AX_KEY_Scan)
    AX_LED_Init                              0x08001415   Thumb Code    70  ax_led.o(i.AX_LED_Init)
    AX_MOTOR_A_SetSpeed                      0x08001465   Thumb Code    76  ax_motor.o(i.AX_MOTOR_A_SetSpeed)
    AX_MOTOR_B_SetSpeed                      0x080014b9   Thumb Code    76  ax_motor.o(i.AX_MOTOR_B_SetSpeed)
    AX_MOTOR_Init                            0x0800150d   Thumb Code   192  ax_motor.o(i.AX_MOTOR_Init)
    AX_MPU6050_GetAccData                    0x080015d5   Thumb Code    64  ax_mpu6050.o(i.AX_MPU6050_GetAccData)
    AX_MPU6050_GetGyroData                   0x08001615   Thumb Code    64  ax_mpu6050.o(i.AX_MPU6050_GetGyroData)
    AX_MPU6050_Init                          0x08001655   Thumb Code   122  ax_mpu6050.o(i.AX_MPU6050_Init)
    AX_MPU6050_SetAccRange                   0x080016e1   Thumb Code    16  ax_mpu6050.o(i.AX_MPU6050_SetAccRange)
    AX_MPU6050_SetDLPF                       0x080016f1   Thumb Code    14  ax_mpu6050.o(i.AX_MPU6050_SetDLPF)
    AX_MPU6050_SetGyroRange                  0x080016ff   Thumb Code    16  ax_mpu6050.o(i.AX_MPU6050_SetGyroRange)
    AX_MPU6050_SetGyroSmplRate               0x0800170f   Thumb Code    42  ax_mpu6050.o(i.AX_MPU6050_SetGyroSmplRate)
    AX_OLED_ClearLine                        0x08001739   Thumb Code    46  ax_oled.o(i.AX_OLED_ClearLine)
    AX_OLED_ClearScreen                      0x08001767   Thumb Code    56  ax_oled.o(i.AX_OLED_ClearScreen)
    AX_OLED_DispChar                         0x080017a1   Thumb Code   122  ax_oled.o(i.AX_OLED_DispChar)
    AX_OLED_DispNum                          0x08001821   Thumb Code    36  ax_oled.o(i.AX_OLED_DispNum)
    AX_OLED_DispPicture                      0x08001845   Thumb Code   148  ax_oled.o(i.AX_OLED_DispPicture)
    AX_OLED_DispStr                          0x080018d9   Thumb Code    64  ax_oled.o(i.AX_OLED_DispStr)
    AX_OLED_DispValue                        0x08001919   Thumb Code   484  ax_oled.o(i.AX_OLED_DispValue)
    AX_OLED_Init                             0x08001b11   Thumb Code   372  ax_oled.o(i.AX_OLED_Init)
    AX_PS2_Init                              0x08001c8d   Thumb Code   122  ax_ps2.o(i.AX_PS2_Init)
    AX_PS2_ScanKey                           0x08001d11   Thumb Code    88  ax_ps2.o(i.AX_PS2_ScanKey)
    AX_ROBOT_Kinematics                      0x08001d75   Thumb Code    24  ax_kinematics.o(i.AX_ROBOT_Kinematics)
    AX_SBUS_GetRxData                        0x08001d95   Thumb Code   194  ax_sbus.o(i.AX_SBUS_GetRxData)
    AX_SBUS_Init                             0x08001e61   Thumb Code   148  ax_sbus.o(i.AX_SBUS_Init)
    AX_SERVO_S1234_Init                      0x08001f01   Thumb Code   200  ax_servo.o(i.AX_SERVO_S1234_Init)
    AX_SERVO_S1_SetAngle                     0x08001fd1   Thumb Code    66  ax_servo.o(i.AX_SERVO_S1_SetAngle)
    AX_SERVO_S2_SetAngle                     0x08002025   Thumb Code    66  ax_servo.o(i.AX_SERVO_S2_SetAngle)
    AX_SERVO_S3_SetAngle                     0x08002079   Thumb Code    66  ax_servo.o(i.AX_SERVO_S3_SetAngle)
    AX_SPEED_PidCtlA                         0x080020cd   Thumb Code   174  ax_speed.o(i.AX_SPEED_PidCtlA)
    AX_SPEED_PidCtlB                         0x08002195   Thumb Code   174  ax_speed.o(i.AX_SPEED_PidCtlB)
    AX_UART1_Init                            0x0800225d   Thumb Code   158  ax_uart1.o(i.AX_UART1_Init)
    AX_UART2_GetData                         0x08002305   Thumb Code    52  ax_uart2.o(i.AX_UART2_GetData)
    AX_UART2_Init                            0x08002341   Thumb Code   154  ax_uart2.o(i.AX_UART2_Init)
    AX_VIN_GetVol_X100                       0x080023e5   Thumb Code    76  ax_vin.o(i.AX_VIN_GetVol_X100)
    AX_VIN_Init                              0x08002441   Thumb Code   144  ax_vin.o(i.AX_VIN_Init)
    BusFault_Handler                         0x080024d9   Thumb Code     4  stm32f10x_it.o(i.BusFault_Handler)
    DebugMon_Handler                         0x080024dd   Thumb Code     2  stm32f10x_it.o(i.DebugMon_Handler)
    Disp_Task                                0x080024e1   Thumb Code   334  ax_robot.o(i.Disp_Task)
    FSM_CTL_NRF                              0x0800266d   Thumb Code   164  ax_control.o(i.FSM_CTL_NRF)
    FSM_NRF_ScanKey                          0x0800273d   Thumb Code   296  24l01.o(i.FSM_NRF_ScanKey)
    GPIO_Init                                0x08002869   Thumb Code   278  stm32f10x_gpio.o(i.GPIO_Init)
    GPIO_PinRemapConfig                      0x08002981   Thumb Code   138  stm32f10x_gpio.o(i.GPIO_PinRemapConfig)
    GPIO_ReadInputDataBit                    0x08002a11   Thumb Code    18  stm32f10x_gpio.o(i.GPIO_ReadInputDataBit)
    GPIO_ResetBits                           0x08002a23   Thumb Code     4  stm32f10x_gpio.o(i.GPIO_ResetBits)
    GPIO_SetBits                             0x08002a27   Thumb Code     4  stm32f10x_gpio.o(i.GPIO_SetBits)
    GPIO_WriteBit                            0x08002a2b   Thumb Code    10  stm32f10x_gpio.o(i.GPIO_WriteBit)
    HardFault_Handler                        0x08002a35   Thumb Code     4  stm32f10x_it.o(i.HardFault_Handler)
    Key_Task                                 0x08002cbd   Thumb Code   120  ax_robot.o(i.Key_Task)
    MPU6050_I2C_Read                         0x08002d3d   Thumb Code   118  ax_mpu6050.o(i.MPU6050_I2C_Read)
    MPU6050_I2C_Write                        0x08002db3   Thumb Code    96  ax_mpu6050.o(i.MPU6050_I2C_Write)
    MemManage_Handler                        0x08002e3b   Thumb Code     4  stm32f10x_it.o(i.MemManage_Handler)
    NMI_Handler                              0x08002e3f   Thumb Code     2  stm32f10x_it.o(i.NMI_Handler)
    NRF24L01_Init                            0x08002e41   Thumb Code   164  24l01.o(i.NRF24L01_Init)
    NRF24L01_RX_Mode                         0x08002efd   Thumb Code    76  24l01.o(i.NRF24L01_RX_Mode)
    NRF24L01_Read_Buf                        0x08002f55   Thumb Code    56  24l01.o(i.NRF24L01_Read_Buf)
    NRF24L01_Read_Reg                        0x08002f91   Thumb Code    36  24l01.o(i.NRF24L01_Read_Reg)
    NRF24L01_RxPacket                        0x08002fbd   Thumb Code    58  24l01.o(i.NRF24L01_RxPacket)
    NRF24L01_Write_Buf                       0x08002ff9   Thumb Code    56  24l01.o(i.NRF24L01_Write_Buf)
    NRF24L01_Write_Reg                       0x08003035   Thumb Code    38  24l01.o(i.NRF24L01_Write_Reg)
    NVIC_Init                                0x08003065   Thumb Code   100  misc.o(i.NVIC_Init)
    NVIC_PriorityGroupConfig                 0x080030d5   Thumb Code    10  misc.o(i.NVIC_PriorityGroupConfig)
    Nrf_Task                                 0x080030e9   Thumb Code    56  ax_robot.o(i.Nrf_Task)
    Ps2_Task                                 0x080031f9   Thumb Code    60  ax_robot.o(i.Ps2_Task)
    RCC_ADCCLKConfig                         0x08003245   Thumb Code    18  stm32f10x_rcc.o(i.RCC_ADCCLKConfig)
    RCC_APB1PeriphClockCmd                   0x0800325d   Thumb Code    26  stm32f10x_rcc.o(i.RCC_APB1PeriphClockCmd)
    RCC_APB1PeriphResetCmd                   0x0800327d   Thumb Code    26  stm32f10x_rcc.o(i.RCC_APB1PeriphResetCmd)
    RCC_APB2PeriphClockCmd                   0x0800329d   Thumb Code    26  stm32f10x_rcc.o(i.RCC_APB2PeriphClockCmd)
    RCC_APB2PeriphResetCmd                   0x080032bd   Thumb Code    26  stm32f10x_rcc.o(i.RCC_APB2PeriphResetCmd)
    RCC_GetClocksFreq                        0x080032dd   Thumb Code   192  stm32f10x_rcc.o(i.RCC_GetClocksFreq)
    ROBOT_AKM_Kinematics                     0x080033b1   Thumb Code   864  ax_kinematics.o(i.ROBOT_AKM_Kinematics)
    ROBOT_IMUHandle                          0x08003771   Thumb Code   112  ax_robot.o(i.ROBOT_IMUHandle)
    Robot_Task                               0x080037f1   Thumb Code    90  ax_robot.o(i.Robot_Task)
    SPI2_Init                                0x0800388d   Thumb Code    72  spi.o(i.SPI2_Init)
    SPI2_ReadWriteByte                       0x080038dd   Thumb Code    78  spi.o(i.SPI2_ReadWriteByte)
    SPI2_SetSpeed                            0x08003931   Thumb Code    36  spi.o(i.SPI2_SetSpeed)
    SPI_Cmd                                  0x08003959   Thumb Code    24  stm32f10x_spi.o(i.SPI_Cmd)
    SPI_I2S_GetFlagStatus                    0x08003971   Thumb Code    18  stm32f10x_spi.o(i.SPI_I2S_GetFlagStatus)
    SPI_I2S_ReceiveData                      0x08003983   Thumb Code     6  stm32f10x_spi.o(i.SPI_I2S_ReceiveData)
    SPI_I2S_SendData                         0x08003989   Thumb Code     4  stm32f10x_spi.o(i.SPI_I2S_SendData)
    SPI_Init                                 0x0800398d   Thumb Code    60  stm32f10x_spi.o(i.SPI_Init)
    Start_Task                               0x08003ab1   Thumb Code   524  main.o(i.Start_Task)
    SysTick_CLKSourceConfig                  0x08003ddd   Thumb Code    40  misc.o(i.SysTick_CLKSourceConfig)
    SysTick_Handler                          0x08003e05   Thumb Code    16  stm32f10x_it.o(i.SysTick_Handler)
    SystemInit                               0x08003e15   Thumb Code    78  system_stm32f10x.o(i.SystemInit)
    TIM_ARRPreloadConfig                     0x080040b5   Thumb Code    24  stm32f10x_tim.o(i.TIM_ARRPreloadConfig)
    TIM_Cmd                                  0x080040cd   Thumb Code    24  stm32f10x_tim.o(i.TIM_Cmd)
    TIM_CtrlPWMOutputs                       0x080040e5   Thumb Code    30  stm32f10x_tim.o(i.TIM_CtrlPWMOutputs)
    TIM_DeInit                               0x08004105   Thumb Code   424  stm32f10x_tim.o(i.TIM_DeInit)
    TIM_EncoderInterfaceConfig               0x080042ed   Thumb Code    66  stm32f10x_tim.o(i.TIM_EncoderInterfaceConfig)
    TIM_ICInit                               0x08004331   Thumb Code   150  stm32f10x_tim.o(i.TIM_ICInit)
    TIM_ICStructInit                         0x080043dd   Thumb Code    18  stm32f10x_tim.o(i.TIM_ICStructInit)
    TIM_OC1Init                              0x080043f1   Thumb Code   132  stm32f10x_tim.o(i.TIM_OC1Init)
    TIM_OC1PreloadConfig                     0x08004489   Thumb Code    18  stm32f10x_tim.o(i.TIM_OC1PreloadConfig)
    TIM_OC2Init                              0x0800449d   Thumb Code   154  stm32f10x_tim.o(i.TIM_OC2Init)
    TIM_OC2PreloadConfig                     0x08004541   Thumb Code    26  stm32f10x_tim.o(i.TIM_OC2PreloadConfig)
    TIM_OC3Init                              0x0800455d   Thumb Code   150  stm32f10x_tim.o(i.TIM_OC3Init)
    TIM_OC3PreloadConfig                     0x080045fd   Thumb Code    18  stm32f10x_tim.o(i.TIM_OC3PreloadConfig)
    TIM_OC4Init                              0x08004611   Thumb Code   114  stm32f10x_tim.o(i.TIM_OC4Init)
    TIM_OC4PreloadConfig                     0x0800468d   Thumb Code    26  stm32f10x_tim.o(i.TIM_OC4PreloadConfig)
    TIM_SetCompare1                          0x080046a7   Thumb Code     4  stm32f10x_tim.o(i.TIM_SetCompare1)
    TIM_SetCompare2                          0x080046ab   Thumb Code     4  stm32f10x_tim.o(i.TIM_SetCompare2)
    TIM_SetCompare3                          0x080046af   Thumb Code     4  stm32f10x_tim.o(i.TIM_SetCompare3)
    TIM_SetCompare4                          0x080046b3   Thumb Code     6  stm32f10x_tim.o(i.TIM_SetCompare4)
    TIM_SetIC1Prescaler                      0x080046b9   Thumb Code    18  stm32f10x_tim.o(i.TIM_SetIC1Prescaler)
    TIM_SetIC2Prescaler                      0x080046cb   Thumb Code    26  stm32f10x_tim.o(i.TIM_SetIC2Prescaler)
    TIM_SetIC3Prescaler                      0x080046e5   Thumb Code    18  stm32f10x_tim.o(i.TIM_SetIC3Prescaler)
    TIM_SetIC4Prescaler                      0x080046f7   Thumb Code    26  stm32f10x_tim.o(i.TIM_SetIC4Prescaler)
    TIM_TimeBaseInit                         0x08004711   Thumb Code   122  stm32f10x_tim.o(i.TIM_TimeBaseInit)
    TIM_TimeBaseStructInit                   0x080047b5   Thumb Code    18  stm32f10x_tim.o(i.TIM_TimeBaseStructInit)
    Trivia_Task                              0x080047c9   Thumb Code   348  ax_robot.o(i.Trivia_Task)
    UART4_IRQHandler                         0x08004971   Thumb Code   310  ax_uart4.o(i.UART4_IRQHandler)
    UART5_IRQHandler                         0x08004ac9   Thumb Code   182  ax_uart5.o(i.UART5_IRQHandler)
    USART1_IRQHandler                        0x08004b95   Thumb Code   310  ax_uart1.o(i.USART1_IRQHandler)
    USART2_IRQHandler                        0x08004ced   Thumb Code   210  ax_uart2.o(i.USART2_IRQHandler)
    USART3_IRQHandler                        0x08004ddd   Thumb Code   200  ax_sbus.o(i.USART3_IRQHandler)
    USART_Cmd                                0x08004ec1   Thumb Code    24  stm32f10x_usart.o(i.USART_Cmd)
    USART_GetFlagStatus                      0x08004ed9   Thumb Code    26  stm32f10x_usart.o(i.USART_GetFlagStatus)
    USART_GetITStatus                        0x08004ef3   Thumb Code    84  stm32f10x_usart.o(i.USART_GetITStatus)
    USART_ITConfig                           0x08004f47   Thumb Code    74  stm32f10x_usart.o(i.USART_ITConfig)
    USART_Init                               0x08004f91   Thumb Code   210  stm32f10x_usart.o(i.USART_Init)
    USART_ReceiveData                        0x08005069   Thumb Code    10  stm32f10x_usart.o(i.USART_ReceiveData)
    USART_SendData                           0x08005073   Thumb Code     8  stm32f10x_usart.o(i.USART_SendData)
    UsageFault_Handler                       0x0800507b   Thumb Code     4  stm32f10x_it.o(i.UsageFault_Handler)
    __0printf$3                              0x08005081   Thumb Code    22  printf3.o(i.__0printf$3)
    __1printf$3                              0x08005081   Thumb Code     0  printf3.o(i.__0printf$3)
    __2printf                                0x08005081   Thumb Code     0  printf3.o(i.__0printf$3)
    __ARM_fpclassify                         0x080050a1   Thumb Code    40  fpclassify.o(i.__ARM_fpclassify)
    __ieee754_rem_pio2                       0x080050c9   Thumb Code   828  rred.o(i.__ieee754_rem_pio2)
    __kernel_poly                            0x08005451   Thumb Code   170  poly.o(i.__kernel_poly)
    __kernel_tan                             0x080054fd   Thumb Code   586  tan_i.o(i.__kernel_tan)
    __mathlib_dbl_infnan                     0x08005779   Thumb Code     6  dunder.o(i.__mathlib_dbl_infnan)
    __mathlib_dbl_invalid                    0x0800577f   Thumb Code    12  dunder.o(i.__mathlib_dbl_invalid)
    __mathlib_dbl_underflow                  0x0800578d   Thumb Code    10  dunder.o(i.__mathlib_dbl_underflow)
    __scatterload_copy                       0x0800579d   Thumb Code    14  handlers.o(i.__scatterload_copy)
    __scatterload_null                       0x080057ab   Thumb Code     2  handlers.o(i.__scatterload_null)
    __scatterload_zeroinit                   0x080057ad   Thumb Code    14  handlers.o(i.__scatterload_zeroinit)
    __set_errno                              0x080057bd   Thumb Code     6  errno.o(i.__set_errno)
    atan                                     0x08005981   Thumb Code   474  atan.o(i.atan)
    fputc                                    0x08005ba1   Thumb Code    32  ax_uart1.o(i.fputc)
    main                                     0x08005bc5   Thumb Code   204  main.o(i.main)
    pvPortMalloc                             0x0800679d   Thumb Code   262  heap_4.o(i.pvPortMalloc)
    pvTaskIncrementMutexHeldCount            0x080068ed   Thumb Code    26  tasks.o(i.pvTaskIncrementMutexHeldCount)
    pxPortInitialiseStack                    0x0800690d   Thumb Code    30  port.o(i.pxPortInitialiseStack)
    tan                                      0x08006931   Thumb Code    90  tan.o(i.tan)
    uxListRemove                             0x08006995   Thumb Code    40  list.o(i.uxListRemove)
    vListInitialise                          0x080069bd   Thumb Code    26  list.o(i.vListInitialise)
    vListInitialiseItem                      0x080069d7   Thumb Code     6  list.o(i.vListInitialiseItem)
    vListInsert                              0x080069dd   Thumb Code    52  list.o(i.vListInsert)
    vListInsertEnd                           0x08006a11   Thumb Code    24  list.o(i.vListInsertEnd)
    vPortEnterCritical                       0x08006a29   Thumb Code    68  port.o(i.vPortEnterCritical)
    vPortExitCritical                        0x08006aad   Thumb Code    48  port.o(i.vPortExitCritical)
    vPortFree                                0x08006b19   Thumb Code   120  heap_4.o(i.vPortFree)
    vPortSetupTimerInterrupt                 0x08006bcd   Thumb Code    26  port.o(i.vPortSetupTimerInterrupt)
    vPortValidateInterruptPriority           0x08006bed   Thumb Code    86  port.o(i.vPortValidateInterruptPriority)
    vQueueAddToRegistry                      0x08006c89   Thumb Code    38  queue.o(i.vQueueAddToRegistry)
    vQueueWaitForMessageRestricted           0x08006cb5   Thumb Code    74  queue.o(i.vQueueWaitForMessageRestricted)
    vTaskDelay                               0x08006d01   Thumb Code    72  tasks.o(i.vTaskDelay)
    vTaskDelayUntil                          0x08006d79   Thumb Code   170  tasks.o(i.vTaskDelayUntil)
    vTaskDelete                              0x08006e59   Thumb Code   192  tasks.o(i.vTaskDelete)
    vTaskMissedYield                         0x08006f69   Thumb Code     8  tasks.o(i.vTaskMissedYield)
    vTaskPlaceOnEventList                    0x08006f75   Thumb Code    42  tasks.o(i.vTaskPlaceOnEventList)
    vTaskPlaceOnEventListRestricted          0x08006fcd   Thumb Code    50  tasks.o(i.vTaskPlaceOnEventListRestricted)
    vTaskPriorityInherit                     0x0800702d   Thumb Code   164  tasks.o(i.vTaskPriorityInherit)
    vTaskSetTimeOutState                     0x080070dd   Thumb Code    32  tasks.o(i.vTaskSetTimeOutState)
    vTaskStartScheduler                      0x0800712d   Thumb Code   108  tasks.o(i.vTaskStartScheduler)
    vTaskSuspend                             0x080071dd   Thumb Code   186  tasks.o(i.vTaskSuspend)
    vTaskSuspendAll                          0x080072e1   Thumb Code    12  tasks.o(i.vTaskSuspendAll)
    vTaskSwitchContext                       0x080072f1   Thumb Code   110  tasks.o(i.vTaskSwitchContext)
    xPortStartScheduler                      0x0800739d   Thumb Code   140  port.o(i.xPortStartScheduler)
    xPortSysTickHandler                      0x0800743d   Thumb Code    46  port.o(i.xPortSysTickHandler)
    xQueueGenericCreate                      0x08007471   Thumb Code    78  queue.o(i.xQueueGenericCreate)
    xQueueGenericReceive                     0x080074e9   Thumb Code   416  queue.o(i.xQueueGenericReceive)
    xQueueGenericReset                       0x080076b5   Thumb Code   136  queue.o(i.xQueueGenericReset)
    xQueueGenericSend                        0x08007769   Thumb Code   412  queue.o(i.xQueueGenericSend)
    xQueueGenericSendFromISR                 0x08007931   Thumb Code   234  queue.o(i.xQueueGenericSendFromISR)
    xTaskCheckForTimeOut                     0x08007a45   Thumb Code   116  tasks.o(i.xTaskCheckForTimeOut)
    xTaskCreate                              0x08007ae9   Thumb Code    96  tasks.o(i.xTaskCreate)
    xTaskGetSchedulerState                   0x08007b49   Thumb Code    24  tasks.o(i.xTaskGetSchedulerState)
    xTaskGetTickCount                        0x08007b69   Thumb Code     6  tasks.o(i.xTaskGetTickCount)
    xTaskIncrementTick                       0x08007b75   Thumb Code   272  tasks.o(i.xTaskIncrementTick)
    xTaskPriorityDisinherit                  0x08007cd9   Thumb Code   168  tasks.o(i.xTaskPriorityDisinherit)
    xTaskRemoveFromEventList                 0x08007db5   Thumb Code   118  tasks.o(i.xTaskRemoveFromEventList)
    xTaskResumeAll                           0x08007e6d   Thumb Code   214  tasks.o(i.xTaskResumeAll)
    xTimerCreateTimerTask                    0x08007f91   Thumb Code    56  timers.o(i.xTimerCreateTimerTask)
    xTimerGenericCommand                     0x08008009   Thumb Code   118  timers.o(i.xTimerGenericCommand)
    PIC64X128_XTARK                          0x080080b0   Data        1024  main.o(.constdata)
    ASCII8X16                                0x080084b0   Data        1520  ax_oled.o(.constdata)
    ASCII6X8                                 0x08008aa0   Data         552  ax_oled.o(.constdata)
    PS2_cmnd                                 0x08008cc8   Data           9  ax_ps2.o(.constdata)
    TX_ADDRESS                               0x08008cd1   Data           5  24l01.o(.constdata)
    RX_ADDRESS                               0x08008cd6   Data           5  24l01.o(.constdata)
    Region$$Table$$Base                      0x08008ea0   Number         0  anon$$obj.o(Region$$Table)
    Region$$Table$$Limit                     0x08008ec0   Number         0  anon$$obj.o(Region$$Table)
    StartTask_Handler                        0x20000000   Data           4  main.o(.data)
    Robot_Task_Handle                        0x20000004   Data           4  main.o(.data)
    Key_Task_Handle                          0x20000008   Data           4  main.o(.data)
    Disp_Task_Handle                         0x2000000c   Data           4  main.o(.data)
    Trivia_Task_Handle                       0x20000010   Data           4  main.o(.data)
    Ps2_Task_Handle                          0x20000014   Data           4  main.o(.data)
    Nrf_Task_Handle                          0x20000018   Data           4  main.o(.data)
    SystemCoreClock                          0x2000001c   Data           4  system_stm32f10x.o(.data)
    AHBPrescTable                            0x20000020   Data          16  system_stm32f10x.o(.data)
    R_Light                                  0x20000030   Data           6  ax_robot.o(.data)
    R_Bat_Vol                                0x20000036   Data           2  ax_robot.o(.data)
    ax_imu_acc_data                          0x20000038   Data           6  ax_robot.o(.data)
    ax_imu_gyro_data                         0x2000003e   Data           6  ax_robot.o(.data)
    ax_imu_gyro_offset                       0x20000044   Data           6  ax_robot.o(.data)
    ax_motor_kp                              0x2000004a   Data           2  ax_robot.o(.data)
    ax_motor_kd                              0x2000004c   Data           2  ax_robot.o(.data)
    ax_robot_move_enable                     0x2000004e   Data           1  ax_robot.o(.data)
    ax_light_enable                          0x2000004f   Data           1  ax_robot.o(.data)
    ax_beep_ring                             0x20000050   Data           1  ax_robot.o(.data)
    my_joystick                              0x20000051   Data           7  ax_robot.o(.data)
    nrt_ctl_info                             0x20000058   Data           5  ax_robot.o(.data)
    ax_control_mode                          0x2000005d   Data           1  ax_robot.o(.data)
    ax_akm_angle                             0x2000005e   Data           2  ax_robot.o(.data)
    ax_joint_angle                           0x20000060   Data           4  ax_robot.o(.data)
    pxCurrentTCB                             0x200000bc   Data           4  tasks.o(.data)
    __stdout                                 0x20000144   Data           4  stdout.o(.data)
    R_Vel                                    0x20000150   Data          36  ax_robot.o(.bss)
    R_Wheel_A                                0x20000178   Data          16  ax_robot.o(.bss)
    R_Wheel_B                                0x20000188   Data          16  ax_robot.o(.bss)
    R_Imu                                    0x20000198   Data          12  ax_robot.o(.bss)
    xQueueRegistry                           0x2000034c   Data          64  queue.o(.bss)
    __initial_sp                             0x20005a98   Data           0  startup_stm32f10x_hd.o(STACK)



==============================================================================

Memory Map of the image

  Image Entry point : 0x08000131

  Load Region LR_IROM1 (Base: 0x08000000, Size: 0x0000900c, Max: 0x00040000, ABSOLUTE, COMPRESSED[0x00008ef4])

    Execution Region ER_IROM1 (Base: 0x08000000, Size: 0x00008ec0, Max: 0x00040000, ABSOLUTE)

    Base Addr    Size         Type   Attr      Idx    E Section Name        Object

    0x08000000   0x00000130   Data   RO         5236    RESET               startup_stm32f10x_hd.o
    0x08000130   0x00000000   Code   RO         5259  * .ARM.Collect$$$$00000000  mc_w.l(entry.o)
    0x08000130   0x00000004   Code   RO         5590    .ARM.Collect$$$$00000001  mc_w.l(entry2.o)
    0x08000134   0x00000004   Code   RO         5593    .ARM.Collect$$$$00000004  mc_w.l(entry5.o)
    0x08000138   0x00000000   Code   RO         5595    .ARM.Collect$$$$00000008  mc_w.l(entry7b.o)
    0x08000138   0x00000000   Code   RO         5597    .ARM.Collect$$$$0000000A  mc_w.l(entry8b.o)
    0x08000138   0x00000008   Code   RO         5598    .ARM.Collect$$$$0000000B  mc_w.l(entry9a.o)
    0x08000140   0x00000000   Code   RO         5600    .ARM.Collect$$$$0000000D  mc_w.l(entry10a.o)
    0x08000140   0x00000000   Code   RO         5602    .ARM.Collect$$$$0000000F  mc_w.l(entry11a.o)
    0x08000140   0x00000004   Code   RO         5591    .ARM.Collect$$$$00002712  mc_w.l(entry2.o)
    0x08000144   0x00000096   Code   RO         2179    .emb_text           port.o
    0x080001da   0x00000002   PAD
    0x080001dc   0x00000024   Code   RO         5237    .text               startup_stm32f10x_hd.o
    0x08000200   0x00000024   Code   RO         5262    .text               mc_w.l(memcpya.o)
    0x08000224   0x000000b0   Code   RO         5527    .text               mf_w.l(fadd.o)
    0x080002d4   0x00000064   Code   RO         5529    .text               mf_w.l(fmul.o)
    0x08000338   0x0000007c   Code   RO         5531    .text               mf_w.l(fdiv.o)
    0x080003b4   0x0000014e   Code   RO         5533    .text               mf_w.l(dadd.o)
    0x08000502   0x000000e4   Code   RO         5535    .text               mf_w.l(dmul.o)
    0x080005e6   0x000000de   Code   RO         5537    .text               mf_w.l(ddiv.o)
    0x080006c4   0x00000012   Code   RO         5539    .text               mf_w.l(fflti.o)
    0x080006d6   0x00000022   Code   RO         5541    .text               mf_w.l(dflti.o)
    0x080006f8   0x0000001a   Code   RO         5543    .text               mf_w.l(dfltui.o)
    0x08000712   0x00000032   Code   RO         5545    .text               mf_w.l(ffixi.o)
    0x08000744   0x00000028   Code   RO         5547    .text               mf_w.l(ffixui.o)
    0x0800076c   0x0000003e   Code   RO         5549    .text               mf_w.l(dfixi.o)
    0x080007aa   0x00000032   Code   RO         5551    .text               mf_w.l(dfixui.o)
    0x080007dc   0x00000026   Code   RO         5553    .text               mf_w.l(f2d.o)
    0x08000802   0x00000038   Code   RO         5555    .text               mf_w.l(d2f.o)
    0x0800083a   0x00000002   PAD
    0x0800083c   0x00000014   Code   RO         5557    .text               mf_w.l(cfcmple.o)
    0x08000850   0x00000014   Code   RO         5559    .text               mf_w.l(cfrcmple.o)
    0x08000864   0x0000002c   Code   RO         5605    .text               mc_w.l(uidiv.o)
    0x08000890   0x0000001e   Code   RO         5609    .text               mc_w.l(llshl.o)
    0x080008ae   0x00000020   Code   RO         5611    .text               mc_w.l(llushr.o)
    0x080008ce   0x00000024   Code   RO         5613    .text               mc_w.l(llsshr.o)
    0x080008f2   0x00000000   Code   RO         5622    .text               mc_w.l(iusefp.o)
    0x080008f2   0x0000006e   Code   RO         5623    .text               mf_w.l(fepilogue.o)
    0x08000960   0x000000ba   Code   RO         5625    .text               mf_w.l(depilogue.o)
    0x08000a1a   0x0000002e   Code   RO         5627    .text               mf_w.l(dscalb.o)
    0x08000a48   0x00000024   Code   RO         5633    .text               mc_w.l(init.o)
    0x08000a6c   0x00000056   Code   RO         5643    .text               mc_w.l(__dczerorl2.o)
    0x08000ac2   0x00000016   Code   RO         2299    i.ADC_Cmd           stm32f10x_adc.o
    0x08000ad8   0x00000014   Code   RO         2307    i.ADC_GetCalibrationStatus  stm32f10x_adc.o
    0x08000aec   0x00000008   Code   RO         2308    i.ADC_GetConversionValue  stm32f10x_adc.o
    0x08000af4   0x00000012   Code   RO         2310    i.ADC_GetFlagStatus  stm32f10x_adc.o
    0x08000b06   0x00000014   Code   RO         2313    i.ADC_GetResetCalibrationStatus  stm32f10x_adc.o
    0x08000b1a   0x00000002   PAD
    0x08000b1c   0x00000050   Code   RO         2317    i.ADC_Init          stm32f10x_adc.o
    0x08000b6c   0x000000b8   Code   RO         2321    i.ADC_RegularChannelConfig  stm32f10x_adc.o
    0x08000c24   0x0000000a   Code   RO         2322    i.ADC_ResetCalibration  stm32f10x_adc.o
    0x08000c2e   0x00000016   Code   RO         2324    i.ADC_SoftwareStartConvCmd  stm32f10x_adc.o
    0x08000c44   0x0000000a   Code   RO         2326    i.ADC_StartCalibration  stm32f10x_adc.o
    0x08000c4e   0x00000002   PAD
    0x08000c50   0x000000a0   Code   RO          541    i.AX_AKM_WToAngle   ax_akm.o
    0x08000cf0   0x00000038   Code   RO          591    i.AX_BEEP_Init      ax_beep.o
    0x08000d28   0x00000168   Code   RO          509    i.AX_CTL_App        ax_control.o
    0x08000e90   0x00000214   Code   RO          510    i.AX_CTL_Ps2        ax_control.o
    0x080010a4   0x000000d4   Code   RO          511    i.AX_CTL_RemoteSbus  ax_control.o
    0x08001178   0x00000050   Code   RO          553    i.AX_DELAY_Init     ax_delay.o
    0x080011c8   0x00000012   Code   RO          554    i.AX_Delayms        ax_delay.o
    0x080011da   0x00000002   PAD
    0x080011dc   0x00000048   Code   RO          555    i.AX_Delayus        ax_delay.o
    0x08001224   0x00000008   Code   RO          675    i.AX_ENCODER_A_GetCounter  ax_encoder.o
    0x0800122c   0x000000bc   Code   RO          676    i.AX_ENCODER_A_Init  ax_encoder.o
    0x080012e8   0x00000008   Code   RO          677    i.AX_ENCODER_A_SetCounter  ax_encoder.o
    0x080012f0   0x0000000c   Code   RO          678    i.AX_ENCODER_B_GetCounter  ax_encoder.o
    0x080012fc   0x000000a4   Code   RO          679    i.AX_ENCODER_B_Init  ax_encoder.o
    0x080013a0   0x0000000c   Code   RO          680    i.AX_ENCODER_B_SetCounter  ax_encoder.o
    0x080013ac   0x00000030   Code   RO          621    i.AX_JTAG_Set       ax_sys.o
    0x080013dc   0x00000024   Code   RO          603    i.AX_KEY_Init       ax_key.o
    0x08001400   0x00000014   Code   RO          604    i.AX_KEY_Scan       ax_key.o
    0x08001414   0x00000050   Code   RO          579    i.AX_LED_Init       ax_led.o
    0x08001464   0x00000054   Code   RO          651    i.AX_MOTOR_A_SetSpeed  ax_motor.o
    0x080014b8   0x00000054   Code   RO          652    i.AX_MOTOR_B_SetSpeed  ax_motor.o
    0x0800150c   0x000000c8   Code   RO          653    i.AX_MOTOR_Init     ax_motor.o
    0x080015d4   0x00000040   Code   RO          771    i.AX_MPU6050_GetAccData  ax_mpu6050.o
    0x08001614   0x00000040   Code   RO          772    i.AX_MPU6050_GetGyroData  ax_mpu6050.o
    0x08001654   0x0000008c   Code   RO          774    i.AX_MPU6050_Init   ax_mpu6050.o
    0x080016e0   0x00000010   Code   RO          775    i.AX_MPU6050_SetAccRange  ax_mpu6050.o
    0x080016f0   0x0000000e   Code   RO          776    i.AX_MPU6050_SetDLPF  ax_mpu6050.o
    0x080016fe   0x00000010   Code   RO          777    i.AX_MPU6050_SetGyroRange  ax_mpu6050.o
    0x0800170e   0x0000002a   Code   RO          778    i.AX_MPU6050_SetGyroSmplRate  ax_mpu6050.o
    0x08001738   0x0000002e   Code   RO          882    i.AX_OLED_ClearLine  ax_oled.o
    0x08001766   0x00000038   Code   RO          883    i.AX_OLED_ClearScreen  ax_oled.o
    0x0800179e   0x00000002   PAD
    0x080017a0   0x00000080   Code   RO          888    i.AX_OLED_DispChar  ax_oled.o
    0x08001820   0x00000024   Code   RO          890    i.AX_OLED_DispNum   ax_oled.o
    0x08001844   0x00000094   Code   RO          891    i.AX_OLED_DispPicture  ax_oled.o
    0x080018d8   0x00000040   Code   RO          892    i.AX_OLED_DispStr   ax_oled.o
    0x08001918   0x000001f8   Code   RO          893    i.AX_OLED_DispValue  ax_oled.o
    0x08001b10   0x0000017c   Code   RO          894    i.AX_OLED_Init      ax_oled.o
    0x08001c8c   0x00000084   Code   RO         1196    i.AX_PS2_Init       ax_ps2.o
    0x08001d10   0x00000064   Code   RO         1197    i.AX_PS2_ScanKey    ax_ps2.o
    0x08001d74   0x00000020   Code   RO          329    i.AX_ROBOT_Kinematics  ax_kinematics.o
    0x08001d94   0x000000cc   Code   RO         1169    i.AX_SBUS_GetRxData  ax_sbus.o
    0x08001e60   0x000000a0   Code   RO         1170    i.AX_SBUS_Init      ax_sbus.o
    0x08001f00   0x000000d0   Code   RO          717    i.AX_SERVO_S1234_Init  ax_servo.o
    0x08001fd0   0x00000054   Code   RO          718    i.AX_SERVO_S1_SetAngle  ax_servo.o
    0x08002024   0x00000054   Code   RO          719    i.AX_SERVO_S2_SetAngle  ax_servo.o
    0x08002078   0x00000054   Code   RO          720    i.AX_SERVO_S3_SetAngle  ax_servo.o
    0x080020cc   0x000000c8   Code   RO          490    i.AX_SPEED_PidCtlA  ax_speed.o
    0x08002194   0x000000c8   Code   RO          491    i.AX_SPEED_PidCtlB  ax_speed.o
    0x0800225c   0x000000a8   Code   RO          992    i.AX_UART1_Init     ax_uart1.o
    0x08002304   0x0000003c   Code   RO         1031    i.AX_UART2_GetData  ax_uart2.o
    0x08002340   0x000000a4   Code   RO         1032    i.AX_UART2_Init     ax_uart2.o
    0x080023e4   0x0000005c   Code   RO          633    i.AX_VIN_GetVol_X100  ax_vin.o
    0x08002440   0x00000098   Code   RO          634    i.AX_VIN_Init       ax_vin.o
    0x080024d8   0x00000004   Code   RO          234    i.BusFault_Handler  stm32f10x_it.o
    0x080024dc   0x00000002   Code   RO          235    i.DebugMon_Handler  stm32f10x_it.o
    0x080024de   0x00000002   PAD
    0x080024e0   0x0000018c   Code   RO          413    i.Disp_Task         ax_robot.o
    0x0800266c   0x000000d0   Code   RO          512    i.FSM_CTL_NRF       ax_control.o
    0x0800273c   0x0000012c   Code   RO         1250    i.FSM_NRF_ScanKey   24l01.o
    0x08002868   0x00000116   Code   RO         3408    i.GPIO_Init         stm32f10x_gpio.o
    0x0800297e   0x00000002   PAD
    0x08002980   0x00000090   Code   RO         3410    i.GPIO_PinRemapConfig  stm32f10x_gpio.o
    0x08002a10   0x00000012   Code   RO         3412    i.GPIO_ReadInputDataBit  stm32f10x_gpio.o
    0x08002a22   0x00000004   Code   RO         3415    i.GPIO_ResetBits    stm32f10x_gpio.o
    0x08002a26   0x00000004   Code   RO         3416    i.GPIO_SetBits      stm32f10x_gpio.o
    0x08002a2a   0x0000000a   Code   RO         3419    i.GPIO_WriteBit     stm32f10x_gpio.o
    0x08002a34   0x00000004   Code   RO          236    i.HardFault_Handler  stm32f10x_it.o
    0x08002a38   0x0000004c   Code   RO          779    i.IIC_Ack           ax_mpu6050.o
    0x08002a84   0x0000004c   Code   RO          780    i.IIC_NAck          ax_mpu6050.o
    0x08002ad0   0x00000070   Code   RO          781    i.IIC_Read_Byte     ax_mpu6050.o
    0x08002b40   0x00000064   Code   RO          782    i.IIC_Send_Byte     ax_mpu6050.o
    0x08002ba4   0x00000068   Code   RO          783    i.IIC_Start         ax_mpu6050.o
    0x08002c0c   0x00000048   Code   RO          784    i.IIC_Stop          ax_mpu6050.o
    0x08002c54   0x00000068   Code   RO          785    i.IIC_Wait_Ack      ax_mpu6050.o
    0x08002cbc   0x00000080   Code   RO          415    i.Key_Task          ax_robot.o
    0x08002d3c   0x00000076   Code   RO          786    i.MPU6050_I2C_Read  ax_mpu6050.o
    0x08002db2   0x00000060   Code   RO          787    i.MPU6050_I2C_Write  ax_mpu6050.o
    0x08002e12   0x00000016   Code   RO          788    i.MPU6050_ReadRegister  ax_mpu6050.o
    0x08002e28   0x00000012   Code   RO          789    i.MPU6050_WriteRegister  ax_mpu6050.o
    0x08002e3a   0x00000004   Code   RO          237    i.MemManage_Handler  stm32f10x_it.o
    0x08002e3e   0x00000002   Code   RO          238    i.NMI_Handler       stm32f10x_it.o
    0x08002e40   0x000000bc   Code   RO         1252    i.NRF24L01_Init     24l01.o
    0x08002efc   0x00000058   Code   RO         1253    i.NRF24L01_RX_Mode  24l01.o
    0x08002f54   0x0000003c   Code   RO         1254    i.NRF24L01_Read_Buf  24l01.o
    0x08002f90   0x0000002c   Code   RO         1255    i.NRF24L01_Read_Reg  24l01.o
    0x08002fbc   0x0000003a   Code   RO         1256    i.NRF24L01_RxPacket  24l01.o
    0x08002ff6   0x00000002   PAD
    0x08002ff8   0x0000003c   Code   RO         1259    i.NRF24L01_Write_Buf  24l01.o
    0x08003034   0x00000030   Code   RO         1260    i.NRF24L01_Write_Reg  24l01.o
    0x08003064   0x00000070   Code   RO         2257    i.NVIC_Init         misc.o
    0x080030d4   0x00000014   Code   RO         2258    i.NVIC_PriorityGroupConfig  misc.o
    0x080030e8   0x00000048   Code   RO          417    i.Nrf_Task          ax_robot.o
    0x08003130   0x00000028   Code   RO          895    i.OLED_Set_Pos      ax_oled.o
    0x08003158   0x00000020   Code   RO          896    i.OLED_WriteCmd     ax_oled.o
    0x08003178   0x0000000c   Code   RO          897    i.OLED_WriteData    ax_oled.o
    0x08003184   0x00000074   Code   RO         1198    i.PS2_ReadWriteData  ax_ps2.o
    0x080031f8   0x0000004c   Code   RO          418    i.Ps2_Task          ax_robot.o
    0x08003244   0x00000018   Code   RO         3822    i.RCC_ADCCLKConfig  stm32f10x_rcc.o
    0x0800325c   0x00000020   Code   RO         3824    i.RCC_APB1PeriphClockCmd  stm32f10x_rcc.o
    0x0800327c   0x00000020   Code   RO         3825    i.RCC_APB1PeriphResetCmd  stm32f10x_rcc.o
    0x0800329c   0x00000020   Code   RO         3826    i.RCC_APB2PeriphClockCmd  stm32f10x_rcc.o
    0x080032bc   0x00000020   Code   RO         3827    i.RCC_APB2PeriphResetCmd  stm32f10x_rcc.o
    0x080032dc   0x000000d4   Code   RO         3834    i.RCC_GetClocksFreq  stm32f10x_rcc.o
    0x080033b0   0x000003c0   Code   RO          330    i.ROBOT_AKM_Kinematics  ax_kinematics.o
    0x08003770   0x00000080   Code   RO          419    i.ROBOT_IMUHandle   ax_robot.o
    0x080037f0   0x00000064   Code   RO          421    i.Robot_Task        ax_robot.o
    0x08003854   0x00000038   Code   RO          898    i.SPI1_Send_Byte    ax_oled.o
    0x0800388c   0x00000050   Code   RO         1223    i.SPI2_Init         spi.o
    0x080038dc   0x00000054   Code   RO         1224    i.SPI2_ReadWriteByte  spi.o
    0x08003930   0x00000028   Code   RO         1225    i.SPI2_SetSpeed     spi.o
    0x08003958   0x00000018   Code   RO         4303    i.SPI_Cmd           stm32f10x_spi.o
    0x08003970   0x00000012   Code   RO         4311    i.SPI_I2S_GetFlagStatus  stm32f10x_spi.o
    0x08003982   0x00000006   Code   RO         4314    i.SPI_I2S_ReceiveData  stm32f10x_spi.o
    0x08003988   0x00000004   Code   RO         4315    i.SPI_I2S_SendData  stm32f10x_spi.o
    0x0800398c   0x0000003c   Code   RO         4316    i.SPI_Init          stm32f10x_spi.o
    0x080039c8   0x00000008   Code   RO          295    i.SetSysClock       system_stm32f10x.o
    0x080039d0   0x000000e0   Code   RO          296    i.SetSysClockTo72   system_stm32f10x.o
    0x08003ab0   0x0000032c   Code   RO            1    i.Start_Task        main.o
    0x08003ddc   0x00000028   Code   RO         2261    i.SysTick_CLKSourceConfig  misc.o
    0x08003e04   0x00000010   Code   RO          239    i.SysTick_Handler   stm32f10x_it.o
    0x08003e14   0x00000060   Code   RO          298    i.SystemInit        system_stm32f10x.o
    0x08003e74   0x00000080   Code   RO         4442    i.TI1_Config        stm32f10x_tim.o
    0x08003ef4   0x00000098   Code   RO         4443    i.TI2_Config        stm32f10x_tim.o
    0x08003f8c   0x00000090   Code   RO         4444    i.TI3_Config        stm32f10x_tim.o
    0x0800401c   0x00000098   Code   RO         4445    i.TI4_Config        stm32f10x_tim.o
    0x080040b4   0x00000018   Code   RO         4446    i.TIM_ARRPreloadConfig  stm32f10x_tim.o
    0x080040cc   0x00000018   Code   RO         4458    i.TIM_Cmd           stm32f10x_tim.o
    0x080040e4   0x0000001e   Code   RO         4460    i.TIM_CtrlPWMOutputs  stm32f10x_tim.o
    0x08004102   0x00000002   PAD
    0x08004104   0x000001e8   Code   RO         4463    i.TIM_DeInit        stm32f10x_tim.o
    0x080042ec   0x00000042   Code   RO         4467    i.TIM_EncoderInterfaceConfig  stm32f10x_tim.o
    0x0800432e   0x00000002   PAD
    0x08004330   0x000000ac   Code   RO         4481    i.TIM_ICInit        stm32f10x_tim.o
    0x080043dc   0x00000012   Code   RO         4482    i.TIM_ICStructInit  stm32f10x_tim.o
    0x080043ee   0x00000002   PAD
    0x080043f0   0x00000098   Code   RO         4487    i.TIM_OC1Init       stm32f10x_tim.o
    0x08004488   0x00000012   Code   RO         4490    i.TIM_OC1PreloadConfig  stm32f10x_tim.o
    0x0800449a   0x00000002   PAD
    0x0800449c   0x000000a4   Code   RO         4492    i.TIM_OC2Init       stm32f10x_tim.o
    0x08004540   0x0000001a   Code   RO         4495    i.TIM_OC2PreloadConfig  stm32f10x_tim.o
    0x0800455a   0x00000002   PAD
    0x0800455c   0x000000a0   Code   RO         4497    i.TIM_OC3Init       stm32f10x_tim.o
    0x080045fc   0x00000012   Code   RO         4500    i.TIM_OC3PreloadConfig  stm32f10x_tim.o
    0x0800460e   0x00000002   PAD
    0x08004610   0x0000007c   Code   RO         4502    i.TIM_OC4Init       stm32f10x_tim.o
    0x0800468c   0x0000001a   Code   RO         4504    i.TIM_OC4PreloadConfig  stm32f10x_tim.o
    0x080046a6   0x00000004   Code   RO         4519    i.TIM_SetCompare1   stm32f10x_tim.o
    0x080046aa   0x00000004   Code   RO         4520    i.TIM_SetCompare2   stm32f10x_tim.o
    0x080046ae   0x00000004   Code   RO         4521    i.TIM_SetCompare3   stm32f10x_tim.o
    0x080046b2   0x00000006   Code   RO         4522    i.TIM_SetCompare4   stm32f10x_tim.o
    0x080046b8   0x00000012   Code   RO         4524    i.TIM_SetIC1Prescaler  stm32f10x_tim.o
    0x080046ca   0x0000001a   Code   RO         4525    i.TIM_SetIC2Prescaler  stm32f10x_tim.o
    0x080046e4   0x00000012   Code   RO         4526    i.TIM_SetIC3Prescaler  stm32f10x_tim.o
    0x080046f6   0x0000001a   Code   RO         4527    i.TIM_SetIC4Prescaler  stm32f10x_tim.o
    0x08004710   0x000000a4   Code   RO         4529    i.TIM_TimeBaseInit  stm32f10x_tim.o
    0x080047b4   0x00000012   Code   RO         4530    i.TIM_TimeBaseStructInit  stm32f10x_tim.o
    0x080047c6   0x00000002   PAD
    0x080047c8   0x000001a8   Code   RO          422    i.Trivia_Task       ax_robot.o
    0x08004970   0x00000158   Code   RO         1067    i.UART4_IRQHandler  ax_uart4.o
    0x08004ac8   0x000000cc   Code   RO         1100    i.UART5_IRQHandler  ax_uart5.o
    0x08004b94   0x00000158   Code   RO          994    i.USART1_IRQHandler  ax_uart1.o
    0x08004cec   0x000000f0   Code   RO         1034    i.USART2_IRQHandler  ax_uart2.o
    0x08004ddc   0x000000e4   Code   RO         1171    i.USART3_IRQHandler  ax_sbus.o
    0x08004ec0   0x00000018   Code   RO         4994    i.USART_Cmd         stm32f10x_usart.o
    0x08004ed8   0x0000001a   Code   RO         4997    i.USART_GetFlagStatus  stm32f10x_usart.o
    0x08004ef2   0x00000054   Code   RO         4998    i.USART_GetITStatus  stm32f10x_usart.o
    0x08004f46   0x0000004a   Code   RO         5000    i.USART_ITConfig    stm32f10x_usart.o
    0x08004f90   0x000000d8   Code   RO         5001    i.USART_Init        stm32f10x_usart.o
    0x08005068   0x0000000a   Code   RO         5008    i.USART_ReceiveData  stm32f10x_usart.o
    0x08005072   0x00000008   Code   RO         5011    i.USART_SendData    stm32f10x_usart.o
    0x0800507a   0x00000004   Code   RO          240    i.UsageFault_Handler  stm32f10x_it.o
    0x0800507e   0x00000002   PAD
    0x08005080   0x00000020   Code   RO         5355    i.__0printf$3       mc_w.l(printf3.o)
    0x080050a0   0x00000028   Code   RO         5575    i.__ARM_fpclassify  m_ws.l(fpclassify.o)
    0x080050c8   0x00000388   Code   RO         5579    i.__ieee754_rem_pio2  m_ws.l(rred.o)
    0x08005450   0x000000aa   Code   RO         5577    i.__kernel_poly     m_ws.l(poly.o)
    0x080054fa   0x00000002   PAD
    0x080054fc   0x0000027c   Code   RO         5584    i.__kernel_tan      m_ws.l(tan_i.o)
    0x08005778   0x00000006   Code   RO         5562    i.__mathlib_dbl_infnan  m_ws.l(dunder.o)
    0x0800577e   0x0000000c   Code   RO         5564    i.__mathlib_dbl_invalid  m_ws.l(dunder.o)
    0x0800578a   0x00000002   PAD
    0x0800578c   0x00000010   Code   RO         5567    i.__mathlib_dbl_underflow  m_ws.l(dunder.o)
    0x0800579c   0x0000000e   Code   RO         5637    i.__scatterload_copy  mc_w.l(handlers.o)
    0x080057aa   0x00000002   Code   RO         5638    i.__scatterload_null  mc_w.l(handlers.o)
    0x080057ac   0x0000000e   Code   RO         5639    i.__scatterload_zeroinit  mc_w.l(handlers.o)
    0x080057ba   0x00000002   PAD
    0x080057bc   0x0000000c   Code   RO         5617    i.__set_errno       mc_w.l(errno.o)
    0x080057c8   0x000001b8   Code   RO         5362    i._printf_core      mc_w.l(printf3.o)
    0x08005980   0x00000220   Code   RO         5242    i.atan              m_ws.l(atan.o)
    0x08005ba0   0x00000024   Code   RO          996    i.fputc             ax_uart1.o
    0x08005bc4   0x000000e8   Code   RO            2    i.main              main.o
    0x08005cac   0x00000098   Code   RO         1685    i.prvAddCurrentTaskToDelayedList  tasks.o
    0x08005d44   0x000000b4   Code   RO         1686    i.prvAddNewTaskToReadyList  tasks.o
    0x08005df8   0x00000064   Code   RO         2000    i.prvCheckForValidListAndQueue  timers.o
    0x08005e5c   0x00000064   Code   RO         1687    i.prvCheckTasksWaitingTermination  tasks.o
    0x08005ec0   0x0000002a   Code   RO         1470    i.prvCopyDataFromQueue  queue.o
    0x08005eea   0x0000007c   Code   RO         1471    i.prvCopyDataToQueue  queue.o
    0x08005f66   0x00000012   Code   RO         1688    i.prvDeleteTCB      tasks.o
    0x08005f78   0x00000028   Code   RO         2001    i.prvGetNextExpireTime  timers.o
    0x08005fa0   0x0000007c   Code   RO         2130    i.prvHeapInit       heap_4.o
    0x0800601c   0x00000028   Code   RO         1689    i.prvIdleTask       tasks.o
    0x08006044   0x0000002a   Code   RO         1473    i.prvInitialiseNewQueue  queue.o
    0x0800606e   0x00000002   PAD
    0x08006070   0x000000c8   Code   RO         1690    i.prvInitialiseNewTask  tasks.o
    0x08006138   0x00000068   Code   RO         1691    i.prvInitialiseTaskLists  tasks.o
    0x080061a0   0x00000068   Code   RO         2131    i.prvInsertBlockIntoFreeList  heap_4.o
    0x08006208   0x00000058   Code   RO         2003    i.prvInsertTimerInActiveList  timers.o
    0x08006260   0x0000001a   Code   RO         1474    i.prvIsQueueEmpty   queue.o
    0x0800627a   0x0000001e   Code   RO         1475    i.prvIsQueueFull    queue.o
    0x08006298   0x000000a4   Code   RO         1476    i.prvNotifyQueueSetContainer  queue.o
    0x0800633c   0x00000084   Code   RO         2004    i.prvProcessExpiredTimer  timers.o
    0x080063c0   0x00000130   Code   RO         2005    i.prvProcessReceivedCommands  timers.o
    0x080064f0   0x00000074   Code   RO         2006    i.prvProcessTimerOrBlockTask  timers.o
    0x08006564   0x00000034   Code   RO         1692    i.prvResetNextTaskUnblockTime  tasks.o
    0x08006598   0x0000002c   Code   RO         2007    i.prvSampleTimeNow  timers.o
    0x080065c4   0x000000c0   Code   RO         2008    i.prvSwitchTimerLists  timers.o
    0x08006684   0x0000006c   Code   RO         2180    i.prvTaskExitError  port.o
    0x080066f0   0x0000001a   Code   RO         2009    i.prvTimerTask      timers.o
    0x0800670a   0x00000092   Code   RO         1477    i.prvUnlockQueue    queue.o
    0x0800679c   0x00000150   Code   RO         2132    i.pvPortMalloc      heap_4.o
    0x080068ec   0x00000020   Code   RO         1694    i.pvTaskIncrementMutexHeldCount  tasks.o
    0x0800690c   0x00000024   Code   RO         2181    i.pxPortInitialiseStack  port.o
    0x08006930   0x00000064   Code   RO         5252    i.tan               m_ws.l(tan.o)
    0x08006994   0x00000028   Code   RO         1433    i.uxListRemove      list.o
    0x080069bc   0x0000001a   Code   RO         1434    i.vListInitialise   list.o
    0x080069d6   0x00000006   Code   RO         1435    i.vListInitialiseItem  list.o
    0x080069dc   0x00000034   Code   RO         1436    i.vListInsert       list.o
    0x08006a10   0x00000018   Code   RO         1437    i.vListInsertEnd    list.o
    0x08006a28   0x00000084   Code   RO         2183    i.vPortEnterCritical  port.o
    0x08006aac   0x0000006c   Code   RO         2184    i.vPortExitCritical  port.o
    0x08006b18   0x000000b4   Code   RO         2133    i.vPortFree         heap_4.o
    0x08006bcc   0x00000020   Code   RO         2185    i.vPortSetupTimerInterrupt  port.o
    0x08006bec   0x0000009c   Code   RO         2186    i.vPortValidateInterruptPriority  port.o
    0x08006c88   0x0000002c   Code   RO         1481    i.vQueueAddToRegistry  queue.o
    0x08006cb4   0x0000004a   Code   RO         1484    i.vQueueWaitForMessageRestricted  queue.o
    0x08006cfe   0x00000002   PAD
    0x08006d00   0x00000078   Code   RO         1700    i.vTaskDelay        tasks.o
    0x08006d78   0x000000e0   Code   RO         1701    i.vTaskDelayUntil   tasks.o
    0x08006e58   0x00000110   Code   RO         1702    i.vTaskDelete       tasks.o
    0x08006f68   0x0000000c   Code   RO         1704    i.vTaskMissedYield  tasks.o
    0x08006f74   0x00000058   Code   RO         1706    i.vTaskPlaceOnEventList  tasks.o
    0x08006fcc   0x00000060   Code   RO         1707    i.vTaskPlaceOnEventListRestricted  tasks.o
    0x0800702c   0x000000b0   Code   RO         1709    i.vTaskPriorityInherit  tasks.o
    0x080070dc   0x00000050   Code   RO         1712    i.vTaskSetTimeOutState  tasks.o
    0x0800712c   0x000000b0   Code   RO         1713    i.vTaskStartScheduler  tasks.o
    0x080071dc   0x00000104   Code   RO         1714    i.vTaskSuspend      tasks.o
    0x080072e0   0x00000010   Code   RO         1715    i.vTaskSuspendAll   tasks.o
    0x080072f0   0x000000ac   Code   RO         1716    i.vTaskSwitchContext  tasks.o
    0x0800739c   0x000000a0   Code   RO         2187    i.xPortStartScheduler  port.o
    0x0800743c   0x00000034   Code   RO         2188    i.xPortSysTickHandler  port.o
    0x08007470   0x00000078   Code   RO         1489    i.xQueueGenericCreate  queue.o
    0x080074e8   0x000001cc   Code   RO         1490    i.xQueueGenericReceive  queue.o
    0x080076b4   0x000000b4   Code   RO         1491    i.xQueueGenericReset  queue.o
    0x08007768   0x000001c8   Code   RO         1492    i.xQueueGenericSend  queue.o
    0x08007930   0x00000114   Code   RO         1493    i.xQueueGenericSendFromISR  queue.o
    0x08007a44   0x000000a4   Code   RO         1717    i.xTaskCheckForTimeOut  tasks.o
    0x08007ae8   0x00000060   Code   RO         1718    i.xTaskCreate       tasks.o
    0x08007b48   0x00000020   Code   RO         1722    i.xTaskGetSchedulerState  tasks.o
    0x08007b68   0x0000000c   Code   RO         1723    i.xTaskGetTickCount  tasks.o
    0x08007b74   0x00000164   Code   RO         1725    i.xTaskIncrementTick  tasks.o
    0x08007cd8   0x000000dc   Code   RO         1728    i.xTaskPriorityDisinherit  tasks.o
    0x08007db4   0x000000b8   Code   RO         1729    i.xTaskRemoveFromEventList  tasks.o
    0x08007e6c   0x00000124   Code   RO         1731    i.xTaskResumeAll    tasks.o
    0x08007f90   0x00000078   Code   RO         2013    i.xTimerCreateTimerTask  timers.o
    0x08008008   0x000000a8   Code   RO         2014    i.xTimerGenericCommand  timers.o
    0x080080b0   0x00000400   Data   RO            3    .constdata          main.o
    0x080084b0   0x00000818   Data   RO          899    .constdata          ax_oled.o
    0x08008cc8   0x00000009   Data   RO         1200    .constdata          ax_ps2.o
    0x08008cd1   0x0000000a   Data   RO         1262    .constdata          24l01.o
    0x08008cdb   0x00000005   PAD
    0x08008ce0   0x00000098   Data   RO         5243    .constdata          m_ws.l(atan.o)
    0x08008d78   0x000000c8   Data   RO         5581    .constdata          m_ws.l(rred.o)
    0x08008e40   0x00000060   Data   RO         5585    .constdata          m_ws.l(tan_i.o)
    0x08008ea0   0x00000020   Data   RO         5635    Region$$Table       anon$$obj.o


    Execution Region RW_IRAM1 (Base: 0x20000000, Size: 0x00005a98, Max: 0x0000c000, ABSOLUTE, COMPRESSED[0x00000034])

    Base Addr    Size         Type   Attr      Idx    E Section Name        Object

    0x20000000   0x0000001c   Data   RW            4    .data               main.o
    0x2000001c   0x00000014   Data   RW          299    .data               system_stm32f10x.o
    0x20000030   0x00000044   Data   RW          424    .data               ax_robot.o
    0x20000074   0x00000018   Data   RW          492    .data               ax_speed.o
    0x2000008c   0x0000001b   Data   RW          514    .data               ax_control.o
    0x200000a7   0x00000001   Data   RW          556    .data               ax_delay.o
    0x200000a8   0x00000002   Data   RW          998    .data               ax_uart1.o
    0x200000aa   0x00000003   Data   RW         1036    .data               ax_uart2.o
    0x200000ad   0x00000003   Data   RW         1069    .data               ax_uart4.o
    0x200000b0   0x00000003   Data   RW         1102    .data               ax_uart5.o
    0x200000b3   0x00000001   PAD
    0x200000b4   0x00000006   Data   RW         1173    .data               ax_sbus.o
    0x200000ba   0x00000002   PAD
    0x200000bc   0x0000003c   Data   RW         1734    .data               tasks.o
    0x200000f8   0x00000014   Data   RW         2022    .data               timers.o
    0x2000010c   0x00000018   Data   RW         2138    .data               heap_4.o
    0x20000124   0x0000000c   Data   RW         2189    .data               port.o
    0x20000130   0x00000014   Data   RW         3854    .data               stm32f10x_rcc.o
    0x20000144   0x00000004   Data   RW         5604    .data               mc_w.l(stdout.o)
    0x20000148   0x00000004   Data   RW         5618    .data               mc_w.l(errno.o)
    0x2000014c   0x00000004   PAD
    0x20000150   0x00000068   Zero   RW          423    .bss                ax_robot.o
    0x200001b8   0x00000020   Zero   RW          513    .bss                ax_control.o
    0x200001d8   0x00000050   Zero   RW          997    .bss                ax_uart1.o
    0x20000228   0x00000050   Zero   RW         1035    .bss                ax_uart2.o
    0x20000278   0x00000050   Zero   RW         1068    .bss                ax_uart4.o
    0x200002c8   0x00000050   Zero   RW         1101    .bss                ax_uart5.o
    0x20000318   0x00000028   Zero   RW         1172    .bss                ax_sbus.o
    0x20000340   0x00000009   Zero   RW         1199    .bss                ax_ps2.o
    0x20000349   0x00000003   PAD
    0x2000034c   0x00000040   Zero   RW         1504    .bss                queue.o
    0x2000038c   0x000002e4   Zero   RW         1733    .bss                tasks.o
    0x20000670   0x00000028   Zero   RW         2021    .bss                timers.o
    0x20000698   0x00005000   Zero   RW         2137    .bss                heap_4.o
    0x20005698   0x00000400   Zero   RW         5234    STACK               startup_stm32f10x_hd.o


==============================================================================

Image component sizes


      Code (inc. data)   RO Data    RW Data    ZI Data      Debug   Object Name

       846         66         10          0          0       5979   24l01.o
       160         16          0          0          0        702   ax_akm.o
        56          6          0          0          0        515   ax_beep.o
      1312        146          0         27         32       2904   ax_control.o
       170         16          0          1          0       1894   ax_delay.o
       392         40          0          0          0       3388   ax_encoder.o
        56         10          0          0          0       1000   ax_key.o
       992        104          0          0          0       1301   ax_kinematics.o
        80         10          0          0          0        522   ax_led.o
       368         24          0          0          0       1920   ax_motor.o
      1254        106          0          0          0      11055   ax_mpu6050.o
      1502         44       2072          0          0       9631   ax_oled.o
       348         30          9          0          9       2554   ax_ps2.o
      1324        204          0         68        104       8903   ax_robot.o
       592         50          0          6         40       2631   ax_sbus.o
       460         62          0          0          0       2407   ax_servo.o
       400         52          0         24          0       1450   ax_speed.o
        48         10          0          0          0        498   ax_sys.o
       548         48          0          2         80       2696   ax_uart1.o
       464         48          0          3         80       2803   ax_uart2.o
       344         34          0          3         80       1403   ax_uart4.o
       204         22          0          3         80       1339   ax_uart5.o
       244         24          0          0          0       1203   ax_vin.o
         0          0          0          0          0       9460   event_groups.o
       744        168          0         24      20480       3935   heap_4.o
       148          0          0          0          0       3222   list.o
      1044        316       1024         28          0     290386   main.o
       172         22          0          0          0       2337   misc.o
       934        304          0         12          0      10373   port.o
      2184        262          0          0         64      13317   queue.o
       204         18          0          0          0       1745   spi.o
        36          8        304          0       1024        928   startup_stm32f10x_hd.o
       394         10          0          0          0       8769   stm32f10x_adc.o
       458          6          0          0          0       5550   stm32f10x_gpio.o
        36          0          0          0          0       3227   stm32f10x_it.o
       364         50          0         20          0       6631   stm32f10x_rcc.o
       112          0          0          0          0       4246   stm32f10x_spi.o
      2374        264          0          0          0      20848   stm32f10x_tim.o
       442          6          0          0          0       6717   stm32f10x_usart.o
       328         28          0         20          0       2333   system_stm32f10x.o
      3926       1058          0         60        740      31056   tasks.o
      1330        332          0         20         40       8831   timers.o

    ----------------------------------------------------------------------
     27430       4024       3456        324      22856     502609   Object Totals
         0          0         32          0          0          0   (incl. Generated)
        36          0          5          3          3          0   (incl. Padding)

    ----------------------------------------------------------------------

      Code (inc. data)   RO Data    RW Data    ZI Data      Debug   Library Member Name

       544         70        152          0          0        124   atan.o
        34          6          0          0          0        204   dunder.o
        40          0          0          0          0         68   fpclassify.o
       170          0          0          0          0         96   poly.o
       904         76        200          0          0        140   rred.o
       100         10          0          0          0         96   tan.o
       636         50         96          0          0        168   tan_i.o
        86          0          0          0          0          0   __dczerorl2.o
         0          0          0          0          0          0   entry.o
         0          0          0          0          0          0   entry10a.o
         0          0          0          0          0          0   entry11a.o
         8          4          0          0          0          0   entry2.o
         4          0          0          0          0          0   entry5.o
         0          0          0          0          0          0   entry7b.o
         0          0          0          0          0          0   entry8b.o
         8          4          0          0          0          0   entry9a.o
        12          6          0          4          0         68   errno.o
        30          0          0          0          0          0   handlers.o
        36          8          0          0          0         68   init.o
         0          0          0          0          0          0   iusefp.o
        30          0          0          0          0         68   llshl.o
        36          0          0          0          0         68   llsshr.o
        32          0          0          0          0         68   llushr.o
        36          0          0          0          0         68   memcpya.o
       472         14          0          0          0        184   printf3.o
         0          0          0          4          0          0   stdout.o
        44          0          0          0          0         80   uidiv.o
        20          0          0          0          0         68   cfcmple.o
        20          0          0          0          0         68   cfrcmple.o
        56          0          0          0          0         88   d2f.o
       334          0          0          0          0        148   dadd.o
       222          0          0          0          0        100   ddiv.o
       186          0          0          0          0        176   depilogue.o
        62          0          0          0          0         80   dfixi.o
        50          0          0          0          0         76   dfixui.o
        34          0          0          0          0         76   dflti.o
        26          0          0          0          0         76   dfltui.o
       228          0          0          0          0         96   dmul.o
        46          0          0          0          0         80   dscalb.o
        38          0          0          0          0         68   f2d.o
       176          0          0          0          0        140   fadd.o
       124          0          0          0          0         88   fdiv.o
       110          0          0          0          0        168   fepilogue.o
        50          0          0          0          0         68   ffixi.o
        40          0          0          0          0         68   ffixui.o
        18          0          0          0          0         68   fflti.o
       100          0          0          0          0         76   fmul.o

    ----------------------------------------------------------------------
      5210        248        448          8          4       3444   Library Totals
         8          0          0          0          4          0   (incl. Padding)

    ----------------------------------------------------------------------

      Code (inc. data)   RO Data    RW Data    ZI Data      Debug   Library Name

      2428        212        448          0          0        896   m_ws.l
       834         36          0          8          0        672   mc_w.l
      1940          0          0          0          0       1876   mf_w.l

    ----------------------------------------------------------------------
      5210        248        448          8          4       3444   Library Totals

    ----------------------------------------------------------------------

==============================================================================


      Code (inc. data)   RO Data    RW Data    ZI Data      Debug   

     32640       4272       3904        332      22860     491985   Grand Totals
     32640       4272       3904         52      22860     491985   ELF Image Totals (compressed)
     32640       4272       3904         52          0          0   ROM Totals

==============================================================================

    Total RO  Size (Code + RO Data)                36544 (  35.69kB)
    Total RW  Size (RW Data + ZI Data)             23192 (  22.65kB)
    Total ROM Size (Code + RO Data + RW Data)      36596 (  35.74kB)

==============================================================================

