<html>
<body>
<pre>
<h1>µVision Build Log</h1>
<h2>Tool Versions:</h2>
IDE-Version: ¦ÌVision V5.23.0.0
Copyright (C) 2017 ARM Ltd and ARM Germany GmbH. All rights reserved.
License Information: LI MINGXIN, CITYU, LIC=3UUUH-WZTJ1-TLGCD-8ZGQC-2QW68-JD0FH
 
Tool Versions:
Toolchain:       MDK-ARM Professional  Version: 5.23
Toolchain Path:  C:\Keil_v5\ARM\ARMCC\Bin
C Compiler:      Armcc.exe V5.06 update 4 (build 422)
Assembler:       Armasm.exe V5.06 update 4 (build 422)
Linker/Locator:  ArmLink.exe V5.06 update 4 (build 422)
Library Manager: ArmAr.exe V5.06 update 4 (build 422)
Hex Converter:   FromElf.exe V5.06 update 4 (build 422)
CPU DLL:         SARMCM3.DLL V5.23
Dialog DLL:      DCM.DLL V1.15.0.0
Target DLL:      CMSIS_AGDI.dll V1.27.5.0
Dialog DLL:      TCM.DLL V1.27.0.0
 
<h2>Project:</h2>
C:\Users\13366\Desktop\fsm_2208\Docs\packages\NF24L01\stm32\OpenCTR_H60V32_R20_1024_V3.01\Project\xproject.uvprojx
Project File Date:  08/20/2024

<h2>Output:</h2>
*** Using Compiler 'V5.06 update 4 (build 422)', folder: 'C:\Keil_v5\ARM\ARMCC\Bin'
Rebuild target 'OpenCTR'
compiling system_stm32f4xx.c...
compiling ax_mpu6050.c...
compiling ax_beep.c...
compiling ax_uart3.c...
compiling ax_uart1.c...
compiling ax_motor.c...
compiling ax_akm.c...
compiling ax_robot.c...
..\Robot\ax_robot.c(445): warning:  #177-D: variable "akm_offset"  was declared but never referenced
  	int16_t  akm_offset;
..\Robot\ax_robot.c: 1 warning, 0 errors
compiling ax_uart2.c...
compiling ax_sys.c...
compiling ax_vin.c...
compiling ax_key.c...
compiling ax_switch.c...
compiling ax_led.c...
compiling stm32f4xx_it.c...
..\Robot\stm32f4xx_it.c(127): warning:  #223-D: function "xPortSysTickHandler" declared implicitly
         xPortSysTickHandler();
..\Robot\stm32f4xx_it.c: 1 warning, 0 errors
compiling ax_servo.c...
compiling ax_delay.c...
compiling main.c...
compiling ax_encoder.c...
compiling ax_speed.c...
compiling ax_control.c...
compiling ax_rgb.c...
compiling ax_kinematics.c...
compiling ax_uart4.c...
compiling ax_light.c...
compiling ax_can.c...
compiling ax_eeprom.c...
compiling ax_oled.c...
compiling ax_ps2.c...
compiling ax_sbus.c...
compiling misc.c...
compiling stm32f4xx_cec.c...
compiling stm32f4xx_adc.c...
compiling stm32f4xx_can.c...
compiling stm32f4xx_crc.c...
compiling stm32f4xx_cryp.c...
compiling stm32f4xx_cryp_des.c...
compiling stm32f4xx_dbgmcu.c...
compiling stm32f4xx_cryp_tdes.c...
compiling stm32f4xx_cryp_aes.c...
compiling stm32f4xx_dac.c...
compiling stm32f4xx_dcmi.c...
compiling stm32f4xx_dfsdm.c...
compiling stm32f4xx_dsi.c...
compiling stm32f4xx_dma.c...
compiling stm32f4xx_exti.c...
compiling stm32f4xx_dma2d.c...
compiling stm32f4xx_flash.c...
compiling stm32f4xx_flash_ramfunc.c...
compiling stm32f4xx_fmpi2c.c...
compiling stm32f4xx_fsmc.c...
compiling stm32f4xx_gpio.c...
compiling stm32f4xx_hash.c...
compiling stm32f4xx_iwdg.c...
compiling stm32f4xx_hash_md5.c...
compiling stm32f4xx_hash_sha1.c...
compiling stm32f4xx_i2c.c...
compiling stm32f4xx_lptim.c...
compiling stm32f4xx_pwr.c...
compiling stm32f4xx_qspi.c...
compiling stm32f4xx_rng.c...
assembling startup_stm32f40_41xxx.s...
compiling stm32f4xx_ltdc.c...
compiling stm32f4xx_rcc.c...
compiling croutine.c...
compiling event_groups.c...
compiling stm32f4xx_sdio.c...
compiling list.c...
compiling stm32f4xx_sai.c...
compiling stm32f4xx_spdifrx.c...
compiling stm32f4xx_rtc.c...
compiling timers.c...
compiling stm32f4xx_spi.c...
compiling queue.c...
compiling heap_4.c...
compiling stm32f4xx_syscfg.c...
compiling tasks.c...
compiling port.c...
compiling stm32f4xx_wwdg.c...
compiling stm32f4xx_tim.c...
compiling stm32f4xx_usart.c...
linking...
Program Size: Code=34644 RO-data=3604 RW-data=324 ZI-data=78932  
FromELF: creating hex file...
".\Objects\xproject.axf" - 0 Error(s), 2 Warning(s).

<h2>Collection of Component include folders:</h2>
  .\RTE\_OpenCTR
  C:\Keil_v5\ARM\PACK\Keil\STM32F4xx_DFP\2.14.0\Drivers\CMSIS\Device\ST\STM32F4xx\Include

<h2>Collection of Component Files used:</h2>
Build Time Elapsed:  00:00:03
</pre>
</body>
</html>
