2025-03-13 17:26:51,924 - auto_tracker_data_process_pysurvive - INFO - Initializing pysurvive tracking system...
2025-03-13 17:27:01,951 - auto_tracker_data_process_pysurvive - INFO - pysurvive initialized successfully!
2025-03-13 17:27:01,951 - auto_tracker_data_process_pysurvive - INFO - Found 2 tracking devices:
2025-03-13 17:27:01,951 - auto_tracker_data_process_pysurvive - INFO -   - LH0
2025-03-13 17:27:01,951 - auto_tracker_data_process_pysurvive - INFO -   - LH1
2025-03-13 17:27:01,953 - auto_tracker_data_process_pysurvive - INFO - Successfully opened serial port: /dev/ttyUSB0
2025-03-13 17:27:01,953 - auto_tracker_data_process_pysurvive - INFO - Created new Euler data file: tracker_data_process_2025-March-13-Thu-17-26-51/data/euler.csv
2025-03-13 17:28:33,816 - auto_tracker_data_process_pysurvive - INFO - 
[System] Starting continuous data recording (laser_tracker.csv)...
2025-03-13 17:28:33,823 - auto_tracker_data_process_pysurvive - INFO - Sent A69 data request command: 0x2
2025-03-13 17:28:33,923 - auto_tracker_data_process_pysurvive - ERROR - Invalid data packet: []
2025-03-13 17:28:33,923 - auto_tracker_data_process_pysurvive - WARNING - [Warning] No valid data received, resending request...
2025-03-13 17:28:33,944 - auto_tracker_data_process_pysurvive - INFO - Sent A69 data request command: 0x2
2025-03-13 17:28:34,044 - auto_tracker_data_process_pysurvive - ERROR - Invalid data packet: []
2025-03-13 17:28:34,045 - auto_tracker_data_process_pysurvive - WARNING - [Warning] No valid data received, resending request...
2025-03-13 17:28:34,065 - auto_tracker_data_process_pysurvive - INFO - Sent A69 data request command: 0x2
2025-03-13 17:28:34,166 - auto_tracker_data_process_pysurvive - ERROR - Invalid data packet: []
2025-03-13 17:28:34,166 - auto_tracker_data_process_pysurvive - WARNING - [Warning] No valid data received, resending request...
2025-03-13 17:28:34,186 - auto_tracker_data_process_pysurvive - INFO - Sent A69 data request command: 0x2
2025-03-13 17:28:34,287 - auto_tracker_data_process_pysurvive - ERROR - Invalid data packet: []
2025-03-13 17:28:34,287 - auto_tracker_data_process_pysurvive - WARNING - [Warning] No valid data received, resending request...
2025-03-13 17:28:34,307 - auto_tracker_data_process_pysurvive - INFO - Sent A69 data request command: 0x2
2025-03-13 17:28:34,408 - auto_tracker_data_process_pysurvive - ERROR - Invalid data packet: []
2025-03-13 17:28:34,408 - auto_tracker_data_process_pysurvive - WARNING - [Warning] No valid data received, resending request...
2025-03-13 17:28:34,428 - auto_tracker_data_process_pysurvive - INFO - Sent A69 data request command: 0x2
2025-03-13 17:28:34,529 - auto_tracker_data_process_pysurvive - ERROR - Invalid data packet: []
2025-03-13 17:28:34,529 - auto_tracker_data_process_pysurvive - WARNING - [Warning] No valid data received, resending request...
2025-03-13 17:28:34,549 - auto_tracker_data_process_pysurvive - INFO - Sent A69 data request command: 0x2
2025-03-13 17:28:34,650 - auto_tracker_data_process_pysurvive - ERROR - Invalid data packet: []
2025-03-13 17:28:34,650 - auto_tracker_data_process_pysurvive - WARNING - [Warning] No valid data received, resending request...
2025-03-13 17:28:34,670 - auto_tracker_data_process_pysurvive - INFO - Sent A69 data request command: 0x2
2025-03-13 17:28:34,771 - auto_tracker_data_process_pysurvive - ERROR - Invalid data packet: []
2025-03-13 17:28:34,771 - auto_tracker_data_process_pysurvive - WARNING - [Warning] No valid data received, resending request...
2025-03-13 17:28:34,791 - auto_tracker_data_process_pysurvive - INFO - Sent A69 data request command: 0x2
2025-03-13 17:28:34,892 - auto_tracker_data_process_pysurvive - ERROR - Invalid data packet: []
2025-03-13 17:28:34,892 - auto_tracker_data_process_pysurvive - WARNING - [Warning] No valid data received, resending request...
2025-03-13 17:28:34,912 - auto_tracker_data_process_pysurvive - INFO - Sent A69 data request command: 0x2
2025-03-13 17:28:35,013 - auto_tracker_data_process_pysurvive - ERROR - Invalid data packet: []
2025-03-13 17:28:35,013 - auto_tracker_data_process_pysurvive - WARNING - [Warning] No valid data received, resending request...
2025-03-13 17:28:35,034 - auto_tracker_data_process_pysurvive - INFO - Sent A69 data request command: 0x2
2025-03-13 17:28:35,134 - auto_tracker_data_process_pysurvive - ERROR - Invalid data packet: []
2025-03-13 17:28:35,134 - auto_tracker_data_process_pysurvive - WARNING - [Warning] No valid data received, resending request...
2025-03-13 17:28:35,155 - auto_tracker_data_process_pysurvive - INFO - Sent A69 data request command: 0x2
2025-03-13 17:28:35,255 - auto_tracker_data_process_pysurvive - ERROR - Invalid data packet: []
2025-03-13 17:28:35,256 - auto_tracker_data_process_pysurvive - WARNING - [Warning] No valid data received, resending request...
2025-03-13 17:28:35,276 - auto_tracker_data_process_pysurvive - INFO - Sent A69 data request command: 0x2
2025-03-13 17:28:35,376 - auto_tracker_data_process_pysurvive - ERROR - Invalid data packet: []
2025-03-13 17:28:35,377 - auto_tracker_data_process_pysurvive - WARNING - [Warning] No valid data received, resending request...
2025-03-13 17:28:35,397 - auto_tracker_data_process_pysurvive - INFO - Sent A69 data request command: 0x2
2025-03-13 17:28:35,498 - auto_tracker_data_process_pysurvive - ERROR - Invalid data packet: []
2025-03-13 17:28:35,498 - auto_tracker_data_process_pysurvive - WARNING - [Warning] No valid data received, resending request...
2025-03-13 17:28:35,518 - auto_tracker_data_process_pysurvive - INFO - Sent A69 data request command: 0x2
2025-03-13 17:28:35,619 - auto_tracker_data_process_pysurvive - ERROR - Invalid data packet: []
2025-03-13 17:28:35,619 - auto_tracker_data_process_pysurvive - WARNING - [Warning] No valid data received, resending request...
2025-03-13 17:28:35,639 - auto_tracker_data_process_pysurvive - INFO - Sent A69 data request command: 0x2
2025-03-13 17:28:35,740 - auto_tracker_data_process_pysurvive - ERROR - Invalid data packet: []
2025-03-13 17:28:35,740 - auto_tracker_data_process_pysurvive - WARNING - [Warning] No valid data received, resending request...
2025-03-13 17:28:35,760 - auto_tracker_data_process_pysurvive - INFO - Sent A69 data request command: 0x2
2025-03-13 17:28:35,860 - auto_tracker_data_process_pysurvive - ERROR - Invalid data packet: []
2025-03-13 17:28:35,861 - auto_tracker_data_process_pysurvive - WARNING - [Warning] No valid data received, resending request...
2025-03-13 17:28:35,881 - auto_tracker_data_process_pysurvive - INFO - Sent A69 data request command: 0x2
2025-03-13 17:28:35,982 - auto_tracker_data_process_pysurvive - ERROR - Invalid data packet: []
2025-03-13 17:28:35,982 - auto_tracker_data_process_pysurvive - WARNING - [Warning] No valid data received, resending request...
2025-03-13 17:28:36,002 - auto_tracker_data_process_pysurvive - INFO - Sent A69 data request command: 0x2
2025-03-13 17:28:36,103 - auto_tracker_data_process_pysurvive - ERROR - Invalid data packet: []
2025-03-13 17:28:36,103 - auto_tracker_data_process_pysurvive - WARNING - [Warning] No valid data received, resending request...
2025-03-13 17:28:36,123 - auto_tracker_data_process_pysurvive - INFO - Sent A69 data request command: 0x2
2025-03-13 17:28:36,224 - auto_tracker_data_process_pysurvive - ERROR - Invalid data packet: []
2025-03-13 17:28:36,224 - auto_tracker_data_process_pysurvive - WARNING - [Warning] No valid data received, resending request...
2025-03-13 17:28:36,244 - auto_tracker_data_process_pysurvive - INFO - Sent A69 data request command: 0x2
2025-03-13 17:28:36,345 - auto_tracker_data_process_pysurvive - ERROR - Invalid data packet: []
2025-03-13 17:28:36,345 - auto_tracker_data_process_pysurvive - WARNING - [Warning] No valid data received, resending request...
2025-03-13 17:28:36,366 - auto_tracker_data_process_pysurvive - INFO - Sent A69 data request command: 0x2
2025-03-13 17:28:36,467 - auto_tracker_data_process_pysurvive - ERROR - Invalid data packet: []
2025-03-13 17:28:36,467 - auto_tracker_data_process_pysurvive - WARNING - [Warning] No valid data received, resending request...
2025-03-13 17:28:36,488 - auto_tracker_data_process_pysurvive - INFO - Sent A69 data request command: 0x2
2025-03-13 17:28:36,588 - auto_tracker_data_process_pysurvive - ERROR - Invalid data packet: []
2025-03-13 17:28:36,589 - auto_tracker_data_process_pysurvive - WARNING - [Warning] No valid data received, resending request...
2025-03-13 17:28:36,609 - auto_tracker_data_process_pysurvive - INFO - Sent A69 data request command: 0x2
2025-03-13 17:28:36,709 - auto_tracker_data_process_pysurvive - ERROR - Invalid data packet: []
2025-03-13 17:28:36,710 - auto_tracker_data_process_pysurvive - WARNING - [Warning] No valid data received, resending request...
2025-03-13 17:28:36,730 - auto_tracker_data_process_pysurvive - INFO - Sent A69 data request command: 0x2
2025-03-13 17:28:36,831 - auto_tracker_data_process_pysurvive - ERROR - Invalid data packet: []
2025-03-13 17:28:36,831 - auto_tracker_data_process_pysurvive - WARNING - [Warning] No valid data received, resending request...
2025-03-13 17:28:36,851 - auto_tracker_data_process_pysurvive - INFO - Sent A69 data request command: 0x2
2025-03-13 17:28:36,951 - auto_tracker_data_process_pysurvive - ERROR - Invalid data packet: []
2025-03-13 17:28:36,951 - auto_tracker_data_process_pysurvive - WARNING - [Warning] No valid data received, resending request...
2025-03-13 17:28:36,972 - auto_tracker_data_process_pysurvive - INFO - Sent A69 data request command: 0x2
2025-03-13 17:28:37,072 - auto_tracker_data_process_pysurvive - ERROR - Invalid data packet: []
2025-03-13 17:28:37,073 - auto_tracker_data_process_pysurvive - WARNING - [Warning] No valid data received, resending request...
2025-03-13 17:28:37,093 - auto_tracker_data_process_pysurvive - INFO - Sent A69 data request command: 0x2
2025-03-13 17:28:37,194 - auto_tracker_data_process_pysurvive - ERROR - Invalid data packet: []
2025-03-13 17:28:37,194 - auto_tracker_data_process_pysurvive - WARNING - [Warning] No valid data received, resending request...
2025-03-13 17:28:37,214 - auto_tracker_data_process_pysurvive - INFO - Sent A69 data request command: 0x2
2025-03-13 17:28:37,315 - auto_tracker_data_process_pysurvive - ERROR - Invalid data packet: []
2025-03-13 17:28:37,315 - auto_tracker_data_process_pysurvive - WARNING - [Warning] No valid data received, resending request...
2025-03-13 17:28:37,335 - auto_tracker_data_process_pysurvive - INFO - Sent A69 data request command: 0x2
2025-03-13 17:28:37,436 - auto_tracker_data_process_pysurvive - ERROR - Invalid data packet: []
2025-03-13 17:28:37,436 - auto_tracker_data_process_pysurvive - WARNING - [Warning] No valid data received, resending request...
2025-03-13 17:28:37,456 - auto_tracker_data_process_pysurvive - INFO - Sent A69 data request command: 0x2
2025-03-13 17:28:37,557 - auto_tracker_data_process_pysurvive - ERROR - Invalid data packet: []
2025-03-13 17:28:37,557 - auto_tracker_data_process_pysurvive - WARNING - [Warning] No valid data received, resending request...
2025-03-13 17:28:37,577 - auto_tracker_data_process_pysurvive - INFO - Sent A69 data request command: 0x2
2025-03-13 17:28:37,678 - auto_tracker_data_process_pysurvive - ERROR - Invalid data packet: []
2025-03-13 17:28:37,678 - auto_tracker_data_process_pysurvive - WARNING - [Warning] No valid data received, resending request...
2025-03-13 17:28:37,698 - auto_tracker_data_process_pysurvive - INFO - Sent A69 data request command: 0x2
2025-03-13 17:28:37,799 - auto_tracker_data_process_pysurvive - ERROR - Invalid data packet: []
2025-03-13 17:28:37,799 - auto_tracker_data_process_pysurvive - WARNING - [Warning] No valid data received, resending request...
2025-03-13 17:28:37,820 - auto_tracker_data_process_pysurvive - INFO - Sent A69 data request command: 0x2
2025-03-13 17:28:37,920 - auto_tracker_data_process_pysurvive - ERROR - Invalid data packet: []
2025-03-13 17:28:37,920 - auto_tracker_data_process_pysurvive - WARNING - [Warning] No valid data received, resending request...
2025-03-13 17:28:37,941 - auto_tracker_data_process_pysurvive - INFO - Sent A69 data request command: 0x2
2025-03-13 17:28:38,041 - auto_tracker_data_process_pysurvive - ERROR - Invalid data packet: []
2025-03-13 17:28:38,041 - auto_tracker_data_process_pysurvive - WARNING - [Warning] No valid data received, resending request...
2025-03-13 17:28:38,062 - auto_tracker_data_process_pysurvive - INFO - Sent A69 data request command: 0x2
2025-03-13 17:28:38,162 - auto_tracker_data_process_pysurvive - ERROR - Invalid data packet: []
2025-03-13 17:28:38,162 - auto_tracker_data_process_pysurvive - WARNING - [Warning] No valid data received, resending request...
2025-03-13 17:28:38,183 - auto_tracker_data_process_pysurvive - INFO - Sent A69 data request command: 0x2
2025-03-13 17:28:38,283 - auto_tracker_data_process_pysurvive - ERROR - Invalid data packet: []
2025-03-13 17:28:38,284 - auto_tracker_data_process_pysurvive - WARNING - [Warning] No valid data received, resending request...
2025-03-13 17:28:38,304 - auto_tracker_data_process_pysurvive - INFO - Sent A69 data request command: 0x2
2025-03-13 17:28:38,405 - auto_tracker_data_process_pysurvive - ERROR - Invalid data packet: []
2025-03-13 17:28:38,405 - auto_tracker_data_process_pysurvive - WARNING - [Warning] No valid data received, resending request...
2025-03-13 17:28:38,425 - auto_tracker_data_process_pysurvive - INFO - Sent A69 data request command: 0x2
2025-03-13 17:28:38,526 - auto_tracker_data_process_pysurvive - ERROR - Invalid data packet: []
2025-03-13 17:28:38,526 - auto_tracker_data_process_pysurvive - WARNING - [Warning] No valid data received, resending request...
2025-03-13 17:28:38,546 - auto_tracker_data_process_pysurvive - INFO - Sent A69 data request command: 0x2
2025-03-13 17:28:38,647 - auto_tracker_data_process_pysurvive - ERROR - Invalid data packet: []
2025-03-13 17:28:38,647 - auto_tracker_data_process_pysurvive - WARNING - [Warning] No valid data received, resending request...
2025-03-13 17:28:38,668 - auto_tracker_data_process_pysurvive - INFO - Sent A69 data request command: 0x2
2025-03-13 17:28:38,768 - auto_tracker_data_process_pysurvive - ERROR - Invalid data packet: []
2025-03-13 17:28:38,769 - auto_tracker_data_process_pysurvive - WARNING - [Warning] No valid data received, resending request...
2025-03-13 17:28:38,789 - auto_tracker_data_process_pysurvive - INFO - Sent A69 data request command: 0x2
2025-03-13 17:28:38,889 - auto_tracker_data_process_pysurvive - ERROR - Invalid data packet: []
2025-03-13 17:28:38,890 - auto_tracker_data_process_pysurvive - WARNING - [Warning] No valid data received, resending request...
2025-03-13 17:28:38,910 - auto_tracker_data_process_pysurvive - INFO - Sent A69 data request command: 0x2
2025-03-13 17:28:39,011 - auto_tracker_data_process_pysurvive - ERROR - Invalid data packet: []
2025-03-13 17:28:39,011 - auto_tracker_data_process_pysurvive - WARNING - [Warning] No valid data received, resending request...
2025-03-13 17:28:39,031 - auto_tracker_data_process_pysurvive - INFO - Sent A69 data request command: 0x2
2025-03-13 17:28:39,131 - auto_tracker_data_process_pysurvive - ERROR - Invalid data packet: []
2025-03-13 17:28:39,132 - auto_tracker_data_process_pysurvive - WARNING - [Warning] No valid data received, resending request...
2025-03-13 17:28:39,152 - auto_tracker_data_process_pysurvive - INFO - Sent A69 data request command: 0x2
2025-03-13 17:28:39,252 - auto_tracker_data_process_pysurvive - ERROR - Invalid data packet: []
2025-03-13 17:28:39,253 - auto_tracker_data_process_pysurvive - WARNING - [Warning] No valid data received, resending request...
2025-03-13 17:28:39,273 - auto_tracker_data_process_pysurvive - INFO - Sent A69 data request command: 0x2
2025-03-13 17:28:39,374 - auto_tracker_data_process_pysurvive - ERROR - Invalid data packet: []
2025-03-13 17:28:39,374 - auto_tracker_data_process_pysurvive - WARNING - [Warning] No valid data received, resending request...
2025-03-13 17:28:39,375 - auto_tracker_data_process_pysurvive - INFO - 
[System] Stopping continuous data recording
2025-03-13 17:28:45,943 - auto_tracker_data_process_pysurvive - INFO - 
[System] Starting continuous data recording (laser_tracker.csv)...
2025-03-13 17:28:45,947 - auto_tracker_data_process_pysurvive - INFO - Sent A69 data request command: 0x2
2025-03-13 17:28:46,047 - auto_tracker_data_process_pysurvive - ERROR - Invalid data packet: []
2025-03-13 17:28:46,048 - auto_tracker_data_process_pysurvive - WARNING - [Warning] No valid data received, resending request...
2025-03-13 17:28:46,068 - auto_tracker_data_process_pysurvive - INFO - Sent A69 data request command: 0x2
2025-03-13 17:28:46,169 - auto_tracker_data_process_pysurvive - ERROR - Invalid data packet: []
2025-03-13 17:28:46,169 - auto_tracker_data_process_pysurvive - WARNING - [Warning] No valid data received, resending request...
2025-03-13 17:28:46,189 - auto_tracker_data_process_pysurvive - INFO - Sent A69 data request command: 0x2
2025-03-13 17:28:46,290 - auto_tracker_data_process_pysurvive - ERROR - Invalid data packet: []
2025-03-13 17:28:46,290 - auto_tracker_data_process_pysurvive - WARNING - [Warning] No valid data received, resending request...
2025-03-13 17:28:46,296 - auto_tracker_data_process_pysurvive - INFO - 
[System] Stopping continuous data recording
2025-03-13 17:28:59,223 - auto_tracker_data_process_pysurvive - INFO - 
[System] Starting single record mode for Euler data...
