Component: ARM Compiler 5.06 update 4 (build 422) Tool: armlink [4d35d2]

==============================================================================

Section Cross References

    main.o(i.Start_Task) refers to ax_servo.o(i.AX_SERVO_S1_SetAngle) for AX_SERVO_S1_SetAngle
    main.o(i.Start_Task) refers to ax_servo.o(i.AX_SERVO_S2_SetAngle) for AX_SERVO_S2_SetAngle
    main.o(i.Start_Task) refers to ax_servo.o(i.AX_SERVO_S3_SetAngle) for AX_SERVO_S3_SetAngle
    main.o(i.Start_Task) refers to stm32f10x_gpio.o(i.GPIO_ResetBits) for GPIO_ResetBits
    main.o(i.Start_Task) refers to ax_delay.o(i.AX_Delayms) for AX_Delayms
    main.o(i.Start_Task) refers to stm32f10x_gpio.o(i.GPIO_SetBits) for GPIO_SetBits
    main.o(i.Start_Task) refers to ax_mpu6050.o(i.AX_MPU6050_GetGyroData) for AX_MPU6050_GetGyroData
    main.o(i.Start_Task) refers to ax_oled.o(i.AX_OLED_ClearScreen) for AX_OLED_ClearScreen
    main.o(i.Start_Task) refers to ax_oled.o(i.AX_OLED_DispStr) for AX_OLED_DispStr
    main.o(i.Start_Task) refers to port.o(i.vPortEnterCritical) for vPortEnterCritical
    main.o(i.Start_Task) refers to tasks.o(i.xTaskCreate) for xTaskCreate
    main.o(i.Start_Task) refers to tasks.o(i.vTaskDelete) for vTaskDelete
    main.o(i.Start_Task) refers to port.o(i.vPortExitCritical) for vPortExitCritical
    main.o(i.Start_Task) refers to ax_robot.o(.data) for ax_imu_gyro_offset
    main.o(i.Start_Task) refers to main.o(.data) for Robot_Task_Handle
    main.o(i.Start_Task) refers to ax_robot.o(i.Robot_Task) for Robot_Task
    main.o(i.Start_Task) refers to ax_robot.o(i.Key_Task) for Key_Task
    main.o(i.Start_Task) refers to ax_robot.o(i.Disp_Task) for Disp_Task
    main.o(i.Start_Task) refers to ax_robot.o(i.Trivia_Task) for Trivia_Task
    main.o(i.Start_Task) refers to ax_robot.o(i.Ps2_Task) for Ps2_Task
    main.o(i.Start_Task) refers to ax_robot.o(i.A69_Task) for A69_Task
    main.o(i.main) refers to misc.o(i.NVIC_PriorityGroupConfig) for NVIC_PriorityGroupConfig
    main.o(i.main) refers to ax_servo.o(i.AX_SERVO_S1234_Init) for AX_SERVO_S1234_Init
    main.o(i.main) refers to ax_motor.o(i.AX_MOTOR_Init) for AX_MOTOR_Init
    main.o(i.main) refers to ax_delay.o(i.AX_DELAY_Init) for AX_DELAY_Init
    main.o(i.main) refers to ax_sys.o(i.AX_JTAG_Set) for AX_JTAG_Set
    main.o(i.main) refers to ax_led.o(i.AX_LED_Init) for AX_LED_Init
    main.o(i.main) refers to ax_key.o(i.AX_KEY_Init) for AX_KEY_Init
    main.o(i.main) refers to ax_vin.o(i.AX_VIN_Init) for AX_VIN_Init
    main.o(i.main) refers to ax_beep.o(i.AX_BEEP_Init) for AX_BEEP_Init
    main.o(i.main) refers to ax_uart1.o(i.AX_UART1_Init) for AX_UART1_Init
    main.o(i.main) refers to ax_uart2.o(i.AX_UART2_Init) for AX_UART2_Init
    main.o(i.main) refers to ax_ps2.o(i.AX_PS2_Init) for AX_PS2_Init
    main.o(i.main) refers to ax_encoder.o(i.AX_ENCODER_A_Init) for AX_ENCODER_A_Init
    main.o(i.main) refers to ax_encoder.o(i.AX_ENCODER_B_Init) for AX_ENCODER_B_Init
    main.o(i.main) refers to a69.o(i.A69_Init) for A69_Init
    main.o(i.main) refers to ax_oled.o(i.AX_OLED_Init) for AX_OLED_Init
    main.o(i.main) refers to ax_oled.o(i.AX_OLED_DispPicture) for AX_OLED_DispPicture
    main.o(i.main) refers to ax_mpu6050.o(i.AX_MPU6050_Init) for AX_MPU6050_Init
    main.o(i.main) refers to ax_mpu6050.o(i.AX_MPU6050_SetAccRange) for AX_MPU6050_SetAccRange
    main.o(i.main) refers to ax_mpu6050.o(i.AX_MPU6050_SetGyroRange) for AX_MPU6050_SetGyroRange
    main.o(i.main) refers to ax_mpu6050.o(i.AX_MPU6050_SetGyroSmplRate) for AX_MPU6050_SetGyroSmplRate
    main.o(i.main) refers to ax_mpu6050.o(i.AX_MPU6050_SetDLPF) for AX_MPU6050_SetDLPF
    main.o(i.main) refers to stm32f10x_gpio.o(i.GPIO_SetBits) for GPIO_SetBits
    main.o(i.main) refers to ax_delay.o(i.AX_Delayms) for AX_Delayms
    main.o(i.main) refers to stm32f10x_gpio.o(i.GPIO_ResetBits) for GPIO_ResetBits
    main.o(i.main) refers to tasks.o(i.xTaskCreate) for xTaskCreate
    main.o(i.main) refers to tasks.o(i.vTaskStartScheduler) for vTaskStartScheduler
    main.o(i.main) refers to main.o(.constdata) for PIC64X128_XTARK
    main.o(i.main) refers to main.o(.data) for StartTask_Handler
    main.o(i.main) refers to main.o(i.Start_Task) for Start_Task
    stm32f10x_it.o(i.SysTick_Handler) refers to tasks.o(i.xTaskGetSchedulerState) for xTaskGetSchedulerState
    stm32f10x_it.o(i.SysTick_Handler) refers to port.o(i.xPortSysTickHandler) for xPortSysTickHandler
    system_stm32f10x.o(i.SetSysClock) refers to system_stm32f10x.o(i.SetSysClockTo72) for SetSysClockTo72
    system_stm32f10x.o(i.SystemCoreClockUpdate) refers to system_stm32f10x.o(.data) for SystemCoreClock
    system_stm32f10x.o(i.SystemInit) refers to system_stm32f10x.o(i.SetSysClock) for SetSysClock
    ax_kinematics.o(i.AX_ROBOT_Kinematics) refers to ax_kinematics.o(i.ROBOT_AKM_Kinematics) for ROBOT_AKM_Kinematics
    ax_kinematics.o(i.AX_ROBOT_Kinematics) refers to ax_robot.o(.data) for ax_robot_move_enable
[...]
    uart2_rx_ok                              0x200000c7   Data           1  ax_uart2.o(.data)
    uart2_rx_con                             0x200000c8   Data           1  ax_uart2.o(.data)
    uart2_rx_checksum                        0x200000c9   Data           1  ax_uart2.o(.data)
    .data                                    0x200000ca   Section        6  ax_sbus.o(.data)
    uart_sbus_rx_ok                          0x200000ca   Data           1  ax_sbus.o(.data)
    uart_sbus_rx_con                         0x200000cb   Data           1  ax_sbus.o(.data)
    sbus_buf                                 0x200000cc   Data           4  ax_sbus.o(.data)
    .data                                    0x200000d0   Section        4  a69.o(.data)
    rxWriteIndex                             0x200000d0   Data           2  a69.o(.data)
    rxReadIndex                              0x200000d2   Data           2  a69.o(.data)
    .data                                    0x200000d4   Section       24  usart3.o(.data)
    state                                    0x200000d4   Data           1  usart3.o(.data)
    crc                                      0x200000d5   Data           1  usart3.o(.data)
    cnt                                      0x200000d6   Data           1  usart3.o(.data)
    PACK_FLAG                                0x200000d7   Data           1  usart3.o(.data)
    data_len                                 0x200000d8   Data           1  usart3.o(.data)
    timestamp                                0x200000dc   Data           4  usart3.o(.data)
    state_flag                               0x200000e0   Data           1  usart3.o(.data)
    state_num                                0x200000e1   Data           1  usart3.o(.data)
    cnt                                      0x200000e2   Data           1  usart3.o(.data)
    count                                    0x200000e4   Data           2  usart3.o(.data)
    sum                                      0x200000e8   Data           4  usart3.o(.data)
    .data                                    0x200000ec   Section       16  usart4.o(.data)
    state4                                   0x200000ec   Data           1  usart4.o(.data)
    crc4                                     0x200000ed   Data           1  usart4.o(.data)
    cnt4                                     0x200000ee   Data           1  usart4.o(.data)
    PACK_FLAG4                               0x200000ef   Data           1  usart4.o(.data)
    data_len4                                0x200000f0   Data           1  usart4.o(.data)
    timestamp4                               0x200000f4   Data           4  usart4.o(.data)
    state_flag4                              0x200000f8   Data           1  usart4.o(.data)
    state_num                                0x200000f9   Data           1  usart4.o(.data)
    count                                    0x200000fa   Data           2  usart4.o(.data)
    .data                                    0x200000fc   Section       60  tasks.o(.data)
    pxDelayedTaskList                        0x20000100   Data           4  tasks.o(.data)
    pxOverflowDelayedTaskList                0x20000104   Data           4  tasks.o(.data)
    uxDeletedTasksWaitingCleanUp             0x20000108   Data           4  tasks.o(.data)
    uxCurrentNumberOfTasks                   0x2000010c   Data           4  tasks.o(.data)
    xTickCount                               0x20000110   Data           4  tasks.o(.data)
    uxTopReadyPriority                       0x20000114   Data           4  tasks.o(.data)
    xSchedulerRunning                        0x20000118   Data           4  tasks.o(.data)
    uxPendedTicks                            0x2000011c   Data           4  tasks.o(.data)
    xYieldPending                            0x20000120   Data           4  tasks.o(.data)
    xNumOfOverflows                          0x20000124   Data           4  tasks.o(.data)
    uxTaskNumber                             0x20000128   Data           4  tasks.o(.data)
    xNextTaskUnblockTime                     0x2000012c   Data           4  tasks.o(.data)
    xIdleTaskHandle                          0x20000130   Data           4  tasks.o(.data)
    uxSchedulerSuspended                     0x20000134   Data           4  tasks.o(.data)
    .data                                    0x20000138   Section       20  timers.o(.data)
    pxCurrentTimerList                       0x20000138   Data           4  timers.o(.data)
    pxOverflowTimerList                      0x2000013c   Data           4  timers.o(.data)
    xTimerQueue                              0x20000140   Data           4  timers.o(.data)
    xTimerTaskHandle                         0x20000144   Data           4  timers.o(.data)
    xLastTime                                0x20000148   Data           4  timers.o(.data)
    .data                                    0x2000014c   Section       24  heap_4.o(.data)
    xStart                                   0x2000014c   Data           8  heap_4.o(.data)
    pxEnd                                    0x20000154   Data           4  heap_4.o(.data)
    xFreeBytesRemaining                      0x20000158   Data           4  heap_4.o(.data)
    xMinimumEverFreeBytesRemaining           0x2000015c   Data           4  heap_4.o(.data)
    xBlockAllocatedBit                       0x20000160   Data           4  heap_4.o(.data)
    .data                                    0x20000164   Section       12  port.o(.data)
    uxCriticalNesting                        0x20000164   Data           4  port.o(.data)
    ucMaxSysCallPriority                     0x20000168   Data           1  port.o(.data)
    ulMaxPRIGROUPValue                       0x2000016c   Data           4  port.o(.data)
    .data                                    0x20000170   Section       20  stm32f10x_rcc.o(.data)
    APBAHBPrescTable                         0x20000170   Data          16  stm32f10x_rcc.o(.data)
    ADCPrescTable                            0x20000180   Data           4  stm32f10x_rcc.o(.data)
    .data                                    0x20000184   Section        4  stdout.o(.data)
    .data                                    0x20000188   Section        4  errno.o(.data)
    _errno                                   0x20000188   Data           4  errno.o(.data)
    .bss                                     0x20000190   Section      104  ax_robot.o(.bss)
    comdata                                  0x200001e4   Data          20  ax_robot.o(.bss)
    .bss                                     0x200001f8   Section       32  ax_control.o(.bss)
    comdata                                  0x200001f8   Data          16  ax_control.o(.bss)
    sbusdata                                 0x20000208   Data          16  ax_control.o(.bss)
    .bss                                     0x20000218   Section       80  ax_uart1.o(.bss)
    uart1_rx_buf                             0x20000218   Data          40  ax_uart1.o(.bss)
    uart1_tx_buf                             0x20000240   Data          40  ax_uart1.o(.bss)
    .bss                                     0x20000268   Section       80  ax_uart2.o(.bss)
    uart2_rx_buf                             0x20000268   Data          40  ax_uart2.o(.bss)
    uart2_tx_buf                             0x20000290   Data          40  ax_uart2.o(.bss)
    .bss                                     0x200002b8   Section       40  ax_sbus.o(.bss)
    uart_sbus_rx_buf                         0x200002b8   Data          40  ax_sbus.o(.bss)
    .bss                                     0x200002e0   Section        9  ax_ps2.o(.bss)
    PS2_data                                 0x200002e0   Data           9  ax_ps2.o(.bss)
    .bss                                     0x200002e9   Section      128  a69.o(.bss)
    rxBuffer                                 0x200002e9   Data         128  a69.o(.bss)
    .bss                                     0x2000036c   Section      260  usart3.o(.bss)
    .bss                                     0x20000470   Section      260  usart4.o(.bss)
    .bss                                     0x20000574   Section       64  queue.o(.bss)
    .bss                                     0x200005b4   Section      740  tasks.o(.bss)
    pxReadyTasksLists                        0x200005b4   Data         640  tasks.o(.bss)
    xDelayedTaskList1                        0x20000834   Data          20  tasks.o(.bss)
    xDelayedTaskList2                        0x20000848   Data          20  tasks.o(.bss)
    xPendingReadyList                        0x2000085c   Data          20  tasks.o(.bss)
    xTasksWaitingTermination                 0x20000870   Data          20  tasks.o(.bss)
    xSuspendedTaskList                       0x20000884   Data          20  tasks.o(.bss)
    .bss                                     0x20000898   Section       40  timers.o(.bss)
    xActiveTimerList1                        0x20000898   Data          20  timers.o(.bss)
    xActiveTimerList2                        0x200008ac   Data          20  timers.o(.bss)
    .bss                                     0x200008c0   Section    20480  heap_4.o(.bss)
    ucHeap                                   0x200008c0   Data       20480  heap_4.o(.bss)
    STACK                                    0x200058c0   Section     1024  startup_stm32f10x_hd.o(STACK)

    Global Symbols

    Symbol Name                              Value     Ov Type        Size  Object(Section)

    BuildAttributes$$THM_ISAv4$P$D$K$B$S$PE$A:L22UL41UL21$X:L11$S22US41US21$IEEE1$IW$USESV6$~STKCKD$USESV7$~SHL$OTIME$ROPI$IEEEX$EBA8$MICROLIB$REQ8$PRES8$EABIv2 0x00000000   Number         0  anon$$obj.o ABSOLUTE
    __ARM_use_no_argv                        0x00000000   Number         0  main.o ABSOLUTE
    _printf_a                                0x00000000   Number         0  stubs.o ABSOLUTE
    _printf_c                                0x00000000   Number         0  stubs.o ABSOLUTE
    _printf_charcount                        0x00000000   Number         0  stubs.o ABSOLUTE
    _printf_d                                0x00000000   Number         0  stubs.o ABSOLUTE
    _printf_e                                0x00000000   Number         0  stubs.o ABSOLUTE
    _printf_f                                0x00000000   Number         0  stubs.o ABSOLUTE
    _printf_flags                            0x00000000   Number         0  stubs.o ABSOLUTE
    _printf_fp_dec                           0x00000000   Number         0  stubs.o ABSOLUTE
    _printf_fp_hex                           0x00000000   Number         0  stubs.o ABSOLUTE
    _printf_g                                0x00000000   Number         0  stubs.o ABSOLUTE
    _printf_i                                0x00000000   Number         0  stubs.o ABSOLUTE
    _printf_int_dec                          0x00000000   Number         0  stubs.o ABSOLUTE
    _printf_l                                0x00000000   Number         0  stubs.o ABSOLUTE
    _printf_lc                               0x00000000   Number         0  stubs.o ABSOLUTE
    _printf_ll                               0x00000000   Number         0  stubs.o ABSOLUTE
    _printf_lld                              0x00000000   Number         0  stubs.o ABSOLUTE
    _printf_lli                              0x00000000   Number         0  stubs.o ABSOLUTE
    _printf_llo                              0x00000000   Number         0  stubs.o ABSOLUTE
    _printf_llu                              0x00000000   Number         0  stubs.o ABSOLUTE
    _printf_llx                              0x00000000   Number         0  stubs.o ABSOLUTE
    _printf_longlong_dec                     0x00000000   Number         0  stubs.o ABSOLUTE
    _printf_longlong_hex                     0x00000000   Number         0  stubs.o ABSOLUTE
    _printf_longlong_oct                     0x00000000   Number         0  stubs.o ABSOLUTE
    _printf_ls                               0x00000000   Number         0  stubs.o ABSOLUTE
    _printf_mbtowc                           0x00000000   Number         0  stubs.o ABSOLUTE
    _printf_n                                0x00000000   Number         0  stubs.o ABSOLUTE
    _printf_o                                0x00000000   Number         0  stubs.o ABSOLUTE
    _printf_p                                0x00000000   Number         0  stubs.o ABSOLUTE
    _printf_percent                          0x00000000   Number         0  stubs.o ABSOLUTE
    _printf_pre_padding                      0x00000000   Number         0  stubs.o ABSOLUTE
    _printf_return_value                     0x00000000   Number         0  stubs.o ABSOLUTE
    _printf_s                                0x00000000   Number         0  stubs.o ABSOLUTE
    _printf_sizespec                         0x00000000   Number         0  stubs.o ABSOLUTE
    _printf_str                              0x00000000   Number         0  stubs.o ABSOLUTE
    _printf_truncate_signed                  0x00000000   Number         0  stubs.o ABSOLUTE
    _printf_truncate_unsigned                0x00000000   Number         0  stubs.o ABSOLUTE
    _printf_u                                0x00000000   Number         0  stubs.o ABSOLUTE
    _printf_wc                               0x00000000   Number         0  stubs.o ABSOLUTE
    _printf_wctomb                           0x00000000   Number         0  stubs.o ABSOLUTE
    _printf_widthprec                        0x00000000   Number         0  stubs.o ABSOLUTE
    _printf_x                                0x00000000   Number         0  stubs.o ABSOLUTE
    __cpp_initialize__aeabi_                  - Undefined Weak Reference
    __cxa_finalize                            - Undefined Weak Reference
    _clock_init                               - Undefined Weak Reference
    _microlib_exit                            - Undefined Weak Reference
    __Vectors_Size                           0x00000130   Number         0  startup_stm32f10x_hd.o ABSOLUTE
    __Vectors                                0x08000000   Data           4  startup_stm32f10x_hd.o(RESET)
    __Vectors_End                            0x08000130   Data           0  startup_stm32f10x_hd.o(RESET)
    __main                                   0x08000131   Thumb Code     0  entry.o(.ARM.Collect$$$$00000000)
    _main_stk                                0x08000131   Thumb Code     0  entry2.o(.ARM.Collect$$$$00000001)
    _main_scatterload                        0x08000135   Thumb Code     0  entry5.o(.ARM.Collect$$$$00000004)
    __main_after_scatterload                 0x08000139   Thumb Code     0  entry5.o(.ARM.Collect$$$$00000004)
    _main_clock                              0x08000139   Thumb Code     0  entry7b.o(.ARM.Collect$$$$00000008)
    _main_cpp_init                           0x08000139   Thumb Code     0  entry8b.o(.ARM.Collect$$$$0000000A)
    _main_init                               0x08000139   Thumb Code     0  entry9a.o(.ARM.Collect$$$$0000000B)
    __rt_final_cpp                           0x08000141   Thumb Code     0  entry10a.o(.ARM.Collect$$$$0000000D)
    __rt_final_exit                          0x08000141   Thumb Code     0  entry11a.o(.ARM.Collect$$$$0000000F)
    SVC_Handler                              0x08000145   Thumb Code    32  port.o(.emb_text)
    __asm___6_port_c_39a90d8d__prvStartFirstTask 0x08000169   Thumb Code    28  port.o(.emb_text)
    PendSV_Handler                           0x08000189   Thumb Code    72  port.o(.emb_text)
    vPortGetIPSR                             0x080001d5   Thumb Code     6  port.o(.emb_text)
    Reset_Handler                            0x080001dd   Thumb Code     8  startup_stm32f10x_hd.o(.text)
    ADC1_2_IRQHandler                        0x080001f7   Thumb Code     0  startup_stm32f10x_hd.o(.text)
    ADC3_IRQHandler                          0x080001f7   Thumb Code     0  startup_stm32f10x_hd.o(.text)
    CAN1_RX1_IRQHandler                      0x080001f7   Thumb Code     0  startup_stm32f10x_hd.o(.text)
    CAN1_SCE_IRQHandler                      0x080001f7   Thumb Code     0  startup_stm32f10x_hd.o(.text)
    DMA1_Channel1_IRQHandler                 0x080001f7   Thumb Code     0  startup_stm32f10x_hd.o(.text)
    DMA1_Channel2_IRQHandler                 0x080001f7   Thumb Code     0  startup_stm32f10x_hd.o(.text)
    DMA1_Channel3_IRQHandler                 0x080001f7   Thumb Code     0  startup_stm32f10x_hd.o(.text)
    DMA1_Channel4_IRQHandler                 0x080001f7   Thumb Code     0  startup_stm32f10x_hd.o(.text)
    DMA1_Channel5_IRQHandler                 0x080001f7   Thumb Code     0  startup_stm32f10x_hd.o(.text)
    DMA1_Channel6_IRQHandler                 0x080001f7   Thumb Code     0  startup_stm32f10x_hd.o(.text)
    DMA1_Channel7_IRQHandler                 0x080001f7   Thumb Code     0  startup_stm32f10x_hd.o(.text)
    DMA2_Channel1_IRQHandler                 0x080001f7   Thumb Code     0  startup_stm32f10x_hd.o(.text)
    DMA2_Channel2_IRQHandler                 0x080001f7   Thumb Code     0  startup_stm32f10x_hd.o(.text)
    DMA2_Channel3_IRQHandler                 0x080001f7   Thumb Code     0  startup_stm32f10x_hd.o(.text)
    DMA2_Channel4_5_IRQHandler               0x080001f7   Thumb Code     0  startup_stm32f10x_hd.o(.text)
    EXTI0_IRQHandler                         0x080001f7   Thumb Code     0  startup_stm32f10x_hd.o(.text)
    EXTI15_10_IRQHandler                     0x080001f7   Thumb Code     0  startup_stm32f10x_hd.o(.text)
    EXTI1_IRQHandler                         0x080001f7   Thumb Code     0  startup_stm32f10x_hd.o(.text)
    EXTI2_IRQHandler                         0x080001f7   Thumb Code     0  startup_stm32f10x_hd.o(.text)
    EXTI3_IRQHandler                         0x080001f7   Thumb Code     0  startup_stm32f10x_hd.o(.text)
    EXTI4_IRQHandler                         0x080001f7   Thumb Code     0  startup_stm32f10x_hd.o(.text)
    EXTI9_5_IRQHandler                       0x080001f7   Thumb Code     0  startup_stm32f10x_hd.o(.text)
    FLASH_IRQHandler                         0x080001f7   Thumb Code     0  startup_stm32f10x_hd.o(.text)
    FSMC_IRQHandler                          0x080001f7   Thumb Code     0  startup_stm32f10x_hd.o(.text)
    I2C1_ER_IRQHandler                       0x080001f7   Thumb Code     0  startup_stm32f10x_hd.o(.text)
    I2C1_EV_IRQHandler                       0x080001f7   Thumb Code     0  startup_stm32f10x_hd.o(.text)
    I2C2_ER_IRQHandler                       0x080001f7   Thumb Code     0  startup_stm32f10x_hd.o(.text)
    I2C2_EV_IRQHandler                       0x080001f7   Thumb Code     0  startup_stm32f10x_hd.o(.text)
    PVD_IRQHandler                           0x080001f7   Thumb Code     0  startup_stm32f10x_hd.o(.text)
    RCC_IRQHandler                           0x080001f7   Thumb Code     0  startup_stm32f10x_hd.o(.text)
    RTCAlarm_IRQHandler                      0x080001f7   Thumb Code     0  startup_stm32f10x_hd.o(.text)
    RTC_IRQHandler                           0x080001f7   Thumb Code     0  startup_stm32f10x_hd.o(.text)
    SDIO_IRQHandler                          0x080001f7   Thumb Code     0  startup_stm32f10x_hd.o(.text)
    SPI1_IRQHandler                          0x080001f7   Thumb Code     0  startup_stm32f10x_hd.o(.text)
    SPI2_IRQHandler                          0x080001f7   Thumb Code     0  startup_stm32f10x_hd.o(.text)
    SPI3_IRQHandler                          0x080001f7   Thumb Code     0  startup_stm32f10x_hd.o(.text)
    TAMPER_IRQHandler                        0x080001f7   Thumb Code     0  startup_stm32f10x_hd.o(.text)
    TIM1_BRK_IRQHandler                      0x080001f7   Thumb Code     0  startup_stm32f10x_hd.o(.text)
    TIM1_CC_IRQHandler                       0x080001f7   Thumb Code     0  startup_stm32f10x_hd.o(.text)
    TIM1_TRG_COM_IRQHandler                  0x080001f7   Thumb Code     0  startup_stm32f10x_hd.o(.text)
    TIM1_UP_IRQHandler                       0x080001f7   Thumb Code     0  startup_stm32f10x_hd.o(.text)
    TIM2_IRQHandler                          0x080001f7   Thumb Code     0  startup_stm32f10x_hd.o(.text)
    TIM3_IRQHandler                          0x080001f7   Thumb Code     0  startup_stm32f10x_hd.o(.text)
    TIM4_IRQHandler                          0x080001f7   Thumb Code     0  startup_stm32f10x_hd.o(.text)
    TIM5_IRQHandler                          0x080001f7   Thumb Code     0  startup_stm32f10x_hd.o(.text)
    TIM6_IRQHandler                          0x080001f7   Thumb Code     0  startup_stm32f10x_hd.o(.text)
    TIM7_IRQHandler                          0x080001f7   Thumb Code     0  startup_stm32f10x_hd.o(.text)
    TIM8_BRK_IRQHandler                      0x080001f7   Thumb Code     0  startup_stm32f10x_hd.o(.text)
    TIM8_CC_IRQHandler                       0x080001f7   Thumb Code     0  startup_stm32f10x_hd.o(.text)
    TIM8_TRG_COM_IRQHandler                  0x080001f7   Thumb Code     0  startup_stm32f10x_hd.o(.text)
    TIM8_UP_IRQHandler                       0x080001f7   Thumb Code     0  startup_stm32f10x_hd.o(.text)
    USBWakeUp_IRQHandler                     0x080001f7   Thumb Code     0  startup_stm32f10x_hd.o(.text)
    USB_HP_CAN1_TX_IRQHandler                0x080001f7   Thumb Code     0  startup_stm32f10x_hd.o(.text)
    USB_LP_CAN1_RX0_IRQHandler               0x080001f7   Thumb Code     0  startup_stm32f10x_hd.o(.text)
    WWDG_IRQHandler                          0x080001f7   Thumb Code     0  startup_stm32f10x_hd.o(.text)
    __aeabi_memcpy                           0x08000201   Thumb Code    36  memcpya.o(.text)
    __aeabi_memcpy4                          0x08000201   Thumb Code     0  memcpya.o(.text)
    __aeabi_memcpy8                          0x08000201   Thumb Code     0  memcpya.o(.text)
    __aeabi_fadd                             0x08000225   Thumb Code   164  fadd.o(.text)
    __aeabi_fsub                             0x080002c9   Thumb Code     6  fadd.o(.text)
    __aeabi_frsub                            0x080002cf   Thumb Code     6  fadd.o(.text)
    __aeabi_fmul                             0x080002d5   Thumb Code   100  fmul.o(.text)
    __aeabi_fdiv                             0x08000339   Thumb Code   124  fdiv.o(.text)
    __aeabi_dadd                             0x080003b5   Thumb Code   322  dadd.o(.text)
    __aeabi_dsub                             0x080004f7   Thumb Code     6  dadd.o(.text)
    __aeabi_drsub                            0x080004fd   Thumb Code     6  dadd.o(.text)
    __aeabi_dmul                             0x08000503   Thumb Code   228  dmul.o(.text)
    __aeabi_ddiv                             0x080005e7   Thumb Code   222  ddiv.o(.text)
    __aeabi_i2f                              0x080006c5   Thumb Code    18  fflti.o(.text)
    __aeabi_i2d                              0x080006d7   Thumb Code    34  dflti.o(.text)
    __aeabi_ui2d                             0x080006f9   Thumb Code    26  dfltui.o(.text)
    __aeabi_f2iz                             0x08000713   Thumb Code    50  ffixi.o(.text)
    __aeabi_f2uiz                            0x08000745   Thumb Code    40  ffixui.o(.text)
    __aeabi_d2iz                             0x0800076d   Thumb Code    62  dfixi.o(.text)
    __aeabi_d2uiz                            0x080007ab   Thumb Code    50  dfixui.o(.text)
    __aeabi_f2d                              0x080007dd   Thumb Code    38  f2d.o(.text)
    __aeabi_d2f                              0x08000803   Thumb Code    56  d2f.o(.text)
    __aeabi_cfcmpeq                          0x0800083d   Thumb Code     0  cfcmple.o(.text)
    __aeabi_cfcmple                          0x0800083d   Thumb Code    20  cfcmple.o(.text)
    __aeabi_cfrcmple                         0x08000851   Thumb Code    20  cfrcmple.o(.text)
    __aeabi_uldivmod                         0x08000865   Thumb Code    98  uldiv.o(.text)
    __aeabi_llsl                             0x080008c7   Thumb Code    30  llshl.o(.text)
    _ll_shift_l                              0x080008c7   Thumb Code     0  llshl.o(.text)
    __aeabi_llsr                             0x080008e5   Thumb Code    32  llushr.o(.text)
    _ll_ushift_r                             0x080008e5   Thumb Code     0  llushr.o(.text)
    __aeabi_lasr                             0x08000905   Thumb Code    36  llsshr.o(.text)
    _ll_sshift_r                             0x08000905   Thumb Code     0  llsshr.o(.text)
    __I$use$fp                               0x08000929   Thumb Code     0  iusefp.o(.text)
    _float_round                             0x08000929   Thumb Code    18  fepilogue.o(.text)
    _float_epilogue                          0x0800093b   Thumb Code    92  fepilogue.o(.text)
    _double_round                            0x08000997   Thumb Code    30  depilogue.o(.text)
    _double_epilogue                         0x080009b5   Thumb Code   156  depilogue.o(.text)
    __ARM_scalbn                             0x08000a51   Thumb Code    46  dscalb.o(.text)
    scalbn                                   0x08000a51   Thumb Code     0  dscalb.o(.text)
    __scatterload                            0x08000a81   Thumb Code    28  init.o(.text)
    __scatterload_rt2                        0x08000a81   Thumb Code     0  init.o(.text)
    __decompress                             0x08000aa5   Thumb Code     0  __dczerorl.o(.text)
    __decompress0                            0x08000aa5   Thumb Code    58  __dczerorl.o(.text)
    A69_DataAvailable                        0x08000ae1   Thumb Code    20  a69.o(i.A69_DataAvailable)
    A69_Init                                 0x08000b75   Thumb Code    12  a69.o(i.A69_Init)
    A69_ReceiveData                          0x08000b81   Thumb Code   146  a69.o(i.A69_ReceiveData)
    A69_SendData                             0x08000c21   Thumb Code    42  a69.o(i.A69_SendData)
    A69_Task                                 0x08000c51   Thumb Code    84  ax_robot.o(i.A69_Task)
    ADC_Cmd                                  0x08000d21   Thumb Code    22  stm32f10x_adc.o(i.ADC_Cmd)
    ADC_GetCalibrationStatus                 0x08000d37   Thumb Code    20  stm32f10x_adc.o(i.ADC_GetCalibrationStatus)
    ADC_GetConversionValue                   0x08000d4b   Thumb Code     8  stm32f10x_adc.o(i.ADC_GetConversionValue)
    ADC_GetFlagStatus                        0x08000d53   Thumb Code    18  stm32f10x_adc.o(i.ADC_GetFlagStatus)
    ADC_GetResetCalibrationStatus            0x08000d65   Thumb Code    20  stm32f10x_adc.o(i.ADC_GetResetCalibrationStatus)
    ADC_Init                                 0x08000d79   Thumb Code    70  stm32f10x_adc.o(i.ADC_Init)
    ADC_RegularChannelConfig                 0x08000dc9   Thumb Code   184  stm32f10x_adc.o(i.ADC_RegularChannelConfig)
    ADC_ResetCalibration                     0x08000e81   Thumb Code    10  stm32f10x_adc.o(i.ADC_ResetCalibration)
    ADC_SoftwareStartConvCmd                 0x08000e8b   Thumb Code    22  stm32f10x_adc.o(i.ADC_SoftwareStartConvCmd)
    ADC_StartCalibration                     0x08000ea1   Thumb Code    10  stm32f10x_adc.o(i.ADC_StartCalibration)
    AX_AKM_WToAngle                          0x08000ead   Thumb Code   144  ax_akm.o(i.AX_AKM_WToAngle)
    AX_BEEP_Init                             0x08000f4d   Thumb Code    50  ax_beep.o(i.AX_BEEP_Init)
    AX_CTL_App                               0x08000f85   Thumb Code   334  ax_control.o(i.AX_CTL_App)
    AX_CTL_Ps2                               0x080010ed   Thumb Code   480  ax_control.o(i.AX_CTL_Ps2)
    AX_CTL_RemoteSbus                        0x08001301   Thumb Code   188  ax_control.o(i.AX_CTL_RemoteSbus)
    AX_DELAY_Init                            0x080013d5   Thumb Code    68  ax_delay.o(i.AX_DELAY_Init)
    AX_Delayms                               0x08001425   Thumb Code    18  ax_delay.o(i.AX_Delayms)
    AX_Delayus                               0x08001439   Thumb Code    68  ax_delay.o(i.AX_Delayus)
    AX_ENCODER_A_GetCounter                  0x08001481   Thumb Code     8  ax_encoder.o(i.AX_ENCODER_A_GetCounter)
    AX_ENCODER_A_Init                        0x08001489   Thumb Code   174  ax_encoder.o(i.AX_ENCODER_A_Init)
    AX_ENCODER_A_SetCounter                  0x08001545   Thumb Code     8  ax_encoder.o(i.AX_ENCODER_A_SetCounter)
    AX_ENCODER_B_GetCounter                  0x0800154d   Thumb Code     6  ax_encoder.o(i.AX_ENCODER_B_GetCounter)
    AX_ENCODER_B_Init                        0x08001559   Thumb Code   150  ax_encoder.o(i.AX_ENCODER_B_Init)
    AX_ENCODER_B_SetCounter                  0x080015fd   Thumb Code     6  ax_encoder.o(i.AX_ENCODER_B_SetCounter)
    AX_JTAG_Set                              0x08001609   Thumb Code    38  ax_sys.o(i.AX_JTAG_Set)
    AX_KEY_Init                              0x08001639   Thumb Code    32  ax_key.o(i.AX_KEY_Init)
    AX_KEY_Scan                              0x0800165d   Thumb Code    14  ax_key.o(i.AX_KEY_Scan)
    AX_LED_Init                              0x08001671   Thumb Code    70  ax_led.o(i.AX_LED_Init)
    AX_MOTOR_A_SetSpeed                      0x080016c1   Thumb Code    76  ax_motor.o(i.AX_MOTOR_A_SetSpeed)
    AX_MOTOR_B_SetSpeed                      0x08001715   Thumb Code    76  ax_motor.o(i.AX_MOTOR_B_SetSpeed)
    AX_MOTOR_Init                            0x08001769   Thumb Code   192  ax_motor.o(i.AX_MOTOR_Init)
    AX_MPU6050_GetAccData                    0x08001831   Thumb Code    64  ax_mpu6050.o(i.AX_MPU6050_GetAccData)
    AX_MPU6050_GetGyroData                   0x08001871   Thumb Code    64  ax_mpu6050.o(i.AX_MPU6050_GetGyroData)
    AX_MPU6050_Init                          0x080018b1   Thumb Code   122  ax_mpu6050.o(i.AX_MPU6050_Init)
    AX_MPU6050_SetAccRange                   0x0800193d   Thumb Code    16  ax_mpu6050.o(i.AX_MPU6050_SetAccRange)
    AX_MPU6050_SetDLPF                       0x0800194d   Thumb Code    14  ax_mpu6050.o(i.AX_MPU6050_SetDLPF)
    AX_MPU6050_SetGyroRange                  0x0800195b   Thumb Code    16  ax_mpu6050.o(i.AX_MPU6050_SetGyroRange)
    AX_MPU6050_SetGyroSmplRate               0x0800196b   Thumb Code    42  ax_mpu6050.o(i.AX_MPU6050_SetGyroSmplRate)
    AX_OLED_ClearScreen                      0x08001995   Thumb Code    56  ax_oled.o(i.AX_OLED_ClearScreen)
    AX_OLED_DispChar                         0x080019cd   Thumb Code   122  ax_oled.o(i.AX_OLED_DispChar)
    AX_OLED_DispNum                          0x08001a4d   Thumb Code    36  ax_oled.o(i.AX_OLED_DispNum)
    AX_OLED_DispPicture                      0x08001a71   Thumb Code   148  ax_oled.o(i.AX_OLED_DispPicture)
    AX_OLED_DispStr                          0x08001b05   Thumb Code    64  ax_oled.o(i.AX_OLED_DispStr)
    AX_OLED_DispValue                        0x08001b45   Thumb Code   484  ax_oled.o(i.AX_OLED_DispValue)
    AX_OLED_Init                             0x08001d3d   Thumb Code   372  ax_oled.o(i.AX_OLED_Init)
    AX_PS2_Init                              0x08001eb9   Thumb Code   122  ax_ps2.o(i.AX_PS2_Init)
    AX_PS2_ScanKey                           0x08001f3d   Thumb Code    88  ax_ps2.o(i.AX_PS2_ScanKey)
    AX_ROBOT_Kinematics                      0x08001fa1   Thumb Code    24  ax_kinematics.o(i.AX_ROBOT_Kinematics)
    AX_SBUS_GetRxData                        0x08001fc1   Thumb Code   194  ax_sbus.o(i.AX_SBUS_GetRxData)
    AX_SERVO_S1234_Init                      0x0800208d   Thumb Code   200  ax_servo.o(i.AX_SERVO_S1234_Init)
    AX_SERVO_S1_SetAngle                     0x0800215d   Thumb Code    66  ax_servo.o(i.AX_SERVO_S1_SetAngle)
    AX_SERVO_S2_SetAngle                     0x080021b1   Thumb Code    66  ax_servo.o(i.AX_SERVO_S2_SetAngle)
    AX_SERVO_S3_SetAngle                     0x08002205   Thumb Code    66  ax_servo.o(i.AX_SERVO_S3_SetAngle)
    AX_SPEED_PidCtlA                         0x08002259   Thumb Code   174  ax_speed.o(i.AX_SPEED_PidCtlA)
    AX_SPEED_PidCtlB                         0x08002321   Thumb Code   174  ax_speed.o(i.AX_SPEED_PidCtlB)
    AX_UART1_Init                            0x080023e9   Thumb Code   158  ax_uart1.o(i.AX_UART1_Init)
    AX_UART2_GetData                         0x08002491   Thumb Code    52  ax_uart2.o(i.AX_UART2_GetData)
    AX_UART2_Init                            0x080024cd   Thumb Code   154  ax_uart2.o(i.AX_UART2_Init)
    AX_VIN_GetVol_X100                       0x08002571   Thumb Code    76  ax_vin.o(i.AX_VIN_GetVol_X100)
    AX_VIN_Init                              0x080025cd   Thumb Code   144  ax_vin.o(i.AX_VIN_Init)
    BusFault_Handler                         0x08002665   Thumb Code     4  stm32f10x_it.o(i.BusFault_Handler)
    DebugMon_Handler                         0x08002669   Thumb Code     2  stm32f10x_it.o(i.DebugMon_Handler)
    Disp_Task                                0x0800266d   Thumb Code   400  ax_robot.o(i.Disp_Task)
    FSM_A69_ProcessReceivedData              0x08002851   Thumb Code   114  a69.o(i.FSM_A69_ProcessReceivedData)
    FSM_A69_SendRec                          0x080028c3   Thumb Code    86  a69.o(i.FSM_A69_SendRec)
    FSM_A69_SendTest                         0x08002919   Thumb Code    92  a69.o(i.FSM_A69_SendTest)
    FSM_CTL_A69                              0x08002975   Thumb Code   104  ax_control.o(i.FSM_CTL_A69)
    FSM_CTL_NRF                              0x080029f5   Thumb Code   104  ax_control.o(i.FSM_CTL_NRF)
    GPIO_Init                                0x08002a75   Thumb Code   278  stm32f10x_gpio.o(i.GPIO_Init)
    GPIO_PinRemapConfig                      0x08002b8d   Thumb Code   138  stm32f10x_gpio.o(i.GPIO_PinRemapConfig)
    GPIO_ReadInputDataBit                    0x08002c1d   Thumb Code    18  stm32f10x_gpio.o(i.GPIO_ReadInputDataBit)
    GPIO_ResetBits                           0x08002c2f   Thumb Code     4  stm32f10x_gpio.o(i.GPIO_ResetBits)
    GPIO_SetBits                             0x08002c33   Thumb Code     4  stm32f10x_gpio.o(i.GPIO_SetBits)
    GPIO_WriteBit                            0x08002c37   Thumb Code    10  stm32f10x_gpio.o(i.GPIO_WriteBit)
    HardFault_Handler                        0x08002c41   Thumb Code     4  stm32f10x_it.o(i.HardFault_Handler)
    Key_Task                                 0x08002ec9   Thumb Code   120  ax_robot.o(i.Key_Task)
    MPU6050_I2C_Read                         0x08002f49   Thumb Code   118  ax_mpu6050.o(i.MPU6050_I2C_Read)
    MPU6050_I2C_Write                        0x08002fbf   Thumb Code    96  ax_mpu6050.o(i.MPU6050_I2C_Write)
    MemManage_Handler                        0x08003047   Thumb Code     4  stm32f10x_it.o(i.MemManage_Handler)
    NMI_Handler                              0x0800304b   Thumb Code     2  stm32f10x_it.o(i.NMI_Handler)
    NVIC_Init                                0x0800304d   Thumb Code   100  misc.o(i.NVIC_Init)
    NVIC_PriorityGroupConfig                 0x080030bd   Thumb Code    10  misc.o(i.NVIC_PriorityGroupConfig)
    Ps2_Task                                 0x08003199   Thumb Code    60  ax_robot.o(i.Ps2_Task)
    RCC_ADCCLKConfig                         0x080031e5   Thumb Code    18  stm32f10x_rcc.o(i.RCC_ADCCLKConfig)
    RCC_APB1PeriphClockCmd                   0x080031fd   Thumb Code    26  stm32f10x_rcc.o(i.RCC_APB1PeriphClockCmd)
    RCC_APB1PeriphResetCmd                   0x0800321d   Thumb Code    26  stm32f10x_rcc.o(i.RCC_APB1PeriphResetCmd)
    RCC_APB2PeriphClockCmd                   0x0800323d   Thumb Code    26  stm32f10x_rcc.o(i.RCC_APB2PeriphClockCmd)
    RCC_APB2PeriphResetCmd                   0x0800325d   Thumb Code    26  stm32f10x_rcc.o(i.RCC_APB2PeriphResetCmd)
    RCC_GetClocksFreq                        0x0800327d   Thumb Code   192  stm32f10x_rcc.o(i.RCC_GetClocksFreq)
    ROBOT_AKM_Kinematics                     0x08003351   Thumb Code   864  ax_kinematics.o(i.ROBOT_AKM_Kinematics)
    ROBOT_IMUHandle                          0x08003711   Thumb Code   112  ax_robot.o(i.ROBOT_IMUHandle)
    Robot_Task                               0x08003791   Thumb Code   104  ax_robot.o(i.Robot_Task)
    SPI_Cmd                                  0x08003839   Thumb Code    24  stm32f10x_spi.o(i.SPI_Cmd)
    SPI_I2S_GetFlagStatus                    0x08003851   Thumb Code    18  stm32f10x_spi.o(i.SPI_I2S_GetFlagStatus)
    SPI_I2S_ReceiveData                      0x08003863   Thumb Code     6  stm32f10x_spi.o(i.SPI_I2S_ReceiveData)
    SPI_I2S_SendData                         0x08003869   Thumb Code     4  stm32f10x_spi.o(i.SPI_I2S_SendData)
    SPI_Init                                 0x0800386d   Thumb Code    60  stm32f10x_spi.o(i.SPI_Init)
    Start_Task                               0x08003991   Thumb Code   540  main.o(i.Start_Task)
    SysTick_CLKSourceConfig                  0x08003ce1   Thumb Code    40  misc.o(i.SysTick_CLKSourceConfig)
    SysTick_Handler                          0x08003d09   Thumb Code    16  stm32f10x_it.o(i.SysTick_Handler)
    SystemInit                               0x08003d19   Thumb Code    78  system_stm32f10x.o(i.SystemInit)
    TIM_ARRPreloadConfig                     0x08003fb9   Thumb Code    24  stm32f10x_tim.o(i.TIM_ARRPreloadConfig)
    TIM_Cmd                                  0x08003fd1   Thumb Code    24  stm32f10x_tim.o(i.TIM_Cmd)
    TIM_CtrlPWMOutputs                       0x08003fe9   Thumb Code    30  stm32f10x_tim.o(i.TIM_CtrlPWMOutputs)
    TIM_DeInit                               0x08004009   Thumb Code   424  stm32f10x_tim.o(i.TIM_DeInit)
    TIM_EncoderInterfaceConfig               0x080041f1   Thumb Code    66  stm32f10x_tim.o(i.TIM_EncoderInterfaceConfig)
    TIM_ICInit                               0x08004235   Thumb Code   150  stm32f10x_tim.o(i.TIM_ICInit)
    TIM_ICStructInit                         0x080042e1   Thumb Code    18  stm32f10x_tim.o(i.TIM_ICStructInit)
    TIM_OC1Init                              0x080042f5   Thumb Code   132  stm32f10x_tim.o(i.TIM_OC1Init)
    TIM_OC1PreloadConfig                     0x0800438d   Thumb Code    18  stm32f10x_tim.o(i.TIM_OC1PreloadConfig)
    TIM_OC2Init                              0x080043a1   Thumb Code   154  stm32f10x_tim.o(i.TIM_OC2Init)
    TIM_OC2PreloadConfig                     0x08004445   Thumb Code    26  stm32f10x_tim.o(i.TIM_OC2PreloadConfig)
    TIM_OC3Init                              0x08004461   Thumb Code   150  stm32f10x_tim.o(i.TIM_OC3Init)
    TIM_OC3PreloadConfig                     0x08004501   Thumb Code    18  stm32f10x_tim.o(i.TIM_OC3PreloadConfig)
    TIM_OC4Init                              0x08004515   Thumb Code   114  stm32f10x_tim.o(i.TIM_OC4Init)
    TIM_OC4PreloadConfig                     0x08004591   Thumb Code    26  stm32f10x_tim.o(i.TIM_OC4PreloadConfig)
    TIM_SetCompare1                          0x080045ab   Thumb Code     4  stm32f10x_tim.o(i.TIM_SetCompare1)
    TIM_SetCompare2                          0x080045af   Thumb Code     4  stm32f10x_tim.o(i.TIM_SetCompare2)
    TIM_SetCompare3                          0x080045b3   Thumb Code     4  stm32f10x_tim.o(i.TIM_SetCompare3)
    TIM_SetCompare4                          0x080045b7   Thumb Code     6  stm32f10x_tim.o(i.TIM_SetCompare4)
    TIM_SetIC1Prescaler                      0x080045bd   Thumb Code    18  stm32f10x_tim.o(i.TIM_SetIC1Prescaler)
    TIM_SetIC2Prescaler                      0x080045cf   Thumb Code    26  stm32f10x_tim.o(i.TIM_SetIC2Prescaler)
    TIM_SetIC3Prescaler                      0x080045e9   Thumb Code    18  stm32f10x_tim.o(i.TIM_SetIC3Prescaler)
    TIM_SetIC4Prescaler                      0x080045fb   Thumb Code    26  stm32f10x_tim.o(i.TIM_SetIC4Prescaler)
    TIM_TimeBaseInit                         0x08004615   Thumb Code   122  stm32f10x_tim.o(i.TIM_TimeBaseInit)
    TIM_TimeBaseStructInit                   0x080046b9   Thumb Code    18  stm32f10x_tim.o(i.TIM_TimeBaseStructInit)
    Trivia_Task                              0x080046cd   Thumb Code   348  ax_robot.o(i.Trivia_Task)
    UART4_IRQHandler                         0x08004875   Thumb Code  1586  usart4.o(i.UART4_IRQHandler)
    UART5_IRQHandler                         0x08004ec9   Thumb Code   116  a69.o(i.UART5_IRQHandler)
    USART1_IRQHandler                        0x08004f61   Thumb Code   310  ax_uart1.o(i.USART1_IRQHandler)
    USART2_IRQHandler                        0x080050b9   Thumb Code   210  ax_uart2.o(i.USART2_IRQHandler)
    USART3_IRQHandler                        0x080051a9   Thumb Code  1586  usart3.o(i.USART3_IRQHandler)
    USART_ClearITPendingBit                  0x080057fd   Thumb Code    30  stm32f10x_usart.o(i.USART_ClearITPendingBit)
    USART_Cmd                                0x0800581b   Thumb Code    24  stm32f10x_usart.o(i.USART_Cmd)
    USART_GetFlagStatus                      0x08005833   Thumb Code    26  stm32f10x_usart.o(i.USART_GetFlagStatus)
    USART_GetITStatus                        0x0800584d   Thumb Code    84  stm32f10x_usart.o(i.USART_GetITStatus)
    USART_ITConfig                           0x080058a1   Thumb Code    74  stm32f10x_usart.o(i.USART_ITConfig)
    USART_Init                               0x080058ed   Thumb Code   210  stm32f10x_usart.o(i.USART_Init)
    USART_ReceiveData                        0x080059c5   Thumb Code    10  stm32f10x_usart.o(i.USART_ReceiveData)
    USART_SendData                           0x080059cf   Thumb Code     8  stm32f10x_usart.o(i.USART_SendData)
    UsageFault_Handler                       0x080059d7   Thumb Code     4  stm32f10x_it.o(i.UsageFault_Handler)
    __0printf$8                              0x080059dd   Thumb Code    22  printf8.o(i.__0printf$8)
    __1printf$8                              0x080059dd   Thumb Code     0  printf8.o(i.__0printf$8)
    __2printf                                0x080059dd   Thumb Code     0  printf8.o(i.__0printf$8)
    __ARM_fpclassify                         0x080059fd   Thumb Code    40  fpclassify.o(i.__ARM_fpclassify)
    __ieee754_rem_pio2                       0x08005a25   Thumb Code   828  rred.o(i.__ieee754_rem_pio2)
    __kernel_poly                            0x08005dad   Thumb Code   170  poly.o(i.__kernel_poly)
    __kernel_tan                             0x08005e59   Thumb Code   586  tan_i.o(i.__kernel_tan)
    __mathlib_dbl_infnan                     0x080060d5   Thumb Code     6  dunder.o(i.__mathlib_dbl_infnan)
    __mathlib_dbl_invalid                    0x080060db   Thumb Code    12  dunder.o(i.__mathlib_dbl_invalid)
    __mathlib_dbl_underflow                  0x080060e9   Thumb Code    10  dunder.o(i.__mathlib_dbl_underflow)
    __scatterload_copy                       0x080060f9   Thumb Code    14  handlers.o(i.__scatterload_copy)
    __scatterload_null                       0x08006107   Thumb Code     2  handlers.o(i.__scatterload_null)
    __scatterload_zeroinit                   0x08006109   Thumb Code    14  handlers.o(i.__scatterload_zeroinit)
    __set_errno                              0x08006119   Thumb Code     6  errno.o(i.__set_errno)
    atan                                     0x08006589   Thumb Code   474  atan.o(i.atan)
    data_process3                            0x080067a9   Thumb Code   212  usart3.o(i.data_process3)
    data_process4                            0x08006889   Thumb Code   206  usart4.o(i.data_process4)
    fputc                                    0x08006969   Thumb Code    32  ax_uart1.o(i.fputc)
    main                                     0x0800698d   Thumb Code   192  main.o(i.main)
    pvPortMalloc                             0x08007559   Thumb Code   262  heap_4.o(i.pvPortMalloc)
    pvTaskIncrementMutexHeldCount            0x080076a9   Thumb Code    26  tasks.o(i.pvTaskIncrementMutexHeldCount)
    pxPortInitialiseStack                    0x080076c9   Thumb Code    30  port.o(i.pxPortInitialiseStack)
    tan                                      0x080076ed   Thumb Code    90  tan.o(i.tan)
    uxListRemove                             0x08007751   Thumb Code    40  list.o(i.uxListRemove)
    vListInitialise                          0x08007779   Thumb Code    26  list.o(i.vListInitialise)
    vListInitialiseItem                      0x08007793   Thumb Code     6  list.o(i.vListInitialiseItem)
    vListInsert                              0x08007799   Thumb Code    52  list.o(i.vListInsert)
    vListInsertEnd                           0x080077cd   Thumb Code    24  list.o(i.vListInsertEnd)
    vPortEnterCritical                       0x080077e5   Thumb Code    68  port.o(i.vPortEnterCritical)
    vPortExitCritical                        0x08007869   Thumb Code    48  port.o(i.vPortExitCritical)
    vPortFree                                0x080078d5   Thumb Code   120  heap_4.o(i.vPortFree)
    vPortSetupTimerInterrupt                 0x08007989   Thumb Code    26  port.o(i.vPortSetupTimerInterrupt)
    vPortValidateInterruptPriority           0x080079a9   Thumb Code    86  port.o(i.vPortValidateInterruptPriority)
    vQueueAddToRegistry                      0x08007a45   Thumb Code    38  queue.o(i.vQueueAddToRegistry)
    vQueueWaitForMessageRestricted           0x08007a71   Thumb Code    74  queue.o(i.vQueueWaitForMessageRestricted)
    vTaskDelay                               0x08007abd   Thumb Code    72  tasks.o(i.vTaskDelay)
    vTaskDelayUntil                          0x08007b35   Thumb Code   170  tasks.o(i.vTaskDelayUntil)
    vTaskDelete                              0x08007c15   Thumb Code   192  tasks.o(i.vTaskDelete)
    vTaskMissedYield                         0x08007d25   Thumb Code     8  tasks.o(i.vTaskMissedYield)
    vTaskPlaceOnEventList                    0x08007d31   Thumb Code    42  tasks.o(i.vTaskPlaceOnEventList)
    vTaskPlaceOnEventListRestricted          0x08007d89   Thumb Code    50  tasks.o(i.vTaskPlaceOnEventListRestricted)
    vTaskPriorityInherit                     0x08007de9   Thumb Code   164  tasks.o(i.vTaskPriorityInherit)
    vTaskSetTimeOutState                     0x08007e99   Thumb Code    32  tasks.o(i.vTaskSetTimeOutState)
    vTaskStartScheduler                      0x08007ee9   Thumb Code   108  tasks.o(i.vTaskStartScheduler)
    vTaskSuspend                             0x08007f99   Thumb Code   186  tasks.o(i.vTaskSuspend)
    vTaskSuspendAll                          0x0800809d   Thumb Code    12  tasks.o(i.vTaskSuspendAll)
    vTaskSwitchContext                       0x080080ad   Thumb Code   110  tasks.o(i.vTaskSwitchContext)
    xPortStartScheduler                      0x08008159   Thumb Code   140  port.o(i.xPortStartScheduler)
    xPortSysTickHandler                      0x080081f9   Thumb Code    46  port.o(i.xPortSysTickHandler)
    xQueueGenericCreate                      0x0800822d   Thumb Code    78  queue.o(i.xQueueGenericCreate)
    xQueueGenericReceive                     0x080082a5   Thumb Code   416  queue.o(i.xQueueGenericReceive)
    xQueueGenericReset                       0x08008471   Thumb Code   136  queue.o(i.xQueueGenericReset)
    xQueueGenericSend                        0x08008525   Thumb Code   412  queue.o(i.xQueueGenericSend)
    xQueueGenericSendFromISR                 0x080086ed   Thumb Code   234  queue.o(i.xQueueGenericSendFromISR)
    xTaskCheckForTimeOut                     0x08008801   Thumb Code   116  tasks.o(i.xTaskCheckForTimeOut)
    xTaskCreate                              0x080088a5   Thumb Code    96  tasks.o(i.xTaskCreate)
    xTaskGetSchedulerState                   0x08008905   Thumb Code    24  tasks.o(i.xTaskGetSchedulerState)
    xTaskGetTickCount                        0x08008925   Thumb Code     6  tasks.o(i.xTaskGetTickCount)
    xTaskIncrementTick                       0x08008931   Thumb Code   272  tasks.o(i.xTaskIncrementTick)
    xTaskPriorityDisinherit                  0x08008a95   Thumb Code   168  tasks.o(i.xTaskPriorityDisinherit)
    xTaskRemoveFromEventList                 0x08008b71   Thumb Code   118  tasks.o(i.xTaskRemoveFromEventList)
    xTaskResumeAll                           0x08008c29   Thumb Code   214  tasks.o(i.xTaskResumeAll)
    xTimerCreateTimerTask                    0x08008d4d   Thumb Code    56  timers.o(i.xTimerCreateTimerTask)
    xTimerGenericCommand                     0x08008dc5   Thumb Code   118  timers.o(i.xTimerGenericCommand)
    PIC64X128_XTARK                          0x08008e6c   Data        1024  main.o(.constdata)
    ASCII8X16                                0x0800926c   Data        1520  ax_oled.o(.constdata)
    ASCII6X8                                 0x0800985c   Data         552  ax_oled.o(.constdata)
    PS2_cmnd                                 0x08009a84   Data           9  ax_ps2.o(.constdata)
    Region$$Table$$Base                      0x08009c50   Number         0  anon$$obj.o(Region$$Table)
    Region$$Table$$Limit                     0x08009c70   Number         0  anon$$obj.o(Region$$Table)
    StartTask_Handler                        0x20000000   Data           4  main.o(.data)
    Robot_Task_Handle                        0x20000004   Data           4  main.o(.data)
    Key_Task_Handle                          0x20000008   Data           4  main.o(.data)
    Disp_Task_Handle                         0x2000000c   Data           4  main.o(.data)
    Trivia_Task_Handle                       0x20000010   Data           4  main.o(.data)
    Ps2_Task_Handle                          0x20000014   Data           4  main.o(.data)
    Nrf_Task_Handle                          0x20000018   Data           4  main.o(.data)
    A69_Task_Handle                          0x2000001c   Data           4  main.o(.data)
    distance_2                               0x20000020   Data           2  main.o(.data)
    distance_3                               0x20000022   Data           2  main.o(.data)
    receive_cnt3                             0x20000024   Data           2  main.o(.data)
    receive_cnt4                             0x20000026   Data           2  main.o(.data)
    confidence                               0x20000028   Data           1  main.o(.data)
    count                                    0x20000029   Data           1  main.o(.data)
    distance                                 0x2000002a   Data           2  main.o(.data)
    noise                                    0x2000002c   Data           2  main.o(.data)
    reftof                                   0x2000002e   Data           2  main.o(.data)
    peak                                     0x20000030   Data           4  main.o(.data)
    intg                                     0x20000034   Data           4  main.o(.data)
    dis                                      0x20000038   Data           1  main.o(.data)
    Send_Flag                                0x20000039   Data           1  main.o(.data)
    sampling_flag                            0x2000003a   Data           1  main.o(.data)
    SystemCoreClock                          0x2000003c   Data           4  system_stm32f10x.o(.data)
    AHBPrescTable                            0x20000040   Data          16  system_stm32f10x.o(.data)
    R_Light                                  0x20000050   Data           6  ax_robot.o(.data)
    R_Bat_Vol                                0x20000056   Data           2  ax_robot.o(.data)
    ax_imu_acc_data                          0x20000058   Data           6  ax_robot.o(.data)
    ax_imu_gyro_data                         0x2000005e   Data           6  ax_robot.o(.data)
    ax_imu_gyro_offset                       0x20000064   Data           6  ax_robot.o(.data)
    ax_motor_kp                              0x2000006a   Data           2  ax_robot.o(.data)
    ax_motor_kd                              0x2000006c   Data           2  ax_robot.o(.data)
    ax_robot_move_enable                     0x2000006e   Data           1  ax_robot.o(.data)
    ax_light_enable                          0x2000006f   Data           1  ax_robot.o(.data)
    ax_beep_ring                             0x20000070   Data           1  ax_robot.o(.data)
    my_joystick                              0x20000071   Data           7  ax_robot.o(.data)
    nrt_ctl_info                             0x20000078   Data           5  ax_robot.o(.data)
    ax_control_mode                          0x2000007d   Data           1  ax_robot.o(.data)
    ax_akm_angle                             0x2000007e   Data           2  ax_robot.o(.data)
    ax_joint_angle                           0x20000080   Data           4  ax_robot.o(.data)
    pxCurrentTCB                             0x200000fc   Data           4  tasks.o(.data)
    __stdout                                 0x20000184   Data           4  stdout.o(.data)
    R_Vel                                    0x20000190   Data          36  ax_robot.o(.bss)
    R_Wheel_A                                0x200001b8   Data          16  ax_robot.o(.bss)
    R_Wheel_B                                0x200001c8   Data          16  ax_robot.o(.bss)
    R_Imu                                    0x200001d8   Data          12  ax_robot.o(.bss)
    Pack_Data                                0x2000036c   Data         240  usart3.o(.bss)
    Pack_sum                                 0x2000045c   Data          20  usart3.o(.bss)
    Pack_Data4                               0x20000470   Data         240  usart4.o(.bss)
    Pack_sum4                                0x20000560   Data          20  usart4.o(.bss)
    xQueueRegistry                           0x20000574   Data          64  queue.o(.bss)
    __initial_sp                             0x20005cc0   Data           0  startup_stm32f10x_hd.o(STACK)



==============================================================================

Memory Map of the image

  Image Entry point : 0x08000131

  Load Region LR_IROM1 (Base: 0x08000000, Size: 0x00009dfc, Max: 0x00040000, ABSOLUTE, COMPRESSED[0x00009cb0])

    Execution Region ER_IROM1 (Base: 0x08000000, Size: 0x00009c70, Max: 0x00040000, ABSOLUTE)

    Base Addr    Size         Type   Attr      Idx    E Section Name        Object

    0x08000000   0x00000130   Data   RO         5377    RESET               startup_stm32f10x_hd.o
    0x08000130   0x00000000   Code   RO         5400  * .ARM.Collect$$$$00000000  mc_w.l(entry.o)
    0x08000130   0x00000004   Code   RO         5731    .ARM.Collect$$$$00000001  mc_w.l(entry2.o)
    0x08000134   0x00000004   Code   RO         5734    .ARM.Collect$$$$00000004  mc_w.l(entry5.o)
    0x08000138   0x00000000   Code   RO         5736    .ARM.Collect$$$$00000008  mc_w.l(entry7b.o)
    0x08000138   0x00000000   Code   RO         5738    .ARM.Collect$$$$0000000A  mc_w.l(entry8b.o)
    0x08000138   0x00000008   Code   RO         5739    .ARM.Collect$$$$0000000B  mc_w.l(entry9a.o)
    0x08000140   0x00000000   Code   RO         5741    .ARM.Collect$$$$0000000D  mc_w.l(entry10a.o)
    0x08000140   0x00000000   Code   RO         5743    .ARM.Collect$$$$0000000F  mc_w.l(entry11a.o)
    0x08000140   0x00000004   Code   RO         5732    .ARM.Collect$$$$00002712  mc_w.l(entry2.o)
    0x08000144   0x00000096   Code   RO         2320    .emb_text           port.o
    0x080001da   0x00000002   PAD
    0x080001dc   0x00000024   Code   RO         5378    .text               startup_stm32f10x_hd.o
    0x08000200   0x00000024   Code   RO         5403    .text               mc_w.l(memcpya.o)
    0x08000224   0x000000b0   Code   RO         5668    .text               mf_w.l(fadd.o)
    0x080002d4   0x00000064   Code   RO         5670    .text               mf_w.l(fmul.o)
    0x08000338   0x0000007c   Code   RO         5672    .text               mf_w.l(fdiv.o)
    0x080003b4   0x0000014e   Code   RO         5674    .text               mf_w.l(dadd.o)
    0x08000502   0x000000e4   Code   RO         5676    .text               mf_w.l(dmul.o)
    0x080005e6   0x000000de   Code   RO         5678    .text               mf_w.l(ddiv.o)
    0x080006c4   0x00000012   Code   RO         5680    .text               mf_w.l(fflti.o)
    0x080006d6   0x00000022   Code   RO         5682    .text               mf_w.l(dflti.o)
    0x080006f8   0x0000001a   Code   RO         5684    .text               mf_w.l(dfltui.o)
    0x08000712   0x00000032   Code   RO         5686    .text               mf_w.l(ffixi.o)
    0x08000744   0x00000028   Code   RO         5688    .text               mf_w.l(ffixui.o)
    0x0800076c   0x0000003e   Code   RO         5690    .text               mf_w.l(dfixi.o)
    0x080007aa   0x00000032   Code   RO         5692    .text               mf_w.l(dfixui.o)
    0x080007dc   0x00000026   Code   RO         5694    .text               mf_w.l(f2d.o)
    0x08000802   0x00000038   Code   RO         5696    .text               mf_w.l(d2f.o)
    0x0800083a   0x00000002   PAD
    0x0800083c   0x00000014   Code   RO         5698    .text               mf_w.l(cfcmple.o)
    0x08000850   0x00000014   Code   RO         5700    .text               mf_w.l(cfrcmple.o)
    0x08000864   0x00000062   Code   RO         5748    .text               mc_w.l(uldiv.o)
    0x080008c6   0x0000001e   Code   RO         5750    .text               mc_w.l(llshl.o)
    0x080008e4   0x00000020   Code   RO         5752    .text               mc_w.l(llushr.o)
    0x08000904   0x00000024   Code   RO         5754    .text               mc_w.l(llsshr.o)
    0x08000928   0x00000000   Code   RO         5763    .text               mc_w.l(iusefp.o)
    0x08000928   0x0000006e   Code   RO         5764    .text               mf_w.l(fepilogue.o)
    0x08000996   0x000000ba   Code   RO         5766    .text               mf_w.l(depilogue.o)
    0x08000a50   0x0000002e   Code   RO         5768    .text               mf_w.l(dscalb.o)
    0x08000a7e   0x00000002   PAD
    0x08000a80   0x00000024   Code   RO         5774    .text               mc_w.l(init.o)
    0x08000aa4   0x0000003a   Code   RO         5784    .text               mc_w.l(__dczerorl.o)
    0x08000ade   0x00000002   PAD
    0x08000ae0   0x0000001c   Code   RO         1306    i.A69_DataAvailable  a69.o
    0x08000afc   0x00000078   Code   RO         1307    i.A69_GPIO_Config   a69.o
    0x08000b74   0x0000000c   Code   RO         1308    i.A69_Init          a69.o
    0x08000b80   0x000000a0   Code   RO         1309    i.A69_ReceiveData   a69.o
    0x08000c20   0x00000030   Code   RO         1310    i.A69_SendData      a69.o
    0x08000c50   0x00000064   Code   RO          416    i.A69_Task          ax_robot.o
    0x08000cb4   0x0000006c   Code   RO         1312    i.A69_UART_Config   a69.o
    0x08000d20   0x00000016   Code   RO         2440    i.ADC_Cmd           stm32f10x_adc.o
    0x08000d36   0x00000014   Code   RO         2448    i.ADC_GetCalibrationStatus  stm32f10x_adc.o
    0x08000d4a   0x00000008   Code   RO         2449    i.ADC_GetConversionValue  stm32f10x_adc.o
    0x08000d52   0x00000012   Code   RO         2451    i.ADC_GetFlagStatus  stm32f10x_adc.o
    0x08000d64   0x00000014   Code   RO         2454    i.ADC_GetResetCalibrationStatus  stm32f10x_adc.o
    0x08000d78   0x00000050   Code   RO         2458    i.ADC_Init          stm32f10x_adc.o
    0x08000dc8   0x000000b8   Code   RO         2462    i.ADC_RegularChannelConfig  stm32f10x_adc.o
    0x08000e80   0x0000000a   Code   RO         2463    i.ADC_ResetCalibration  stm32f10x_adc.o
    0x08000e8a   0x00000016   Code   RO         2465    i.ADC_SoftwareStartConvCmd  stm32f10x_adc.o
    0x08000ea0   0x0000000a   Code   RO         2467    i.ADC_StartCalibration  stm32f10x_adc.o
    0x08000eaa   0x00000002   PAD
    0x08000eac   0x000000a0   Code   RO          560    i.AX_AKM_WToAngle   ax_akm.o
    0x08000f4c   0x00000038   Code   RO          610    i.AX_BEEP_Init      ax_beep.o
    0x08000f84   0x00000168   Code   RO          522    i.AX_CTL_App        ax_control.o
    0x080010ec   0x00000214   Code   RO          523    i.AX_CTL_Ps2        ax_control.o
    0x08001300   0x000000d4   Code   RO          524    i.AX_CTL_RemoteSbus  ax_control.o
    0x080013d4   0x00000050   Code   RO          572    i.AX_DELAY_Init     ax_delay.o
    0x08001424   0x00000012   Code   RO          573    i.AX_Delayms        ax_delay.o
    0x08001436   0x00000002   PAD
    0x08001438   0x00000048   Code   RO          574    i.AX_Delayus        ax_delay.o
    0x08001480   0x00000008   Code   RO          694    i.AX_ENCODER_A_GetCounter  ax_encoder.o
    0x08001488   0x000000bc   Code   RO          695    i.AX_ENCODER_A_Init  ax_encoder.o
    0x08001544   0x00000008   Code   RO          696    i.AX_ENCODER_A_SetCounter  ax_encoder.o
    0x0800154c   0x0000000c   Code   RO          697    i.AX_ENCODER_B_GetCounter  ax_encoder.o
    0x08001558   0x000000a4   Code   RO          698    i.AX_ENCODER_B_Init  ax_encoder.o
    0x080015fc   0x0000000c   Code   RO          699    i.AX_ENCODER_B_SetCounter  ax_encoder.o
    0x08001608   0x00000030   Code   RO          640    i.AX_JTAG_Set       ax_sys.o
    0x08001638   0x00000024   Code   RO          622    i.AX_KEY_Init       ax_key.o
    0x0800165c   0x00000014   Code   RO          623    i.AX_KEY_Scan       ax_key.o
    0x08001670   0x00000050   Code   RO          598    i.AX_LED_Init       ax_led.o
    0x080016c0   0x00000054   Code   RO          670    i.AX_MOTOR_A_SetSpeed  ax_motor.o
    0x08001714   0x00000054   Code   RO          671    i.AX_MOTOR_B_SetSpeed  ax_motor.o
    0x08001768   0x000000c8   Code   RO          672    i.AX_MOTOR_Init     ax_motor.o
    0x08001830   0x00000040   Code   RO          790    i.AX_MPU6050_GetAccData  ax_mpu6050.o
    0x08001870   0x00000040   Code   RO          791    i.AX_MPU6050_GetGyroData  ax_mpu6050.o
    0x080018b0   0x0000008c   Code   RO          793    i.AX_MPU6050_Init   ax_mpu6050.o
    0x0800193c   0x00000010   Code   RO          794    i.AX_MPU6050_SetAccRange  ax_mpu6050.o
    0x0800194c   0x0000000e   Code   RO          795    i.AX_MPU6050_SetDLPF  ax_mpu6050.o
    0x0800195a   0x00000010   Code   RO          796    i.AX_MPU6050_SetGyroRange  ax_mpu6050.o
    0x0800196a   0x0000002a   Code   RO          797    i.AX_MPU6050_SetGyroSmplRate  ax_mpu6050.o
    0x08001994   0x00000038   Code   RO          901    i.AX_OLED_ClearScreen  ax_oled.o
    0x080019cc   0x00000080   Code   RO          906    i.AX_OLED_DispChar  ax_oled.o
    0x08001a4c   0x00000024   Code   RO          908    i.AX_OLED_DispNum   ax_oled.o
    0x08001a70   0x00000094   Code   RO          909    i.AX_OLED_DispPicture  ax_oled.o
    0x08001b04   0x00000040   Code   RO          910    i.AX_OLED_DispStr   ax_oled.o
    0x08001b44   0x000001f8   Code   RO          911    i.AX_OLED_DispValue  ax_oled.o
    0x08001d3c   0x0000017c   Code   RO          912    i.AX_OLED_Init      ax_oled.o
    0x08001eb8   0x00000084   Code   RO         1164    i.AX_PS2_Init       ax_ps2.o
    0x08001f3c   0x00000064   Code   RO         1165    i.AX_PS2_ScanKey    ax_ps2.o
    0x08001fa0   0x00000020   Code   RO          332    i.AX_ROBOT_Kinematics  ax_kinematics.o
    0x08001fc0   0x000000cc   Code   RO         1143    i.AX_SBUS_GetRxData  ax_sbus.o
    0x0800208c   0x000000d0   Code   RO          736    i.AX_SERVO_S1234_Init  ax_servo.o
    0x0800215c   0x00000054   Code   RO          737    i.AX_SERVO_S1_SetAngle  ax_servo.o
    0x080021b0   0x00000054   Code   RO          738    i.AX_SERVO_S2_SetAngle  ax_servo.o
    0x08002204   0x00000054   Code   RO          739    i.AX_SERVO_S3_SetAngle  ax_servo.o
    0x08002258   0x000000c8   Code   RO          503    i.AX_SPEED_PidCtlA  ax_speed.o
    0x08002320   0x000000c8   Code   RO          504    i.AX_SPEED_PidCtlB  ax_speed.o
    0x080023e8   0x000000a8   Code   RO         1005    i.AX_UART1_Init     ax_uart1.o
    0x08002490   0x0000003c   Code   RO         1044    i.AX_UART2_GetData  ax_uart2.o
    0x080024cc   0x000000a4   Code   RO         1045    i.AX_UART2_Init     ax_uart2.o
    0x08002570   0x0000005c   Code   RO          652    i.AX_VIN_GetVol_X100  ax_vin.o
    0x080025cc   0x00000098   Code   RO          653    i.AX_VIN_Init       ax_vin.o
    0x08002664   0x00000004   Code   RO          237    i.BusFault_Handler  stm32f10x_it.o
    0x08002668   0x00000002   Code   RO          238    i.DebugMon_Handler  stm32f10x_it.o
    0x0800266a   0x00000002   PAD
    0x0800266c   0x000001e4   Code   RO          417    i.Disp_Task         ax_robot.o
    0x08002850   0x00000072   Code   RO         1313    i.FSM_A69_ProcessReceivedData  a69.o
    0x080028c2   0x00000056   Code   RO         1316    i.FSM_A69_SendRec   a69.o
    0x08002918   0x0000005c   Code   RO         1318    i.FSM_A69_SendTest  a69.o
    0x08002974   0x00000080   Code   RO          525    i.FSM_CTL_A69       ax_control.o
    0x080029f4   0x00000080   Code   RO          526    i.FSM_CTL_NRF       ax_control.o
    0x08002a74   0x00000116   Code   RO         3549    i.GPIO_Init         stm32f10x_gpio.o
    0x08002b8a   0x00000002   PAD
    0x08002b8c   0x00000090   Code   RO         3551    i.GPIO_PinRemapConfig  stm32f10x_gpio.o
    0x08002c1c   0x00000012   Code   RO         3553    i.GPIO_ReadInputDataBit  stm32f10x_gpio.o
    0x08002c2e   0x00000004   Code   RO         3556    i.GPIO_ResetBits    stm32f10x_gpio.o
    0x08002c32   0x00000004   Code   RO         3557    i.GPIO_SetBits      stm32f10x_gpio.o
    0x08002c36   0x0000000a   Code   RO         3560    i.GPIO_WriteBit     stm32f10x_gpio.o
    0x08002c40   0x00000004   Code   RO          239    i.HardFault_Handler  stm32f10x_it.o
    0x08002c44   0x0000004c   Code   RO          798    i.IIC_Ack           ax_mpu6050.o
    0x08002c90   0x0000004c   Code   RO          799    i.IIC_NAck          ax_mpu6050.o
    0x08002cdc   0x00000070   Code   RO          800    i.IIC_Read_Byte     ax_mpu6050.o
    0x08002d4c   0x00000064   Code   RO          801    i.IIC_Send_Byte     ax_mpu6050.o
    0x08002db0   0x00000068   Code   RO          802    i.IIC_Start         ax_mpu6050.o
    0x08002e18   0x00000048   Code   RO          803    i.IIC_Stop          ax_mpu6050.o
    0x08002e60   0x00000068   Code   RO          804    i.IIC_Wait_Ack      ax_mpu6050.o
    0x08002ec8   0x00000080   Code   RO          419    i.Key_Task          ax_robot.o
    0x08002f48   0x00000076   Code   RO          805    i.MPU6050_I2C_Read  ax_mpu6050.o
    0x08002fbe   0x00000060   Code   RO          806    i.MPU6050_I2C_Write  ax_mpu6050.o
    0x0800301e   0x00000016   Code   RO          807    i.MPU6050_ReadRegister  ax_mpu6050.o
    0x08003034   0x00000012   Code   RO          808    i.MPU6050_WriteRegister  ax_mpu6050.o
    0x08003046   0x00000004   Code   RO          240    i.MemManage_Handler  stm32f10x_it.o
    0x0800304a   0x00000002   Code   RO          241    i.NMI_Handler       stm32f10x_it.o
    0x0800304c   0x00000070   Code   RO         2398    i.NVIC_Init         misc.o
    0x080030bc   0x00000014   Code   RO         2399    i.NVIC_PriorityGroupConfig  misc.o
    0x080030d0   0x00000028   Code   RO          913    i.OLED_Set_Pos      ax_oled.o
    0x080030f8   0x00000020   Code   RO          914    i.OLED_WriteCmd     ax_oled.o
    0x08003118   0x0000000c   Code   RO          915    i.OLED_WriteData    ax_oled.o
    0x08003124   0x00000074   Code   RO         1166    i.PS2_ReadWriteData  ax_ps2.o
    0x08003198   0x0000004c   Code   RO          422    i.Ps2_Task          ax_robot.o
    0x080031e4   0x00000018   Code   RO         3963    i.RCC_ADCCLKConfig  stm32f10x_rcc.o
    0x080031fc   0x00000020   Code   RO         3965    i.RCC_APB1PeriphClockCmd  stm32f10x_rcc.o
    0x0800321c   0x00000020   Code   RO         3966    i.RCC_APB1PeriphResetCmd  stm32f10x_rcc.o
    0x0800323c   0x00000020   Code   RO         3967    i.RCC_APB2PeriphClockCmd  stm32f10x_rcc.o
    0x0800325c   0x00000020   Code   RO         3968    i.RCC_APB2PeriphResetCmd  stm32f10x_rcc.o
    0x0800327c   0x000000d4   Code   RO         3975    i.RCC_GetClocksFreq  stm32f10x_rcc.o
    0x08003350   0x000003c0   Code   RO          333    i.ROBOT_AKM_Kinematics  ax_kinematics.o
    0x08003710   0x00000080   Code   RO          423    i.ROBOT_IMUHandle   ax_robot.o
    0x08003790   0x00000070   Code   RO          425    i.Robot_Task        ax_robot.o
    0x08003800   0x00000038   Code   RO          916    i.SPI1_Send_Byte    ax_oled.o
    0x08003838   0x00000018   Code   RO         4444    i.SPI_Cmd           stm32f10x_spi.o
    0x08003850   0x00000012   Code   RO         4452    i.SPI_I2S_GetFlagStatus  stm32f10x_spi.o
    0x08003862   0x00000006   Code   RO         4455    i.SPI_I2S_ReceiveData  stm32f10x_spi.o
    0x08003868   0x00000004   Code   RO         4456    i.SPI_I2S_SendData  stm32f10x_spi.o
    0x0800386c   0x0000003c   Code   RO         4457    i.SPI_Init          stm32f10x_spi.o
    0x080038a8   0x00000008   Code   RO          298    i.SetSysClock       system_stm32f10x.o
    0x080038b0   0x000000e0   Code   RO          299    i.SetSysClockTo72   system_stm32f10x.o
    0x08003990   0x00000350   Code   RO            1    i.Start_Task        main.o
    0x08003ce0   0x00000028   Code   RO         2402    i.SysTick_CLKSourceConfig  misc.o
    0x08003d08   0x00000010   Code   RO          242    i.SysTick_Handler   stm32f10x_it.o
    0x08003d18   0x00000060   Code   RO          301    i.SystemInit        system_stm32f10x.o
    0x08003d78   0x00000080   Code   RO         4583    i.TI1_Config        stm32f10x_tim.o
    0x08003df8   0x00000098   Code   RO         4584    i.TI2_Config        stm32f10x_tim.o
    0x08003e90   0x00000090   Code   RO         4585    i.TI3_Config        stm32f10x_tim.o
    0x08003f20   0x00000098   Code   RO         4586    i.TI4_Config        stm32f10x_tim.o
    0x08003fb8   0x00000018   Code   RO         4587    i.TIM_ARRPreloadConfig  stm32f10x_tim.o
    0x08003fd0   0x00000018   Code   RO         4599    i.TIM_Cmd           stm32f10x_tim.o
    0x08003fe8   0x0000001e   Code   RO         4601    i.TIM_CtrlPWMOutputs  stm32f10x_tim.o
    0x08004006   0x00000002   PAD
    0x08004008   0x000001e8   Code   RO         4604    i.TIM_DeInit        stm32f10x_tim.o
    0x080041f0   0x00000042   Code   RO         4608    i.TIM_EncoderInterfaceConfig  stm32f10x_tim.o
    0x08004232   0x00000002   PAD
    0x08004234   0x000000ac   Code   RO         4622    i.TIM_ICInit        stm32f10x_tim.o
    0x080042e0   0x00000012   Code   RO         4623    i.TIM_ICStructInit  stm32f10x_tim.o
    0x080042f2   0x00000002   PAD
    0x080042f4   0x00000098   Code   RO         4628    i.TIM_OC1Init       stm32f10x_tim.o
    0x0800438c   0x00000012   Code   RO         4631    i.TIM_OC1PreloadConfig  stm32f10x_tim.o
    0x0800439e   0x00000002   PAD
    0x080043a0   0x000000a4   Code   RO         4633    i.TIM_OC2Init       stm32f10x_tim.o
    0x08004444   0x0000001a   Code   RO         4636    i.TIM_OC2PreloadConfig  stm32f10x_tim.o
    0x0800445e   0x00000002   PAD
    0x08004460   0x000000a0   Code   RO         4638    i.TIM_OC3Init       stm32f10x_tim.o
    0x08004500   0x00000012   Code   RO         4641    i.TIM_OC3PreloadConfig  stm32f10x_tim.o
    0x08004512   0x00000002   PAD
    0x08004514   0x0000007c   Code   RO         4643    i.TIM_OC4Init       stm32f10x_tim.o
    0x08004590   0x0000001a   Code   RO         4645    i.TIM_OC4PreloadConfig  stm32f10x_tim.o
    0x080045aa   0x00000004   Code   RO         4660    i.TIM_SetCompare1   stm32f10x_tim.o
    0x080045ae   0x00000004   Code   RO         4661    i.TIM_SetCompare2   stm32f10x_tim.o
    0x080045b2   0x00000004   Code   RO         4662    i.TIM_SetCompare3   stm32f10x_tim.o
    0x080045b6   0x00000006   Code   RO         4663    i.TIM_SetCompare4   stm32f10x_tim.o
    0x080045bc   0x00000012   Code   RO         4665    i.TIM_SetIC1Prescaler  stm32f10x_tim.o
    0x080045ce   0x0000001a   Code   RO         4666    i.TIM_SetIC2Prescaler  stm32f10x_tim.o
    0x080045e8   0x00000012   Code   RO         4667    i.TIM_SetIC3Prescaler  stm32f10x_tim.o
    0x080045fa   0x0000001a   Code   RO         4668    i.TIM_SetIC4Prescaler  stm32f10x_tim.o
    0x08004614   0x000000a4   Code   RO         4670    i.TIM_TimeBaseInit  stm32f10x_tim.o
    0x080046b8   0x00000012   Code   RO         4671    i.TIM_TimeBaseStructInit  stm32f10x_tim.o
    0x080046ca   0x00000002   PAD
    0x080046cc   0x000001a8   Code   RO          426    i.Trivia_Task       ax_robot.o
    0x08004874   0x00000654   Code   RO         1436    i.UART4_IRQHandler  usart4.o
    0x08004ec8   0x00000098   Code   RO         1319    i.UART5_IRQHandler  a69.o
    0x08004f60   0x00000158   Code   RO         1007    i.USART1_IRQHandler  ax_uart1.o
    0x080050b8   0x000000f0   Code   RO         1047    i.USART2_IRQHandler  ax_uart2.o
    0x080051a8   0x00000654   Code   RO         1398    i.USART3_IRQHandler  usart3.o
    0x080057fc   0x0000001e   Code   RO         5132    i.USART_ClearITPendingBit  stm32f10x_usart.o
    0x0800581a   0x00000018   Code   RO         5135    i.USART_Cmd         stm32f10x_usart.o
    0x08005832   0x0000001a   Code   RO         5138    i.USART_GetFlagStatus  stm32f10x_usart.o
    0x0800584c   0x00000054   Code   RO         5139    i.USART_GetITStatus  stm32f10x_usart.o
    0x080058a0   0x0000004a   Code   RO         5141    i.USART_ITConfig    stm32f10x_usart.o
    0x080058ea   0x00000002   PAD
    0x080058ec   0x000000d8   Code   RO         5142    i.USART_Init        stm32f10x_usart.o
    0x080059c4   0x0000000a   Code   RO         5149    i.USART_ReceiveData  stm32f10x_usart.o
    0x080059ce   0x00000008   Code   RO         5152    i.USART_SendData    stm32f10x_usart.o
    0x080059d6   0x00000004   Code   RO          243    i.UsageFault_Handler  stm32f10x_it.o
    0x080059da   0x00000002   PAD
    0x080059dc   0x00000020   Code   RO         5614    i.__0printf$8       mc_w.l(printf8.o)
    0x080059fc   0x00000028   Code   RO         5716    i.__ARM_fpclassify  m_ws.l(fpclassify.o)
    0x08005a24   0x00000388   Code   RO         5720    i.__ieee754_rem_pio2  m_ws.l(rred.o)
    0x08005dac   0x000000aa   Code   RO         5718    i.__kernel_poly     m_ws.l(poly.o)
    0x08005e56   0x00000002   PAD
    0x08005e58   0x0000027c   Code   RO         5725    i.__kernel_tan      m_ws.l(tan_i.o)
    0x080060d4   0x00000006   Code   RO         5703    i.__mathlib_dbl_infnan  m_ws.l(dunder.o)
    0x080060da   0x0000000c   Code   RO         5705    i.__mathlib_dbl_invalid  m_ws.l(dunder.o)
    0x080060e6   0x00000002   PAD
    0x080060e8   0x00000010   Code   RO         5708    i.__mathlib_dbl_underflow  m_ws.l(dunder.o)
    0x080060f8   0x0000000e   Code   RO         5778    i.__scatterload_copy  mc_w.l(handlers.o)
    0x08006106   0x00000002   Code   RO         5779    i.__scatterload_null  mc_w.l(handlers.o)
    0x08006108   0x0000000e   Code   RO         5780    i.__scatterload_zeroinit  mc_w.l(handlers.o)
    0x08006116   0x00000002   PAD
    0x08006118   0x0000000c   Code   RO         5758    i.__set_errno       mc_w.l(errno.o)
    0x08006124   0x00000410   Code   RO         5621    i._printf_core      mc_w.l(printf8.o)
    0x08006534   0x00000024   Code   RO         5622    i._printf_post_padding  mc_w.l(printf8.o)
    0x08006558   0x0000002e   Code   RO         5623    i._printf_pre_padding  mc_w.l(printf8.o)
    0x08006586   0x00000002   PAD
    0x08006588   0x00000220   Code   RO         5383    i.atan              m_ws.l(atan.o)
    0x080067a8   0x000000e0   Code   RO         1399    i.data_process3     usart3.o
    0x08006888   0x000000e0   Code   RO         1437    i.data_process4     usart4.o
    0x08006968   0x00000024   Code   RO         1009    i.fputc             ax_uart1.o
    0x0800698c   0x000000dc   Code   RO            2    i.main              main.o
    0x08006a68   0x00000098   Code   RO         1826    i.prvAddCurrentTaskToDelayedList  tasks.o
    0x08006b00   0x000000b4   Code   RO         1827    i.prvAddNewTaskToReadyList  tasks.o
    0x08006bb4   0x00000064   Code   RO         2141    i.prvCheckForValidListAndQueue  timers.o
    0x08006c18   0x00000064   Code   RO         1828    i.prvCheckTasksWaitingTermination  tasks.o
    0x08006c7c   0x0000002a   Code   RO         1611    i.prvCopyDataFromQueue  queue.o
    0x08006ca6   0x0000007c   Code   RO         1612    i.prvCopyDataToQueue  queue.o
    0x08006d22   0x00000012   Code   RO         1829    i.prvDeleteTCB      tasks.o
    0x08006d34   0x00000028   Code   RO         2142    i.prvGetNextExpireTime  timers.o
    0x08006d5c   0x0000007c   Code   RO         2271    i.prvHeapInit       heap_4.o
    0x08006dd8   0x00000028   Code   RO         1830    i.prvIdleTask       tasks.o
    0x08006e00   0x0000002a   Code   RO         1614    i.prvInitialiseNewQueue  queue.o
    0x08006e2a   0x00000002   PAD
    0x08006e2c   0x000000c8   Code   RO         1831    i.prvInitialiseNewTask  tasks.o
    0x08006ef4   0x00000068   Code   RO         1832    i.prvInitialiseTaskLists  tasks.o
    0x08006f5c   0x00000068   Code   RO         2272    i.prvInsertBlockIntoFreeList  heap_4.o
    0x08006fc4   0x00000058   Code   RO         2144    i.prvInsertTimerInActiveList  timers.o
    0x0800701c   0x0000001a   Code   RO         1615    i.prvIsQueueEmpty   queue.o
    0x08007036   0x0000001e   Code   RO         1616    i.prvIsQueueFull    queue.o
    0x08007054   0x000000a4   Code   RO         1617    i.prvNotifyQueueSetContainer  queue.o
    0x080070f8   0x00000084   Code   RO         2145    i.prvProcessExpiredTimer  timers.o
    0x0800717c   0x00000130   Code   RO         2146    i.prvProcessReceivedCommands  timers.o
    0x080072ac   0x00000074   Code   RO         2147    i.prvProcessTimerOrBlockTask  timers.o
    0x08007320   0x00000034   Code   RO         1833    i.prvResetNextTaskUnblockTime  tasks.o
    0x08007354   0x0000002c   Code   RO         2148    i.prvSampleTimeNow  timers.o
    0x08007380   0x000000c0   Code   RO         2149    i.prvSwitchTimerLists  timers.o
    0x08007440   0x0000006c   Code   RO         2321    i.prvTaskExitError  port.o
    0x080074ac   0x0000001a   Code   RO         2150    i.prvTimerTask      timers.o
    0x080074c6   0x00000092   Code   RO         1618    i.prvUnlockQueue    queue.o
    0x08007558   0x00000150   Code   RO         2273    i.pvPortMalloc      heap_4.o
    0x080076a8   0x00000020   Code   RO         1835    i.pvTaskIncrementMutexHeldCount  tasks.o
    0x080076c8   0x00000024   Code   RO         2322    i.pxPortInitialiseStack  port.o
    0x080076ec   0x00000064   Code   RO         5393    i.tan               m_ws.l(tan.o)
    0x08007750   0x00000028   Code   RO         1574    i.uxListRemove      list.o
    0x08007778   0x0000001a   Code   RO         1575    i.vListInitialise   list.o
    0x08007792   0x00000006   Code   RO         1576    i.vListInitialiseItem  list.o
    0x08007798   0x00000034   Code   RO         1577    i.vListInsert       list.o
    0x080077cc   0x00000018   Code   RO         1578    i.vListInsertEnd    list.o
    0x080077e4   0x00000084   Code   RO         2324    i.vPortEnterCritical  port.o
    0x08007868   0x0000006c   Code   RO         2325    i.vPortExitCritical  port.o
    0x080078d4   0x000000b4   Code   RO         2274    i.vPortFree         heap_4.o
    0x08007988   0x00000020   Code   RO         2326    i.vPortSetupTimerInterrupt  port.o
    0x080079a8   0x0000009c   Code   RO         2327    i.vPortValidateInterruptPriority  port.o
    0x08007a44   0x0000002c   Code   RO         1622    i.vQueueAddToRegistry  queue.o
    0x08007a70   0x0000004a   Code   RO         1625    i.vQueueWaitForMessageRestricted  queue.o
    0x08007aba   0x00000002   PAD
    0x08007abc   0x00000078   Code   RO         1841    i.vTaskDelay        tasks.o
    0x08007b34   0x000000e0   Code   RO         1842    i.vTaskDelayUntil   tasks.o
    0x08007c14   0x00000110   Code   RO         1843    i.vTaskDelete       tasks.o
    0x08007d24   0x0000000c   Code   RO         1845    i.vTaskMissedYield  tasks.o
    0x08007d30   0x00000058   Code   RO         1847    i.vTaskPlaceOnEventList  tasks.o
    0x08007d88   0x00000060   Code   RO         1848    i.vTaskPlaceOnEventListRestricted  tasks.o
    0x08007de8   0x000000b0   Code   RO         1850    i.vTaskPriorityInherit  tasks.o
    0x08007e98   0x00000050   Code   RO         1853    i.vTaskSetTimeOutState  tasks.o
    0x08007ee8   0x000000b0   Code   RO         1854    i.vTaskStartScheduler  tasks.o
    0x08007f98   0x00000104   Code   RO         1855    i.vTaskSuspend      tasks.o
    0x0800809c   0x00000010   Code   RO         1856    i.vTaskSuspendAll   tasks.o
    0x080080ac   0x000000ac   Code   RO         1857    i.vTaskSwitchContext  tasks.o
    0x08008158   0x000000a0   Code   RO         2328    i.xPortStartScheduler  port.o
    0x080081f8   0x00000034   Code   RO         2329    i.xPortSysTickHandler  port.o
    0x0800822c   0x00000078   Code   RO         1630    i.xQueueGenericCreate  queue.o
    0x080082a4   0x000001cc   Code   RO         1631    i.xQueueGenericReceive  queue.o
    0x08008470   0x000000b4   Code   RO         1632    i.xQueueGenericReset  queue.o
    0x08008524   0x000001c8   Code   RO         1633    i.xQueueGenericSend  queue.o
    0x080086ec   0x00000114   Code   RO         1634    i.xQueueGenericSendFromISR  queue.o
    0x08008800   0x000000a4   Code   RO         1858    i.xTaskCheckForTimeOut  tasks.o
    0x080088a4   0x00000060   Code   RO         1859    i.xTaskCreate       tasks.o
    0x08008904   0x00000020   Code   RO         1863    i.xTaskGetSchedulerState  tasks.o
    0x08008924   0x0000000c   Code   RO         1864    i.xTaskGetTickCount  tasks.o
    0x08008930   0x00000164   Code   RO         1866    i.xTaskIncrementTick  tasks.o
    0x08008a94   0x000000dc   Code   RO         1869    i.xTaskPriorityDisinherit  tasks.o
    0x08008b70   0x000000b8   Code   RO         1870    i.xTaskRemoveFromEventList  tasks.o
    0x08008c28   0x00000124   Code   RO         1872    i.xTaskResumeAll    tasks.o
    0x08008d4c   0x00000078   Code   RO         2154    i.xTimerCreateTimerTask  timers.o
    0x08008dc4   0x000000a8   Code   RO         2155    i.xTimerGenericCommand  timers.o
    0x08008e6c   0x00000400   Data   RO            3    .constdata          main.o
    0x0800926c   0x00000818   Data   RO          917    .constdata          ax_oled.o
    0x08009a84   0x00000009   Data   RO         1168    .constdata          ax_ps2.o
    0x08009a8d   0x00000003   PAD
    0x08009a90   0x00000098   Data   RO         5384    .constdata          m_ws.l(atan.o)
    0x08009b28   0x000000c8   Data   RO         5722    .constdata          m_ws.l(rred.o)
    0x08009bf0   0x00000060   Data   RO         5726    .constdata          m_ws.l(tan_i.o)
    0x08009c50   0x00000020   Data   RO         5776    Region$$Table       anon$$obj.o


    Execution Region RW_IRAM1 (Base: 0x20000000, Size: 0x00005cc0, Max: 0x0000c000, ABSOLUTE, COMPRESSED[0x00000040])

    Base Addr    Size         Type   Attr      Idx    E Section Name        Object

    0x20000000   0x0000003b   Data   RW            4    .data               main.o
    0x2000003b   0x00000001   PAD
    0x2000003c   0x00000014   Data   RW          302    .data               system_stm32f10x.o
    0x20000050   0x00000048   Data   RW          428    .data               ax_robot.o
    0x20000098   0x00000018   Data   RW          505    .data               ax_speed.o
    0x200000b0   0x00000014   Data   RW          528    .data               ax_control.o
    0x200000c4   0x00000001   Data   RW          575    .data               ax_delay.o
    0x200000c5   0x00000002   Data   RW         1011    .data               ax_uart1.o
    0x200000c7   0x00000003   Data   RW         1049    .data               ax_uart2.o
    0x200000ca   0x00000006   Data   RW         1146    .data               ax_sbus.o
    0x200000d0   0x00000004   Data   RW         1321    .data               a69.o
    0x200000d4   0x00000018   Data   RW         1402    .data               usart3.o
    0x200000ec   0x00000010   Data   RW         1441    .data               usart4.o
    0x200000fc   0x0000003c   Data   RW         1875    .data               tasks.o
    0x20000138   0x00000014   Data   RW         2163    .data               timers.o
    0x2000014c   0x00000018   Data   RW         2279    .data               heap_4.o
    0x20000164   0x0000000c   Data   RW         2330    .data               port.o
    0x20000170   0x00000014   Data   RW         3995    .data               stm32f10x_rcc.o
    0x20000184   0x00000004   Data   RW         5745    .data               mc_w.l(stdout.o)
    0x20000188   0x00000004   Data   RW         5759    .data               mc_w.l(errno.o)
    0x2000018c   0x00000004   PAD
    0x20000190   0x00000068   Zero   RW          427    .bss                ax_robot.o
    0x200001f8   0x00000020   Zero   RW          527    .bss                ax_control.o
    0x20000218   0x00000050   Zero   RW         1010    .bss                ax_uart1.o
    0x20000268   0x00000050   Zero   RW         1048    .bss                ax_uart2.o
    0x200002b8   0x00000028   Zero   RW         1145    .bss                ax_sbus.o
    0x200002e0   0x00000009   Zero   RW         1167    .bss                ax_ps2.o
    0x200002e9   0x00000080   Zero   RW         1320    .bss                a69.o
    0x20000369   0x00000003   PAD
    0x2000036c   0x00000104   Zero   RW         1401    .bss                usart3.o
    0x20000470   0x00000104   Zero   RW         1439    .bss                usart4.o
    0x20000574   0x00000040   Zero   RW         1645    .bss                queue.o
    0x200005b4   0x000002e4   Zero   RW         1874    .bss                tasks.o
    0x20000898   0x00000028   Zero   RW         2162    .bss                timers.o
    0x200008c0   0x00005000   Zero   RW         2278    .bss                heap_4.o
    0x200058c0   0x00000400   Zero   RW         5375    STACK               startup_stm32f10x_hd.o


==============================================================================

Image component sizes


      Code (inc. data)   RO Data    RW Data    ZI Data      Debug   Object Name

       920         82          0          4        128       7046   a69.o
       160         16          0          0          0        706   ax_akm.o
        56          6          0          0          0        519   ax_beep.o
      1360        150          0         20         32       3242   ax_control.o
       170         16          0          1          0       1910   ax_delay.o
       392         40          0          0          0       3412   ax_encoder.o
        56         10          0          0          0       1008   ax_key.o
       992        104          0          0          0       1309   ax_kinematics.o
        80         10          0          0          0        526   ax_led.o
       368         24          0          0          0       1932   ax_motor.o
      1254        106          0          0          0      11131   ax_mpu6050.o
      1456         44       2072          0          0       9095   ax_oled.o
       348         30          9          0          9       2574   ax_ps2.o
      1452        224          0         72        104       9800   ax_robot.o
       204         10          0          6         40       1372   ax_sbus.o
       460         62          0          0          0       2423   ax_servo.o
       400         52          0         24          0       1458   ax_speed.o
        48         10          0          0          0        502   ax_sys.o
       548         48          0          2         80       2716   ax_uart1.o
       464         48          0          3         80       2823   ax_uart2.o
       244         24          0          0          0       1211   ax_vin.o
         0          0          0          0          0       9472   event_groups.o
       744        168          0         24      20480       3959   heap_4.o
       148          0          0          0          0       3246   list.o
      1068        336       1024         59          0     291019   main.o
       172         22          0          0          0       2353   misc.o
       934        304          0         12          0      10421   port.o
      2184        262          0          0         64      13381   queue.o
        36          8        304          0       1024        932   startup_stm32f10x_hd.o
       394         10          0          0          0       8813   stm32f10x_adc.o
       458          6          0          0          0       5578   stm32f10x_gpio.o
        36          0          0          0          0       3255   stm32f10x_it.o
       364         50          0         20          0       6663   stm32f10x_rcc.o
       112          0          0          0          0       4270   stm32f10x_spi.o
      2374        264          0          0          0      20968   stm32f10x_tim.o
       472          6          0          0          0       7455   stm32f10x_usart.o
       328         28          0         20          0       2353   system_stm32f10x.o
      3926       1058          0         60        740      31192   tasks.o
      1330        332          0         20         40       8883   timers.o
      1844        104          0         24        260       4090   usart3.o
      1844        110          0         16        260       3737   usart4.o

    ----------------------------------------------------------------------
     30232       4184       3444        388      23344     508755   Object Totals
         0          0         32          0          0          0   (incl. Generated)
        32          0          3          1          3          0   (incl. Padding)

    ----------------------------------------------------------------------

      Code (inc. data)   RO Data    RW Data    ZI Data      Debug   Library Member Name

       544         70        152          0          0        124   atan.o
        34          6          0          0          0        204   dunder.o
        40          0          0          0          0         68   fpclassify.o
       170          0          0          0          0         96   poly.o
       904         76        200          0          0        140   rred.o
       100         10          0          0          0         96   tan.o
       636         50         96          0          0        168   tan_i.o
        58          0          0          0          0          0   __dczerorl.o
         0          0          0          0          0          0   entry.o
         0          0          0          0          0          0   entry10a.o
         0          0          0          0          0          0   entry11a.o
         8          4          0          0          0          0   entry2.o
         4          0          0          0          0          0   entry5.o
         0          0          0          0          0          0   entry7b.o
         0          0          0          0          0          0   entry8b.o
         8          4          0          0          0          0   entry9a.o
        12          6          0          4          0         68   errno.o
        30          0          0          0          0          0   handlers.o
        36          8          0          0          0         68   init.o
         0          0          0          0          0          0   iusefp.o
        30          0          0          0          0         68   llshl.o
        36          0          0          0          0         68   llsshr.o
        32          0          0          0          0         68   llushr.o
        36          0          0          0          0         68   memcpya.o
      1154         54          0          0          0        352   printf8.o
         0          0          0          4          0          0   stdout.o
        98          0          0          0          0         92   uldiv.o
        20          0          0          0          0         68   cfcmple.o
        20          0          0          0          0         68   cfrcmple.o
        56          0          0          0          0         88   d2f.o
       334          0          0          0          0        148   dadd.o
       222          0          0          0          0        100   ddiv.o
       186          0          0          0          0        176   depilogue.o
        62          0          0          0          0         80   dfixi.o
        50          0          0          0          0         76   dfixui.o
        34          0          0          0          0         76   dflti.o
        26          0          0          0          0         76   dfltui.o
       228          0          0          0          0         96   dmul.o
        46          0          0          0          0         80   dscalb.o
        38          0          0          0          0         68   f2d.o
       176          0          0          0          0        140   fadd.o
       124          0          0          0          0         88   fdiv.o
       110          0          0          0          0        168   fepilogue.o
        50          0          0          0          0         68   ffixi.o
        40          0          0          0          0         68   ffixui.o
        18          0          0          0          0         68   fflti.o
       100          0          0          0          0         76   fmul.o

    ----------------------------------------------------------------------
      5924        288        448          8          4       3624   Library Totals
        14          0          0          0          4          0   (incl. Padding)

    ----------------------------------------------------------------------

      Code (inc. data)   RO Data    RW Data    ZI Data      Debug   Library Name

      2428        212        448          0          0        896   m_ws.l
      1542         76          0          8          0        852   mc_w.l
      1940          0          0          0          0       1876   mf_w.l

    ----------------------------------------------------------------------
      5924        288        448          8          4       3624   Library Totals

    ----------------------------------------------------------------------

==============================================================================


      Code (inc. data)   RO Data    RW Data    ZI Data      Debug   

     36156       4472       3892        396      23348     498207   Grand Totals
     36156       4472       3892         64      23348     498207   ELF Image Totals (compressed)
     36156       4472       3892         64          0          0   ROM Totals

==============================================================================

    Total RO  Size (Code + RO Data)                40048 (  39.11kB)
    Total RW  Size (RW Data + ZI Data)             23744 (  23.19kB)
    Total ROM Size (Code + RO Data + RW Data)      40112 (  39.17kB)

==============================================================================

