<html>
<body>
<pre>
<h1>µVision Build Log</h1>
<h2>Tool Versions:</h2>
IDE-Version: ¦ÌVision V5.36.0.0
Copyright (C) 2021 ARM Ltd and ARM Germany GmbH. All rights reserved.
License Information: 00 DENG Jinghuai, 00, LIC=CZLZX-H2LB8-MMV9I-T34TW-19VMJ-UFG6C
 
Tool Versions:
Toolchain:       MDK-ARM Plus  Version: 5.36.0.0
Toolchain Path:  C:\Keil_v5\ARM\ARMCC\Bin
C Compiler:      Armcc.exe V5.06 update 7 (build 960)
Assembler:       Armasm.exe V5.06 update 7 (build 960)
Linker/Locator:  ArmLink.exe V5.06 update 7 (build 960)
Library Manager: ArmAr.exe V5.06 update 7 (build 960)
Hex Converter:   FromElf.exe V5.06 update 7 (build 960)
CPU DLL:         SARMCM3.DLL V5.36.0.0
Dialog DLL:      DCM.DLL V1.17.3.0
Target DLL:      CMSIS_AGDI.dll V1.33.0.0
Dialog DLL:      TCM.DLL V1.53.0.0
 
<h2>Project:</h2>
D:\OpenCTR_B20\Project\xproject.uvprojx
Project File Date:  01/15/2024

<h2>Output:</h2>
*** Using Compiler 'V5.06 update 7 (build 960)', folder: 'C:\Keil_v5\ARM\ARMCC\Bin'
Rebuild target 'XTARK_ROBOT'
compiling stm32f10x_it.c...
..\Robot\stm32f10x_it.c(142): warning:  #223-D: function "xPortSysTickHandler" declared implicitly
         xPortSysTickHandler();
..\Robot\stm32f10x_it.c: 1 warning, 0 errors
compiling ax_key.c...
compiling ax_sys.c...
compiling ax_control.c...
compiling ax_led.c...
compiling system_stm32f10x.c...
compiling ax_beep.c...
compiling ax_vin.c...
compiling ax_robot.c...
compiling ax_delay.c...
compiling ax_speed.c...
compiling ax_akm.c...
compiling ax_kinematics.c...
compiling ax_light.c...
compiling main.c...
compiling ax_encoder.c...
compiling ax_motor.c...
compiling ax_servo.c...
compiling ax_mpu6050.c...
compiling ax_oled.c...
compiling ax_uart5.c...
compiling ax_rgb.c...
compiling ax_ps2.c...
compiling ax_uart2.c...
compiling ax_uart4.c...
compiling ax_uart1.c...
compiling croutine.c...
compiling ax_sbus.c...
compiling list.c...
compiling event_groups.c...
compiling timers.c...
compiling misc.c...
compiling heap_4.c...
compiling queue.c...
compiling tasks.c...
compiling stm32f10x_bkp.c...
compiling stm32f10x_adc.c...
compiling stm32f10x_crc.c...
compiling stm32f10x_can.c...
compiling stm32f10x_dac.c...
compiling stm32f10x_cec.c...
compiling stm32f10x_dbgmcu.c...
compiling port.c...
compiling stm32f10x_dma.c...
compiling stm32f10x_exti.c...
assembling startup_stm32f10x_hd.s...
compiling stm32f10x_flash.c...
compiling stm32f10x_fsmc.c...
compiling stm32f10x_gpio.c...
compiling stm32f10x_iwdg.c...
compiling core_cm3.c...
compiling stm32f10x_pwr.c...
compiling stm32f10x_i2c.c...
compiling stm32f10x_rcc.c...
compiling stm32f10x_wwdg.c...
compiling stm32f10x_rtc.c...
compiling stm32f10x_spi.c...
compiling stm32f10x_sdio.c...
compiling stm32f10x_usart.c...
compiling stm32f10x_tim.c...
linking...
Program Size: Code=34344 RO-data=3968 RW-data=316 ZI-data=23076  
FromELF: creating hex file...
".\Objects\xproject.axf" - 0 Error(s), 1 Warning(s).

<h2>Software Packages used:</h2>

Package Vendor: Keil
                http://www.keil.com/pack/Keil.STM32F1xx_DFP.2.3.0.pack
                Keil.STM32F1xx_DFP.2.3.0
                STMicroelectronics STM32F1 Series Device Support, Drivers and Examples

<h2>Collection of Component include folders:</h2>
  C:\Users\DENG Jinghuai\AppData\Local\Arm\Packs\Keil\STM32F1xx_DFP\2.3.0\Device\Include

<h2>Collection of Component Files used:</h2>
Build Time Elapsed:  00:00:01
</pre>
</body>
</html>
