2025-03-13 19:26:44,083 - auto_tracker_data_process_pysurvive - INFO - Initializing pysurvive tracking system...
2025-03-13 19:26:49,103 - auto_tracker_data_process_pysurvive - INFO - pysurvive initialized successfully!
2025-03-13 19:26:49,105 - auto_tracker_data_process_pysurvive - INFO - Successfully opened serial port: /dev/ttyUSB0
2025-03-13 19:26:49,105 - auto_tracker_data_process_pysurvive - INFO - Created new Euler data file: tracker_data_process_2025-March-13-Thu-19-26-44/data/euler.csv
2025-03-13 19:28:24,810 - auto_tracker_data_process_pysurvive - INFO - 
[System] Starting continuous data recording (laser_tracker.csv)...
2025-03-13 19:28:24,821 - auto_tracker_data_process_pysurvive - INFO - Sent A69 data request command: 0x2
2025-03-13 19:28:24,921 - auto_tracker_data_process_pysurvive - ERROR - Invalid data packet: []
2025-03-13 19:28:24,921 - auto_tracker_data_process_pysurvive - WARNING - [Warning] No valid data received, resending request...
2025-03-13 19:28:24,941 - auto_tracker_data_process_pysurvive - INFO - Sent A69 data request command: 0x2
2025-03-13 19:28:25,042 - auto_tracker_data_process_pysurvive - ERROR - Invalid data packet: []
2025-03-13 19:28:25,042 - auto_tracker_data_process_pysurvive - WARNING - [Warning] No valid data received, resending request...
2025-03-13 19:28:25,062 - auto_tracker_data_process_pysurvive - INFO - Sent A69 data request command: 0x2
2025-03-13 19:28:25,154 - auto_tracker_data_process_pysurvive - INFO - 
[System] Starting single record mode for Euler data...
2025-03-13 19:28:25,162 - auto_tracker_data_process_pysurvive - ERROR - Invalid data packet: []
2025-03-13 19:28:25,162 - auto_tracker_data_process_pysurvive - WARNING - [Warning] No valid data received, resending request...
2025-03-13 19:28:25,183 - auto_tracker_data_process_pysurvive - INFO - Sent A69 data request command: 0x2
2025-03-13 19:28:25,283 - auto_tracker_data_process_pysurvive - ERROR - Invalid data packet: []
2025-03-13 19:28:25,283 - auto_tracker_data_process_pysurvive - WARNING - [Warning] No valid data received, resending request...
2025-03-13 19:28:25,303 - auto_tracker_data_process_pysurvive - INFO - Sent A69 data request command: 0x2
2025-03-13 19:28:25,404 - auto_tracker_data_process_pysurvive - ERROR - Invalid data packet: []
2025-03-13 19:28:25,404 - auto_tracker_data_process_pysurvive - WARNING - [Warning] No valid data received, resending request...
2025-03-13 19:28:25,424 - auto_tracker_data_process_pysurvive - INFO - Sent A69 data request command: 0x2
2025-03-13 19:28:25,525 - auto_tracker_data_process_pysurvive - ERROR - Invalid data packet: []
2025-03-13 19:28:25,525 - auto_tracker_data_process_pysurvive - WARNING - [Warning] No valid data received, resending request...
2025-03-13 19:28:25,545 - auto_tracker_data_process_pysurvive - INFO - Sent A69 data request command: 0x2
2025-03-13 19:28:25,645 - auto_tracker_data_process_pysurvive - ERROR - Invalid data packet: []
2025-03-13 19:28:25,645 - auto_tracker_data_process_pysurvive - WARNING - [Warning] No valid data received, resending request...
2025-03-13 19:28:25,666 - auto_tracker_data_process_pysurvive - INFO - Sent A69 data request command: 0x2
2025-03-13 19:28:25,766 - auto_tracker_data_process_pysurvive - ERROR - Invalid data packet: []
2025-03-13 19:28:25,766 - auto_tracker_data_process_pysurvive - WARNING - [Warning] No valid data received, resending request...
2025-03-13 19:28:25,787 - auto_tracker_data_process_pysurvive - INFO - Sent A69 data request command: 0x2
2025-03-13 19:28:25,887 - auto_tracker_data_process_pysurvive - ERROR - Invalid data packet: []
2025-03-13 19:28:25,888 - auto_tracker_data_process_pysurvive - WARNING - [Warning] No valid data received, resending request...
2025-03-13 19:28:25,908 - auto_tracker_data_process_pysurvive - INFO - Sent A69 data request command: 0x2
2025-03-13 19:28:26,008 - auto_tracker_data_process_pysurvive - ERROR - Invalid data packet: []
2025-03-13 19:28:26,009 - auto_tracker_data_process_pysurvive - WARNING - [Warning] No valid data received, resending request...
2025-03-13 19:28:26,029 - auto_tracker_data_process_pysurvive - INFO - Sent A69 data request command: 0x2
2025-03-13 19:28:26,130 - auto_tracker_data_process_pysurvive - ERROR - Invalid data packet: []
2025-03-13 19:28:26,130 - auto_tracker_data_process_pysurvive - WARNING - [Warning] No valid data received, resending request...
2025-03-13 19:28:26,151 - auto_tracker_data_process_pysurvive - INFO - Sent A69 data request command: 0x2
2025-03-13 19:28:26,251 - auto_tracker_data_process_pysurvive - ERROR - Invalid data packet: []
2025-03-13 19:28:26,252 - auto_tracker_data_process_pysurvive - WARNING - [Warning] No valid data received, resending request...
2025-03-13 19:28:26,272 - auto_tracker_data_process_pysurvive - INFO - Sent A69 data request command: 0x2
2025-03-13 19:28:26,372 - auto_tracker_data_process_pysurvive - ERROR - Invalid data packet: []
2025-03-13 19:28:26,372 - auto_tracker_data_process_pysurvive - WARNING - [Warning] No valid data received, resending request...
2025-03-13 19:28:26,393 - auto_tracker_data_process_pysurvive - INFO - Sent A69 data request command: 0x2
2025-03-13 19:28:26,493 - auto_tracker_data_process_pysurvive - ERROR - Invalid data packet: []
2025-03-13 19:28:26,493 - auto_tracker_data_process_pysurvive - WARNING - [Warning] No valid data received, resending request...
2025-03-13 19:28:26,514 - auto_tracker_data_process_pysurvive - INFO - Sent A69 data request command: 0x2
2025-03-13 19:28:26,614 - auto_tracker_data_process_pysurvive - ERROR - Invalid data packet: []
2025-03-13 19:28:26,614 - auto_tracker_data_process_pysurvive - WARNING - [Warning] No valid data received, resending request...
2025-03-13 19:28:26,635 - auto_tracker_data_process_pysurvive - INFO - Sent A69 data request command: 0x2
2025-03-13 19:28:26,735 - auto_tracker_data_process_pysurvive - ERROR - Invalid data packet: []
2025-03-13 19:28:26,736 - auto_tracker_data_process_pysurvive - WARNING - [Warning] No valid data received, resending request...
2025-03-13 19:28:26,756 - auto_tracker_data_process_pysurvive - INFO - Sent A69 data request command: 0x2
2025-03-13 19:28:26,857 - auto_tracker_data_process_pysurvive - ERROR - Invalid data packet: []
2025-03-13 19:28:26,857 - auto_tracker_data_process_pysurvive - WARNING - [Warning] No valid data received, resending request...
2025-03-13 19:28:26,878 - auto_tracker_data_process_pysurvive - INFO - Sent A69 data request command: 0x2
2025-03-13 19:28:26,978 - auto_tracker_data_process_pysurvive - ERROR - Invalid data packet: []
2025-03-13 19:28:26,978 - auto_tracker_data_process_pysurvive - WARNING - [Warning] No valid data received, resending request...
2025-03-13 19:28:26,999 - auto_tracker_data_process_pysurvive - INFO - Sent A69 data request command: 0x2
2025-03-13 19:28:27,099 - auto_tracker_data_process_pysurvive - ERROR - Invalid data packet: []
2025-03-13 19:28:27,099 - auto_tracker_data_process_pysurvive - WARNING - [Warning] No valid data received, resending request...
2025-03-13 19:28:27,120 - auto_tracker_data_process_pysurvive - INFO - Sent A69 data request command: 0x2
2025-03-13 19:28:27,220 - auto_tracker_data_process_pysurvive - ERROR - Invalid data packet: []
2025-03-13 19:28:27,220 - auto_tracker_data_process_pysurvive - WARNING - [Warning] No valid data received, resending request...
2025-03-13 19:28:27,241 - auto_tracker_data_process_pysurvive - INFO - Sent A69 data request command: 0x2
