<html>
<body>
<pre>
<h1>礦ision Build Log</h1>
<h2>Tool Versions:</h2>
IDE-Version: μVision V5.23.0.0
Copyright (C) 2017 ARM Ltd and ARM Germany GmbH. All rights reserved.
License Information: LI MINGXIN, CITYU, LIC=3UUUH-WZTJ1-TLGCD-8ZGQC-2QW68-JD0FH
 
Tool Versions:
Toolchain:       MDK-ARM Professional  Version: 5.23
Toolchain Path:  C:\Keil_v5\ARM\ARMCC\Bin
C Compiler:      Armcc.exe V5.06 update 4 (build 422)
Assembler:       Armasm.exe V5.06 update 4 (build 422)
Linker/Locator:  ArmLink.exe V5.06 update 4 (build 422)
Library Manager: ArmAr.exe V5.06 update 4 (build 422)
Hex Converter:   FromElf.exe V5.06 update 4 (build 422)
CPU DLL:         SARMCM3.DLL V5.23
Dialog DLL:      DCM.DLL V1.15.0.0
Target DLL:      UL2CM3.DLL V1.159.7.0
Dialog DLL:      TCM.DLL V1.27.0.0
 
<h2>Project:</h2>
C:\Users\13366\Desktop\STP23L\WHEELTEC_S21系列四路串口测距模块资料\WHEELTEC_S21C主控资料_V1.1_2025.2.17\1.例程源码\STP23L_S21C\USER\UART1.uvprojx
Project File Date:  09/13/2023

<h2>Output:</h2>
*** Using Compiler 'V5.06 update 4 (build 422)', folder: 'C:\Keil_v5\ARM\ARMCC\Bin'
Build target 'UART1'
compiling main.c...
compiling stm32f10x_crc.c...
compiling stm32f10x_pwr.c...
compiling stm32f10x_flash.c...
compiling system_stm32f10x.c...
compiling stm32f10x_rtc.c...
compiling core_cm3.c...
compiling stm32f10x_it.c...
compiling stm32f10x_can.c...
assembling startup_stm32f10x_hd.s...
compiling stm32f10x_adc.c...
compiling stm32f10x_bkp.c...
compiling stm32f10x_exti.c...
compiling stm32f10x_fsmc.c...
compiling misc.c...
compiling stm32f10x_iwdg.c...
compiling stm32f10x_dbgmcu.c...
compiling stm32f10x_gpio.c...
compiling stm32f10x_dac.c...
compiling stm32f10x_cec.c...
compiling stm32f10x_i2c.c...
compiling stm32f10x_sdio.c...
compiling stm32f10x_spi.c...
compiling stm32f10x_dma.c...
compiling stm32f10x_rcc.c...
compiling stm32f10x_wwdg.c...
compiling stm32f10x_tim.c...
compiling stm32f10x_usart.c...
compiling delay.c...
compiling usart.c...
..\SYSTEM\usart\usart.c(122): warning:  #550-D: variable "Res"  was set but never used
  	u8 Res;
..\SYSTEM\usart\usart.c: 1 warning, 0 errors
compiling sys.c...
compiling usart3.c...
..\HARDWARE\usart3.c(302): warning:  #177-D: variable "cnt"  was declared but never referenced
  		static u8 cnt = 0;
..\HARDWARE\usart3.c(305): warning:  #177-D: variable "sum"  was declared but never referenced
  		static u32 sum = 0;
..\HARDWARE\usart3.c: 2 warnings, 0 errors
compiling oled.c...
..\HARDWARE\oled.c(294): warning:  #223-D: function "memset" declared implicitly
  	memset(OLED_GRAM,0, 128*8*sizeof(u8));	//GRAM清零但不立即刷新，防止花屏
..\HARDWARE\oled.c: 1 warning, 0 errors
compiling usart2.c...
..\HARDWARE\usart2.c(321): warning:  #177-D: variable "cnt"  was declared but never referenced
  		static u8 cnt = 0;
..\HARDWARE\usart2.c(324): warning:  #177-D: variable "sum"  was declared but never referenced
  		static u32 sum = 0;
..\HARDWARE\usart2.c(325): warning:  #177-D: variable "Pack_sum"  was declared but never referenced
  		LidarPointTypedef Pack_sum;
..\HARDWARE\usart2.c(28): warning:  #177-D: variable "CrcTable"  was declared but never referenced
  static const uint8_t CrcTable[256] =
..\HARDWARE\usart2.c: 4 warnings, 0 errors
compiling usart4.c...
..\HARDWARE\usart4.c(321): warning:  #177-D: variable "cnt"  was declared but never referenced
  		static u8 cnt = 0;
..\HARDWARE\usart4.c(324): warning:  #177-D: variable "sum"  was declared but never referenced
  		static u32 sum = 0;
..\HARDWARE\usart4.c(325): warning:  #177-D: variable "Pack_sum"  was declared but never referenced
  		LidarPointTypedef Pack_sum;
..\HARDWARE\usart4.c(28): warning:  #177-D: variable "CrcTable"  was declared but never referenced
  static const uint8_t CrcTable[256] =
..\HARDWARE\usart4.c: 4 warnings, 0 errors
compiling usart5.c...
..\HARDWARE\usart5.c(320): warning:  #177-D: variable "cnt"  was declared but never referenced
  		static u8 cnt = 0;
..\HARDWARE\usart5.c(323): warning:  #177-D: variable "sum"  was declared but never referenced
  		static u32 sum = 0;
..\HARDWARE\usart5.c(324): warning:  #177-D: variable "Pack_sum"  was declared but never referenced
  		LidarPointTypedef Pack_sum;
..\HARDWARE\usart5.c(29): warning:  #177-D: variable "CrcTable"  was declared but never referenced
  static const uint8_t CrcTable[256] =
..\HARDWARE\usart5.c: 4 warnings, 0 errors
compiling time.c...
compiling can.c...
compiling LED.c...
linking...
Program Size: Code=13932 RO-data=2996 RW-data=188 ZI-data=3708  
FromELF: creating hex file...
"..\OBJ\NewProject.axf" - 0 Error(s), 16 Warning(s).

<h2>Collection of Component include folders:</h2>
  .\RTE\_UART1
  C:\Keil_v5\ARM\PACK\Keil\STM32F1xx_DFP\2.2.0\Device\Include

<h2>Collection of Component Files used:</h2>
Build Time Elapsed:  00:00:03
</pre>
</body>
</html>
